Dec 15 07:46:27 phoenix postfix/pickup[28944]: B4C5A1100935: uid=0 from=<root>
Dec 15 07:46:27 phoenix postfix/cleanup[29869]: B4C5A1100935: message-id=<20141214204627.B4C5A1100935@dmnesisparty.co.uk>
Dec 15 07:46:27 phoenix postfix/qmgr[28945]: B4C5A1100935: from=<rtrim@dmnesisparty.co.uk>, size=579, nrcpt=1 (queue active)
Dec 15 07:46:29 phoenix postfix/smtp[29715]: B12B9110102D: to=<sniptyboutrim@dmnesisparty.co.uk>, orig_to=<sniptybounce>, relay=testrelay.l.google.com[173.194.72.123]:25, delay=955, delays=0/952/2.1/0.96, dsn=2.0.0, status=sent (250 2.0.0 OK 1418589989 gk1si5712883pbc.166 - gsmtp)
Dec 15 07:46:29 phoenix postfix/qmgr[28945]: B12B9110102D: removed
Dec 15 07:46:33 phoenix postfix/smtp[29715]: B73341100F29: to=<sniprim@dmnesisparty.co.uk>, relay=testrelay.l.google.com[173.194.72.123]:25, delay=959, delays=0/956/1.9/0.75, dsn=2.0.0, status=sent (250 2.0.0 OK 1418589993 cl3si10990405pad.214 - gsmtp)
Dec 15 07:46:33 phoenix postfix/qmgr[28945]: B73341100F29: removed
Dec 15 07:46:37 phoenix postfix/smtp[29715]: B8065110102F: to=<sniptyboutrim@dmnesisparty.co.uk>, orig_to=<sniptybounce>, relay=testrelay.l.google.com[173.194.72.123]:25, delay=963, delays=0/960/2.2/0.96, dsn=2.0.0, status=sent (250 2.0.0 OK 1418589997 cj3si11068104pbc.134 - gsmtp)
Dec 15 07:46:37 phoenix postfix/qmgr[28945]: B8065110102F: removed
Dec 15 07:46:37 phoenix postfix/smtp[29041]: 59A9511093D2: to=<snipy.Bretrim@dmn.info>, relay=mail.usq.info[139.86.9.1.123]:25, delay=354188, delays=353196/993/0.15/0.13, dsn=2.0.0, status=sent (250 2.0.0 Ok: queued as 55D4F53108_48DF72DF)
Dec 15 07:46:37 phoenix postfix/qmgr[28945]: 59A9511093D2: removed
Dec 15 07:46:39 phoenix postfix/smtp[29104]: DB14A1109F2F: to=<sniphtrim@dmn.info>, relay=smtp-gateway.uow.info[130.130.213.6]:25, delay=348727, delays=347733/994/0.27/0.26, dsn=2.0.0, status=sent (250 MFD56311 Message accepted for delivery)
Dec 15 07:46:39 phoenix postfix/qmgr[28945]: DB14A1109F2F: removed
Dec 15 07:46:40 phoenix postfix/smtp[29058]: 14228110113B: to=<snipatrim@dmnd.info>, relay=mail-in.bond.info[131.244.5.8]:25, delay=329793, delays=328796/996/0.34/0.17, dsn=2.0.0, status=sent (250 ok:  Message 14800724 accepted)
Dec 15 07:46:40 phoenix postfix/qmgr[28945]: 14228110113B: removed
Dec 15 07:46:41 phoenix postfix/smtp[29715]: BECB11101030: to=<sniprim@dmnesisparty.co.uk>, relay=testrelay.l.google.com[173.194.72.123]:25, delay=967, delays=0/964/1.9/0.76, dsn=2.0.0, status=sent (250 2.0.0 OK 1418590000 vy7si10997552pbc.187 - gsmtp)
Dec 15 07:46:41 phoenix postfix/qmgr[28945]: BECB11101030: removed
Dec 15 07:46:45 phoenix postfix/smtp[29715]: BFAAF1101031: to=<sniptyboutrim@dmnesisparty.co.uk>, orig_to=<sniptybounce>, relay=testrelay.l.google.com[173.194.72.123]:25, delay=970, delays=0/968/1.9/0.85, dsn=2.0.0, status=sent (250 2.0.0 OK 1418590004 pp4si11179099pbb.47 - gsmtp)
Dec 15 07:46:45 phoenix postfix/qmgr[28945]: BFAAF1101031: removed
Dec 15 07:46:45 phoenix postfix/smtp[29103]: 5EDC01104345: to=<sniphleen.Denitrim@dmn.info>, relay=smtp-in.jcu.info[137.219.20.123]:25, delay=299084, delays=298083/1001/0.17/0.11, dsn=5.1.1, status=bounced (host smtp-in.jcu.info[137.219.20.34] said: 550 5.1.1 <Kathleen.Denitrim@dmn.info>: Recipient address rejected: User unknown in relay recipient table (in reply to RCPT TO command))
Dec 15 07:46:45 phoenix postfix/cleanup[29738]: 82764110094D: message-id=<20141214204645.82764110094D@dmnesisparty.co.uk>
Dec 15 07:46:45 phoenix postfix/bounce[29114]: 5EDC01104345: sender non-delivery notification: 82764110094D
Dec 15 07:46:45 phoenix postfix/qmgr[28945]: 82764110094D: from=<>, size=24203, nrcpt=1 (queue active)
Dec 15 07:46:45 phoenix postfix/cleanup[29869]: 837471100954: message-id=<20141214204645.837471100954@dmnesisparty.co.uk>
Dec 15 07:46:45 phoenix postfix/bounce[29114]: 5EDC01104345: postmaster non-delivery notification: 837471100954
Dec 15 07:46:45 phoenix postfix/qmgr[28945]: 837471100954: from=<double-boutrim@dmnesisparty.co.uk>, size=2591, nrcpt=1 (queue active)
Dec 15 07:46:45 phoenix postfix/qmgr[28945]: 5EDC01104345: removed
Dec 15 07:46:45 phoenix postfix/smtp[29045]: CFC981103A4D: to=<M.Novietrim@dmn.info>, relay=ex10ed02.qut.info[131.181.191.123]:25, delay=317478, delays=316477/1001/0.27/0.23, dsn=2.6.0, status=sent (250 2.6.0 <094916ec60baa730b6e627cdab62c455@dmnnts.shared.net.au> Queued mail for delivery)
Dec 15 07:46:45 phoenix postfix/qmgr[28945]: CFC981103A4D: removed
Dec 15 07:46:46 phoenix postfix/smtp[28970]: C6F8D1109B94: to=<snipholas.Otrim@dmn.info>, relay=mail-ext-in1.uwa.info[130.95.128.123]:25, delay=350520, delays=349518/1001/0.52/0.33, dsn=2.0.0, status=sent (250 ok:  Message 109953553 accepted)
Dec 15 07:46:46 phoenix postfix/qmgr[28945]: C6F8D1109B94: removed
Dec 15 07:46:47 phoenix postfix/smtp[29104]: 4701C1102A03: to=<sniphocles.Chrissobotrim@dmnash.edu>, relay=mx.its.monash.info[130.194.11.1.123]:25, delay=296019, delays=295016/1002/1.2/0.11, dsn=2.0.0, status=sent (250 2.0.0 Ok: queued as F13CD546BDB)
Dec 15 07:46:47 phoenix postfix/qmgr[28945]: 4701C1102A03: removed
Dec 15 07:46:49 phoenix postfix/smtp[29715]: C82181101033: to=<sniprim@dmnesisparty.co.uk>, relay=testrelay.l.google.com[173.194.72.123]:25, delay=974, delays=0/971/2.1/0.84, dsn=2.0.0, status=sent (250 2.0.0 OK 1418590008 bx9si11200146pab.55 - gsmtp)
Dec 15 07:46:49 phoenix postfix/qmgr[28945]: C82181101033: removed
Dec 15 07:46:52 phoenix postfix/smtp[29715]: C8FA81101034: to=<sniptyboutrim@dmnesisparty.co.uk>, orig_to=<sniptybounce>, relay=testrelay.l.google.com[173.194.72.123]:25, delay=978, delays=0.01/975/1.9/0.86, dsn=2.0.0, status=sent (250 2.0.0 OK 1418590012 kb9si11141535pbb.74 - gsmtp)
Dec 15 07:46:52 phoenix postfix/qmgr[28945]: C8FA81101034: removed
Dec 15 07:46:56 phoenix postfix/smtp[29715]: CAAC51100F66: to=<sniprim@dmnesisparty.co.uk>, relay=testrelay.l.google.com[173.194.72.123]:25, delay=982, delays=0/979/2/0.8, dsn=2.0.0, status=sent (250 2.0.0 OK 1418590016 px1si10974908pac.226 - gsmtp)
Dec 15 07:46:56 phoenix postfix/qmgr[28945]: CAAC51100F66: removed
Dec 15 07:47:00 phoenix postfix/smtp[29715]: CB8D91101035: to=<sniptyboutrim@dmnesisparty.co.uk>, orig_to=<sniptybounce>, relay=testrelay.l.google.com[173.194.72.123]:25, delay=986, delays=0/983/2.1/0.92, dsn=2.0.0, status=sent (250 2.0.0 OK 1418590020 wq4si1645329pab.92 - gsmtp)
Dec 15 07:47:00 phoenix postfix/qmgr[28945]: CB8D91101035: removed
Dec 15 07:47:04 phoenix postfix/smtp[29715]: DF1D11101037: to=<sniprim@dmnesisparty.co.uk>, relay=testrelay.l.google.com[173.194.72.123]:25, delay=990, delays=0/987/2.1/0.83, dsn=2.0.0, status=sent (250 2.0.0 OK 1418590024 zr1si11155877pac.90 - gsmtp)
Dec 15 07:47:04 phoenix postfix/qmgr[28945]: DF1D11101037: removed
Dec 15 07:47:08 phoenix postfix/smtp[29715]: E02A71101039: to=<sniprim@dmnesisparty.co.uk>, relay=testrelay.l.google.com[173.194.72.123]:25, delay=994, delays=0/991/2.3/0.91, dsn=2.0.0, status=sent (250 2.0.0 OK 1418590028 aw10si11177280pbd.53 - gsmtp)
Dec 15 07:47:08 phoenix postfix/qmgr[28945]: E02A71101039: removed
Dec 15 07:47:12 phoenix postfix/smtp[29715]: DFED21101038: to=<sniptyboutrim@dmnesisparty.co.uk>, orig_to=<sniptybounce>, relay=testrelay.l.google.com[173.194.72.123]:25, delay=998, delays=0/995/1.9/0.87, dsn=2.0.0, status=sent (250 2.0.0 OK 1418590032 ym9si11268188pac.6 - gsmtp)
Dec 15 07:47:12 phoenix postfix/qmgr[28945]: DFED21101038: removed
Dec 15 07:47:16 phoenix postfix/smtp[29058]: 83BEA11032E0: to=<snipi.Robetrim@dmnt.info>, relay=rmit.info.s10a1.psmtp.com[74.125.244.123]:25, delay=316086, delays=315053/1028/1.2/3.2, dsn=2.0.0, status=sent (250 Thanks)
Dec 15 07:47:16 phoenix postfix/qmgr[28945]: 83BEA11032E0: removed
Dec 15 07:47:16 phoenix postfix/smtp[29715]: E0D59110103A: to=<sniptyboutrim@dmnesisparty.co.uk>, orig_to=<sniptybounce>, relay=testrelay.l.google.com[173.194.72.123]:25, delay=1001, delays=0/999/1.9/0.85, dsn=2.0.0, status=sent (250 2.0.0 OK 1418590035 pc1si11250879pdb.16 - gsmtp)
Dec 15 07:47:16 phoenix postfix/qmgr[28945]: E0D59110103A: removed
Dec 15 07:47:20 phoenix postfix/smtp[29715]: E1E38110103B: to=<sniprim@dmnesisparty.co.uk>, relay=testrelay.l.google.com[173.194.72.123]:25, delay=1006, delays=0/1002/2.2/0.91, dsn=2.0.0, status=sent (250 2.0.0 OK 1418590039 rw1si11093180pbc.114 - gsmtp)
Dec 15 07:47:20 phoenix postfix/qmgr[28945]: E1E38110103B: removed
Dec 15 07:47:21 phoenix postfix/smtp[28970]: 4B3331108390: to=<snip.Mikstrim@dmnwhite.com>, relay=testrelay.l.google.com[173.194.72.123]:25, delay=362138, delays=361100/1034/2/1.6, dsn=2.0.0, status=sent (250 2.0.0 OK 1418590041 q5si11068675pdm.153 - gsmtp)
Dec 15 07:47:21 phoenix postfix/qmgr[28945]: 4B3331108390: removed
Dec 15 07:47:24 phoenix postfix/smtp[29715]: E2A32110103D: to=<sniptyboutrim@dmnesisparty.co.uk>, orig_to=<sniptybounce>, relay=testrelay.l.google.com[173.194.72.123]:25, delay=1010, delays=0/1006/2.1/0.94, dsn=2.0.0, status=sent (250 2.0.0 OK 1418590043 bh17si11169539pdb.81 - gsmtp)
Dec 15 07:47:24 phoenix postfix/qmgr[28945]: E2A32110103D: removed
Dec 15 07:47:28 phoenix postfix/smtp[29715]: E3B08110103E: to=<sniprim@dmnesisparty.co.uk>, relay=testrelay.l.google.com[173.194.72.123]:25, delay=1013, delays=0/1011/1.9/0.76, dsn=2.0.0, status=sent (250 2.0.0 OK 1418590047 xd1si10964796pab.234 - gsmtp)
Dec 15 07:47:28 phoenix postfix/qmgr[28945]: E3B08110103E: removed
Dec 15 07:47:31 phoenix postfix/smtp[29715]: E45CC110103F: to=<sniptyboutrim@dmnesisparty.co.uk>, orig_to=<sniptybounce>, relay=testrelay.l.google.com[173.194.72.123]:25, delay=1017, delays=0/1014/1.9/0.86, dsn=2.0.0, status=sent (250 2.0.0 OK 1418590051 pb9si11073658pdb.152 - gsmtp)
Dec 15 07:47:31 phoenix postfix/qmgr[28945]: E45CC110103F: removed
Dec 15 07:47:35 phoenix postfix/smtp[29715]: E63EE1101041: to=<sniprim@dmnesisparty.co.uk>, relay=testrelay.l.google.com[173.194.72.123]:25, delay=1021, delays=0/1018/1.9/0.74, dsn=2.0.0, status=sent (250 2.0.0 OK 1418590055 kj4si9792398pdb.21 - gsmtp)
Dec 15 07:47:35 phoenix postfix/qmgr[28945]: E63EE1101041: removed
Dec 15 07:47:39 phoenix postfix/smtp[29715]: E6ED91101043: to=<sniptyboutrim@dmnesisparty.co.uk>, orig_to=<sniptybounce>, relay=testrelay.l.google.com[173.194.72.123]:25, delay=1025, delays=0.01/1022/2.1/0.91, dsn=2.0.0, status=sent (250 2.0.0 OK 1418590058 qv8si10941166pbb.232 - gsmtp)
Dec 15 07:47:39 phoenix postfix/qmgr[28945]: E6ED91101043: removed
Dec 15 07:47:43 phoenix postfix/smtp[29715]: 045F71101044: to=<sniprim@dmnesisparty.co.uk>, relay=testrelay.l.google.com[173.194.72.123]:25, delay=1028, delays=0/1025/2/0.82, dsn=2.0.0, status=sent (250 2.0.0 OK 1418590062 l9si11218384pdn.39 - gsmtp)
Dec 15 07:47:43 phoenix postfix/qmgr[28945]: 045F71101044: removed
Dec 15 07:47:47 phoenix postfix/smtp[29715]: 053D41101045: to=<sniptyboutrim@dmnesisparty.co.uk>, orig_to=<sniptybounce>, relay=testrelay.l.google.com[173.194.72.123]:25, delay=1032, delays=0/1029/1.9/0.86, dsn=2.0.0, status=sent (250 2.0.0 OK 1418590066 yk2si11186934pac.67 - gsmtp)
Dec 15 07:47:47 phoenix postfix/qmgr[28945]: 053D41101045: removed
Dec 15 07:47:51 phoenix postfix/smtp[29715]: 1AF0A1101047: to=<sniprim@dmnesisparty.co.uk>, relay=testrelay.l.google.com[173.194.72.123]:25, delay=1036, delays=0/1033/2.2/0.83, dsn=2.0.0, status=sent (250 2.0.0 OK 1418590070 sf7si11075507pbb.127 - gsmtp)
Dec 15 07:47:51 phoenix postfix/qmgr[28945]: 1AF0A1101047: removed
Dec 15 07:47:54 phoenix postfix/smtp[29715]: 1BDE41101048: to=<sniptyboutrim@dmnesisparty.co.uk>, orig_to=<sniptybounce>, relay=testrelay.l.google.com[173.194.72.123]:25, delay=1040, delays=0/1037/1.9/0.86, dsn=2.0.0, status=sent (250 2.0.0 OK 1418590074 go4si11041161pbc.156 - gsmtp)
Dec 15 07:47:54 phoenix postfix/qmgr[28945]: 1BDE41101048: removed
Dec 15 07:47:58 phoenix postfix/smtp[29045]: 193B3110240E: to=<snipin.Huntingtrim@dmnkin.info>, relay=testrelayn-edu-au.mail.protection.outlook.com[213.199.154.123]:25, delay=328294, delays=327221/1066/3/5.3, dsn=5.4.1, status=bounced (host deakin-edu-au.mail.protection.outlook.com[213.199.154.87] said: 550 5.4.1 [Kevin.Huntingtrim@dmnkin.info]: Recipient address rejected: Access denied (in reply to RCPT TO command))
Dec 15 07:47:58 phoenix postfix/smtp[29715]: 1D08E1100EB9: to=<sniprim@dmnesisparty.co.uk>, relay=testrelay.l.google.com[173.194.72.123]:25, delay=1044, delays=0/1041/2/0.83, dsn=2.0.0, status=sent (250 2.0.0 OK 1418590078 os6si11083249pdb.146 - gsmtp)
Dec 15 07:47:58 phoenix postfix/qmgr[28945]: 1D08E1100EB9: removed
Dec 15 07:48:00 phoenix postfix/smtp[29058]: C46171100E81: to=<N.Subasintrim@dmnmelb.info>, relay=testrelaylb-edu-au.mail.protection.outlook.com[213.199.154.123]:25, delay=313547, delays=312470/1070/3/3.5, dsn=2.6.0, status=sent (250 2.6.0 <99d144b4f071dee7e3d4b484e6ba8c6a@dmnnts.shared.net.au> [InternalId=8130373093755, Hostname=SIXPR04MB0622.apcprd04.prod.outlook.com] Queued mail for delivery)
Dec 15 07:48:00 phoenix postfix/qmgr[28945]: C46171100E81: removed
Dec 15 07:48:02 phoenix postfix/smtp[29715]: 1DE881101049: to=<sniptyboutrim@dmnesisparty.co.uk>, orig_to=<sniptybounce>, relay=testrelay.l.google.com[173.194.72.123]:25, delay=1048, delays=0/1045/2/0.9, dsn=2.0.0, status=sent (250 2.0.0 OK 1418590082 zn6si11111018pac.126 - gsmtp)
Dec 15 07:48:02 phoenix postfix/qmgr[28945]: 1DE881101049: removed
Dec 15 07:48:02 phoenix postfix/smtp[29104]: 103351106BD5: to=<S.Whitetrim@dmntin.info>, relay=testrelayn-edu-au.mail.eo.outlook.com[213.199.154.123]:25, delay=373840, delays=372761/1072/3.2/3.8, dsn=2.6.0, status=sent (250 2.6.0 <5e715afb7f1f12a9130b7db2e3e23190@dmnnts.shared.net.au> [InternalId=25666724562252, Hostname=SINPR02MB379.apcprd02.prod.outlook.com] Queued mail for delivery)
Dec 15 07:48:02 phoenix postfix/qmgr[28945]: 103351106BD5: removed
Dec 15 07:48:04 phoenix postfix/smtp[28970]: 7BFD811050E5: to=<snipie.Trim@dmncastle.info>, relay=testrelaystle-edu-au.mail.protection.outlook.com[213.199.154.123]:25, delay=313011, delays=311931/1072/3/5.3, dsn=5.4.1, status=bounced (host newcastle-edu-au.mail.protection.outlook.com[213.199.154.23] said: 550 5.4.1 [Julie.Trim@dmncastle.info]: Recipient address rejected: Access denied (in reply to RCPT TO command))
Dec 15 07:48:06 phoenix postfix/smtp[29715]: 3A84B110104C: to=<sniprim@dmnesisparty.co.uk>, relay=testrelay.l.google.com[173.194.72.123]:25, delay=1052, delays=0/1049/2.1/0.84, dsn=2.0.0, status=sent (250 2.0.0 OK 1418590086 bd4si11006940pdb.204 - gsmtp)
Dec 15 07:48:06 phoenix postfix/qmgr[28945]: 3A84B110104C: removed
Dec 15 07:48:08 phoenix postfix/smtp[29041]: E28391109552: to=<snipon.Ntrim@dmn.info>, relay=mail.usq.info[139.86.9.1.123]:25, delay=353538, delays=352455/1083/0.15/0.13, dsn=2.0.0, status=sent (250 2.0.0 Ok: queued as 9E1AFEAD10_48DF787F)
Dec 15 07:48:08 phoenix postfix/qmgr[28945]: E28391109552: removed
Dec 15 07:48:08 phoenix postfix/cleanup[29738]: B0D4E11009F6: message-id=<20141214204808.B0D4E11009F6@dmnesisparty.co.uk>
Dec 15 07:48:08 phoenix postfix/bounce[29114]: 193B3110240E: sender non-delivery notification: B0D4E11009F6
Dec 15 07:48:08 phoenix postfix/qmgr[28945]: B0D4E11009F6: from=<>, size=24231, nrcpt=1 (queue active)
Dec 15 07:48:08 phoenix postfix/cleanup[29869]: B222F1100A28: message-id=<20141214204808.B222F1100A28@dmnesisparty.co.uk>
Dec 15 07:48:08 phoenix postfix/bounce[29114]: 193B3110240E: postmaster non-delivery notification: B222F1100A28
Dec 15 07:48:08 phoenix postfix/qmgr[28945]: B222F1100A28: from=<double-boutrim@dmnesisparty.co.uk>, size=2616, nrcpt=1 (queue active)
Dec 15 07:48:08 phoenix postfix/qmgr[28945]: 193B3110240E: removed
Dec 15 07:48:10 phoenix postfix/smtp[29104]: 6864E110251C: to=<snipbie_Critctrim@dmn.info>, relay=smtp-gateway.uow.info[130.130.213.6]:25, delay=349637, delays=348551/1085/0.27/0.26, dsn=2.0.0, status=sent (250 MFD56473 Message accepted for delivery)
Dec 15 07:48:10 phoenix postfix/qmgr[28945]: 6864E110251C: removed
Dec 15 07:48:10 phoenix postfix/smtp[29045]: EF0771103AB0: to=<snipxtrim@dmnd.info>, relay=mail-in.bond.info[131.244.5.8]:25, delay=329951, delays=328865/1086/0.1/0, dsn=4.0.0, status=deferred (host mail-in.bond.info[131.244.5.8] refused to talk to me: 550 Too many invalid recipients)
Dec 15 07:48:10 phoenix postfix/qmgr[28945]: EF0771103AB0: from=<patrim@dmnesisparty.co.uk>, status=expired, returned to sender
Dec 15 07:48:10 phoenix postfix/cleanup[29738]: 62F5D1100470: message-id=<20141214204810.62F5D1100470@dmnesisparty.co.uk>
Dec 15 07:48:10 phoenix postfix/bounce[30144]: EF0771103AB0: sender non-delivery notification: 62F5D1100470
Dec 15 07:48:10 phoenix postfix/qmgr[28945]: 62F5D1100470: from=<>, size=23962, nrcpt=1 (queue active)
Dec 15 07:48:10 phoenix postfix/cleanup[29869]: 63DEE1100B7A: message-id=<20141214204810.63DEE1100B7A@dmnesisparty.co.uk>
Dec 15 07:48:10 phoenix postfix/bounce[30144]: EF0771103AB0: postmaster non-delivery notification: 63DEE1100B7A
Dec 15 07:48:10 phoenix postfix/qmgr[28945]: 63DEE1100B7A: from=<double-boutrim@dmnesisparty.co.uk>, size=2378, nrcpt=1 (queue active)
Dec 15 07:48:10 phoenix postfix/qmgr[28945]: EF0771103AB0: removed
Dec 15 07:48:10 phoenix postfix/smtp[29715]: 3B58F1101050: to=<sniptyboutrim@dmnesisparty.co.uk>, orig_to=<sniptybounce>, relay=testrelay.l.google.com[173.194.72.123]:25, delay=1055, delays=0/1053/1.9/0.97, dsn=2.0.0, status=sent (250 2.0.0 OK 1418590090 wj9si10910679pbc.252 - gsmtp)
Dec 15 07:48:10 phoenix postfix/qmgr[28945]: 3B58F1101050: removed
Dec 15 07:48:14 phoenix postfix/smtp[29715]: 48E601101051: to=<sniprim@dmnesisparty.co.uk>, relay=testrelay.l.google.com[173.194.72.123]:25, delay=1059, delays=0/1056/2.1/0.82, dsn=2.0.0, status=sent (250 2.0.0 OK 1418590094 fk5si11130529pab.110 - gsmtp)
Dec 15 07:48:14 phoenix postfix/qmgr[28945]: 48E601101051: removed
Dec 15 07:48:15 phoenix postfix/smtp[29103]: D0C9A1105D20: to=<snipan.Ktrim@dmn.info>, relay=smtp-in.jcu.info[137.219.20.123]:25, delay=299010, delays=297919/1091/0.17/0.11, dsn=5.1.1, status=bounced (host smtp-in.jcu.info[137.219.20.34] said: 550 5.1.1 <Brian.Ktrim@dmn.info>: Recipient address rejected: User unknown in relay recipient table (in reply to RCPT TO command))
Dec 15 07:48:15 phoenix postfix/cleanup[29738]: E67EE1100BD1: message-id=<20141214204815.E67EE1100BD1@dmnesisparty.co.uk>
Dec 15 07:48:15 phoenix postfix/bounce[29114]: D0C9A1105D20: sender non-delivery notification: E67EE1100BD1
Dec 15 07:48:15 phoenix postfix/qmgr[28945]: E67EE1100BD1: from=<>, size=24137, nrcpt=1 (queue active)
Dec 15 07:48:15 phoenix postfix/cleanup[29869]: E76BD1100C56: message-id=<20141214204815.E76BD1100C56@dmnesisparty.co.uk>
Dec 15 07:48:15 phoenix postfix/bounce[29114]: D0C9A1105D20: postmaster non-delivery notification: E76BD1100C56
Dec 15 07:48:15 phoenix postfix/qmgr[28945]: E76BD1100C56: from=<double-boutrim@dmnesisparty.co.uk>, size=2549, nrcpt=1 (queue active)
Dec 15 07:48:15 phoenix postfix/qmgr[28945]: D0C9A1105D20: removed
Dec 15 07:48:16 phoenix postfix/smtp[29041]: 6B2EB1104AE5: to=<B.Farrutrim@dmn.info>, relay=ex10ed02.qut.info[131.181.191.123]:25, delay=317774, delays=316682/1091/0.29/0.28, dsn=2.6.0, status=sent (250 2.6.0 <cbbc28055c7411fc790da09e844607a8@dmnnts.shared.net.au> Queued mail for delivery)
Dec 15 07:48:16 phoenix postfix/qmgr[28945]: 6B2EB1104AE5: removed
Dec 15 07:48:17 phoenix postfix/smtp[29058]: 399681100DB0: to=<snipiela.Neatrim@dmn.info>, relay=mail-ext-in1.uwa.info[130.95.128.123]:25, delay=350654, delays=349561/1092/0.5/0.33, dsn=2.0.0, status=sent (250 ok:  Message 109953623 accepted)
Dec 15 07:48:17 phoenix postfix/qmgr[28945]: 399681100DB0: removed
Dec 15 07:48:18 phoenix postfix/cleanup[29738]: 0E0181100B86: message-id=<20141214204818.0E0181100B86@dmnesisparty.co.uk>
Dec 15 07:48:18 phoenix postfix/bounce[29114]: 7BFD811050E5: sender non-delivery notification: 0E0181100B86
Dec 15 07:48:18 phoenix postfix/qmgr[28945]: 0E0181100B86: from=<>, size=24197, nrcpt=1 (queue active)
Dec 15 07:48:18 phoenix postfix/cleanup[29869]: 0F4A11100C5B: message-id=<20141214204818.0F4A11100C5B@dmnesisparty.co.uk>
Dec 15 07:48:18 phoenix postfix/bounce[29114]: 7BFD811050E5: postmaster non-delivery notification: 0F4A11100C5B
Dec 15 07:48:18 phoenix postfix/qmgr[28945]: 0F4A11100C5B: from=<double-boutrim@dmnesisparty.co.uk>, size=2594, nrcpt=1 (queue active)
Dec 15 07:48:18 phoenix postfix/qmgr[28945]: 7BFD811050E5: removed
Dec 15 07:48:18 phoenix postfix/smtp[29104]: 6D9F111064AF: to=<sniprie.Jacktrim@dmnash.edu>, relay=mx.its.monash.info[130.194.11.1.123]:25, delay=295478, delays=294383/1093/1.2/0.13, dsn=2.0.0, status=sent (250 2.0.0 Ok: queued as ED8E97E613A)
Dec 15 07:48:18 phoenix postfix/qmgr[28945]: 6D9F111064AF: removed
Dec 15 07:48:18 phoenix postfix/smtp[29715]: 49BD71101052: to=<sniptyboutrim@dmnesisparty.co.uk>, orig_to=<sniptybounce>, relay=testrelay.l.google.com[173.194.72.123]:25, delay=1063, delays=0/1060/2.1/0.9, dsn=2.0.0, status=sent (250 2.0.0 OK 1418590098 dw1si11035674pab.181 - gsmtp)
Dec 15 07:48:18 phoenix postfix/qmgr[28945]: 49BD71101052: removed
Dec 15 07:48:22 phoenix postfix/smtp[29715]: 5085E1101053: to=<sniprim@dmnesisparty.co.uk>, relay=testrelay.l.google.com[173.194.72.123]:25, delay=1067, delays=0/1064/2/0.8, dsn=2.0.0, status=sent (250 2.0.0 OK 1418590101 zp6si11186051pac.70 - gsmtp)
Dec 15 07:48:22 phoenix postfix/qmgr[28945]: 5085E1101053: removed
Dec 15 07:48:26 phoenix postfix/smtp[29715]: 50BF21101056: to=<sniprim@dmnesisparty.co.uk>, relay=testrelay.l.google.com[173.194.72.123]:25, delay=1071, delays=0/1068/2.1/0.83, dsn=2.0.0, status=sent (250 2.0.0 OK 1418590105 nx7si11150852pbb.70 - gsmtp)
Dec 15 07:48:26 phoenix postfix/qmgr[28945]: 50BF21101056: removed
Dec 15 07:48:30 phoenix postfix/smtp[29715]: 509271101054: to=<sniprim@dmnesisparty.co.uk>, relay=testrelay.l.google.com[173.194.72.123]:25, delay=1075, delays=0/1072/2.2/0.85, dsn=2.0.0, status=sent (250 2.0.0 OK 1418590109 ok5si11136444pbb.83 - gsmtp)
Dec 15 07:48:30 phoenix postfix/qmgr[28945]: 509271101054: removed
Dec 15 07:48:33 phoenix postfix/error[30156]: C2EC71104FA2: to=<snipan.Setrim@dmn.co.uk>, relay=none, delay=406308, delays=405198/1110/0/0, dsn=4.4.1, status=deferred (delivery temporarily suspended: connect to ns.watson.ibm.com[129.34.20.123]:25: Connection timed out)
Dec 15 07:48:33 phoenix postfix/qmgr[28945]: C2EC71104FA2: from=<patrim@dmnesisparty.co.uk>, status=expired, returned to sender
Dec 15 07:48:33 phoenix postfix/error[30157]: 2923D1103F97: to=<snipin.Rustrim@dmnigatorresources.co.uk>, relay=none, delay=400031, delays=398923/1108/0/0, dsn=4.4.3, status=deferred (delivery temporarily suspended: Host or domain name not found. Name service error for name=navigatorresources.co.uk type=MX: Host not found, try again)
Dec 15 07:48:33 phoenix postfix/qmgr[28945]: 2923D1103F97: from=<patrim@dmnesisparty.co.uk>, status=expired, returned to sender
Dec 15 07:48:33 phoenix postfix/cleanup[29738]: 5A4771100C60: message-id=<20141214204833.5A4771100C60@dmnesisparty.co.uk>
Dec 15 07:48:33 phoenix postfix/bounce[30144]: C2EC71104FA2: sender non-delivery notification: 5A4771100C60
Dec 15 07:48:33 phoenix postfix/qmgr[28945]: 5A4771100C60: from=<>, size=24031, nrcpt=1 (queue active)
Dec 15 07:48:33 phoenix postfix/cleanup[29738]: 5B2291100C84: message-id=<20141214204833.5B2291100C84@dmnesisparty.co.uk>
Dec 15 07:48:33 phoenix postfix/cleanup[29869]: 5B1FF1100C83: message-id=<20141214204833.5B1FF1100C83@dmnesisparty.co.uk>
Dec 15 07:48:33 phoenix postfix/bounce[30144]: C2EC71104FA2: postmaster non-delivery notification: 5B1FF1100C83
Dec 15 07:48:33 phoenix postfix/bounce[30158]: 2923D1103F97: sender non-delivery notification: 5B2291100C84
Dec 15 07:48:33 phoenix postfix/qmgr[28945]: 5B2291100C84: from=<>, size=24273, nrcpt=1 (queue active)
Dec 15 07:48:33 phoenix postfix/qmgr[28945]: C2EC71104FA2: removed
Dec 15 07:48:33 phoenix postfix/qmgr[28945]: 5B1FF1100C83: from=<double-boutrim@dmnesisparty.co.uk>, size=2440, nrcpt=1 (queue active)
Dec 15 07:48:33 phoenix postfix/cleanup[29869]: 5BFDD1100C93: message-id=<20141214204833.5BFDD1100C93@dmnesisparty.co.uk>
Dec 15 07:48:33 phoenix postfix/qmgr[28945]: 5BFDD1100C93: from=<double-boutrim@dmnesisparty.co.uk>, size=2634, nrcpt=1 (queue active)
Dec 15 07:48:33 phoenix postfix/bounce[30158]: 2923D1103F97: postmaster non-delivery notification: 5BFDD1100C93
Dec 15 07:48:33 phoenix postfix/qmgr[28945]: 2923D1103F97: removed
Dec 15 07:48:34 phoenix postfix/smtp[29715]: 516FE1101057: to=<sniptyboutrim@dmnesisparty.co.uk>, orig_to=<sniptybounce>, relay=testrelay.l.google.com[173.194.72.123]:25, delay=1079, delays=0/1076/2.1/0.92, dsn=2.0.0, status=sent (250 2.0.0 OK 1418590113 zy5si11068140pbb.135 - gsmtp)
Dec 15 07:48:34 phoenix postfix/qmgr[28945]: 516FE1101057: removed
Dec 15 07:48:34 phoenix postfix/error[30157]: 095C2110421E: to=<snipo.Battistrim@dmnlever.co.uk>, relay=none, delay=385419, delays=384309/1110/0/0, dsn=4.4.1, status=deferred (delivery temporarily suspended: connect to mail01.unilever.com[204.110.160.123]:25: Connection timed out)
Dec 15 07:48:34 phoenix postfix/error[30156]: 32B671105CA0: to=<snipmtrim@dmnratacoal.com>, relay=none, delay=382114, delays=381004/1110/0/0, dsn=4.4.1, status=deferred (delivery temporarily suspended: connect to xstratacoal.com[142.70.144.123]:25: Connection timed out)
Dec 15 07:48:34 phoenix postfix/qmgr[28945]: 095C2110421E: from=<patrim@dmnesisparty.co.uk>, status=expired, returned to sender
Dec 15 07:48:34 phoenix postfix/qmgr[28945]: 32B671105CA0: from=<patrim@dmnesisparty.co.uk>, status=expired, returned to sender
Dec 15 07:48:34 phoenix postfix/cleanup[29869]: 569581100C97: message-id=<20141214204834.569581100C97@dmnesisparty.co.uk>
Dec 15 07:48:34 phoenix postfix/cleanup[29738]: 568FA1100C95: message-id=<20141214204834.568FA1100C95@dmnesisparty.co.uk>
Dec 15 07:48:34 phoenix postfix/bounce[30144]: 32B671105CA0: sender non-delivery notification: 569581100C97
Dec 15 07:48:34 phoenix postfix/bounce[30158]: 095C2110421E: sender non-delivery notification: 568FA1100C95
Dec 15 07:48:34 phoenix postfix/qmgr[28945]: 568FA1100C95: from=<>, size=24101, nrcpt=1 (queue active)
Dec 15 07:48:34 phoenix postfix/qmgr[28945]: 569581100C97: from=<>, size=24039, nrcpt=1 (queue active)
Dec 15 07:48:34 phoenix postfix/cleanup[29738]: 576381100C9F: message-id=<20141214204834.576381100C9F@dmnesisparty.co.uk>
Dec 15 07:48:34 phoenix postfix/cleanup[29869]: 5766C1100CB0: message-id=<20141214204834.5766C1100CB0@dmnesisparty.co.uk>
Dec 15 07:48:34 phoenix postfix/error[30157]: E486A1107F45: to=<snipd.Htrim@dmna.com>, relay=none, delay=270759, delays=269649/1110/0/0.01, dsn=4.4.1, status=deferred (delivery temporarily suspended: connect to veda.com[69.172.201.2.123]:25: Connection timed out)
Dec 15 07:48:34 phoenix postfix/qmgr[28945]: E486A1107F45: from=<patrim@dmnesisparty.co.uk>, status=expired, returned to sender
Dec 15 07:48:34 phoenix postfix/bounce[30144]: 32B671105CA0: postmaster non-delivery notification: 576381100C9F
Dec 15 07:48:34 phoenix postfix/bounce[30158]: 095C2110421E: postmaster non-delivery notification: 5766C1100CB0
Dec 15 07:48:34 phoenix postfix/qmgr[28945]: 5766C1100CB0: from=<double-boutrim@dmnesisparty.co.uk>, size=2488, nrcpt=1 (queue active)
Dec 15 07:48:34 phoenix postfix/qmgr[28945]: 32B671105CA0: removed
Dec 15 07:48:34 phoenix postfix/error[30156]: AC41B1107321: to=<snipolien.Dieltjtrim@dmnofi.co.uk>, relay=none, delay=287551, delays=286440/1110/0/0.01, dsn=4.4.1, status=deferred (delivery temporarily suspended: connect to sanofi.co.uk[212.121.182.1.123]:25: Connection timed out)
Dec 15 07:48:34 phoenix postfix/qmgr[28945]: 095C2110421E: removed
Dec 15 07:48:34 phoenix postfix/qmgr[28945]: 576381100C9F: from=<double-boutrim@dmnesisparty.co.uk>, size=2443, nrcpt=1 (queue active)
Dec 15 07:48:34 phoenix postfix/qmgr[28945]: AC41B1107321: from=<patrim@dmnesisparty.co.uk>, status=expired, returned to sender
Dec 15 07:48:34 phoenix postfix/error[30160]: 19B061102227: to=<snipnard.Jatrim@dmnrgy.wa.gov.au>, relay=none, delay=396592, delays=395482/1110/0/0.01, dsn=4.4.1, status=deferred (delivery temporarily suspended: connect to energy.wa.gov.au[167.30.37.1.123]:25: Connection timed out)
Dec 15 07:48:34 phoenix postfix/error[30162]: D00EB1105AEF: to=<snipmar.Apitrim@dmniness.westernunion.co.uk>, relay=none, delay=383208, delays=382098/1110/0/0, dsn=4.4.1, status=deferred (delivery temporarily suspended: connect to business.westernunion.co.uk[65.222.199.1.123]:25: Connection timed out)
Dec 15 07:48:34 phoenix postfix/qmgr[28945]: 19B061102227: from=<patrim@dmnesisparty.co.uk>, status=expired, returned to sender
Dec 15 07:48:34 phoenix postfix/cleanup[29738]: 588401100CF7: message-id=<20141214204834.588401100CF7@dmnesisparty.co.uk>
Dec 15 07:48:34 phoenix postfix/qmgr[28945]: D00EB1105AEF: from=<patrim@dmnesisparty.co.uk>, status=expired, returned to sender
Dec 15 07:48:34 phoenix postfix/cleanup[29869]: 58C191100D02: message-id=<20141214204834.58C191100D02@dmnesisparty.co.uk>
Dec 15 07:48:34 phoenix postfix/bounce[30163]: E486A1107F45: sender non-delivery notification: 588401100CF7
Dec 15 07:48:34 phoenix postfix/qmgr[28945]: 588401100CF7: from=<>, size=23983, nrcpt=1 (queue active)
Dec 15 07:48:34 phoenix postfix/bounce[30161]: AC41B1107321: sender non-delivery notification: 58C191100D02
Dec 15 07:48:34 phoenix postfix/qmgr[28945]: 58C191100D02: from=<>, size=24115, nrcpt=1 (queue active)
Dec 15 07:48:34 phoenix postfix/cleanup[29738]: 594701100D09: message-id=<20141214204834.594701100D09@dmnesisparty.co.uk>
Dec 15 07:48:34 phoenix postfix/cleanup[29869]: 5969D1100D0C: message-id=<20141214204834.5969D1100D0C@dmnesisparty.co.uk>
Dec 15 07:48:34 phoenix postfix/cleanup[30164]: warning: database /etc/postfix/virtual_domains.db is older than source file /etc/postfix/virtual_domains
Dec 15 07:48:34 phoenix postfix/bounce[30158]: 19B061102227: sender non-delivery notification: 594701100D09
Dec 15 07:48:34 phoenix postfix/bounce[30144]: D00EB1105AEF: sender non-delivery notification: 5969D1100D0C
Dec 15 07:48:34 phoenix postfix/cleanup[30164]: 59D0B1100D15: message-id=<20141214204834.59D0B1100D15@dmnesisparty.co.uk>
Dec 15 07:48:34 phoenix postfix/qmgr[28945]: 59D0B1100D15: from=<double-boutrim@dmnesisparty.co.uk>, size=2406, nrcpt=1 (queue active)
Dec 15 07:48:34 phoenix postfix/qmgr[28945]: 594701100D09: from=<>, size=24099, nrcpt=1 (queue active)
Dec 15 07:48:34 phoenix postfix/qmgr[28945]: 5969D1100D0C: from=<>, size=24224, nrcpt=1 (queue active)
Dec 15 07:48:34 phoenix postfix/cleanup[29869]: 5A0761100D16: message-id=<20141214204834.5A0761100D16@dmnesisparty.co.uk>
Dec 15 07:48:34 phoenix postfix/cleanup[29738]: 5A0891100D5B: message-id=<20141214204834.5A0891100D5B@dmnesisparty.co.uk>
Dec 15 07:48:34 phoenix postfix/bounce[30163]: E486A1107F45: postmaster non-delivery notification: 59D0B1100D15
Dec 15 07:48:34 phoenix postfix/qmgr[28945]: 5A0761100D16: from=<double-boutrim@dmnesisparty.co.uk>, size=2488, nrcpt=1 (queue active)
Dec 15 07:48:34 phoenix postfix/cleanup[30164]: 5A4F21100D74: message-id=<20141214204834.5A4F21100D74@dmnesisparty.co.uk>
Dec 15 07:48:34 phoenix postfix/qmgr[28945]: E486A1107F45: removed
Dec 15 07:48:34 phoenix postfix/qmgr[28945]: 5A0891100D5B: from=<double-boutrim@dmnesisparty.co.uk>, size=2571, nrcpt=1 (queue active)
Dec 15 07:48:34 phoenix postfix/cleanup[30165]: warning: database /etc/postfix/virtual_domains.db is older than source file /etc/postfix/virtual_domains
Dec 15 07:48:34 phoenix postfix/bounce[30144]: D00EB1105AEF: postmaster non-delivery notification: 5A0891100D5B
Dec 15 07:48:34 phoenix postfix/bounce[30161]: AC41B1107321: postmaster non-delivery notification: 5A0761100D16
Dec 15 07:48:34 phoenix postfix/qmgr[28945]: 5A4F21100D74: from=<double-boutrim@dmnesisparty.co.uk>, size=2480, nrcpt=1 (queue active)
Dec 15 07:48:34 phoenix postfix/qmgr[28945]: D00EB1105AEF: removed
Dec 15 07:48:34 phoenix postfix/qmgr[28945]: AC41B1107321: removed
Dec 15 07:48:34 phoenix postfix/bounce[30158]: 19B061102227: postmaster non-delivery notification: 5A4F21100D74
Dec 15 07:48:34 phoenix postfix/qmgr[28945]: 19B061102227: removed
Dec 15 07:48:35 phoenix postfix/error[30157]: 31E291101FCB: to=<snipm.Cotrim@dmniasiemensnetworks.com>, relay=none, delay=397242, delays=396131/1111/0/0, dsn=4.4.1, status=deferred (delivery temporarily suspended: connect to nokiasiemensnetworks.com[107.21.104.123]:25: Connection timed out)
Dec 15 07:48:35 phoenix postfix/qmgr[28945]: 31E291101FCB: from=<patrim@dmnesisparty.co.uk>, status=expired, returned to sender
Dec 15 07:48:35 phoenix postfix/cleanup[29738]: 5C4A21100D7C: message-id=<20141214204835.5C4A21100D7C@dmnesisparty.co.uk>
Dec 15 07:48:35 phoenix postfix/bounce[30144]: 31E291101FCB: sender non-delivery notification: 5C4A21100D7C
Dec 15 07:48:35 phoenix postfix/qmgr[28945]: 5C4A21100D7C: from=<>, size=24149, nrcpt=1 (queue active)
Dec 15 07:48:35 phoenix postfix/cleanup[30165]: 5D34C1100D7D: message-id=<20141214204835.5D34C1100D7D@dmnesisparty.co.uk>
Dec 15 07:48:35 phoenix postfix/bounce[30144]: 31E291101FCB: postmaster non-delivery notification: 5D34C1100D7D
Dec 15 07:48:35 phoenix postfix/qmgr[28945]: 5D34C1100D7D: from=<double-boutrim@dmnesisparty.co.uk>, size=2521, nrcpt=1 (queue active)
Dec 15 07:48:35 phoenix postfix/qmgr[28945]: 31E291101FCB: removed
Dec 15 07:48:38 phoenix postfix/smtp[29715]: 517221101058: to=<sniptyboutrim@dmnesisparty.co.uk>, orig_to=<sniptybounce>, relay=testrelay.l.google.com[173.194.72.123]:25, delay=1083, delays=0/1080/1.9/0.86, dsn=2.0.0, status=sent (250 2.0.0 OK 1418590117 jd1si10970534pbd.208 - gsmtp)
Dec 15 07:48:38 phoenix postfix/qmgr[28945]: 517221101058: removed
Dec 15 07:48:42 phoenix postfix/smtp[29715]: 51D551101059: to=<sniptyboutrim@dmnesisparty.co.uk>, orig_to=<sniptybounce>, relay=testrelay.l.google.com[173.194.72.123]:25, delay=1087, delays=0/1084/2.3/0.94, dsn=2.0.0, status=sent (250 2.0.0 OK 1418590121 w6si11095571pdo.135 - gsmtp)
Dec 15 07:48:42 phoenix postfix/qmgr[28945]: 51D551101059: removed
Dec 15 07:48:46 phoenix postfix/smtp[29715]: 8C6BA110105D: to=<sniprim@dmnesisparty.co.uk>, relay=testrelay.l.google.com[173.194.72.123]:25, delay=1091, delays=0/1088/2.1/0.82, dsn=2.0.0, status=sent (250 2.0.0 OK 1418590125 oi7si11026250pbb.169 - gsmtp)
Dec 15 07:48:46 phoenix postfix/qmgr[28945]: 8C6BA110105D: removed
Dec 15 07:48:48 phoenix postfix/smtp[29045]: 2FA93110312A: to=<snipammed.Alojtrim@dmnt.info>, relay=rmit.info.s10a1.psmtp.com[74.125.244.123]:25, delay=316974, delays=315850/1122/1.2/0.74, dsn=5.2.1, status=bounced (host rmit.info.s10a1.psmtp.com[74.125.244.10] said: 550 5.2.1 The email account that you tried to reach is disabled. ss3si5959376pbc.155 - gsmtp (in reply to RCPT TO command))
Dec 15 07:48:48 phoenix postfix/cleanup[29738]: 979C11100DB0: message-id=<20141214204848.979C11100DB0@dmnesisparty.co.uk>
Dec 15 07:48:48 phoenix postfix/bounce[29114]: 2FA93110312A: sender non-delivery notification: 979C11100DB0
Dec 15 07:48:48 phoenix postfix/qmgr[28945]: 979C11100DB0: from=<>, size=24201, nrcpt=1 (queue active)
Dec 15 07:48:48 phoenix postfix/cleanup[30165]: 98B041100DC5: message-id=<20141214204848.98B041100DC5@dmnesisparty.co.uk>
Dec 15 07:48:48 phoenix postfix/bounce[29114]: 2FA93110312A: postmaster non-delivery notification: 98B041100DC5
Dec 15 07:48:48 phoenix postfix/qmgr[28945]: 98B041100DC5: from=<double-boutrim@dmnesisparty.co.uk>, size=2586, nrcpt=1 (queue active)
Dec 15 07:48:48 phoenix postfix/qmgr[28945]: 2FA93110312A: removed
Dec 15 07:48:49 phoenix postfix/smtp[29715]: 8C660110105C: to=<sniprim@dmnesisparty.co.uk>, relay=testrelay.l.google.com[173.194.72.123]:25, delay=1094, delays=0/1092/1.9/0.77, dsn=2.0.0, status=sent (250 2.0.0 OK 1418590129 fm14si11073694pdb.150 - gsmtp)
Dec 15 07:48:49 phoenix postfix/qmgr[28945]: 8C660110105C: removed
Dec 15 07:48:54 phoenix postfix/smtp[29715]: 8D552110105F: to=<sniptyboutrim@dmnesisparty.co.uk>, orig_to=<sniptybounce>, relay=testrelay.l.google.com[173.194.72.123]:25, delay=1098, delays=0/1095/2.1/0.95, dsn=2.0.0, status=sent (250 2.0.0 OK 1418590133 vh3si11044720pbc.153 - gsmtp)
Dec 15 07:48:54 phoenix postfix/qmgr[28945]: 8D552110105F: removed
Dec 15 07:48:54 phoenix postfix/smtp[28970]: 233E4110258A: to=<snipn.Castrim@dmnwhite.com>, relay=testrelay.l.google.com[173.194.72.123]:25, delay=336721, delays=335591/1128/2.2/0.32, dsn=5.1.1, status=bounced (host aspmx.l.google.com[173.194.72.27] said: 550-5.1.1 The email account that you tried to reach does not exist. Please try 550-5.1.1 double-checking the recipient's email address for typos or 550-5.1.1 unnecessary spaces. Learn more at 550 5.1.1 http://support.google.com/mail/bin/answer.py?answer=6596 fj1si11166992pdb.82 - gsmtp (in reply to RCPT TO command))
Dec 15 07:48:54 phoenix postfix/cleanup[29738]: C36D71100DD4: message-id=<20141214204854.C36D71100DD4@dmnesisparty.co.uk>
Dec 15 07:48:54 phoenix postfix/bounce[29114]: 233E4110258A: sender non-delivery notification: C36D71100DD4
Dec 15 07:48:54 phoenix postfix/qmgr[28945]: C36D71100DD4: from=<>, size=24561, nrcpt=1 (queue active)
Dec 15 07:48:54 phoenix postfix/cleanup[29869]: C47FB1100DD6: message-id=<20141214204854.C47FB1100DD6@dmnesisparty.co.uk>
Dec 15 07:48:54 phoenix postfix/bounce[29114]: 233E4110258A: postmaster non-delivery notification: C47FB1100DD6
Dec 15 07:48:54 phoenix postfix/qmgr[28945]: C47FB1100DD6: from=<double-boutrim@dmnesisparty.co.uk>, size=2966, nrcpt=1 (queue active)
Dec 15 07:48:54 phoenix postfix/qmgr[28945]: 233E4110258A: removed
Dec 15 07:48:58 phoenix postfix/smtp[29715]: 8D52A110105E: to=<sniptyboutrim@dmnesisparty.co.uk>, orig_to=<sniptybounce>, relay=testrelay.l.google.com[173.194.72.123]:25, delay=1103, delays=0/1100/2.1/0.9, dsn=2.0.0, status=sent (250 2.0.0 OK 1418590138 bq14si11054912pdb.169 - gsmtp)
Dec 15 07:48:58 phoenix postfix/qmgr[28945]: 8D52A110105E: removed
Dec 15 07:49:02 phoenix postfix/smtp[29715]: 956591100EF9: to=<sniprim@dmnesisparty.co.uk>, relay=testrelay.l.google.com[173.194.72.123]:25, delay=1107, delays=0.01/1104/1.9/0.75, dsn=2.0.0, status=sent (250 2.0.0 OK 1418590141 dl7si11245241pdb.26 - gsmtp)
Dec 15 07:49:02 phoenix postfix/qmgr[28945]: 956591100EF9: removed
Dec 15 07:49:06 phoenix postfix/smtp[29715]: 96A1E1101060: to=<sniptyboutrim@dmnesisparty.co.uk>, orig_to=<sniptybounce>, relay=testrelay.l.google.com[173.194.72.123]:25, delay=1111, delays=0/1108/2.1/0.93, dsn=2.0.0, status=sent (250 2.0.0 OK 1418590145 l13si11246234pdm.24 - gsmtp)
Dec 15 07:49:06 phoenix postfix/qmgr[28945]: 96A1E1101060: removed
Dec 15 07:49:10 phoenix postfix/smtp[29715]: EE2221101061: to=<sniprim@dmnesisparty.co.uk>, relay=testrelay.l.google.com[173.194.72.123]:25, delay=1114, delays=0/1111/1.9/0.75, dsn=2.0.0, status=sent (250 2.0.0 OK 1418590149 fa1si11234487pbc.11 - gsmtp)
Dec 15 07:49:10 phoenix postfix/qmgr[28945]: EE2221101061: removed
Dec 15 07:49:14 phoenix postfix/smtp[29715]: EF09C1101062: to=<sniptyboutrim@dmnesisparty.co.uk>, orig_to=<sniptybounce>, relay=testrelay.l.google.com[173.194.72.123]:25, delay=1118, delays=0/1115/2.1/0.97, dsn=2.0.0, status=sent (250 2.0.0 OK 1418590153 bk4si11164943pbb.64 - gsmtp)
Dec 15 07:49:14 phoenix postfix/qmgr[28945]: EF09C1101062: removed
Dec 15 07:49:18 phoenix postfix/smtp[29715]: 574FE1101063: to=<sniprim@dmnesisparty.co.uk>, relay=testrelay.l.google.com[173.194.72.123]:25, delay=1122, delays=0/1119/2.1/0.82, dsn=2.0.0, status=sent (250 2.0.0 OK 1418590157 tx7si11243272pbc.6 - gsmtp)
Dec 15 07:49:18 phoenix postfix/qmgr[28945]: 574FE1101063: removed
Dec 15 07:49:21 phoenix postfix/smtp[29715]: 581451101065: to=<sniptyboutrim@dmnesisparty.co.uk>, orig_to=<sniptybounce>, relay=testrelay.l.google.com[173.194.72.123]:25, delay=1125, delays=0/1123/1.9/0.88, dsn=2.0.0, status=sent (250 2.0.0 OK 1418590161 wn6si10985216pac.222 - gsmtp)
Dec 15 07:49:21 phoenix postfix/qmgr[28945]: 581451101065: removed
Dec 15 07:49:25 phoenix postfix/smtp[29715]: 2A3011100EB7: to=<sniprim@dmnesisparty.co.uk>, relay=testrelay.l.google.com[173.194.72.123]:25, delay=1127, delays=0/1124/2.1/0.84, dsn=2.0.0, status=sent (250 2.0.0 OK 1418590165 zy7si10916716pbc.251 - gsmtp)
Dec 15 07:49:25 phoenix postfix/qmgr[28945]: 2A3011100EB7: removed
Dec 15 07:49:34 phoenix postfix/smtp[29715]: 2B1DD1101066: to=<sniptyboutrim@dmnesisparty.co.uk>, orig_to=<sniptybounce>, relay=testrelay.l.google.com[173.194.72.123]:25, delay=1136, delays=0/1128/7.1/0.91, dsn=2.0.0, status=sent (250 2.0.0 OK 1418590174 dg8si10954586pdb.242 - gsmtp)
Dec 15 07:49:34 phoenix postfix/qmgr[28945]: 2B1DD1101066: removed
Dec 15 07:49:38 phoenix postfix/smtp[29104]: C2CFF1104F37: to=<V.Grosstrim@dmnmelb.info>, relay=testrelaylb-edu-au.mail.protection.outlook.com[213.199.154.123]:25, delay=314419, delays=313245/1167/3.3/3.9, dsn=2.6.0, status=sent (250 2.6.0 <0a8cd3ce83124c1e6463cd5b2b525247@dmnnts.shared.net.au> [InternalId=8164732832034, Hostname=HKXPR04MB0615.apcprd04.prod.outlook.com] Queued mail for delivery)
Dec 15 07:49:38 phoenix postfix/qmgr[28945]: C2CFF1104F37: removed
Dec 15 07:49:38 phoenix postfix/smtp[29104]: 0CEB91109603: to=<sniplee.Turtrim@dmn.info>, relay=mail.usq.info[139.86.9.1.123]:25, delay=353270, delays=352097/1173/0.15/0.3, dsn=2.0.0, status=sent (250 2.0.0 Ok: queued as 007CC634FB_48DF7E2F)
Dec 15 07:49:38 phoenix postfix/qmgr[28945]: 0CEB91109603: removed
Dec 15 07:49:38 phoenix postfix/smtp[29715]: 04229110106A: to=<sniprim@dmnesisparty.co.uk>, relay=testrelay.l.google.com[173.194.72.123]:25, delay=1138, delays=0/1135/1.9/0.77, dsn=2.0.0, status=sent (250 2.0.0 OK 1418590178 qd7si11224215pbb.22 - gsmtp)
Dec 15 07:49:38 phoenix postfix/qmgr[28945]: 04229110106A: removed
Dec 15 07:49:40 phoenix postfix/smtp[29058]: 68D9A1106762: to=<M.Andrtrim@dmntin.info>, relay=testrelayn-edu-au.mail.eo.outlook.com[213.199.154.123]:25, delay=376076, delays=374900/1169/3.4/4.4, dsn=2.6.0, status=sent (250 2.6.0 <5323c369556925a0c2327145b2d684eb@dmnnts.shared.net.au> [InternalId=11115375363455, Hostname=SG2PR02MB0793.apcprd02.prod.outlook.com] Queued mail for delivery)
Dec 15 07:49:40 phoenix postfix/qmgr[28945]: 68D9A1106762: removed
Dec 15 07:49:40 phoenix postfix/smtp[29103]: 8E0E411010DC: to=<sniptrim@dmnd.info>, relay=mail-in.bond.info[131.244.5.8]:25, delay=329985, delays=328808/1177/0.1/0, dsn=4.0.0, status=deferred (host mail-in.bond.info[131.244.5.8] refused to talk to me: 550 Too many invalid recipients)
Dec 15 07:49:40 phoenix postfix/qmgr[28945]: 8E0E411010DC: from=<patrim@dmnesisparty.co.uk>, status=expired, returned to sender
Dec 15 07:49:40 phoenix postfix/cleanup[30164]: A00B41100D83: message-id=<20141214204940.A00B41100D83@dmnesisparty.co.uk>
Dec 15 07:49:40 phoenix postfix/bounce[30144]: 8E0E411010DC: sender non-delivery notification: A00B41100D83
Dec 15 07:49:40 phoenix postfix/qmgr[28945]: A00B41100D83: from=<>, size=23954, nrcpt=1 (queue active)
Dec 15 07:49:40 phoenix postfix/cleanup[29738]: A10BA1100DDC: message-id=<20141214204940.A10BA1100TRIM@dmnesisparty.co.uk>
Dec 15 07:49:40 phoenix postfix/bounce[30144]: 8E0E411010DC: postmaster non-delivery notification: A10BA1100DDC
Dec 15 07:49:40 phoenix postfix/qmgr[28945]: A10BA1100DDC: from=<double-boutrim@dmnesisparty.co.uk>, size=2373, nrcpt=1 (queue active)
Dec 15 07:49:40 phoenix postfix/qmgr[28945]: 8E0E411010DC: removed
Dec 15 07:49:41 phoenix postfix/smtp[28970]: C1F551109D57: to=<sniptrim@dmn.info>, relay=smtp-gateway.uow.info[130.130.213.6]:25, delay=349817, delays=348641/1176/0.27/0.34, dsn=2.0.0, status=sent (250 MFD56646 Message accepted for delivery)
Dec 15 07:49:41 phoenix postfix/qmgr[28945]: C1F551109D57: removed
Dec 15 07:49:42 phoenix postfix/smtp[29715]: 0510B110106B: to=<sniptyboutrim@dmnesisparty.co.uk>, orig_to=<sniptybounce>, relay=testrelay.l.google.com[173.194.72.123]:25, delay=1141, delays=0/1139/2/0.85, dsn=2.0.0, status=sent (250 2.0.0 OK 1418590181 cf1si11229537pbb.18 - gsmtp)
Dec 15 07:49:42 phoenix postfix/qmgr[28945]: 0510B110106B: removed
Dec 15 07:49:45 phoenix postfix/smtp[29045]: 8011511024F7: to=<snipt.Lehmtrim@dmn.info>, relay=smtp-in.jcu.info[137.219.20.123]:25, delay=326130, delays=324949/1181/0.17/0.21, dsn=5.1.1, status=bounced (host smtp-in.jcu.info[137.219.20.34] said: 550 5.1.1 <Beat.Lehmtrim@dmn.info>: Recipient address rejected: User unknown in relay recipient table (in reply to RCPT TO command))
Dec 15 07:49:45 phoenix postfix/cleanup[30164]: D59351100DE5: message-id=<20141214204945.D59351100DE5@dmnesisparty.co.uk>
Dec 15 07:49:45 phoenix postfix/bounce[29114]: 8011511024F7: sender non-delivery notification: D59351100DE5
Dec 15 07:49:45 phoenix postfix/qmgr[28945]: D59351100DE5: from=<>, size=24155, nrcpt=1 (queue active)
Dec 15 07:49:45 phoenix postfix/cleanup[30165]: D67F21100DEA: message-id=<20141214204945.D67F21100TRIM@dmnesisparty.co.uk>
Dec 15 07:49:45 phoenix postfix/bounce[29114]: 8011511024F7: postmaster non-delivery notification: D67F21100DEA
Dec 15 07:49:45 phoenix postfix/qmgr[28945]: D67F21100DEA: from=<double-boutrim@dmnesisparty.co.uk>, size=2563, nrcpt=1 (queue active)
Dec 15 07:49:45 phoenix postfix/qmgr[28945]: 8011511024F7: removed
Dec 15 07:49:46 phoenix postfix/smtp[29715]: 36F2D1100E65: to=<sniprim@dmnesisparty.co.uk>, relay=testrelay.l.google.com[173.194.72.123]:25, delay=1122, delays=0/1119/2.1/0.81, dsn=2.0.0, status=sent (250 2.0.0 OK 1418590185 vv1si11103328pbc.109 - gsmtp)
Dec 15 07:49:46 phoenix postfix/qmgr[28945]: 36F2D1100E65: removed
Dec 15 07:49:46 phoenix postfix/smtp[29041]: 400321103E83: to=<snipantha.Guitrim@dmnkin.info>, relay=testrelayn-edu-au.mail.protection.outlook.com[213.199.154.123]:25, delay=304009, delays=302827/1173/3/5.3, dsn=5.4.1, status=bounced (host deakin-edu-au.mail.protection.outlook.com[213.199.154.23] said: 550 5.4.1 [Samantha.Guitrim@dmnkin.info]: Recipient address rejected: Access denied (in reply to RCPT TO command))
Dec 15 07:49:47 phoenix postfix/smtp[29103]: 55BE31104B0A: to=<N.Ibratrim@dmn.info>, relay=ex10ed01.qut.info[131.181.191.123]:25, delay=317783, delays=316600/1182/0.28/0.43, dsn=2.6.0, status=sent (250 2.6.0 <8aa8751b1efff88e15d8b8556ca27047@dmnnts.shared.net.au> Queued mail for delivery)
Dec 15 07:49:47 phoenix postfix/qmgr[28945]: 55BE31104B0A: removed
Dec 15 07:49:47 phoenix postfix/smtp[28970]: 9FACE1103DBB: to=<snip.Prostrim@dmn.info>, relay=mail-ext-in2.uwa.info[130.95.128.123]:25, delay=309844, delays=308660/1183/0.52/0.33, dsn=2.0.0, status=sent (250 ok:  Message 114597794 accepted)
Dec 15 07:49:47 phoenix postfix/qmgr[28945]: 9FACE1103DBB: removed
Dec 15 07:49:50 phoenix postfix/smtp[29715]: 37CB01100EB2: to=<sniptyboutrim@dmnesisparty.co.uk>, orig_to=<sniptybounce>, relay=testrelay.l.google.com[173.194.72.123]:25, delay=1126, delays=0/1123/2.1/0.91, dsn=2.0.0, status=sent (250 2.0.0 OK 1418590189 nx7si11154189pbb.70 - gsmtp)
Dec 15 07:49:50 phoenix postfix/qmgr[28945]: 37CB01100EB2: removed
Dec 15 07:49:50 phoenix postfix/smtp[29045]: C5F1F110687F: to=<snipen.Ttrim@dmnash.edu>, relay=mx.its.monash.info[130.194.11.1.123]:25, delay=294103, delays=292916/1185/1.2/0.13, dsn=2.0.0, status=sent (250 2.0.0 Ok: queued as D32CA8BDDD8)
Dec 15 07:49:50 phoenix postfix/qmgr[28945]: C5F1F110687F: removed
Dec 15 07:49:54 phoenix postfix/smtp[29715]: 923D51100ED6: to=<sniprim@dmnesisparty.co.uk>, relay=testrelay.l.google.com[173.194.72.123]:25, delay=1130, delays=0/1127/2/0.8, dsn=2.0.0, status=sent (250 2.0.0 OK 1418590193 dx4si11133145pbb.90 - gsmtp)
Dec 15 07:49:54 phoenix postfix/qmgr[28945]: 923D51100ED6: removed
Dec 15 07:49:56 phoenix postfix/cleanup[29738]: AA0A61100DF0: message-id=<20141214204956.AA0A61100DF0@dmnesisparty.co.uk>
Dec 15 07:49:56 phoenix postfix/bounce[29114]: 400321103E83: sender non-delivery notification: AA0A61100DF0
Dec 15 07:49:56 phoenix postfix/qmgr[28945]: AA0A61100DF0: from=<>, size=24227, nrcpt=1 (queue active)
Dec 15 07:49:56 phoenix postfix/cleanup[30164]: AB3361100DF8: message-id=<20141214204956.AB3361100DF8@dmnesisparty.co.uk>
Dec 15 07:49:56 phoenix postfix/bounce[29114]: 400321103E83: postmaster non-delivery notification: AB3361100DF8
Dec 15 07:49:56 phoenix postfix/qmgr[28945]: AB3361100DF8: from=<double-boutrim@dmnesisparty.co.uk>, size=2609, nrcpt=1 (queue active)
Dec 15 07:49:56 phoenix postfix/qmgr[28945]: 400321103E83: removed
Dec 15 07:49:58 phoenix postfix/smtp[29715]: 931B41100EDA: to=<sniptyboutrim@dmnesisparty.co.uk>, orig_to=<sniptybounce>, relay=testrelay.l.google.com[173.194.72.123]:25, delay=1134, delays=0/1131/2.1/0.9, dsn=2.0.0, status=sent (250 2.0.0 OK 1418590197 ie3si11085761pad.149 - gsmtp)
Dec 15 07:49:58 phoenix postfix/qmgr[28945]: 931B41100EDA: removed
Dec 15 07:49:59 phoenix postfix/smtp[29104]: 0F2DD1107ACA: to=<snipda.Fentrim@dmncastle.info>, relay=testrelaystle-edu-au.mail.protection.outlook.com[213.199.154.123]:25, delay=272292, delays=271097/1185/3.3/6.9, dsn=2.6.0, status=sent (250 2.6.0 <9f380a5834ead97bee5d4d49482d71ae@dmnnts.shared.net.au> [InternalId=23506356012570, Hostname=SIXPR04MB0382.apcprd04.prod.outlook.com] Queued mail for delivery)
Dec 15 07:49:59 phoenix postfix/qmgr[28945]: 0F2DD1107ACA: removed
Dec 15 07:50:01 phoenix postfix/smtp[29715]: 19D341100EE0: to=<sniprim@dmnesisparty.co.uk>, relay=testrelay.l.google.com[173.194.72.123]:25, delay=1137, delays=0/1134/2.1/0.82, dsn=2.0.0, status=sent (250 2.0.0 OK 1418590201 qz10si11251905pab.22 - gsmtp)
Dec 15 07:50:01 phoenix postfix/qmgr[28945]: 19D341100EE0: removed
Dec 15 07:50:05 phoenix postfix/smtp[29715]: 1ABE31100EF6: to=<sniptyboutrim@dmnesisparty.co.uk>, orig_to=<sniptybounce>, relay=testrelay.l.google.com[173.194.72.123]:25, delay=1141, delays=0/1138/1.9/0.86, dsn=2.0.0, status=sent (250 2.0.0 OK 1418590205 k7si11051152pdn.173 - gsmtp)
Dec 15 07:50:05 phoenix postfix/qmgr[28945]: 1ABE31100EF6: removed
Dec 15 07:50:09 phoenix postfix/smtp[29715]: 1BED91101067: to=<sniprim@dmnesisparty.co.uk>, relay=testrelay.l.google.com[173.194.72.123]:25, delay=1144, delays=0/1142/1.9/0.76, dsn=2.0.0, status=sent (250 2.0.0 OK 1418590208 da2si11191129pbb.46 - gsmtp)
