Dec 15 08:18:34 phoenix postfix/qmgr[28945]: 1A4281100B86: from=<>, size=23999, nrcpt=1 (queue active)
Dec 15 08:18:34 phoenix postfix/qmgr[28945]: 0D08A1105203: from=<patrim@dmnesisparty.co.uk>, status=expired, returned to sender
Dec 15 08:18:34 phoenix postfix/qmgr[28945]: 1ACAA1100BCC: from=<>, size=24089, nrcpt=1 (queue active)
Dec 15 08:18:34 phoenix postfix/bounce[31037]: 8C29C1104441: sender non-delivery notification: 1ACAA1100BCC
Dec 15 08:18:34 phoenix postfix/cleanup[30434]: 1B6981100C56: message-id=<20141214211834.1B6981100C56@dmnesisparty.co.uk>
Dec 15 08:18:34 phoenix postfix/cleanup[30164]: 1B61D1100BD1: message-id=<20141214211834.1B61D1100BD1@dmnesisparty.co.uk>
Dec 15 08:18:34 phoenix postfix/qmgr[28945]: 1B6981100C56: from=<double-boutrim@dmnesisparty.co.uk>, size=2416, nrcpt=1 (queue active)
Dec 15 08:18:34 phoenix postfix/bounce[31035]: BB01B1102C63: postmaster non-delivery notification: 1B6981100C56
Dec 15 08:18:34 phoenix postfix/cleanup[30740]: 1BB541100C5B: message-id=<20141214211834.1BB541100C5B@dmnesisparty.co.uk>
Dec 15 08:18:34 phoenix postfix/qmgr[28945]: 1BB541100C5B: from=<>, size=24135, nrcpt=1 (queue active)
Dec 15 08:18:34 phoenix postfix/bounce[31039]: 988CF1101159: sender non-delivery notification: 1B61D1100BD1
Dec 15 08:18:34 phoenix postfix/qmgr[28945]: BB01B1102C63: removed
Dec 15 08:18:34 phoenix postfix/cleanup[30434]: 1C1F81100C60: message-id=<20141214211834.1C1F81100C60@dmnesisparty.co.uk>
Dec 15 08:18:34 phoenix postfix/qmgr[28945]: 1B61D1100BD1: from=<>, size=24077, nrcpt=1 (queue active)
Dec 15 08:18:34 phoenix postfix/cleanup[30164]: 1C4CD1100C83: message-id=<20141214211834.1C4CD1100C83@dmnesisparty.co.uk>
Dec 15 08:18:34 phoenix postfix/qmgr[28945]: 1C1F81100C60: from=<double-boutrim@dmnesisparty.co.uk>, size=2473, nrcpt=1 (queue active)
Dec 15 08:18:34 phoenix postfix/bounce[31040]: 0D08A1105203: sender non-delivery notification: 1BB541100C5B
Dec 15 08:18:34 phoenix postfix/cleanup[31041]: warning: database /etc/postfix/virtual_domains.db is older than source file /etc/postfix/virtual_domains
Dec 15 08:18:34 phoenix postfix/bounce[31037]: 8C29C1104441: postmaster non-delivery notification: 1C1F81100C60
Dec 15 08:18:34 phoenix postfix/qmgr[28945]: 1C4CD1100C83: from=<double-boutrim@dmnesisparty.co.uk>, size=2470, nrcpt=1 (queue active)
Dec 15 08:18:34 phoenix postfix/qmgr[28945]: 8C29C1104441: removed
Dec 15 08:18:34 phoenix postfix/cleanup[30740]: 1C9DB1100C84: message-id=<20141214211834.1C9DB1100C84@dmnesisparty.co.uk>
Dec 15 08:18:34 phoenix postfix/bounce[31039]: 988CF1101159: postmaster non-delivery notification: 1C4CD1100C83
Dec 15 08:18:34 phoenix postfix/qmgr[28945]: 1C9DB1100C84: from=<double-boutrim@dmnesisparty.co.uk>, size=2503, nrcpt=1 (queue active)
Dec 15 08:18:34 phoenix postfix/qmgr[28945]: 988CF1101159: removed
Dec 15 08:18:34 phoenix postfix/bounce[31040]: 0D08A1105203: postmaster non-delivery notification: 1C9DB1100C84
Dec 15 08:18:34 phoenix postfix/qmgr[28945]: 0D08A1105203: removed
Dec 15 08:18:37 phoenix postfix/smtp[28970]: 9BB2011011DA: to=<snipath.Wijeratrim@dmn.info>, relay=mail-ext-in2.uwa.info[130.95.128.123]:25, delay=351773, delays=348859/2912/0.82/0.39, dsn=2.0.0, status=sent (250 ok:  Message 114600173 accepted)
Dec 15 08:18:37 phoenix postfix/smtp[30992]: 588401100CF7: to=<sniprim@dmnesisparty.co.uk>, relay=testrelay.l.google.com[74.125.23.123]:25, delay=1803, delays=0/1800/2.3/0.99, dsn=2.0.0, status=sent (250 2.0.0 OK 1418591916 fv5si11091912pbb.173 - gsmtp)
Dec 15 08:18:37 phoenix postfix/qmgr[28945]: 588401100CF7: removed
Dec 15 08:18:37 phoenix postfix/qmgr[28945]: 9BB2011011DA: removed
Dec 15 08:18:39 phoenix postfix/smtp[29041]: 140581102F7A: to=<E.Richardtrim@dmnmelb.info>, relay=testrelaylb-edu-au.mail.protection.outlook.com[213.199.154.123]:25, delay=315563, delays=312648/2909/3/3.4, dsn=2.6.0, status=sent (250 2.6.0 <e70a423e8bf270c5e7a35855c15b18c7@dmnnts.shared.net.au> [InternalId=8087423419669, Hostname=SIXPR04MB0621.apcprd04.prod.outlook.com] Queued mail for delivery)
Dec 15 08:18:39 phoenix postfix/qmgr[28945]: 140581102F7A: removed
Dec 15 08:18:40 phoenix postfix/smtp[29104]: CC32C1102A9E: to=<D.Ltrim@dmn.info>, relay=ex10ed01.qut.info[131.181.191.123]:25, delay=319478, delays=316563/2915/0.32/0.4, dsn=2.6.0, status=sent (250 2.6.0 <4f2241881d99096d29f7d42a5e23381b@dmnnts.shared.net.au> Queued mail for delivery)
Dec 15 08:18:40 phoenix postfix/qmgr[28945]: CC32C1102A9E: removed
Dec 15 08:18:41 phoenix postfix/smtp[30992]: 58C191100D02: to=<sniprim@dmnesisparty.co.uk>, relay=testrelay.l.google.com[74.125.23.123]:25, delay=1807, delays=0/1804/2.2/0.94, dsn=2.0.0, status=sent (250 2.0.0 OK 1418591921 c8si11323135pdp.19 - gsmtp)
Dec 15 08:18:41 phoenix postfix/qmgr[28945]: 58C191100D02: removed
Dec 15 08:18:44 phoenix postfix/cleanup[31041]: 597511100C93: message-id=<20141214211844.597511100C93@dmnesisparty.co.uk>
Dec 15 08:18:44 phoenix postfix/bounce[30766]: 87C89110234A: sender non-delivery notification: 597511100C93
Dec 15 08:18:44 phoenix postfix/qmgr[28945]: 597511100C93: from=<>, size=24233, nrcpt=1 (queue active)
Dec 15 08:18:44 phoenix postfix/cleanup[30164]: 5A8701100C95: message-id=<20141214211844.5A8701100C95@dmnesisparty.co.uk>
Dec 15 08:18:44 phoenix postfix/bounce[30766]: 87C89110234A: postmaster non-delivery notification: 5A8701100C95
Dec 15 08:18:44 phoenix postfix/qmgr[28945]: 5A8701100C95: from=<double-boutrim@dmnesisparty.co.uk>, size=2616, nrcpt=1 (queue active)
Dec 15 08:18:44 phoenix postfix/qmgr[28945]: 87C89110234A: removed
Dec 15 08:18:45 phoenix postfix/smtp[30992]: 59D0B1100D15: to=<sniptyboutrim@dmnesisparty.co.uk>, orig_to=<sniptybounce>, relay=testrelay.l.google.com[74.125.23.123]:25, delay=1811, delays=0/1808/2/0.96, dsn=2.0.0, status=sent (250 2.0.0 OK 1418591925 hb6si11060589pbc.194 - gsmtp)
Dec 15 08:18:45 phoenix postfix/qmgr[28945]: 59D0B1100D15: removed
Dec 15 08:18:46 phoenix postfix/smtp[28970]: C720F11069C1: to=<snipng-Hon.Trim@dmnash.edu>, relay=mx.its.monash.info[130.194.11.1.123]:25, delay=295590, delays=292667/2922/1.2/0.15, dsn=2.0.0, status=sent (250 2.0.0 Ok: queued as 421DF8BDE0F)
Dec 15 08:18:46 phoenix postfix/qmgr[28945]: C720F11069C1: removed
Dec 15 08:18:49 phoenix postfix/smtp[30992]: 594701100D09: to=<sniprim@dmnesisparty.co.uk>, relay=testrelay.l.google.com[74.125.23.123]:25, delay=1815, delays=0.01/1812/2.3/0.92, dsn=2.0.0, status=sent (250 2.0.0 OK 1418591929 di6si11331791pdb.14 - gsmtp)
Dec 15 08:18:49 phoenix postfix/qmgr[28945]: 594701100D09: removed
Dec 15 08:18:51 phoenix postfix/smtp[29058]: C5CB2110688E: to=<S.FahdAlawtrim@dmntin.info>, relay=testrelayn-edu-au.mail.eo.outlook.com[213.199.154.123]:25, delay=377219, delays=374291/2921/3.2/3.3, dsn=2.6.0, status=sent (250 2.6.0 <e784821beddfb647886bf3a3211ab6f5@dmnnts.shared.net.au> [InternalId=11205569675920, Hostname=SG2PR02MB0794.apcprd02.prod.outlook.com] Queued mail for delivery)
Dec 15 08:18:51 phoenix postfix/qmgr[28945]: C5CB2110688E: removed
Dec 15 08:18:53 phoenix postfix/smtp[30992]: 5969D1100D0C: to=<sniprim@dmnesisparty.co.uk>, relay=testrelay.l.google.com[74.125.23.123]:25, delay=1820, delays=0.01/1816/2.3/0.94, dsn=2.0.0, status=sent (250 2.0.0 OK 1418591933 pr8si11116266pac.176 - gsmtp)
Dec 15 08:18:53 phoenix postfix/qmgr[28945]: 5969D1100D0C: removed
Dec 15 08:18:58 phoenix postfix/smtp[30992]: 5A0761100D16: to=<sniptyboutrim@dmnesisparty.co.uk>, orig_to=<sniptybounce>, relay=testrelay.l.google.com[74.125.23.123]:25, delay=1824, delays=0/1821/2.4/1, dsn=2.0.0, status=sent (250 2.0.0 OK 1418591937 nd3si11216845pbc.80 - gsmtp)
Dec 15 08:18:58 phoenix postfix/qmgr[28945]: 5A0761100D16: removed
Dec 15 08:19:02 phoenix postfix/smtp[30992]: 5A0891100D5B: to=<sniptyboutrim@dmnesisparty.co.uk>, orig_to=<sniptybounce>, relay=testrelay.l.google.com[74.125.23.123]:25, delay=1828, delays=0/1825/2.2/0.93, dsn=2.0.0, status=sent (250 2.0.0 OK 1418591941 yg1si11169638pbc.115 - gsmtp)
Dec 15 08:19:02 phoenix postfix/qmgr[28945]: 5A0891100D5B: removed
Dec 15 08:19:06 phoenix postfix/smtp[30992]: 5A4F21100D74: to=<sniptyboutrim@dmnesisparty.co.uk>, orig_to=<sniptybounce>, relay=testrelay.l.google.com[64.233.187.123]:25, delay=1832, delays=0/1829/2.1/0.93, dsn=2.0.0, status=sent (250 2.0.0 OK 1418591946 y3si11212018pdi.101 - gsmtp)
Dec 15 08:19:06 phoenix postfix/qmgr[28945]: 5A4F21100D74: removed
Dec 15 08:19:10 phoenix postfix/smtp[30992]: 5C4A21100D7C: to=<sniprim@dmnesisparty.co.uk>, relay=testrelay.l.google.com[64.233.187.123]:25, delay=1835, delays=0/1832/2.2/0.88, dsn=2.0.0, status=sent (250 2.0.0 OK 1418591950 cc10si11299257pdb.37 - gsmtp)
Dec 15 08:19:10 phoenix postfix/qmgr[28945]: 5C4A21100D7C: removed
Dec 15 08:19:14 phoenix postfix/smtp[30992]: 5D34C1100D7D: to=<sniptyboutrim@dmnesisparty.co.uk>, orig_to=<sniptybounce>, relay=testrelay.l.google.com[64.233.187.123]:25, delay=1839, delays=0/1836/2/0.9, dsn=2.0.0, status=sent (250 2.0.0 OK 1418591954 x3si10623656pas.71 - gsmtp)
Dec 15 08:19:14 phoenix postfix/qmgr[28945]: 5D34C1100D7D: removed
Dec 15 08:19:19 phoenix postfix/smtp[30992]: 979C11100DB0: to=<sniprim@dmnesisparty.co.uk>, relay=testrelay.l.google.com[64.233.187.123]:25, delay=1830, delays=0/1827/2.5/0.92, dsn=2.0.0, status=sent (250 2.0.0 OK 1418591958 go4si11115452pbc.156 - gsmtp)
Dec 15 08:19:19 phoenix postfix/qmgr[28945]: 979C11100DB0: removed
Dec 15 08:19:23 phoenix postfix/smtp[30992]: 98B041100DC5: to=<sniptyboutrim@dmnesisparty.co.uk>, orig_to=<sniptybounce>, relay=testrelay.l.google.com[64.233.187.123]:25, delay=1835, delays=0/1831/2.2/0.96, dsn=2.0.0, status=sent (250 2.0.0 OK 1418591962 hq8si11247817pbc.57 - gsmtp)
Dec 15 08:19:23 phoenix postfix/qmgr[28945]: 98B041100DC5: removed
Dec 15 08:19:27 phoenix postfix/smtp[30992]: C36D71100DD4: to=<sniprim@dmnesisparty.co.uk>, relay=testrelay.l.google.com[64.233.187.123]:25, delay=1833, delays=0/1829/2.3/0.92, dsn=2.0.0, status=sent (250 2.0.0 OK 1418591966 pm2si11326866pdb.18 - gsmtp)
Dec 15 08:19:27 phoenix postfix/qmgr[28945]: C36D71100DD4: removed
Dec 15 08:19:31 phoenix postfix/smtp[30992]: C47FB1100DD6: to=<sniptyboutrim@dmnesisparty.co.uk>, orig_to=<sniptybounce>, relay=testrelay.l.google.com[64.233.187.123]:25, delay=1836, delays=0/1834/2/0.88, dsn=2.0.0, status=sent (250 2.0.0 OK 1418591970 kv12si11042671pab.232 - gsmtp)
Dec 15 08:19:31 phoenix postfix/qmgr[28945]: C47FB1100DD6: removed
Dec 15 08:19:35 phoenix postfix/smtp[30992]: A00B41100D83: to=<sniprim@dmnesisparty.co.uk>, relay=testrelay.l.google.com[64.233.187.123]:25, delay=1795, delays=0/1792/2.2/0.9, dsn=2.0.0, status=sent (250 2.0.0 OK 1418591974 k5si11316631pdl.27 - gsmtp)
Dec 15 08:19:35 phoenix postfix/qmgr[28945]: A00B41100D83: removed
Dec 15 08:19:39 phoenix postfix/smtp[30992]: A10BA1100DDC: to=<sniptyboutrim@dmnesisparty.co.uk>, orig_to=<sniptybounce>, relay=testrelay.l.google.com[64.233.187.123]:25, delay=1799, delays=0/1796/2.4/0.88, dsn=2.0.0, status=sent (250 2.0.0 OK 1418591979 te6si11021625pbc.227 - gsmtp)
Dec 15 08:19:39 phoenix postfix/qmgr[28945]: A10BA1100DDC: removed
Dec 15 08:19:42 phoenix postfix/smtp[29041]: D5EF21102846: to=<snipw.Ktrim@dmn.info>, relay=mail.usq.info[139.86.9.1.123]:25, delay=355711, delays=352733/2978/0.15/0.14, dsn=2.0.0, status=sent (250 2.0.0 Ok: queued as 4C566E26CF_48DFEEEF)
Dec 15 08:19:42 phoenix postfix/qmgr[28945]: D5EF21102846: removed
Dec 15 08:19:43 phoenix postfix/smtp[30992]: D59351100DE5: to=<sniprim@dmnesisparty.co.uk>, relay=testrelay.l.google.com[64.233.187.123]:25, delay=1798, delays=0/1795/2.2/0.91, dsn=2.0.0, status=sent (250 2.0.0 OK 1418591983 sn5si11046196pab.229 - gsmtp)
Dec 15 08:19:43 phoenix postfix/qmgr[28945]: D59351100DE5: removed
Dec 15 08:19:47 phoenix postfix/smtp[30992]: D67F21100DEA: to=<sniptyboutrim@dmnesisparty.co.uk>, orig_to=<sniptybounce>, relay=testrelay.l.google.com[64.233.187.123]:25, delay=1802, delays=0/1799/1.9/0.86, dsn=2.0.0, status=sent (250 2.0.0 OK 1418591986 qn7si11239531pbc.63 - gsmtp)
Dec 15 08:19:47 phoenix postfix/qmgr[28945]: D67F21100DEA: removed
Dec 15 08:19:51 phoenix postfix/smtp[30992]: AA0A61100DF0: to=<sniprim@dmnesisparty.co.uk>, relay=testrelay.l.google.com[64.233.187.123]:25, delay=1795, delays=0/1792/2.3/0.86, dsn=2.0.0, status=sent (250 2.0.0 OK 1418591990 sk9si11036223pac.238 - gsmtp)
Dec 15 08:19:51 phoenix postfix/qmgr[28945]: AA0A61100DF0: removed
Dec 15 08:19:51 phoenix postfix/smtp[28970]: 8E21F11071D7: to=<snipce.Partltrim@dmnt.info>, relay=rmit.info.s10a1.psmtp.com[74.125.244.123]:25, delay=289869, delays=286881/2984/1.2/2, dsn=2.0.0, status=sent (250 Thanks)
Dec 15 08:19:51 phoenix postfix/qmgr[28945]: 8E21F11071D7: removed
Dec 15 08:19:55 phoenix postfix/smtp[29104]: 487F41105D1D: to=<snipsur.Ktrim@dmn.info>, relay=smtp-in.jcu.info[137.219.20.123]:25, delay=300916, delays=297925/2990/0.17/0.25, dsn=2.0.0, status=sent (250 2.0.0 Ok: queued as 9095F250002)
Dec 15 08:19:55 phoenix postfix/qmgr[28945]: 487F41105D1D: removed
Dec 15 08:19:55 phoenix postfix/smtp[29058]: 4FB161107E2E: to=<sniphard_Dwitrim@dmn.info>, relay=smtp-gateway.uow.info[130.130.213.6]:25, delay=272944, delays=269954/2990/0.27/0.42, dsn=2.0.0, status=sent (250 MFD61863 Message accepted for delivery)
Dec 15 08:19:55 phoenix postfix/qmgr[28945]: 4FB161107E2E: removed
Dec 15 08:19:56 phoenix postfix/smtp[30992]: AB3361100DF8: to=<sniptyboutrim@dmnesisparty.co.uk>, orig_to=<sniptybounce>, relay=testrelay.l.google.com[64.233.187.123]:25, delay=1799, delays=0/1796/2.4/0.94, dsn=2.0.0, status=sent (250 2.0.0 OK 1418591995 hp1si11047614pbb.210 - gsmtp)
Dec 15 08:19:56 phoenix postfix/qmgr[28945]: AB3361100DF8: removed
Dec 15 08:20:00 phoenix postfix/smtp[30992]: 257951100DE2: to=<sniprim@dmnesisparty.co.uk>, relay=testrelay.l.google.com[64.233.187.123]:25, delay=1730, delays=0/1727/2.2/0.87, dsn=2.0.0, status=sent (250 2.0.0 OK 1418591999 rg12si11098956pdb.188 - gsmtp)
Dec 15 08:20:00 phoenix postfix/qmgr[28945]: 257951100DE2: removed
Dec 15 08:20:02 phoenix postfix/smtp[29041]: 9F7B71100EAA: to=<snipther.Shtrim@dmncastle.info>, relay=testrelaystle-edu-au.mail.protection.outlook.com[213.199.154.123]:25, delay=357484, delays=354485/2992/3/3.7, dsn=2.6.0, status=sent (250 2.6.0 <2b2562d363357f3f1db2659f63e10trim@dmnnts.shared.net.au> [InternalId=27058293965881, Hostname=SINPR04MB361.apcprd04.prod.outlook.com] Queued mail for delivery)
Dec 15 08:20:02 phoenix postfix/qmgr[28945]: 9F7B71100EAA: removed
Dec 15 08:20:04 phoenix postfix/smtp[30992]: 2673E1100DFA: to=<sniptyboutrim@dmnesisparty.co.uk>, orig_to=<sniptybounce>, relay=testrelay.l.google.com[64.233.187.123]:25, delay=1734, delays=0/1731/2.3/0.99, dsn=2.0.0, status=sent (250 2.0.0 OK 1418592003 ft3si11194692pbb.98 - gsmtp)
Dec 15 08:20:04 phoenix postfix/qmgr[28945]: 2673E1100DFA: removed
Dec 15 08:20:05 phoenix postfix/smtp[29058]: 0584411085A1: to=<snip.Ashwotrim@dmnwhite.com>, relay=testrelay.l.google.com[64.233.187.123]:25, delay=363251, delays=360250/2998/2/1.2, dsn=2.0.0, status=sent (250 2.0.0 OK 1418592004 sg2si11125985pbb.148 - gsmtp)
Dec 15 08:20:05 phoenix postfix/qmgr[28945]: 0584411085A1: removed
Dec 15 08:20:08 phoenix postfix/smtp[28970]: B756B1105330: to=<snipid.Tyrrell-Cltrim@dmn.info>, relay=mail-ext-in1.uwa.info[130.95.128.123]:25, delay=311432, delays=308428/3003/0.52/0.33, dsn=2.0.0, status=sent (250 ok:  Message 109956380 accepted)
Dec 15 08:20:08 phoenix postfix/qmgr[28945]: B756B1105330: removed
Dec 15 08:20:08 phoenix postfix/smtp[30992]: 1BC531100E06: to=<sniprim@dmnesisparty.co.uk>, relay=testrelay.l.google.com[64.233.187.123]:25, delay=1703, delays=0.01/1700/2.3/0.94, dsn=2.0.0, status=sent (250 2.0.0 OK 1418592007 qs1si11100444pbb.167 - gsmtp)
Dec 15 08:20:08 phoenix postfix/qmgr[28945]: 1BC531100E06: removed
Dec 15 08:20:09 phoenix postfix/scache[29120]: statistics: start interval Dec 15 08:10:09
Dec 15 08:20:09 phoenix postfix/scache[29120]: statistics: domain lookup hits=0 miss=146 success=0%
Dec 15 08:20:11 phoenix postfix/smtp[29104]: A668B1102426: to=<R.Christiantrim@dmn.info>, relay=ex10ed03.qut.info[131.181.191.123]:25, delay=319949, delays=316942/3006/0.28/0.43, dsn=2.6.0, status=sent (250 2.6.0 <8434d7c83a6d6814f241bad4a4da700e@dmnnts.shared.net.au> Queued mail for delivery)
Dec 15 08:20:11 phoenix postfix/qmgr[28945]: A668B1102426: removed
Dec 15 08:20:12 phoenix postfix/smtp[30992]: 1CFBB1100E28: to=<sniptyboutrim@dmnesisparty.co.uk>, orig_to=<sniptybounce>, relay=testrelay.l.google.com[64.233.187.123]:25, delay=1707, delays=0/1704/2.2/0.95, dsn=2.0.0, status=sent (250 2.0.0 OK 1418592012 w1si11063391pdj.216 - gsmtp)
Dec 15 08:20:12 phoenix postfix/qmgr[28945]: 1CFBB1100E28: removed
Dec 15 08:20:16 phoenix postfix/smtp[29041]: 9886711001AB: to=<T.Hanselmtrim@dmnmelb.info>, relay=testrelaylb-edu-au.mail.protection.outlook.com[213.199.154.123]:25, delay=316235, delays=313224/3005/3.2/3.4, dsn=2.6.0, status=sent (250 2.6.0 <7737d4b1a0d8f0e1cbadddaacdcd0048@dmnnts.shared.net.au> [InternalId=8138963027388, Hostname=HKXPR04MB0613.apcprd04.prod.outlook.com] Queued mail for delivery)
Dec 15 08:20:16 phoenix postfix/qmgr[28945]: 9886711001AB: removed
Dec 15 08:20:16 phoenix postfix/smtp[30992]: C67201100E2D: to=<sniprim@dmnesisparty.co.uk>, relay=testrelay.l.google.com[64.233.187.123]:25, delay=1702, delays=0/1699/2.3/0.94, dsn=2.0.0, status=sent (250 2.0.0 OK 1418592016 gv11si11250892pbd.52 - gsmtp)
Dec 15 08:20:16 phoenix postfix/qmgr[28945]: C67201100E2D: removed
Dec 15 08:20:17 phoenix postfix/smtp[29104]: 6AB7C110260F: to=<snipky.Ritrim@dmnash.edu>, relay=mx.its.monash.info[130.194.11.1.123]:25, delay=296338, delays=293324/3012/1.2/0.12, dsn=2.0.0, status=sent (250 2.0.0 Ok: queued as F3E98766305)
Dec 15 08:20:17 phoenix postfix/qmgr[28945]: 6AB7C110260F: removed
Dec 15 08:20:20 phoenix postfix/smtp[30992]: C77E91100E36: to=<sniptyboutrim@dmnesisparty.co.uk>, orig_to=<sniptybounce>, relay=testrelay.l.google.com[64.233.187.123]:25, delay=1706, delays=0/1703/2.2/1, dsn=2.0.0, status=sent (250 2.0.0 OK 1418592020 bp4si11217952pdb.100 - gsmtp)
Dec 15 08:20:20 phoenix postfix/qmgr[28945]: C77E91100E36: removed
Dec 15 08:20:22 phoenix postfix/smtp[29058]: 5C1DD1103EED: to=<snipdy.Wartrim@dmnkin.info>, relay=testrelayn-edu-au.mail.protection.outlook.com[213.199.154.123]:25, delay=329808, delays=326789/3010/3/5.4, dsn=5.4.1, status=bounced (host deakin-edu-au.mail.protection.outlook.com[213.199.154.23] said: 550 5.4.1 [Wendy.Wartrim@dmnkin.info]: Recipient address rejected: Access denied (in reply to RCPT TO command))
Dec 15 08:20:24 phoenix postfix/smtp[30992]: 7FD3A1100D0A: to=<sniprim@dmnesisparty.co.uk>, relay=testrelay.l.google.com[64.233.187.123]:25, delay=1664, delays=0/1661/2.1/0.84, dsn=2.0.0, status=sent (250 2.0.0 OK 1418592024 x6si10403057pdp.220 - gsmtp)
Dec 15 08:20:24 phoenix postfix/qmgr[28945]: 7FD3A1100D0A: removed
Dec 15 08:20:28 phoenix postfix/smtp[29041]: E89DB1103DD0: to=<M.Adtrim@dmntin.info>, relay=testrelayn-edu-au.mail.eo.outlook.com[213.199.154.123]:25, delay=377994, delays=374969/3017/3/4.3, dsn=2.6.0, status=sent (250 2.6.0 <5d584104f110ada4b5dd661faf4cd6d2@dmnnts.shared.net.au> [InternalId=10299331576539, Hostname=SIXPR02MB0799.apcprd02.prod.outlook.com] Queued mail for delivery)
Dec 15 08:20:28 phoenix postfix/qmgr[28945]: E89DB1103DD0: removed
Dec 15 08:20:28 phoenix postfix/smtp[30992]: 80BB51100DFE: to=<sniptyboutrim@dmnesisparty.co.uk>, orig_to=<sniptybounce>, relay=testrelay.l.google.com[64.233.187.123]:25, delay=1668, delays=0/1665/2.4/1, dsn=2.0.0, status=sent (250 2.0.0 OK 1418592028 dx4si11205225pbb.90 - gsmtp)
Dec 15 08:20:28 phoenix postfix/qmgr[28945]: 80BB51100DFE: removed
Dec 15 08:20:32 phoenix postfix/smtp[30992]: 943961100E49: to=<sniprim@dmnesisparty.co.uk>, relay=testrelay.l.google.com[64.233.187.123]:25, delay=1626, delays=0/1623/2/0.8, dsn=2.0.0, status=sent (250 2.0.0 OK 1418592032 dx5si11101195pab.190 - gsmtp)
Dec 15 08:20:32 phoenix postfix/qmgr[28945]: 943961100E49: removed
Dec 15 08:20:33 phoenix postfix/cleanup[31096]: warning: database /etc/postfix/virtual_domains.db is older than source file /etc/postfix/virtual_domains
Dec 15 08:20:33 phoenix postfix/cleanup[31096]: 498D51100D0A: message-id=<20141214212033.498D51100D0A@dmnesisparty.co.uk>
Dec 15 08:20:33 phoenix postfix/bounce[30766]: 5C1DD1103EED: sender non-delivery notification: 498D51100D0A
Dec 15 08:20:33 phoenix postfix/qmgr[28945]: 498D51100D0A: from=<>, size=24191, nrcpt=1 (queue active)
Dec 15 08:20:33 phoenix postfix/cleanup[31096]: 4AA0E1100D15: message-id=<20141214212033.4AA0E1100D15@dmnesisparty.co.uk>
Dec 15 08:20:33 phoenix postfix/bounce[30766]: 5C1DD1103EED: postmaster non-delivery notification: 4AA0E1100D15
Dec 15 08:20:33 phoenix postfix/qmgr[28945]: 4AA0E1100D15: from=<double-boutrim@dmnesisparty.co.uk>, size=2588, nrcpt=1 (queue active)
Dec 15 08:20:33 phoenix postfix/qmgr[28945]: 5C1DD1103EED: removed
Dec 15 08:20:36 phoenix postfix/smtp[30992]: 9538F1100E57: to=<sniptyboutrim@dmnesisparty.co.uk>, orig_to=<sniptybounce>, relay=testrelay.l.google.com[64.233.187.123]:25, delay=1630, delays=0/1627/2.2/0.97, dsn=2.0.0, status=sent (250 2.0.0 OK 1418592035 km8si11055879pdb.221 - gsmtp)
Dec 15 08:20:36 phoenix postfix/qmgr[28945]: 9538F1100E57: removed
Dec 15 08:20:40 phoenix postfix/smtp[30992]: A295B1100E40: to=<sniprim@dmnesisparty.co.uk>, relay=testrelay.l.google.com[64.233.187.123]:25, delay=1626, delays=0/1623/2.3/0.91, dsn=2.0.0, status=sent (250 2.0.0 OK 1418592040 vw2si11290724pbc.27 - gsmtp)
Dec 15 08:20:40 phoenix postfix/qmgr[28945]: A295B1100E40: removed
Dec 15 08:20:44 phoenix postfix/smtp[30992]: A3B5E1100E58: to=<sniptyboutrim@dmnesisparty.co.uk>, orig_to=<sniptybounce>, relay=testrelay.l.google.com[64.233.187.123]:25, delay=1630, delays=0/1627/2.2/0.98, dsn=2.0.0, status=sent (250 2.0.0 OK 1418592044 ya3si11204927pbb.87 - gsmtp)
Dec 15 08:20:44 phoenix postfix/qmgr[28945]: A3B5E1100E58: removed
Dec 15 08:20:49 phoenix postfix/smtp[30992]: E2FAA1100E3B: to=<sniprim@dmnesisparty.co.uk>, relay=testrelay.l.google.com[64.233.187.123]:25, delay=1598, delays=0/1595/2.4/0.98, dsn=2.0.0, status=sent (250 2.0.0 OK 1418592048 i8si11213968pdm.106 - gsmtp)
Dec 15 08:20:49 phoenix postfix/qmgr[28945]: E2FAA1100E3B: removed
Dec 15 08:20:53 phoenix postfix/smtp[30992]: E3EEF1100E59: to=<sniptyboutrim@dmnesisparty.co.uk>, orig_to=<sniptybounce>, relay=testrelay.l.google.com[64.233.187.123]:25, delay=1602, delays=0/1599/2.2/0.95, dsn=2.0.0, status=sent (250 2.0.0 OK 1418592052 ey6si11140249pab.160 - gsmtp)
Dec 15 08:20:53 phoenix postfix/qmgr[28945]: E3EEF1100E59: removed
Dec 15 08:20:57 phoenix postfix/smtp[30992]: E4ACE1100E5D: to=<sniprim@dmnesisparty.co.uk>, relay=testrelay.l.google.com[64.233.187.123]:25, delay=1606, delays=0/1603/2.1/0.81, dsn=2.0.0, status=sent (250 2.0.0 OK 1418592056 br1si11152832pdb.149 - gsmtp)
Dec 15 08:20:57 phoenix postfix/qmgr[28945]: E4ACE1100E5D: removed
Dec 15 08:21:01 phoenix postfix/smtp[30992]: E59451100E64: to=<sniptyboutrim@dmnesisparty.co.uk>, orig_to=<sniptybounce>, relay=testrelay.l.google.com[64.233.187.123]:25, delay=1611, delays=0/1607/2.2/0.98, dsn=2.0.0, status=sent (250 2.0.0 OK 1418592060 m2si9073373pdo.181 - gsmtp)
Dec 15 08:21:01 phoenix postfix/qmgr[28945]: E59451100E64: removed
Dec 15 08:21:05 phoenix postfix/smtp[30992]: 0008E1100E65: to=<sniprim@dmnesisparty.co.uk>, relay=testrelay.l.google.com[64.233.187.123]:25, delay=1542, delays=0/1539/2.2/0.86, dsn=2.0.0, status=sent (250 2.0.0 OK 1418592064 rv7si11162024pbc.125 - gsmtp)
Dec 15 08:21:05 phoenix postfix/qmgr[28945]: 0008E1100E65: removed
Dec 15 08:21:09 phoenix postfix/smtp[30992]: 010941100E6A: to=<sniptyboutrim@dmnesisparty.co.uk>, orig_to=<sniptybounce>, relay=testrelay.l.google.com[64.233.187.123]:25, delay=1546, delays=0/1543/2/0.9, dsn=2.0.0, status=sent (250 2.0.0 OK 1418592068 dg8si11029102pdb.242 - gsmtp)
Dec 15 08:21:09 phoenix postfix/qmgr[28945]: 010941100E6A: removed
Dec 15 08:21:12 phoenix postfix/smtp[28970]: ACDC71109409: to=<snipela.Emmertrim@dmn.info>, relay=mail.usq.info[139.86.9.1.123]:25, delay=356155, delays=353087/3067/0.15/0.13, dsn=2.0.0, status=sent (250 2.0.0 Ok: queued as 34D86634FB_48DFF48F)
Dec 15 08:21:12 phoenix postfix/qmgr[28945]: ACDC71109409: removed
Dec 15 08:21:13 phoenix postfix/smtp[30992]: 464ED1100DDD: to=<sniprim@dmnesisparty.co.uk>, relay=testrelay.l.google.com[64.233.187.123]:25, delay=1509, delays=0/1506/2.1/0.87, dsn=2.0.0, status=sent (250 2.0.0 OK 1418592072 jc4si11278291pbd.35 - gsmtp)
Dec 15 08:21:13 phoenix postfix/qmgr[28945]: 464ED1100DDD: removed
Dec 15 08:21:17 phoenix postfix/smtp[30992]: 467601100E6E: to=<sniprim@dmnesisparty.co.uk>, relay=testrelay.l.google.com[64.233.187.123]:25, delay=1513, delays=0/1510/2.3/0.9, dsn=2.0.0, status=sent (250 2.0.0 OK 1418592077 fn3si1090367pab.57 - gsmtp)
Dec 15 08:21:17 phoenix postfix/qmgr[28945]: 467601100E6E: removed
Dec 15 08:21:21 phoenix postfix/smtp[30992]: 474E61100E8A: to=<sniptyboutrim@dmnesisparty.co.uk>, orig_to=<sniptybounce>, relay=testrelay.l.google.com[64.233.187.123]:25, delay=1518, delays=0/1514/2.4/0.92, dsn=2.0.0, status=sent (250 2.0.0 OK 1418592081 o10si11290747pby.25 - gsmtp)
Dec 15 08:21:21 phoenix postfix/qmgr[28945]: 474E61100E8A: removed
Dec 15 08:21:25 phoenix postfix/smtp[29104]: 6B76B110111B: to=<snipdy.Smtrim@dmnt.info>, relay=rmit.info.s10a1.psmtp.com[74.125.244.123]:25, delay=337177, delays=334095/3078/1.2/2.7, dsn=2.0.0, status=sent (250 Thanks)
Dec 15 08:21:25 phoenix postfix/qmgr[28945]: 6B76B110111B: removed
Dec 15 08:21:25 phoenix postfix/smtp[29041]: 485111104294: to=<snipley.Matrim@dmn.info>, relay=smtp-in.jcu.info[137.219.20.123]:25, delay=328016, delays=324934/3081/0.17/0.11, dsn=5.1.6, status=bounced (host smtp-in.jcu.info[137.219.20.34] said: 550 5.1.6 <Hayley.Matrim@dmn.info>: Recipient address rejected: User has moved to hayley.matrim@my.jcu.info (in reply to RCPT TO command))
Dec 15 08:21:25 phoenix postfix/cleanup[31096]: ECE921100D74: message-id=<20141214212125.ECE921100D74@dmnesisparty.co.uk>
Dec 15 08:21:25 phoenix postfix/bounce[30766]: 485111104294: sender non-delivery notification: ECE921100D74
Dec 15 08:21:25 phoenix postfix/qmgr[28945]: ECE921100D74: from=<>, size=24173, nrcpt=1 (queue active)
Dec 15 08:21:25 phoenix postfix/cleanup[31096]: EDD2F1100D7C: message-id=<20141214212125.EDD2F1100D7C@dmnesisparty.co.uk>
Dec 15 08:21:25 phoenix postfix/bounce[30766]: 485111104294: postmaster non-delivery notification: EDD2F1100D7C
Dec 15 08:21:25 phoenix postfix/qmgr[28945]: EDD2F1100D7C: from=<double-boutrim@dmnesisparty.co.uk>, size=2577, nrcpt=1 (queue active)
Dec 15 08:21:25 phoenix postfix/qmgr[28945]: 485111104294: removed
Dec 15 08:21:26 phoenix postfix/smtp[30992]: 472EF1100E81: to=<sniptyboutrim@dmnesisparty.co.uk>, orig_to=<sniptybounce>, relay=testrelay.l.google.com[64.233.187.123]:25, delay=1522, delays=0/1519/2.2/0.89, dsn=2.0.0, status=sent (250 2.0.0 OK 1418592085 of10si11179063pdb.133 - gsmtp)
Dec 15 08:21:26 phoenix postfix/qmgr[28945]: 472EF1100E81: removed
Dec 15 08:21:26 phoenix postfix/smtp[29058]: 4567F1107EDA: to=<sniprtrim@dmn.info>, relay=smtp-gateway.uow.info[130.130.213.6]:25, delay=272867, delays=269786/3081/0.27/0.26, dsn=2.0.0, status=sent (250 MFD62136 Message accepted for delivery)
Dec 15 08:21:26 phoenix postfix/qmgr[28945]: 4567F1107EDA: removed
Dec 15 08:21:30 phoenix postfix/smtp[30992]: BFD6C1100E8F: to=<sniprim@dmnesisparty.co.uk>, relay=testrelay.l.google.com[64.233.187.123]:25, delay=1486, delays=0/1483/2.1/0.84, dsn=2.0.0, status=sent (250 2.0.0 OK 1418592089 xg13si11258502pac.74 - gsmtp)
Dec 15 08:21:30 phoenix postfix/qmgr[28945]: BFD6C1100E8F: removed
Dec 15 08:21:34 phoenix postfix/smtp[30992]: C0F0C1100E91: to=<sniptyboutrim@dmnesisparty.co.uk>, orig_to=<sniptybounce>, relay=testrelay.l.google.com[64.233.187.123]:25, delay=1490, delays=0/1487/2.1/0.94, dsn=2.0.0, status=sent (250 2.0.0 OK 1418592093 kk6si11095581pdb.193 - gsmtp)
Dec 15 08:21:34 phoenix postfix/qmgr[28945]: C0F0C1100E91: removed
Dec 15 08:21:38 phoenix postfix/smtp[30992]: DDE551100E92: to=<sniprim@dmnesisparty.co.uk>, relay=testrelay.l.google.com[64.233.187.123]:25, delay=1467, delays=0.01/1463/2.2/0.89, dsn=2.0.0, status=sent (250 2.0.0 OK 1418592097 pw9si11252217pac.78 - gsmtp)
Dec 15 08:21:38 phoenix postfix/qmgr[28945]: DDE551100E92: removed
Dec 15 08:21:38 phoenix postfix/smtp[29041]: 414A011080B7: to=<snipvey.Aytrim@dmnwhite.com>, relay=testrelay.l.google.com[64.233.187.123]:25, delay=365209, delays=362115/3091/2.3/1.1, dsn=2.0.0, status=sent (250 2.0.0 OK 1418592098 ql9si11221527pac.103 - gsmtp)
Dec 15 08:21:38 phoenix postfix/qmgr[28945]: 414A011080B7: removed
Dec 15 08:21:39 phoenix postfix/smtp[28970]: 9056E11052F0: to=<snipeny.Stepatrim@dmn.info>, relay=mail-ext-in2.uwa.info[130.95.128.123]:25, delay=311611, delays=308515/3094/0.52/0.33, dsn=2.0.0, status=sent (250 ok:  Message 114600438 accepted)
Dec 15 08:21:39 phoenix postfix/qmgr[28945]: 9056E11052F0: removed
Dec 15 08:21:40 phoenix postfix/smtp[29104]: 6AF9A1103096: to=<sniph.Sctrim@dmncastle.info>, relay=testrelaystle-edu-au.mail.protection.outlook.com[213.199.154.123]:25, delay=314783, delays=311687/3088/3/5.4, dsn=5.4.1, status=bounced (host newcastle-edu-au.mail.protection.outlook.com[213.199.154.87] said: 550 5.4.1 [Ruth.Sctrim@dmncastle.info]: Recipient address rejected: Access denied (in reply to RCPT TO command))
Dec 15 08:21:41 phoenix postfix/smtp[29058]: 146D11106F31: to=<T.Peitrim@dmn.info>, relay=ex10ed03.qut.info[131.181.191.123]:25, delay=290943, delays=287845/3097/0.27/0.26, dsn=2.6.0, status=sent (250 2.6.0 <4c6d0703f6c5d8c0ae3eb0400d9007d4@dmnnts.shared.net.au> Queued mail for delivery)
Dec 15 08:21:41 phoenix postfix/qmgr[28945]: 146D11106F31: removed
Dec 15 08:21:42 phoenix postfix/smtp[30992]: DEC8D1100E93: to=<sniptyboutrim@dmnesisparty.co.uk>, orig_to=<sniptybounce>, relay=testrelay.l.google.com[64.233.187.123]:25, delay=1471, delays=0/1467/2.3/0.97, dsn=2.0.0, status=sent (250 2.0.0 OK 1418592101 yt8si11350547pac.4 - gsmtp)
Dec 15 08:21:42 phoenix postfix/qmgr[28945]: DEC8D1100E93: removed
Dec 15 08:21:46 phoenix postfix/smtp[30992]: 309171100E96: to=<sniprim@dmnesisparty.co.uk>, relay=testrelay.l.google.com[64.233.187.123]:25, delay=1419, delays=0/1416/2.1/0.84, dsn=2.0.0, status=sent (250 2.0.0 OK 1418592105 lr8si1364455pab.117 - gsmtp)
Dec 15 08:21:46 phoenix postfix/qmgr[28945]: 309171100E96: removed
Dec 15 08:21:48 phoenix postfix/smtp[28970]: 368991100ED9: to=<snipnhai.Ttrim@dmnash.edu>, relay=mx.its.monash.info[130.194.11.1.123]:25, delay=296044, delays=292939/3104/1.2/0.14, dsn=2.0.0, status=sent (250 2.0.0 Ok: queued as 4497A8BDDA6)
Dec 15 08:21:48 phoenix postfix/qmgr[28945]: 368991100ED9: removed
Dec 15 08:21:50 phoenix postfix/smtp[30992]: 31AAA1100E97: to=<sniptyboutrim@dmnesisparty.co.uk>, orig_to=<sniptybounce>, relay=testrelay.l.google.com[64.233.187.123]:25, delay=1423, delays=0/1420/2.3/0.98, dsn=2.0.0, status=sent (250 2.0.0 OK 1418592110 qa8si6270049pbb.201 - gsmtp)
Dec 15 08:21:50 phoenix postfix/qmgr[28945]: 31AAA1100E97: removed
Dec 15 08:21:50 phoenix postfix/cleanup[31096]: CFDF71100D83: message-id=<20141214212150.CFDF71100D83@dmnesisparty.co.uk>
Dec 15 08:21:50 phoenix postfix/bounce[30766]: 6AF9A1103096: sender non-delivery notification: CFDF71100D83
Dec 15 08:21:50 phoenix postfix/qmgr[28945]: CFDF71100D83: from=<>, size=24205, nrcpt=1 (queue active)
Dec 15 08:21:50 phoenix postfix/cleanup[31096]: D0F191100DB0: message-id=<20141214212150.D0F191100DB0@dmnesisparty.co.uk>
Dec 15 08:21:50 phoenix postfix/bounce[30766]: 6AF9A1103096: postmaster non-delivery notification: D0F191100DB0
Dec 15 08:21:50 phoenix postfix/qmgr[28945]: D0F191100DB0: from=<double-boutrim@dmnesisparty.co.uk>, size=2601, nrcpt=1 (queue active)
Dec 15 08:21:50 phoenix postfix/qmgr[28945]: 6AF9A1103096: removed
Dec 15 08:21:53 phoenix postfix/smtp[29041]: E73D711031F6: to=<T.Do@dmnmelb.info>, relay=testrelaylb-edu-au.mail.protection.outlook.com[213.199.154.123]:25, delay=316526, delays=313417/3102/3/3.7, dsn=2.6.0, status=sent (250 2.6.0 <58dc40b8f171f0a5619df01e41d6b22c@dmnnts.shared.net.au> [InternalId=7735236101705, Hostname=HKNPR04MB0609.apcprd04.prod.outlook.com] Queued mail for delivery)
Dec 15 08:21:53 phoenix postfix/qmgr[28945]: E73D711031F6: removed
Dec 15 08:21:54 phoenix postfix/smtp[30992]: 698AE1100E95: to=<sniprim@dmnesisparty.co.uk>, relay=testrelay.l.google.com[64.233.187.123]:25, delay=1420, delays=0.01/1417/2/0.76, dsn=2.0.0, status=sent (250 2.0.0 OK 1418592114 d7si11037893pdf.238 - gsmtp)
Dec 15 08:21:54 phoenix postfix/qmgr[28945]: 698AE1100E95: removed
Dec 15 08:21:58 phoenix postfix/smtp[30992]: 6AD5A1100E9C: to=<sniptyboutrim@dmnesisparty.co.uk>, orig_to=<sniptybounce>, relay=testrelay.l.google.com[64.233.187.123]:25, delay=1424, delays=0/1421/2.3/0.97, dsn=2.0.0, status=sent (250 2.0.0 OK 1418592118 pr8si11123075pac.176 - gsmtp)
Dec 15 08:21:58 phoenix postfix/qmgr[28945]: 6AD5A1100E9C: removed
Dec 15 08:22:03 phoenix postfix/smtp[30992]: 50BDD1100E8B: to=<sniprim@dmnesisparty.co.uk>, relay=testrelay.l.google.com[64.233.187.123]:25, delay=1410, delays=0/1407/2.5/0.85, dsn=2.0.0, status=sent (250 2.0.0 OK 1418592122 mu9si11101726pdb.192 - gsmtp)
Dec 15 08:22:03 phoenix postfix/qmgr[28945]: 50BDD1100E8B: removed
Dec 15 08:22:05 phoenix postfix/smtp[29058]: A291F11067C1: to=<M.Bellintrim@dmntin.info>, relay=testrelayn-edu-au.mail.eo.outlook.com[213.199.154.123]:25, delay=377821, delays=374701/3114/2.9/3.6, dsn=2.6.0, status=sent (250 2.6.0 <c4316c20ea6446d48455336730efaa0c@dmnnts.shared.net.au> [InternalId=51397873631966, Hostname=HKXPR02MB214.apcprd02.prod.outlook.com] Queued mail for delivery)
Dec 15 08:22:05 phoenix postfix/qmgr[28945]: A291F11067C1: removed
Dec 15 08:22:07 phoenix postfix/smtp[30992]: 51AAC1100EA4: to=<sniptyboutrim@dmnesisparty.co.uk>, orig_to=<sniptybounce>, relay=testrelay.l.google.com[64.233.187.123]:25, delay=1414, delays=0/1411/2/0.89, dsn=2.0.0, status=sent (250 2.0.0 OK 1418592126 h6si11269603pdf.66 - gsmtp)
Dec 15 08:22:07 phoenix postfix/qmgr[28945]: 51AAC1100EA4: removed
Dec 15 08:22:10 phoenix postfix/smtp[28970]: 643271100EE9: to=<snipnh.Vu@dmnkin.info>, relay=testrelayn-edu-au.mail.protection.outlook.com[213.199.154.123]:25, delay=329925, delays=326799/3119/3.5/3.4, dsn=2.6.0, status=sent (250 2.6.0 <1125e4df1c79e4ce3ec98affcca3734b@dmnnts.shared.net.au> [InternalId=8486855378068, Hostname=SIXPR06MB0637.apcprd06.prod.outlook.com] Queued mail for delivery)
Dec 15 08:22:10 phoenix postfix/qmgr[28945]: 643271100EE9: removed
Dec 15 08:22:11 phoenix postfix/smtp[30992]: 547961100DBB: to=<sniprim@dmnesisparty.co.uk>, relay=testrelay.l.google.com[64.233.187.123]:25, delay=1417, delays=0/1414/2.2/0.89, dsn=2.0.0, status=sent (250 2.0.0 OK 1418592130 gk1si5796922pbc.166 - gsmtp)
Dec 15 08:22:11 phoenix postfix/qmgr[28945]: 547961100DBB: removed
Dec 15 08:22:15 phoenix postfix/smtp[30992]: 554801100EA5: to=<sniptyboutrim@dmnesisparty.co.uk>, orig_to=<sniptybounce>, relay=testrelay.l.google.com[64.233.187.123]:25, delay=1421, delays=0/1418/2.4/1, dsn=2.0.0, status=sent (250 2.0.0 OK 1418592135 af2si11297753pbc.24 - gsmtp)
Dec 15 08:22:15 phoenix postfix/qmgr[28945]: 554801100EA5: removed
Dec 15 08:22:19 phoenix postfix/smtp[30992]: 557E81100EA6: to=<sniprim@dmnesisparty.co.uk>, relay=testrelay.l.google.com[64.233.187.123]:25, delay=1425, delays=0/1422/2.1/0.81, dsn=2.0.0, status=sent (250 2.0.0 OK 1418592139 p5si8757466pds.191 - gsmtp)
Dec 15 08:22:19 phoenix postfix/qmgr[28945]: 557E81100EA6: removed
Dec 15 08:22:23 phoenix postfix/smtp[30992]: 566D41100EB2: to=<sniptyboutrim@dmnesisparty.co.uk>, orig_to=<sniptybounce>, relay=testrelay.l.google.com[64.233.187.123]:25, delay=1429, delays=0/1426/2.2/0.97, dsn=2.0.0, status=sent (250 2.0.0 OK 1418592143 ez9si11189218pab.128 - gsmtp)
Dec 15 08:22:23 phoenix postfix/qmgr[28945]: 566D41100EB2: removed
Dec 15 08:22:27 phoenix postfix/smtp[30992]: 569331100EB7: to=<sniprim@dmnesisparty.co.uk>, relay=testrelay.l.google.com[64.233.187.123]:25, delay=1433, delays=0/1430/2.2/0.86, dsn=2.0.0, status=sent (250 2.0.0 OK 1418592147 b11si11315437pdm.29 - gsmtp)
Dec 15 08:22:27 phoenix postfix/qmgr[28945]: 569331100EB7: removed
Dec 15 08:22:31 phoenix postfix/smtp[30992]: 575F71100EB8: to=<sniprim@dmnesisparty.co.uk>, relay=testrelay.l.google.com[64.233.187.123]:25, delay=1438, delays=0/1434/2.2/0.89, dsn=2.0.0, status=sent (250 2.0.0 OK 1418592151 fy2si11241063pbb.67 - gsmtp)
Dec 15 08:22:31 phoenix postfix/qmgr[28945]: 575F71100EB8: removed
Dec 15 08:22:35 phoenix postfix/smtp[30992]: 576621100EB9: to=<sniprim@dmnesisparty.co.uk>, relay=testrelay.l.google.com[64.233.187.123]:25, delay=1442, delays=0/1439/2.2/0.87, dsn=2.0.0, status=sent (250 2.0.0 OK 1418592155 fz12si11268518pdb.65 - gsmtp)
Dec 15 08:22:35 phoenix postfix/qmgr[28945]: 576621100EB9: removed
Dec 15 08:22:39 phoenix postfix/smtp[30992]: 582AA1100EC3: to=<sniptyboutrim@dmnesisparty.co.uk>, orig_to=<sniptybounce>, relay=testrelay.l.google.com[64.233.187.123]:25, delay=1445, delays=0.01/1443/1.9/0.84, dsn=2.0.0, status=sent (250 2.0.0 OK 1418592159 ei1si11145913pbc.136 - gsmtp)
Dec 15 08:22:39 phoenix postfix/qmgr[28945]: 582AA1100EC3: removed
Dec 15 08:22:42 phoenix postfix/smtp[29104]: 3790411095F7: to=<snipid.Thotrim@dmn.info>, relay=mail.usq.info[139.86.9.1.123]:25, delay=355279, delays=352121/3158/0.25/0.13, dsn=2.0.0, status=sent (250 2.0.0 Ok: queued as 7A182634FB_48DFFA2F)
Dec 15 08:22:42 phoenix postfix/qmgr[28945]: 3790411095F7: removed
Dec 15 08:22:43 phoenix postfix/smtp[30992]: 582CC1100EC5: to=<sniptyboutrim@dmnesisparty.co.uk>, orig_to=<sniptybounce>, relay=testrelay.l.google.com[64.233.187.123]:25, delay=1449, delays=0/1446/2.1/0.95, dsn=2.0.0, status=sent (250 2.0.0 OK 1418592163 fz12si11268781pdb.65 - gsmtp)
Dec 15 08:22:43 phoenix postfix/qmgr[28945]: 582CC1100EC5: removed
Dec 15 08:22:47 phoenix postfix/smtp[30992]: 580821100EBD: to=<sniprim@dmnesisparty.co.uk>, relay=testrelay.l.google.com[64.233.187.123]:25, delay=1453, delays=0.01/1450/2/0.82, dsn=2.0.0, status=sent (250 2.0.0 OK 1418592167 ad5si11122655pbd.154 - gsmtp)
Dec 15 08:22:47 phoenix postfix/qmgr[28945]: 580821100EBD: removed
Dec 15 08:22:51 phoenix postfix/smtp[30992]: 58CF61100EC8: to=<sniptyboutrim@dmnesisparty.co.uk>, orig_to=<sniptybounce>, relay=testrelay.l.google.com[64.233.187.123]:25, delay=1457, delays=0.01/1454/2/0.89, dsn=2.0.0, status=sent (250 2.0.0 OK 1418592170 to5si11351498pac.7 - gsmtp)
Dec 15 08:22:51 phoenix postfix/qmgr[28945]: 58CF61100EC8: removed
Dec 15 08:22:55 phoenix postfix/smtp[30992]: 58D4B1100ECD: to=<sniptyboutrim@dmnesisparty.co.uk>, orig_to=<sniptybounce>, relay=testrelay.l.google.com[64.233.187.123]:25, delay=1461, delays=0/1458/2.1/0.93, dsn=2.0.0, status=sent (250 2.0.0 OK 1418592175 qs1si11106483pbb.167 - gsmtp)
Dec 15 08:22:55 phoenix postfix/qmgr[28945]: 58D4B1100ECD: removed
Dec 15 08:22:56 phoenix postfix/smtp[29104]: 1C0471104468: to=<snipzabeth.Hazeltrim@dmn.info>, relay=smtp-in.jcu.info[137.219.20.123]:25, delay=301153, delays=297981/3171/0.21/0.69, dsn=2.0.0, status=sent (250 2.0.0 Ok: queued as C3B05250004)
Dec 15 08:22:56 phoenix postfix/qmgr[28945]: 1C0471104468: removed
Dec 15 08:22:56 phoenix postfix/smtp[28970]: 094DE1107EBA: to=<snipes_Passfitrim@dmn.info>, relay=smtp-gateway.uow.info[130.130.213.6]:25, delay=272996, delays=269824/3172/0.34/0.26, dsn=2.0.0, status=sent (250 MFD62461 Message accepted for delivery)
Dec 15 08:22:57 phoenix postfix/qmgr[28945]: 094DE1107EBA: removed
Dec 15 08:22:59 phoenix postfix/smtp[30992]: 5AF641100ECE: to=<sniprim@dmnesisparty.co.uk>, relay=testrelay.l.google.com[64.233.187.123]:25, delay=1464, delays=0/1461/2/0.78, dsn=2.0.0, status=sent (250 2.0.0 OK 1418592178 bf9si11230977pad.98 - gsmtp)
Dec 15 08:22:59 phoenix postfix/qmgr[28945]: 5AF641100ECE: removed
Dec 15 08:22:59 phoenix postfix/smtp[29041]: 1758C110713C: to=<snipl.Jotrim@dmnt.info>, relay=rmit.info.s10a1.psmtp.com[74.125.244.123]:25, delay=290272, delays=287097/3172/1.2/2.5, dsn=2.0.0, status=sent (250 Thanks)
Dec 15 08:22:59 phoenix postfix/qmgr[28945]: 1758C110713C: removed
Dec 15 08:23:03 phoenix postfix/smtp[30992]: 5BD3D1100ED1: to=<sniptyboutrim@dmnesisparty.co.uk>, orig_to=<sniptybounce>, relay=testrelay.l.google.com[64.233.187.123]:25, delay=1468, delays=0/1465/1.9/0.86, dsn=2.0.0, status=sent (250 2.0.0 OK 1418592182 x6si10408875pdp.220 - gsmtp)
Dec 15 08:23:03 phoenix postfix/qmgr[28945]: 5BD3D1100ED1: removed
Dec 15 08:23:07 phoenix postfix/smtp[30992]: CCBC81100ED2: to=<sniprim@dmnesisparty.co.uk>, relay=testrelay.l.google.com[64.233.187.123]:25, delay=1460, delays=0/1456/2.4/0.87, dsn=2.0.0, status=sent (250 2.0.0 OK 1418592186 rw1si11177005pbc.114 - gsmtp)
Dec 15 08:23:07 phoenix postfix/qmgr[28945]: CCBC81100ED2: removed
Dec 15 08:23:10 phoenix postfix/smtp[29041]: 2E6D71102F20: to=<snipreen.Sullitrim@dmn.info>, relay=mail-ext-in1.uwa.info[130.95.128.123]:25, delay=311683, delays=308497/3185/0.52/0.33, dsn=2.0.0, status=sent (250 ok:  Message 109956681 accepted)
Dec 15 08:23:10 phoenix postfix/qmgr[28945]: 2E6D71102F20: removed
Dec 15 08:23:11 phoenix postfix/smtp[30992]: CDB141100ED5: to=<sniptyboutrim@dmnesisparty.co.uk>, orig_to=<sniptybounce>, relay=testrelay.l.google.com[64.233.187.123]:25, delay=1464, delays=0/1461/2.1/0.94, dsn=2.0.0, status=sent (250 2.0.0 OK 1418592190 dg3si11127323pbb.150 - gsmtp)
Dec 15 08:23:11 phoenix postfix/qmgr[28945]: CDB141100ED5: removed
Dec 15 08:23:11 phoenix postfix/smtp[29104]: 076171104AEF: to=<D.Frtrim@dmn.info>, relay=ex10ed03.qut.info[131.181.191.123]:25, delay=319858, delays=316671/3187/0.27/0.24, dsn=2.6.0, status=sent (250 2.6.0 <7e706ef20e0f2f559129e73ab6b5c18e@dmnnts.shared.net.au> Queued mail for delivery)
Dec 15 08:23:11 phoenix postfix/qmgr[28945]: 076171104AEF: removed
Dec 15 08:23:12 phoenix postfix/smtp[29058]: 0873D110493F: to=<snipphen.Btrim@dmnwhite.com>, relay=testrelay.l.google.com[64.233.187.123]:25, delay=365225, delays=362037/3184/2.1/1.7, dsn=2.0.0, status=sent (250 2.0.0 OK 1418592191 fa1si11314191pbc.11 - gsmtp)
Dec 15 08:23:12 phoenix postfix/qmgr[28945]: 0873D110493F: removed
Dec 15 08:23:15 phoenix postfix/smtp[30992]: 4C3611100ED6: to=<sniprim@dmnesisparty.co.uk>, relay=testrelay.l.google.com[64.233.187.123]:25, delay=1455, delays=0/1452/2.2/0.85, dsn=2.0.0, status=sent (250 2.0.0 OK 1418592194 kz17si4226628pab.60 - gsmtp)
Dec 15 08:23:15 phoenix postfix/qmgr[28945]: 4C3611100ED6: removed
Dec 15 08:23:19 phoenix postfix/smtp[30992]: 4D4171100ED8: to=<sniptyboutrim@dmnesisparty.co.uk>, orig_to=<sniptybounce>, relay=testrelay.l.google.com[64.233.187.123]:25, delay=1459, delays=0/1456/2.2/0.96, dsn=2.0.0, status=sent (250 2.0.0 OK 1418592198 dm8si11338087pdb.15 - gsmtp)
Dec 15 08:23:19 phoenix postfix/qmgr[28945]: 4D4171100ED8: removed
Dec 15 08:23:19 phoenix postfix/smtp[29041]: 7934D11065A5: to=<sniprew.McDontrim@dmnash.edu>, relay=mx.its.monash.info[130.194.11.1.123]:25, delay=297128, delays=293932/3194/1.3/0.13, dsn=2.0.0, status=sent (250 2.0.0 Ok: queued as 119B8766322)
Dec 15 08:23:19 phoenix postfix/qmgr[28945]: 7934D11065A5: removed
Dec 15 08:23:23 phoenix postfix/smtp[30992]: C10591100E33: to=<sniprim@dmnesisparty.co.uk>, relay=testrelay.l.google.com[64.233.187.123]:25, delay=1423, delays=0/1421/1.9/0.74, dsn=2.0.0, status=sent (250 2.0.0 OK 1418592202 fi4si11335468pad.19 - gsmtp)
Dec 15 08:23:23 phoenix postfix/qmgr[28945]: C10591100E33: removed
Dec 15 08:23:27 phoenix postfix/smtp[30992]: C21521100EDA: to=<sniptyboutrim@dmnesisparty.co.uk>, orig_to=<sniptybounce>, relay=testrelay.l.google.com[64.233.187.123]:25, delay=1427, delays=0/1424/2.1/0.92, dsn=2.0.0, status=sent (250 2.0.0 OK 1418592206 yk2si11270874pac.67 - gsmtp)
Dec 15 08:23:27 phoenix postfix/qmgr[28945]: C21521100EDA: removed
Dec 15 08:23:28 phoenix postfix/smtp[29058]: 778D61100FB1: to=<snipg.Wtrim@dmncastle.info>, relay=testrelaystle-edu-au.mail.protection.outlook.com[213.199.154.123]:25, delay=314271, delays=311067/3197/3/5.3, dsn=5.4.1, status=bounced (host newcastle-edu-au.mail.protection.outlook.com[213.199.154.87] said: 550 5.4.1 [Ping.Wtrim@dmncastle.info]: Recipient address rejected: Access denied (in reply to RCPT TO command))
Dec 15 08:23:30 phoenix postfix/smtp[28970]: 15CD11103CE0: to=<V.Vo@dmnmelb.info>, relay=testrelaylb-edu-au.mail.protection.outlook.com[213.199.154.123]:25, delay=315577, delays=312371/3199/3/4.1, dsn=2.6.0, status=sent (250 2.6.0 <19f2e7bbccccf5aa4bf8a9cf5ee1a59e@dmnnts.shared.net.au> [InternalId=8121783158492, Hostname=SINPR04MB0620.apcprd04.prod.outlook.com] Queued mail for delivery)
Dec 15 08:23:30 phoenix postfix/qmgr[28945]: 15CD11103CE0: removed
Dec 15 08:23:30 phoenix postfix/smtp[30992]: 6DDC71100EDE: to=<sniprim@dmnesisparty.co.uk>, relay=testrelay.l.google.com[64.233.187.123]:25, delay=1421, delays=0.01/1419/1.8/0.74, dsn=2.0.0, status=sent (250 2.0.0 OK 1418592210 yi4si2625590pab.228 - gsmtp)
Dec 15 08:23:30 phoenix postfix/qmgr[28945]: 6DDC71100EDE: removed
Dec 15 08:23:35 phoenix postfix/smtp[30992]: 6F0781100EE0: to=<sniptyboutrim@dmnesisparty.co.uk>, orig_to=<sniptybounce>, relay=testrelay.l.google.com[64.233.187.123]:25, delay=1426, delays=0/1422/2.3/0.98, dsn=2.0.0, status=sent (250 2.0.0 OK 1418592214 xq1si11318166pbb.10 - gsmtp)
Dec 15 08:23:35 phoenix postfix/qmgr[28945]: 6F0781100EE0: removed
Dec 15 08:23:39 phoenix postfix/smtp[31174]: 030A11100EE1: to=<sniprim@dmnesisparty.co.uk>, relay=testrelay.l.google.com[64.233.187.123]:25, delay=1416, delays=0.01/1413/2.1/0.84, dsn=2.0.0, status=sent (250 2.0.0 OK 1418592218 qa5si11290066pbc.29 - gsmtp)
Dec 15 08:23:39 phoenix postfix/qmgr[28945]: 030A11100EE1: removed
Dec 15 08:23:39 phoenix postfix/cleanup[31175]: warning: database /etc/postfix/virtual_domains.db is older than source file /etc/postfix/virtual_domains
Dec 15 08:23:39 phoenix postfix/trivial-rewrite[31176]: warning: database /etc/postfix/virtual_domains.db is older than source file /etc/postfix/virtual_domains
Dec 15 08:23:39 phoenix postfix/cleanup[31175]: 293ED1100DDD: message-id=<20141214212339.293ED1100TRIM@dmnesisparty.co.uk>
Dec 15 08:23:39 phoenix postfix/bounce[30766]: 778D61100FB1: sender non-delivery notification: 293ED1100DDD
Dec 15 08:23:39 phoenix postfix/qmgr[28945]: 293ED1100DDD: from=<>, size=24195, nrcpt=1 (queue active)
Dec 15 08:23:39 phoenix postfix/cleanup[31175]: 2B4351100DE2: message-id=<20141214212339.2B4351100DE2@dmnesisparty.co.uk>
Dec 15 08:23:39 phoenix postfix/bounce[30766]: 778D61100FB1: postmaster non-delivery notification: 2B4351100DE2
Dec 15 08:23:39 phoenix postfix/qmgr[28945]: 2B4351100DE2: from=<double-boutrim@dmnesisparty.co.uk>, size=2594, nrcpt=1 (queue active)
Dec 15 08:23:39 phoenix postfix/qmgr[28945]: 778D61100FB1: removed
Dec 15 08:23:42 phoenix postfix/smtp[29041]: B3ADC1102801: to=<H.Ltrim@dmntin.info>, relay=testrelayn-edu-au.mail.eo.outlook.com[213.199.154.123]:25, delay=377078, delays=373859/3211/4.7/3, dsn=2.6.0, status=sent (250 2.6.0 <a31b25361f1b6e094d3a8aa814d66fd5@dmnnts.shared.net.au> [InternalId=16767552324661, Hostname=HKXPR02MB0615.apcprd02.prod.outlook.com] Queued mail for delivery)
Dec 15 08:23:42 phoenix postfix/qmgr[28945]: B3ADC1102801: removed
Dec 15 08:23:43 phoenix postfix/smtp[31174]: 043D41100EE4: to=<sniptyboutrim@dmnesisparty.co.uk>, orig_to=<sniptybounce>, relay=testrelay.l.google.com[64.233.187.123]:25, delay=1420, delays=0/1417/2/0.9, dsn=2.0.0, status=sent (250 2.0.0 OK 1418592222 j4si11264909pdp.72 - gsmtp)
Dec 15 08:23:43 phoenix postfix/qmgr[28945]: 043D41100EE4: removed
Dec 15 08:23:46 phoenix postfix/smtp[31174]: 614FA1100E4D: to=<sniprim@dmnesisparty.co.uk>, relay=testrelay.l.google.com[64.233.187.123]:25, delay=1377, delays=0/1375/2/0.81, dsn=2.0.0, status=sent (250 2.0.0 OK 1418592226 pk6si11263951pac.75 - gsmtp)
Dec 15 08:23:46 phoenix postfix/qmgr[28945]: 614FA1100E4D: removed
Dec 15 08:23:48 phoenix postfix/smtp[28970]: 406161104078: to=<snipolynMary.Dotrim@dmnkin.info>, relay=testrelayn-edu-au.mail.protection.outlook.com[213.199.154.123]:25, delay=330640, delays=327416/3216/3.2/5.3, dsn=5.4.1, status=bounced (host deakin-edu-au.mail.protection.outlook.com[213.199.154.23] said: 550 5.4.1 [CarolynMary.Dotrim@dmnkin.info]: Recipient address rejected: Access denied (in reply to RCPT TO command))
Dec 15 08:23:51 phoenix postfix/smtp[31174]: 626391100E6C: to=<sniptyboutrim@dmnesisparty.co.uk>, orig_to=<sniptybounce>, relay=testrelay.l.google.com[64.233.187.123]:25, delay=1382, delays=0/1378/2.2/0.96, dsn=2.0.0, status=sent (250 2.0.0 OK 1418592230 zs6si11216820pac.109 - gsmtp)
Dec 15 08:23:51 phoenix postfix/qmgr[28945]: 626391100E6C: removed
Dec 15 08:23:55 phoenix postfix/smtp[31174]: 489911100EEA: to=<snipverrepotrim@dmnesisparty.co.uk>, relay=testrelay.l.google.com[64.233.187.123]:25, delay=1374, delays=0.01/1371/2.1/1.1, dsn=2.0.0, status=sent (250 2.0.0 OK 1418592234 iz2si11074065pbd.196 - gsmtp)
Dec 15 08:23:55 phoenix postfix/qmgr[28945]: 489911100EEA: removed
Dec 15 08:23:59 phoenix postfix/cleanup[31175]: 045331100DEA: message-id=<20141214212359.045331100TRIM@dmnesisparty.co.uk>
Dec 15 08:23:59 phoenix postfix/bounce[30766]: 406161104078: sender non-delivery notification: 045331100DEA
Dec 15 08:23:59 phoenix postfix/qmgr[28945]: 045331100DEA: from=<>, size=24255, nrcpt=1 (queue active)
Dec 15 08:23:59 phoenix postfix/cleanup[31175]: 056811100DF0: message-id=<20141214212359.056811100DF0@dmnesisparty.co.uk>
Dec 15 08:23:59 phoenix postfix/bounce[30766]: 406161104078: postmaster non-delivery notification: 056811100DF0
Dec 15 08:23:59 phoenix postfix/qmgr[28945]: 056811100DF0: from=<double-boutrim@dmnesisparty.co.uk>, size=2623, nrcpt=1 (queue active)
Dec 15 08:23:59 phoenix postfix/qmgr[28945]: 406161104078: removed
Dec 15 08:23:59 phoenix postfix/smtp[31174]: 19B441100EEE: to=<sniprim@dmnesisparty.co.uk>, relay=testrelay.l.google.com[74.125.204.123]:25, delay=1331, delays=0/1328/2.3/0.87, dsn=2.0.0, status=sent (250 2.0.0 OK 1418592238 y13si11249923pde.84 - gsmtp)
