Dec 15 07:50:09 phoenix postfix/qmgr[28945]: 1BED91101067: removed
Dec 15 07:50:09 phoenix postfix/scache[29120]: statistics: start interval Dec 15 07:40:09
Dec 15 07:50:09 phoenix postfix/scache[29120]: statistics: domain lookup hits=0 miss=149 success=0%
Dec 15 07:50:13 phoenix postfix/smtp[30219]: 1CBC1110106E: to=<sniptyboutrim@dmnesisparty.co.uk>, orig_to=<sniptybounce>, relay=testrelay.l.google.com[173.194.72.123]:25, delay=1148, delays=0/1145/2/0.97, dsn=2.0.0, status=sent (250 2.0.0 OK 1418590212 t3si9326502pdn.198 - gsmtp)
Dec 15 07:50:13 phoenix postfix/qmgr[28945]: 1CBC1110106E: removed
Dec 15 07:50:17 phoenix postfix/smtp[30219]: 6B9091100ED1: to=<sniprim@dmnesisparty.co.uk>, relay=testrelay.l.google.com[173.194.72.123]:25, delay=1151, delays=0/1148/1.9/0.77, dsn=2.0.0, status=sent (250 2.0.0 OK 1418590216 i1si11192684pdk.67 - gsmtp)
Dec 15 07:50:17 phoenix postfix/qmgr[28945]: 6B9091100ED1: removed
Dec 15 07:50:21 phoenix postfix/smtp[30219]: 6C6F6110106F: to=<sniptyboutrim@dmnesisparty.co.uk>, orig_to=<sniptybounce>, relay=testrelay.l.google.com[173.194.72.123]:25, delay=1155, delays=0/1152/2.1/0.91, dsn=2.0.0, status=sent (250 2.0.0 OK 1418590220 gt4si11006607pac.206 - gsmtp)
Dec 15 07:50:21 phoenix postfix/qmgr[28945]: 6C6F6110106F: removed
Dec 15 07:50:22 phoenix postfix/smtp[28970]: B47D0110392F: to=<snipnn.Newtrim@dmnt.info>, relay=rmit.info.s10a1.psmtp.com[74.125.244.123]:25, delay=335495, delays=334276/1214/1.2/3.3, dsn=2.0.0, status=sent (250 Thanks)
Dec 15 07:50:22 phoenix postfix/qmgr[28945]: B47D0110392F: removed
Dec 15 07:50:25 phoenix postfix/smtp[30219]: 23C5E1100EA6: to=<sniprim@dmnesisparty.co.uk>, relay=testrelay.l.google.com[173.194.72.123]:25, delay=1131, delays=0/1128/2.5/0.8, dsn=2.0.0, status=sent (250 2.0.0 OK 1418590224 yt8si11276719pac.4 - gsmtp)
Dec 15 07:50:25 phoenix postfix/qmgr[28945]: 23C5E1100EA6: removed
Dec 15 07:50:27 phoenix postfix/smtp[29104]: 16E5011080C0: to=<snipx.Banntrim@dmnwhite.com>, relay=testrelay.l.google.com[173.194.72.123]:25, delay=363322, delays=362098/1221/1.9/1, dsn=2.0.0, status=sent (250 2.0.0 OK 1418590227 nv5si11140525pbc.85 - gsmtp)
Dec 15 07:50:27 phoenix postfix/qmgr[28945]: 16E5011080C0: removed
Dec 15 07:50:29 phoenix postfix/smtp[30219]: 247481100EB8: to=<sniptyboutrim@dmnesisparty.co.uk>, orig_to=<sniptybounce>, relay=testrelay.l.google.com[173.194.72.123]:25, delay=1135, delays=0/1132/2/0.92, dsn=2.0.0, status=sent (250 2.0.0 OK 1418590228 zk3si10969470pbc.212 - gsmtp)
Dec 15 07:50:29 phoenix postfix/qmgr[28945]: 247481100EB8: removed
Dec 15 07:50:33 phoenix postfix/smtp[30219]: 2EF051100ECE: to=<sniprim@dmnesisparty.co.uk>, relay=testrelay.l.google.com[173.194.72.123]:25, delay=1139, delays=0/1136/2.1/0.83, dsn=2.0.0, status=sent (250 2.0.0 OK 1418590232 qo8si10953494pdb.246 - gsmtp)
Dec 15 07:50:33 phoenix postfix/qmgr[28945]: 2EF051100ECE: removed
Dec 15 07:50:37 phoenix postfix/smtp[30219]: 2EF721100ED2: to=<sniprim@dmnesisparty.co.uk>, relay=testrelay.l.google.com[173.194.72.123]:25, delay=1143, delays=0/1140/2.2/0.9, dsn=2.0.0, status=sent (250 2.0.0 OK 1418590236 hu1si11121550pdb.118 - gsmtp)
Dec 15 07:50:37 phoenix postfix/qmgr[28945]: 2EF721100ED2: removed
Dec 15 07:50:41 phoenix postfix/smtp[30219]: 2FCBF1100ED5: to=<sniptyboutrim@dmnesisparty.co.uk>, orig_to=<sniptybounce>, relay=testrelay.l.google.com[173.194.72.123]:25, delay=1147, delays=0/1144/1.9/0.84, dsn=2.0.0, status=sent (250 2.0.0 OK 1418590240 qv8si10948223pbb.232 - gsmtp)
Dec 15 07:50:41 phoenix postfix/qmgr[28945]: 2FCBF1100ED5: removed
Dec 15 07:50:45 phoenix postfix/smtp[30219]: 2FD0A1100EDE: to=<sniptyboutrim@dmnesisparty.co.uk>, orig_to=<sniptybounce>, relay=testrelay.l.google.com[173.194.72.123]:25, delay=1151, delays=0/1148/2.3/0.96, dsn=2.0.0, status=sent (250 2.0.0 OK 1418590244 v11si11194796pas.66 - gsmtp)
Dec 15 07:50:45 phoenix postfix/qmgr[28945]: 2FD0A1100EDE: removed
Dec 15 07:50:49 phoenix postfix/smtp[30219]: 3111C1101070: to=<sniprim@dmnesisparty.co.uk>, relay=testrelay.l.google.com[173.194.72.123]:25, delay=1155, delays=0/1152/2.2/0.92, dsn=2.0.0, status=sent (250 2.0.0 OK 1418590248 qs1si11031330pbb.167 - gsmtp)
Dec 15 07:50:49 phoenix postfix/qmgr[28945]: 3111C1101070: removed
Dec 15 07:50:53 phoenix postfix/smtp[30219]: 31CB41101072: to=<sniptyboutrim@dmnesisparty.co.uk>, orig_to=<sniptybounce>, relay=testrelay.l.google.com[173.194.72.123]:25, delay=1159, delays=0/1156/2.2/0.92, dsn=2.0.0, status=sent (250 2.0.0 OK 1418590253 q3si11129665pdp.113 - gsmtp)
Dec 15 07:50:53 phoenix postfix/qmgr[28945]: 31CB41101072: removed
Dec 15 07:50:57 phoenix postfix/smtp[30219]: 334BF1101073: to=<sniprim@dmnesisparty.co.uk>, relay=testrelay.l.google.com[173.194.72.123]:25, delay=1163, delays=0/1160/2/0.82, dsn=2.0.0, status=sent (250 2.0.0 OK 1418590256 qi8si11244482pac.31 - gsmtp)
Dec 15 07:50:57 phoenix postfix/qmgr[28945]: 334BF1101073: removed
Dec 15 07:51:01 phoenix postfix/smtp[30219]: 340FA1101074: to=<sniptyboutrim@dmnesisparty.co.uk>, orig_to=<sniptybounce>, relay=testrelay.l.google.com[173.194.72.123]:25, delay=1167, delays=0/1164/2.1/0.91, dsn=2.0.0, status=sent (250 2.0.0 OK 1418590260 qh1si4955937pdb.160 - gsmtp)
Dec 15 07:51:01 phoenix postfix/qmgr[28945]: 340FA1101074: removed
Dec 15 07:51:05 phoenix postfix/smtp[30219]: 349AA1101078: to=<sniprim@dmnesisparty.co.uk>, relay=testrelay.l.google.com[173.194.72.123]:25, delay=1171, delays=0/1168/1.9/0.76, dsn=2.0.0, status=sent (250 2.0.0 OK 1418590264 tk10si11105595pac.134 - gsmtp)
Dec 15 07:51:05 phoenix postfix/qmgr[28945]: 349AA1101078: removed
Dec 15 07:51:08 phoenix postfix/smtp[29058]: D57D91109577: to=<snipn.Pelecatrim@dmn.info>, relay=mail.usq.info[139.86.9.1.123]:25, delay=353641, delays=352377/1263/0.27/0.13, dsn=2.0.0, status=sent (250 2.0.0 Ok: queued as 0A164531F3_48DF83CF)
Dec 15 07:51:08 phoenix postfix/qmgr[28945]: D57D91109577: removed
Dec 15 07:51:09 phoenix postfix/smtp[30219]: 356141101079: to=<sniptyboutrim@dmnesisparty.co.uk>, orig_to=<sniptybounce>, relay=testrelay.l.google.com[173.194.72.123]:25, delay=1175, delays=0/1172/2/0.89, dsn=2.0.0, status=sent (250 2.0.0 OK 1418590268 ka9si11121878pbc.100 - gsmtp)
Dec 15 07:51:09 phoenix postfix/qmgr[28945]: 356141101079: removed
Dec 15 07:51:10 phoenix postfix/smtp[29104]: E51C11102F61: to=<snipetrim@dmnd.info>, relay=mail-in.bond.info[131.244.5.8]:25, delay=330152, delays=328886/1266/0.1/0, dsn=4.0.0, status=deferred (host mail-in.bond.info[131.244.5.8] refused to talk to me: 550 Too many invalid recipients)
Dec 15 07:51:10 phoenix postfix/qmgr[28945]: E51C11102F61: from=<patrim@dmnesisparty.co.uk>, status=expired, returned to sender
Dec 15 07:51:10 phoenix postfix/cleanup[30165]: 257951100DE2: message-id=<20141214205110.257951100DE2@dmnesisparty.co.uk>
Dec 15 07:51:10 phoenix postfix/bounce[30144]: E51C11102F61: sender non-delivery notification: 257951100DE2
Dec 15 07:51:10 phoenix postfix/qmgr[28945]: 257951100DE2: from=<>, size=23960, nrcpt=1 (queue active)
Dec 15 07:51:10 phoenix postfix/cleanup[30164]: 2673E1100DFA: message-id=<20141214205110.2673E1100TRIM@dmnesisparty.co.uk>
Dec 15 07:51:10 phoenix postfix/bounce[30144]: E51C11102F61: postmaster non-delivery notification: 2673E1100DFA
Dec 15 07:51:10 phoenix postfix/qmgr[28945]: 2673E1100DFA: from=<double-boutrim@dmnesisparty.co.uk>, size=2378, nrcpt=1 (queue active)
Dec 15 07:51:10 phoenix postfix/qmgr[28945]: E51C11102F61: removed
Dec 15 07:51:11 phoenix postfix/smtp[29041]: BA3AD1109E4D: to=<snipithtrim@dmn.info>, relay=smtp-gateway.uow.info[130.130.213.6]:25, delay=349428, delays=348161/1266/0.32/0.26, dsn=2.0.0, status=sent (250 MFD56839 Message accepted for delivery)
Dec 15 07:51:11 phoenix postfix/qmgr[28945]: BA3AD1109E4D: removed
Dec 15 07:51:12 phoenix postfix/smtp[30219]: 4AC01110107A: to=<sniprim@dmnesisparty.co.uk>, relay=testrelay.l.google.com[173.194.72.123]:25, delay=1179, delays=0/1176/2.1/0.82, dsn=2.0.0, status=sent (250 2.0.0 OK 1418590272 dx5si10999105pbc.195 - gsmtp)
Dec 15 07:51:12 phoenix postfix/qmgr[28945]: 4AC01110107A: removed
Dec 15 07:51:14 phoenix postfix/smtp[28970]: 1BB0C1102AF3: to=<C.Reynotrim@dmnmelb.info>, relay=testrelaylb-edu-au.mail.protection.outlook.com[213.199.154.123]:25, delay=313923, delays=312652/1264/3.1/3.4, dsn=2.6.0, status=sent (250 2.6.0 <96b6f50869d17ecd9f276bfb088f7472@dmnnts.shared.net.au> [InternalId=8113193224669, Hostname=SIXPR04MB0623.apcprd04.prod.outlook.com] Queued mail for delivery)
Dec 15 07:51:14 phoenix postfix/qmgr[28945]: 1BB0C1102AF3: removed
Dec 15 07:51:16 phoenix postfix/smtp[29045]: 1EA1B1105C92: to=<snipna.ChunTrim@dmn.info>, relay=smtp-in.jcu.info[137.219.20.123]:25, delay=299385, delays=298113/1271/0.22/0.66, dsn=2.0.0, status=sent (250 2.0.0 Ok: queued as E66DF250002)
Dec 15 07:51:16 phoenix postfix/qmgr[28945]: 1EA1B1105C92: removed
Dec 15 07:51:17 phoenix postfix/smtp[30219]: 4B836110107D: to=<sniptyboutrim@dmnesisparty.co.uk>, orig_to=<sniptybounce>, relay=testrelay.l.google.com[173.194.72.123]:25, delay=1183, delays=0/1180/2.2/1, dsn=2.0.0, status=sent (250 2.0.0 OK 1418590276 ns6si11134155pbb.93 - gsmtp)
Dec 15 07:51:17 phoenix postfix/qmgr[28945]: 4B836110107D: removed
Dec 15 07:51:17 phoenix postfix/smtp[29058]: A59A21102216: to=<A.DenHtrim@dmntin.info>, relay=testrelayn-edu-au.mail.eo.outlook.com[213.199.154.123]:25, delay=375636, delays=374363/1266/3.3/4.4, dsn=2.6.0, status=sent (250 2.6.0 <8b324ada5a069de2cf6047cad3fe4b28@dmnnts.shared.net.au> [InternalId=11115375363504, Hostname=SG2PR02MB0793.apcprd02.prod.outlook.com] Queued mail for delivery)
Dec 15 07:51:17 phoenix postfix/qmgr[28945]: A59A21102216: removed
Dec 15 07:51:17 phoenix postfix/smtp[29103]: 0F6331103A0B: to=<snip.Gretrim@dmn.info>, relay=mail-ext-in2.uwa.info[130.95.128.123]:25, delay=310406, delays=309132/1273/0.53/0.33, dsn=2.0.0, status=sent (250 ok:  Message 114597850 accepted)
Dec 15 07:51:18 phoenix postfix/qmgr[28945]: 0F6331103A0B: removed
Dec 15 07:51:18 phoenix postfix/smtp[29045]: 931DB1102B48: to=<R.Martrim@dmn.info>, relay=ex10ed04.qut.info[131.181.191.123]:25, delay=317802, delays=316528/1273/0.28/1.4, dsn=2.6.0, status=sent (250 2.6.0 <840e9338b915d9634ae2a249650fef87@dmnnts.shared.net.au> [InternalId=4626985] Queued mail for delivery)
Dec 15 07:51:18 phoenix postfix/qmgr[28945]: 931DB1102B48: removed
Dec 15 07:51:20 phoenix postfix/smtp[30219]: 51E19110107E: to=<sniprim@dmnesisparty.co.uk>, relay=testrelay.l.google.com[173.194.72.123]:25, delay=1186, delays=0/1184/1.9/0.75, dsn=2.0.0, status=sent (250 2.0.0 OK 1418590280 by7si11048840pab.179 - gsmtp)
Dec 15 07:51:20 phoenix postfix/qmgr[28945]: 51E19110107E: removed
Dec 15 07:51:22 phoenix postfix/smtp[29104]: 06F8E1106698: to=<sniptin.Prestrim@dmnash.edu>, relay=mx.its.monash.info[130.194.11.1.123]:25, delay=294680, delays=293402/1277/1.2/0.13, dsn=2.0.0, status=sent (250 2.0.0 Ok: queued as 8E809546BC8)
Dec 15 07:51:22 phoenix postfix/qmgr[28945]: 06F8E1106698: removed
Dec 15 07:51:24 phoenix postfix/smtp[30219]: 528A9110107F: to=<sniptyboutrim@dmnesisparty.co.uk>, orig_to=<sniptybounce>, relay=testrelay.l.google.com[173.194.72.123]:25, delay=1190, delays=0/1187/1.9/0.86, dsn=2.0.0, status=sent (250 2.0.0 OK 1418590283 ab2si10968891pbc.216 - gsmtp)
Dec 15 07:51:24 phoenix postfix/qmgr[28945]: 528A9110107F: removed
Dec 15 07:51:28 phoenix postfix/smtp[30219]: 69F551101080: to=<sniprim@dmnesisparty.co.uk>, relay=testrelay.l.google.com[173.194.72.123]:25, delay=1194, delays=0/1191/2.1/0.75, dsn=2.0.0, status=sent (250 2.0.0 OK 1418590287 ok5si11143535pbb.83 - gsmtp)
Dec 15 07:51:28 phoenix postfix/qmgr[28945]: 69F551101080: removed
Dec 15 07:51:32 phoenix postfix/smtp[30219]: 6ACAE1101083: to=<sniptyboutrim@dmnesisparty.co.uk>, orig_to=<sniptybounce>, relay=testrelay.l.google.com[173.194.72.123]:25, delay=1198, delays=0/1195/1.9/0.86, dsn=2.0.0, status=sent (250 2.0.0 OK 1418590291 pg5si11161984pbb.69 - gsmtp)
Dec 15 07:51:32 phoenix postfix/qmgr[28945]: 6ACAE1101083: removed
Dec 15 07:51:34 phoenix postfix/smtp[28970]: 9D4291100FA5: to=<snipna.Johntrim@dmnkin.info>, relay=testrelayn-edu-au.mail.protection.outlook.com[213.199.154.123]:25, delay=328495, delays=327205/1282/3/5.3, dsn=5.4.1, status=bounced (host deakin-edu-au.mail.protection.outlook.com[213.199.154.87] said: 550 5.4.1 [Dayna.Johntrim@dmnkin.info]: Recipient address rejected: Access denied (in reply to RCPT TO command))
Dec 15 07:51:35 phoenix postfix/smtp[30219]: C85401100EF1: to=<sniprim@dmnesisparty.co.uk>, relay=testrelay.l.google.com[173.194.72.123]:25, delay=1201, delays=0/1198/2/0.8, dsn=2.0.0, status=sent (250 2.0.0 OK 1418590295 jd2si11097237pbd.120 - gsmtp)
Dec 15 07:51:35 phoenix postfix/qmgr[28945]: C85401100EF1: removed
Dec 15 07:51:36 phoenix postfix/smtp[29103]: 1788211090F5: to=<snipphanie.Roberttrim@dmncastle.info>, relay=testrelaystle-edu-au.mail.protection.outlook.com[213.199.154.123]:25, delay=355883, delays=354591/1285/3/4.3, dsn=2.6.0, status=sent (250 2.6.0 <bac9a4169285c8bbba64e361b0ca4dc9@dmnnts.shared.net.au> [InternalId=65197603554611, Hostname=SIXPR04MB047.apcprd04.prod.outlook.com] Queued mail for delivery)
Dec 15 07:51:36 phoenix postfix/qmgr[28945]: 1788211090F5: removed
Dec 15 07:51:39 phoenix postfix/smtp[30219]: C93101101085: to=<sniptyboutrim@dmnesisparty.co.uk>, orig_to=<sniptybounce>, relay=testrelay.l.google.com[173.194.72.123]:25, delay=1205, delays=0/1202/2.1/0.91, dsn=2.0.0, status=sent (250 2.0.0 OK 1418590299 jd1si10977686pbd.208 - gsmtp)
Dec 15 07:51:39 phoenix postfix/qmgr[28945]: C93101101085: removed
Dec 15 07:51:43 phoenix postfix/smtp[30219]: DF0951101086: to=<sniprim@dmnesisparty.co.uk>, relay=testrelay.l.google.com[173.194.72.123]:25, delay=1208, delays=0/1206/1.9/0.78, dsn=2.0.0, status=sent (250 2.0.0 OK 1418590302 pk6si11188516pac.75 - gsmtp)
Dec 15 07:51:43 phoenix postfix/qmgr[28945]: DF0951101086: removed
Dec 15 07:51:45 phoenix postfix/cleanup[30165]: 1BC531100E06: message-id=<20141214205145.1BC531100E06@dmnesisparty.co.uk>
Dec 15 07:51:45 phoenix postfix/bounce[29114]: 9D4291100FA5: sender non-delivery notification: 1BC531100E06
Dec 15 07:51:45 phoenix postfix/qmgr[28945]: 1BC531100E06: from=<>, size=24201, nrcpt=1 (queue active)
Dec 15 07:51:45 phoenix postfix/cleanup[30164]: 1CFBB1100E28: message-id=<20141214205145.1CFBB1100E28@dmnesisparty.co.uk>
Dec 15 07:51:45 phoenix postfix/bounce[29114]: 9D4291100FA5: postmaster non-delivery notification: 1CFBB1100E28
Dec 15 07:51:45 phoenix postfix/qmgr[28945]: 1CFBB1100E28: from=<double-boutrim@dmnesisparty.co.uk>, size=2595, nrcpt=1 (queue active)
Dec 15 07:51:45 phoenix postfix/qmgr[28945]: 9D4291100FA5: removed
Dec 15 07:51:47 phoenix postfix/smtp[30219]: DFDB61101087: to=<sniptyboutrim@dmnesisparty.co.uk>, orig_to=<sniptybounce>, relay=testrelay.l.google.com[173.194.72.123]:25, delay=1212, delays=0/1209/2.1/0.91, dsn=2.0.0, status=sent (250 2.0.0 OK 1418590306 fe8si10986934pad.225 - gsmtp)
Dec 15 07:51:47 phoenix postfix/qmgr[28945]: DFDB61101087: removed
Dec 15 07:51:51 phoenix postfix/smtp[30219]: 43DA31101088: to=<sniprim@dmnesisparty.co.uk>, relay=testrelay.l.google.com[173.194.72.123]:25, delay=1215, delays=0/1212/2.1/0.81, dsn=2.0.0, status=sent (250 2.0.0 OK 1418590310 qp3si11089264pac.147 - gsmtp)
Dec 15 07:51:51 phoenix postfix/qmgr[28945]: 43DA31101088: removed
Dec 15 07:51:54 phoenix postfix/smtp[29045]: D7C941104CE6: to=<snipard.Ntrim@dmnt.info>, relay=rmit.info.s10a1.psmtp.com[74.125.244.123]:25, delay=316471, delays=315160/1308/1.4/0.81, dsn=5.2.1, status=bounced (host rmit.info.s10a1.psmtp.com[74.125.244.10] said: 550 5.2.1 The email account that you tried to reach is disabled. ra6si11176247pbb.60 - gsmtp (in reply to RCPT TO command))
Dec 15 07:51:54 phoenix postfix/cleanup[30165]: C67201100E2D: message-id=<20141214205154.C67201100E2D@dmnesisparty.co.uk>
Dec 15 07:51:54 phoenix postfix/bounce[29114]: D7C941104CE6: sender non-delivery notification: C67201100E2D
Dec 15 07:51:54 phoenix postfix/qmgr[28945]: C67201100E2D: from=<>, size=24157, nrcpt=1 (queue active)
Dec 15 07:51:54 phoenix postfix/cleanup[30164]: C77E91100E36: message-id=<20141214205154.C77E91100E36@dmnesisparty.co.uk>
Dec 15 07:51:54 phoenix postfix/bounce[29114]: D7C941104CE6: postmaster non-delivery notification: C77E91100E36
Dec 15 07:51:54 phoenix postfix/qmgr[28945]: C77E91100E36: from=<double-boutrim@dmnesisparty.co.uk>, size=2561, nrcpt=1 (queue active)
Dec 15 07:51:54 phoenix postfix/qmgr[28945]: D7C941104CE6: removed
Dec 15 07:51:55 phoenix postfix/smtp[30219]: 44CCD110108A: to=<sniptyboutrim@dmnesisparty.co.uk>, orig_to=<sniptybounce>, relay=testrelay.l.google.com[173.194.72.123]:25, delay=1219, delays=0/1216/2.2/0.97, dsn=2.0.0, status=sent (250 2.0.0 OK 1418590314 nu10si11160667pdb.92 - gsmtp)
Dec 15 07:51:55 phoenix postfix/qmgr[28945]: 44CCD110108A: removed
Dec 15 07:51:58 phoenix postfix/smtp[30219]: 618BD110108B: to=<sniprim@dmnesisparty.co.uk>, relay=testrelay.l.google.com[173.194.72.123]:25, delay=1223, delays=0/1220/1.9/0.74, dsn=2.0.0, status=sent (250 2.0.0 OK 1418590318 bw8si11202486pad.64 - gsmtp)
Dec 15 07:51:58 phoenix postfix/qmgr[28945]: 618BD110108B: removed
Dec 15 07:52:01 phoenix postfix/smtp[28970]: 0A7101101092: to=<snipl.Wtrim@dmnwhite.com>, relay=testrelay.l.google.com[173.194.72.123]:25, delay=361694, delays=360377/1313/2.4/1.6, dsn=2.0.0, status=sent (250 2.0.0 OK 1418590320 yl4si11056872pbc.151 - gsmtp)
Dec 15 07:52:01 phoenix postfix/qmgr[28945]: 0A7101101092: removed
Dec 15 07:52:02 phoenix postfix/smtp[30219]: 626B5110108E: to=<sniptyboutrim@dmnesisparty.co.uk>, orig_to=<sniptybounce>, relay=testrelay.l.google.com[173.194.72.123]:25, delay=1227, delays=0/1224/2.1/0.91, dsn=2.0.0, status=sent (250 2.0.0 OK 1418590322 by7si11050479pab.179 - gsmtp)
Dec 15 07:52:02 phoenix postfix/qmgr[28945]: 626B5110108E: removed
Dec 15 07:52:06 phoenix postfix/smtp[30219]: 90AD0110108F: to=<sniprim@dmnesisparty.co.uk>, relay=testrelay.l.google.com[173.194.72.123]:25, delay=1230, delays=0/1227/1.9/0.75, dsn=2.0.0, status=sent (250 2.0.0 OK 1418590326 fz12si11196723pdb.65 - gsmtp)
Dec 15 07:52:06 phoenix postfix/qmgr[28945]: 90AD0110108F: removed
Dec 15 07:52:10 phoenix postfix/smtp[30219]: 9173A1101090: to=<sniptyboutrim@dmnesisparty.co.uk>, orig_to=<sniptybounce>, relay=testrelay.l.google.com[173.194.72.123]:25, delay=1234, delays=0/1231/1.9/0.86, dsn=2.0.0, status=sent (250 2.0.0 OK 1418590329 fw3si11243106pdb.30 - gsmtp)
Dec 15 07:52:10 phoenix postfix/qmgr[28945]: 9173A1101090: removed
Dec 15 07:52:14 phoenix postfix/smtp[30219]: 9A6291101093: to=<sniprim@dmnesisparty.co.uk>, relay=testrelay.l.google.com[173.194.72.123]:25, delay=1238, delays=0/1235/2.2/0.85, dsn=2.0.0, status=sent (250 2.0.0 OK 1418590333 fa1si11241775pbc.11 - gsmtp)
Dec 15 07:52:14 phoenix postfix/qmgr[28945]: 9A6291101093: removed
Dec 15 07:52:18 phoenix postfix/smtp[30219]: 9B2541101095: to=<sniptyboutrim@dmnesisparty.co.uk>, orig_to=<sniptybounce>, relay=testrelay.l.google.com[173.194.72.123]:25, delay=1242, delays=0/1239/2.1/1.1, dsn=2.0.0, status=sent (250 2.0.0 OK 1418590337 zt6si8891643pbc.174 - gsmtp)
Dec 15 07:52:18 phoenix postfix/qmgr[28945]: 9B2541101095: removed
Dec 15 07:52:22 phoenix postfix/smtp[30219]: 9ED941100D0A: to=<sniprim@dmnesisparty.co.uk>, relay=testrelay.l.google.com[173.194.72.123]:25, delay=1246, delays=0/1243/2.1/0.82, dsn=2.0.0, status=sent (250 2.0.0 OK 1418590341 aa4si11275202pad.11 - gsmtp)
Dec 15 07:52:22 phoenix postfix/qmgr[28945]: 9ED941100D0A: removed
Dec 15 07:52:26 phoenix postfix/smtp[30219]: 9FBCF1101096: to=<sniptyboutrim@dmnesisparty.co.uk>, orig_to=<sniptybounce>, relay=testrelay.l.google.com[173.194.72.123]:25, delay=1250, delays=0/1247/2.2/0.96, dsn=2.0.0, status=sent (250 2.0.0 OK 1418590346 fg6si11011963pad.209 - gsmtp)
Dec 15 07:52:26 phoenix postfix/qmgr[28945]: 9FBCF1101096: removed
Dec 15 07:52:30 phoenix postfix/smtp[30219]: AF7951101097: to=<sniprim@dmnesisparty.co.uk>, relay=testrelay.l.google.com[173.194.72.123]:25, delay=1254, delays=0/1251/2.1/0.81, dsn=2.0.0, status=sent (250 2.0.0 OK 1418590349 my2si11058094pbc.152 - gsmtp)
Dec 15 07:52:30 phoenix postfix/qmgr[28945]: AF7951101097: removed
Dec 15 07:52:34 phoenix postfix/smtp[30219]: B050B1101098: to=<sniptyboutrim@dmnesisparty.co.uk>, orig_to=<sniptybounce>, relay=testrelay.l.google.com[173.194.72.123]:25, delay=1258, delays=0/1255/2.1/0.91, dsn=2.0.0, status=sent (250 2.0.0 OK 1418590353 rg10si10974056pbc.217 - gsmtp)
Dec 15 07:52:34 phoenix postfix/qmgr[28945]: B050B1101098: removed
Dec 15 07:52:38 phoenix postfix/smtp[30219]: B10D8110109B: to=<sniprim@dmnesisparty.co.uk>, relay=testrelay.l.google.com[173.194.72.123]:25, delay=1261, delays=0/1259/1.9/0.76, dsn=2.0.0, status=sent (250 2.0.0 OK 1418590357 up6si11112355pac.131 - gsmtp)
Dec 15 07:52:38 phoenix postfix/qmgr[28945]: B10D8110109B: removed
Dec 15 07:52:38 phoenix postfix/smtp[29104]: 48C8A1109531: to=<snipita.Metrim@dmn.info>, relay=mail.usq.info[139.86.9.1.123]:25, delay=353874, delays=352521/1353/0.15/0.13, dsn=2.0.0, status=sent (250 2.0.0 Ok: queued as E464D634FB_48DF895F)
Dec 15 07:52:38 phoenix postfix/qmgr[28945]: 48C8A1109531: removed
Dec 15 07:52:40 phoenix postfix/smtp[29045]: D62BF1100FFD: to=<snipbintrim@dmnd.info>, relay=mail-in.bond.info[131.244.5.8]:25, delay=330179, delays=328822/1356/0.1/0, dsn=4.0.0, status=deferred (host mail-in.bond.info[131.244.5.8] refused to talk to me: 550 Too many invalid recipients)
Dec 15 07:52:40 phoenix postfix/qmgr[28945]: D62BF1100FFD: from=<patrim@dmnesisparty.co.uk>, status=expired, returned to sender
Dec 15 07:52:40 phoenix postfix/cleanup[30165]: 7FD3A1100D0A: message-id=<20141214205240.7FD3A1100D0A@dmnesisparty.co.uk>
Dec 15 07:52:40 phoenix postfix/bounce[30144]: D62BF1100FFD: sender non-delivery notification: 7FD3A1100D0A
Dec 15 07:52:40 phoenix postfix/qmgr[28945]: 7FD3A1100D0A: from=<>, size=23980, nrcpt=1 (queue active)
Dec 15 07:52:40 phoenix postfix/cleanup[30164]: 80BB51100DFE: message-id=<20141214205240.80BB51100TRIM@dmnesisparty.co.uk>
Dec 15 07:52:40 phoenix postfix/bounce[30144]: D62BF1100FFD: postmaster non-delivery notification: 80BB51100DFE
Dec 15 07:52:40 phoenix postfix/qmgr[28945]: 80BB51100DFE: from=<double-boutrim@dmnesisparty.co.uk>, size=2388, nrcpt=1 (queue active)
Dec 15 07:52:40 phoenix postfix/qmgr[28945]: D62BF1100FFD: removed
Dec 15 07:52:42 phoenix postfix/smtp[29041]: 206031101E4C: to=<snipraitrim@dmn.info>, relay=smtp-gateway.uow.info[130.130.213.6]:25, delay=349793, delays=348436/1357/0.27/0.26, dsn=2.0.0, status=sent (250 MFD57014 Message accepted for delivery)
Dec 15 07:52:42 phoenix postfix/qmgr[28945]: 206031101E4C: removed
Dec 15 07:52:42 phoenix postfix/smtp[30219]: B1F03110109C: to=<sniptyboutrim@dmnesisparty.co.uk>, orig_to=<sniptybounce>, relay=testrelay.l.google.com[173.194.72.123]:25, delay=1266, delays=0/1263/2.1/0.89, dsn=2.0.0, status=sent (250 2.0.0 OK 1418590361 g6si11258446pdo.22 - gsmtp)
Dec 15 07:52:42 phoenix postfix/qmgr[28945]: B1F03110109C: removed
Dec 15 07:52:46 phoenix postfix/smtp[30219]: E59151100F3B: to=<sniprim@dmnesisparty.co.uk>, relay=testrelay.l.google.com[173.194.72.123]:25, delay=1269, delays=0/1266/2.1/0.82, dsn=2.0.0, status=sent (250 2.0.0 OK 1418590365 pv3si11067729pbb.141 - gsmtp)
Dec 15 07:52:46 phoenix postfix/qmgr[28945]: E59151100F3B: removed
Dec 15 07:52:46 phoenix postfix/smtp[29103]: 2F86C1103D34: to=<snipasha.garvey1@dmn.info>, relay=smtp-in.jcu.info[137.219.20.123]:25, delay=326361, delays=324998/1362/0.17/0.26, dsn=2.0.0, status=sent (250 2.0.0 Ok: queued as 22E61250002)
Dec 15 07:52:46 phoenix postfix/qmgr[28945]: 2F86C1103D34: removed
Dec 15 07:52:49 phoenix postfix/smtp[29103]: 93D451109B05: to=<snipssa.Liltrim@dmn.info>, relay=mail-ext-in2.uwa.info[130.95.128.123]:25, delay=351156, delays=349790/1365/0.53/0.33, dsn=2.0.0, status=sent (250 ok:  Message 114597918 accepted)
Dec 15 07:52:49 phoenix postfix/qmgr[28945]: 93D451109B05: removed
Dec 15 07:52:49 phoenix postfix/smtp[29041]: B26A21104B75: to=<K.Vtrim@dmn.info>, relay=ex10ed04.qut.info[131.181.191.123]:25, delay=317684, delays=316319/1364/0.27/0.97, dsn=2.6.0, status=sent (250 2.6.0 <040f712dd54d452c92fbd8bddf42d885@dmnnts.shared.net.au> [InternalId=4626995] Queued mail for delivery)
Dec 15 07:52:49 phoenix postfix/qmgr[28945]: B26A21104B75: removed
Dec 15 07:52:50 phoenix postfix/smtp[30219]: E680D110109D: to=<sniptyboutrim@dmnesisparty.co.uk>, orig_to=<sniptybounce>, relay=testrelay.l.google.com[173.194.72.123]:25, delay=1274, delays=0/1271/2.1/0.92, dsn=2.0.0, status=sent (250 2.0.0 OK 1418590370 j15si11220253pdl.50 - gsmtp)
Dec 15 07:52:50 phoenix postfix/qmgr[28945]: E680D110109D: removed
Dec 15 07:52:51 phoenix postfix/smtp[29058]: C625F1103CE6: to=<D.I.Forrestrim@dmnmelb.info>, relay=testrelaylb-edu-au.mail.protection.outlook.com[213.199.154.123]:25, delay=314514, delays=313146/1360/3.1/4.1, dsn=2.6.0, status=sent (250 2.6.0 <df1605a759e62ce89f18490af4b9d798@dmnnts.shared.net.au> [InternalId=8134668061131, Hostname=HKXPR04MB0613.apcprd04.prod.outlook.com] Queued mail for delivery)
Dec 15 07:52:51 phoenix postfix/qmgr[28945]: C625F1103CE6: removed
Dec 15 07:52:54 phoenix postfix/smtp[29104]: 5682D1106693: to=<snipdget.Prtrim@dmnash.edu>, relay=mx.its.monash.info[130.194.11.1.123]:25, delay=294779, delays=293408/1369/1.2/0.13, dsn=2.0.0, status=sent (250 2.0.0 Ok: queued as 949607E611E)
Dec 15 07:52:54 phoenix postfix/qmgr[28945]: 5682D1106693: removed
Dec 15 07:52:54 phoenix postfix/smtp[28970]: 65B7811042E3: to=<sniphony.Ctrim@dmntin.info>, relay=testrelayn-edu-au.mail.eo.outlook.com[213.199.154.123]:25, delay=375876, delays=374506/1364/3.2/3.3, dsn=2.6.0, status=sent (250 2.6.0 <84d12814fb6f2450df23b415fd6785ed@dmnnts.shared.net.au> [InternalId=11115375363550, Hostname=SG2PR02MB0793.apcprd02.prod.outlook.com] Queued mail for delivery)
Dec 15 07:52:54 phoenix postfix/qmgr[28945]: 65B7811042E3: removed
Dec 15 07:52:54 phoenix postfix/smtp[30219]: 53B16110109E: to=<sniprim@dmnesisparty.co.uk>, relay=testrelay.l.google.com[173.194.72.123]:25, delay=1277, delays=0/1274/1.9/0.76, dsn=2.0.0, status=sent (250 2.0.0 OK 1418590373 ko6si11166749pab.94 - gsmtp)
Dec 15 07:52:54 phoenix postfix/qmgr[28945]: 53B16110109E: removed
Dec 15 07:52:58 phoenix postfix/smtp[30219]: 549C311010A1: to=<sniptyboutrim@dmnesisparty.co.uk>, orig_to=<sniptybounce>, relay=testrelay.l.google.com[173.194.72.123]:25, delay=1281, delays=0/1278/1.9/0.9, dsn=2.0.0, status=sent (250 2.0.0 OK 1418590377 cl8si10947674pdb.257 - gsmtp)
Dec 15 07:52:58 phoenix postfix/qmgr[28945]: 549C311010A1: removed
Dec 15 07:53:02 phoenix postfix/smtp[30219]: 7CADB11010A2: to=<sniprim@dmnesisparty.co.uk>, relay=testrelay.l.google.com[173.194.72.123]:25, delay=1285, delays=0/1282/2.3/0.79, dsn=2.0.0, status=sent (250 2.0.0 OK 1418590381 bw2si11022214pab.201 - gsmtp)
Dec 15 07:53:02 phoenix postfix/qmgr[28945]: 7CADB11010A2: removed
Dec 15 07:53:06 phoenix postfix/smtp[30219]: 7D79D11010A4: to=<sniptyboutrim@dmnesisparty.co.uk>, orig_to=<sniptybounce>, relay=testrelay.l.google.com[173.194.72.123]:25, delay=1289, delays=0/1286/2.1/0.91, dsn=2.0.0, status=sent (250 2.0.0 OK 1418590385 tl7si10988251pbc.203 - gsmtp)
Dec 15 07:53:06 phoenix postfix/qmgr[28945]: 7D79D11010A4: removed
Dec 15 07:53:10 phoenix postfix/smtp[30219]: AAFA411010A7: to=<sniprim@dmnesisparty.co.uk>, relay=testrelay.l.google.com[173.194.72.123]:25, delay=1292, delays=0/1290/2.1/0.82, dsn=2.0.0, status=sent (250 2.0.0 OK 1418590389 g3si11138203pat.115 - gsmtp)
Dec 15 07:53:10 phoenix postfix/qmgr[28945]: AAFA411010A7: removed
Dec 15 07:53:13 phoenix postfix/smtp[29103]: 6F66911090B2: to=<sniptine.Parstrim@dmncastle.info>, relay=testrelaystle-edu-au.mail.protection.outlook.com[213.199.154.123]:25, delay=356111, delays=354722/1382/3.2/3.9, dsn=2.6.0, status=sent (250 2.6.0 <71e4a327d8e497b1d43141c5d6e08b63@dmnnts.shared.net.au> [InternalId=40046275069518, Hostname=SINPR04MB171.apcprd04.prod.outlook.com] Queued mail for delivery)
Dec 15 07:53:13 phoenix postfix/qmgr[28945]: 6F66911090B2: removed
Dec 15 07:53:13 phoenix postfix/smtp[30219]: ABDAE11010A8: to=<sniptyboutrim@dmnesisparty.co.uk>, orig_to=<sniptybounce>, relay=testrelay.l.google.com[173.194.72.123]:25, delay=1296, delays=0/1293/1.9/0.89, dsn=2.0.0, status=sent (250 2.0.0 OK 1418590393 rl4si11017065pbc.183 - gsmtp)
Dec 15 07:53:13 phoenix postfix/qmgr[28945]: ABDAE11010A8: removed
Dec 15 07:53:17 phoenix postfix/smtp[30219]: 79B211100FA0: to=<sniprim@dmnesisparty.co.uk>, relay=testrelay.l.google.com[173.194.72.123]:25, delay=1298, delays=0/1295/1.9/0.75, dsn=2.0.0, status=sent (250 2.0.0 OK 1418590397 sg8si11262713pac.21 - gsmtp)
Dec 15 07:53:17 phoenix postfix/qmgr[28945]: 79B211100FA0: removed
Dec 15 07:53:21 phoenix postfix/smtp[30219]: 7A81D11010A9: to=<sniptyboutrim@dmnesisparty.co.uk>, orig_to=<sniptybounce>, relay=testrelay.l.google.com[173.194.72.123]:25, delay=1302, delays=0/1299/1.9/0.9, dsn=2.0.0, status=sent (250 2.0.0 OK 1418590400 ug5si11285772pac.3 - gsmtp)
Dec 15 07:53:21 phoenix postfix/qmgr[28945]: 7A81D11010A9: removed
Dec 15 07:53:24 phoenix postfix/smtp[29104]: 6776011026D5: to=<sniphelleJoy.Mtrim@dmnkin.info>, relay=testrelayn-edu-au.mail.protection.outlook.com[213.199.154.123]:25, delay=328515, delays=327115/1391/3/5.3, dsn=5.4.1, status=bounced (host deakin-edu-au.mail.protection.outlook.com[213.199.154.23] said: 550 5.4.1 [MichelleJoy.Mtrim@dmnkin.info]: Recipient address rejected: Access denied (in reply to RCPT TO command))
Dec 15 07:53:25 phoenix postfix/smtp[30219]: 2FC1C1100EE1: to=<sniprim@dmnesisparty.co.uk>, relay=testrelay.l.google.com[173.194.72.123]:25, delay=1303, delays=0/1300/1.9/0.75, dsn=2.0.0, status=sent (250 2.0.0 OK 1418590404 tb3si11271797pab.14 - gsmtp)
Dec 15 07:53:25 phoenix postfix/qmgr[28945]: 2FC1C1100EE1: removed
Dec 15 07:53:26 phoenix postfix/smtp[28970]: 994921103548: to=<snipinda.Woodhtrim@dmnt.info>, relay=rmit.info.s10a1.psmtp.com[74.125.244.123]:25, delay=316243, delays=314840/1400/1.2/0.75, dsn=5.2.1, status=bounced (host rmit.info.s10a1.psmtp.com[74.125.244.10] said: 550 5.2.1 The email account that you tried to reach is disabled. np15si10984341pdb.229 - gsmtp (in reply to RCPT TO command))
Dec 15 07:53:26 phoenix postfix/cleanup[30165]: 943961100E49: message-id=<20141214205326.943961100E49@dmnesisparty.co.uk>
Dec 15 07:53:26 phoenix postfix/bounce[29114]: 994921103548: sender non-delivery notification: 943961100E49
Dec 15 07:53:26 phoenix postfix/qmgr[28945]: 943961100E49: from=<>, size=24203, nrcpt=1 (queue active)
Dec 15 07:53:26 phoenix postfix/cleanup[30164]: 9538F1100E57: message-id=<20141214205326.9538F1100E57@dmnesisparty.co.uk>
Dec 15 07:53:26 phoenix postfix/bounce[29114]: 994921103548: postmaster non-delivery notification: 9538F1100E57
Dec 15 07:53:26 phoenix postfix/qmgr[28945]: 9538F1100E57: from=<double-boutrim@dmnesisparty.co.uk>, size=2590, nrcpt=1 (queue active)
Dec 15 07:53:26 phoenix postfix/qmgr[28945]: 994921103548: removed
Dec 15 07:53:28 phoenix postfix/smtp[30219]: 30B8511010AC: to=<sniptyboutrim@dmnesisparty.co.uk>, orig_to=<sniptybounce>, relay=testrelay.l.google.com[173.194.72.123]:25, delay=1307, delays=0/1304/1.9/0.86, dsn=2.0.0, status=sent (250 2.0.0 OK 1418590408 bu4si10947227pbd.234 - gsmtp)
Dec 15 07:53:28 phoenix postfix/qmgr[28945]: 30B8511010AC: removed
Dec 15 07:53:32 phoenix postfix/smtp[30219]: 54F0E1100EEA: to=<sniprim@dmnesisparty.co.uk>, relay=testrelay.l.google.com[173.194.72.123]:25, delay=1309, delays=0/1306/2.1/0.79, dsn=2.0.0, status=sent (250 2.0.0 OK 1418590412 i1si11200362pdk.67 - gsmtp)
Dec 15 07:53:32 phoenix postfix/qmgr[28945]: 54F0E1100EEA: removed
Dec 15 07:53:34 phoenix postfix/cleanup[30165]: A295B1100E40: message-id=<20141214205334.A295B1100E40@dmnesisparty.co.uk>
Dec 15 07:53:34 phoenix postfix/bounce[29114]: 6776011026D5: sender non-delivery notification: A295B1100E40
Dec 15 07:53:34 phoenix postfix/qmgr[28945]: A295B1100E40: from=<>, size=24245, nrcpt=1 (queue active)
Dec 15 07:53:34 phoenix postfix/cleanup[30164]: A3B5E1100E58: message-id=<20141214205334.A3B5E1100E58@dmnesisparty.co.uk>
Dec 15 07:53:34 phoenix postfix/bounce[29114]: 6776011026D5: postmaster non-delivery notification: A3B5E1100E58
Dec 15 07:53:34 phoenix postfix/qmgr[28945]: A3B5E1100E58: from=<double-boutrim@dmnesisparty.co.uk>, size=2616, nrcpt=1 (queue active)
Dec 15 07:53:34 phoenix postfix/qmgr[28945]: 6776011026D5: removed
Dec 15 07:53:35 phoenix postfix/smtp[29045]: E50B311081C5: to=<snipdy.Cratrim@dmnwhite.com>, relay=testrelay.l.google.com[173.194.72.123]:25, delay=363243, delays=361831/1408/2.2/1.8, dsn=2.0.0, status=sent (250 2.0.0 OK 1418590415 bi8si10994190pdb.223 - gsmtp)
Dec 15 07:53:35 phoenix postfix/qmgr[28945]: E50B311081C5: removed
Dec 15 07:53:36 phoenix postfix/smtp[30219]: 55F4911010AE: to=<sniptyboutrim@dmnesisparty.co.uk>, orig_to=<sniptybounce>, relay=testrelay.l.google.com[173.194.72.123]:25, delay=1313, delays=0/1310/1.9/0.85, dsn=2.0.0, status=sent (250 2.0.0 OK 1418590415 ay8si11047605pdb.180 - gsmtp)
Dec 15 07:53:36 phoenix postfix/qmgr[28945]: 55F4911010AE: removed
Dec 15 07:53:40 phoenix postfix/smtp[30219]: E14A111010AF: to=<sniprim@dmnesisparty.co.uk>, relay=testrelay.l.google.com[173.194.72.123]:25, delay=1316, delays=0/1314/2/0.85, dsn=2.0.0, status=sent (250 2.0.0 OK 1418590419 xz3si11089567pbb.130 - gsmtp)
Dec 15 07:53:40 phoenix postfix/qmgr[28945]: E14A111010AF: removed
Dec 15 07:53:44 phoenix postfix/smtp[30219]: E23A511010B0: to=<sniptyboutrim@dmnesisparty.co.uk>, orig_to=<sniptybounce>, relay=testrelay.l.google.com[173.194.72.123]:25, delay=1321, delays=0/1317/2.5/1.1, dsn=2.0.0, status=sent (250 2.0.0 OK 1418590424 i10si252825pat.148 - gsmtp)
Dec 15 07:53:44 phoenix postfix/qmgr[28945]: E23A511010B0: removed
Dec 15 07:53:48 phoenix postfix/smtp[30219]: EA36311010B1: to=<sniprim@dmnesisparty.co.uk>, relay=testrelay.l.google.com[173.194.72.123]:25, delay=1325, delays=0/1322/2.1/0.82, dsn=2.0.0, status=sent (250 2.0.0 OK 1418590428 ko11si11111165pbd.110 - gsmtp)
Dec 15 07:53:48 phoenix postfix/qmgr[28945]: EA36311010B1: removed
Dec 15 07:53:52 phoenix postfix/smtp[30219]: EB0C811010B5: to=<sniptyboutrim@dmnesisparty.co.uk>, orig_to=<sniptybounce>, relay=testrelay.l.google.com[173.194.72.123]:25, delay=1329, delays=0/1326/1.9/0.86, dsn=2.0.0, status=sent (250 2.0.0 OK 1418590432 j1si2977210pdf.156 - gsmtp)
Dec 15 07:53:52 phoenix postfix/qmgr[28945]: EB0C811010B5: removed
Dec 15 07:53:56 phoenix postfix/smtp[30219]: 7A2881100EF8: to=<sniprim@dmnesisparty.co.uk>, relay=testrelay.l.google.com[173.194.72.123]:25, delay=1330, delays=0/1327/2/0.8, dsn=2.0.0, status=sent (250 2.0.0 OK 1418590435 qx12si11161016pab.99 - gsmtp)
Dec 15 07:53:56 phoenix postfix/qmgr[28945]: 7A2881100EF8: removed
Dec 15 07:54:00 phoenix postfix/smtp[30219]: 7B37E11010B7: to=<sniptyboutrim@dmnesisparty.co.uk>, orig_to=<sniptybounce>, relay=testrelay.l.google.com[173.194.72.123]:25, delay=1334, delays=0/1331/2.2/0.97, dsn=2.0.0, status=sent (250 2.0.0 OK 1418590440 hs3si11218844pbc.30 - gsmtp)
Dec 15 07:54:00 phoenix postfix/qmgr[28945]: 7B37E11010B7: removed
Dec 15 07:54:04 phoenix postfix/smtp[30219]: 4A14111010B8: to=<sniprim@dmnesisparty.co.uk>, relay=testrelay.l.google.com[173.194.72.123]:25, delay=1336, delays=0/1333/2.1/0.82, dsn=2.0.0, status=sent (250 2.0.0 OK 1418590444 k3si11243619pdj.35 - gsmtp)
Dec 15 07:54:04 phoenix postfix/qmgr[28945]: 4A14111010B8: removed
Dec 15 07:54:08 phoenix postfix/smtp[30219]: 4AFFE11010BB: to=<sniptyboutrim@dmnesisparty.co.uk>, orig_to=<sniptybounce>, relay=testrelay.l.google.com[173.194.72.123]:25, delay=1340, delays=0/1337/2.1/0.96, dsn=2.0.0, status=sent (250 2.0.0 OK 1418590448 g5si310314pdc.141 - gsmtp)
Dec 15 07:54:08 phoenix postfix/qmgr[28945]: 4AFFE11010BB: removed
Dec 15 07:54:08 phoenix postfix/smtp[29041]: CFA141109430: to=<snipxia.Gabbtrim@dmn.info>, relay=mail.usq.info[139.86.9.1.123]:25, delay=354459, delays=353015/1444/0.15/0.13, dsn=2.0.0, status=sent (250 2.0.0 Ok: queued as 52F37634FB_48DF8F0F)
Dec 15 07:54:08 phoenix postfix/qmgr[28945]: CFA141109430: removed
Dec 15 07:54:10 phoenix postfix/smtp[29103]: 543CC1103A82: to=<snipctrim@dmnd.info>, relay=mail-in.bond.info[131.244.5.8]:25, delay=330350, delays=328903/1447/0.1/0, dsn=4.0.0, status=deferred (host mail-in.bond.info[131.244.5.8] refused to talk to me: 550 Too many invalid recipients)
Dec 15 07:54:10 phoenix postfix/qmgr[28945]: 543CC1103A82: from=<patrim@dmnesisparty.co.uk>, status=expired, returned to sender
Dec 15 07:54:10 phoenix postfix/cleanup[30165]: E2FAA1100E3B: message-id=<20141214205410.E2FAA1100E3B@dmnesisparty.co.uk>
Dec 15 07:54:10 phoenix postfix/bounce[30144]: 543CC1103A82: sender non-delivery notification: E2FAA1100E3B
Dec 15 07:54:10 phoenix postfix/qmgr[28945]: E2FAA1100E3B: from=<>, size=23962, nrcpt=1 (queue active)
Dec 15 07:54:10 phoenix postfix/cleanup[30164]: E3EEF1100E59: message-id=<20141214205410.E3EEF1100E59@dmnesisparty.co.uk>
Dec 15 07:54:10 phoenix postfix/error[30314]: 9C55F1104265: to=<snipndtrim@dmnd.info>, relay=none, delay=306692, delays=305245/1447/0/0, dsn=4.0.0, status=deferred (delivery temporarily suspended: host mail-in.bond.info[131.244.5.8] refused to talk to me: 550 Too many invalid recipients)
Dec 15 07:54:10 phoenix postfix/qmgr[28945]: 9C55F1104265: from=<patrim@dmnesisparty.co.uk>, status=expired, returned to sender
Dec 15 07:54:10 phoenix postfix/bounce[30144]: 543CC1103A82: postmaster non-delivery notification: E3EEF1100E59
Dec 15 07:54:10 phoenix postfix/qmgr[28945]: E3EEF1100E59: from=<double-boutrim@dmnesisparty.co.uk>, size=2378, nrcpt=1 (queue active)
Dec 15 07:54:10 phoenix postfix/cleanup[30165]: E4ACE1100E5D: message-id=<20141214205410.E4ACE1100E5D@dmnesisparty.co.uk>
Dec 15 07:54:10 phoenix postfix/qmgr[28945]: 543CC1103A82: removed
Dec 15 07:54:10 phoenix postfix/bounce[30163]: 9C55F1104265: sender non-delivery notification: E4ACE1100E5D
Dec 15 07:54:10 phoenix postfix/qmgr[28945]: E4ACE1100E5D: from=<>, size=24071, nrcpt=1 (queue active)
Dec 15 07:54:10 phoenix postfix/cleanup[30164]: E59451100E64: message-id=<20141214205410.E59451100E64@dmnesisparty.co.uk>
Dec 15 07:54:10 phoenix postfix/bounce[30163]: 9C55F1104265: postmaster non-delivery notification: E59451100E64
Dec 15 07:54:10 phoenix postfix/qmgr[28945]: E59451100E64: from=<double-boutrim@dmnesisparty.co.uk>, size=2490, nrcpt=1 (queue active)
Dec 15 07:54:10 phoenix postfix/qmgr[28945]: 9C55F1104265: removed
Dec 15 07:54:12 phoenix postfix/smtp[30219]: A30C11100EC3: to=<sniprim@dmnesisparty.co.uk>, relay=testrelay.l.google.com[173.194.72.123]:25, delay=1328, delays=0/1325/2.1/0.81, dsn=2.0.0, status=sent (250 2.0.0 OK 1418590452 r5si10968021pdm.244 - gsmtp)
Dec 15 07:54:12 phoenix postfix/qmgr[28945]: A30C11100EC3: removed
Dec 15 07:54:13 phoenix postfix/smtp[29045]: F02E71109DE0: to=<snipff_Hadrtrim@dmn.info>, relay=smtp-gateway.uow.info[130.130.213.6]:25, delay=349818, delays=348370/1448/0.27/0.26, dsn=2.0.0, status=sent (250 MFD57197 Message accepted for delivery)
Dec 15 07:54:13 phoenix postfix/qmgr[28945]: F02E71109DE0: removed
Dec 15 07:54:16 phoenix postfix/smtp[30219]: A41321100EEE: to=<sniptyboutrim@dmnesisparty.co.uk>, orig_to=<sniptybounce>, relay=testrelay.l.google.com[173.194.72.123]:25, delay=1332, delays=0/1329/2.1/0.9, dsn=2.0.0, status=sent (250 2.0.0 OK 1418590455 zs6si11147269pac.109 - gsmtp)
Dec 15 07:54:16 phoenix postfix/qmgr[28945]: A41321100EEE: removed
Dec 15 07:54:16 phoenix postfix/smtp[29041]: 4A12A1105C98: to=<snipathan.Corneltrim@dmn.info>, relay=smtp-in.jcu.info[137.219.20.123]:25, delay=299555, delays=298103/1452/0.17/0.26, dsn=2.0.0, status=sent (250 2.0.0 Ok: queued as 18282250002)
Dec 15 07:54:16 phoenix postfix/qmgr[28945]: 4A12A1105C98: removed
Dec 15 07:54:20 phoenix postfix/smtp[29104]: ED7011102A14: to=<S.Htrim@dmn.info>, relay=ex10ed02.qut.info[131.181.191.123]:25, delay=318080, delays=316625/1455/0.27/0.41, dsn=2.6.0, status=sent (250 2.6.0 <5072ae298a55895bbf554452677fe781@dmnnts.shared.net.au> Queued mail for delivery)
Dec 15 07:54:20 phoenix postfix/qmgr[28945]: ED7011102A14: removed
Dec 15 07:54:20 phoenix postfix/smtp[28970]: 110B81109BA2: to=<sniptin.Partrim@dmn.info>, relay=mail-ext-in1.uwa.info[130.95.128.123]:25, delay=350948, delays=349492/1456/0.52/0.33, dsn=2.0.0, status=sent (250 ok:  Message 109953887 accepted)
Dec 15 07:54:20 phoenix postfix/smtp[30219]: 97EBC1100EBD: to=<sniprim@dmnesisparty.co.uk>, relay=testrelay.l.google.com[173.194.72.123]:25, delay=1327, delays=0/1324/2.1/0.8, dsn=2.0.0, status=sent (250 2.0.0 OK 1418590460 gh3si11055320pac.177 - gsmtp)
Dec 15 07:54:20 phoenix postfix/qmgr[28945]: 97EBC1100EBD: removed
Dec 15 07:54:20 phoenix postfix/qmgr[28945]: 110B81109BA2: removed
Dec 15 07:54:24 phoenix postfix/smtp[30219]: 98D131100EC8: to=<sniptyboutrim@dmnesisparty.co.uk>, orig_to=<sniptybounce>, relay=testrelay.l.google.com[173.194.72.123]:25, delay=1331, delays=0/1328/2.1/0.85, dsn=2.0.0, status=sent (250 2.0.0 OK 1418590464 bd4si11021768pdb.204 - gsmtp)
Dec 15 07:54:24 phoenix postfix/qmgr[28945]: 98D131100EC8: removed
Dec 15 07:54:25 phoenix postfix/smtp[29103]: F26F9110312F: to=<snipcolm.Kenntrim@dmnash.edu>, relay=mx.its.monash.info[130.194.11.1.123]:25, delay=321588, delays=320126/1461/1.2/0.13, dsn=2.0.0, status=sent (250 2.0.0 Ok: queued as 6A98C7E6159)
Dec 15 07:54:25 phoenix postfix/qmgr[28945]: F26F9110312F: removed
Dec 15 07:54:27 phoenix postfix/smtp[29045]: 4CBC21100DDD: to=<G.Deliyantrim@dmnmelb.info>, relay=testrelaylb-edu-au.mail.protection.outlook.com[213.199.154.123]:25, delay=314897, delays=313433/1457/2.9/3.4, dsn=2.6.0, status=sent (250 2.6.0 <50b39e331a22118afc5978892621571c@dmnnts.shared.net.au> [InternalId=7782480742859, Hostname=SIXPR04MB0624.apcprd04.prod.outlook.com] Queued mail for delivery)
Dec 15 07:54:27 phoenix postfix/qmgr[28945]: 4CBC21100DDD: removed
Dec 15 07:54:28 phoenix postfix/smtp[30219]: 647171100ECD: to=<sniprim@dmnesisparty.co.uk>, relay=testrelay.l.google.com[173.194.72.123]:25, delay=1316, delays=0/1313/1.9/0.76, dsn=2.0.0, status=sent (250 2.0.0 OK 1418590467 16si10954614pdf.254 - gsmtp)
Dec 15 07:54:28 phoenix postfix/qmgr[28945]: 647171100ECD: removed
Dec 15 07:54:31 phoenix postfix/smtp[29058]: 79AF911046CA: to=<J.Shatrim@dmntin.info>, relay=testrelayn-edu-au.mail.eo.outlook.com[213.199.154.123]:25, delay=374616, delays=373149/1460/3.3/4, dsn=2.6.0, status=sent (250 2.6.0 <458d45ef7b74ea6904e9ec66f3031a2f@dmnnts.shared.net.au> [InternalId=51677046506647, Hostname=HKXPR02MB181.apcprd02.prod.outlook.com] Queued mail for delivery)
Dec 15 07:54:31 phoenix postfix/qmgr[28945]: 79AF911046CA: removed
Dec 15 07:54:32 phoenix postfix/smtp[30219]: 655D61100ED8: to=<sniptyboutrim@dmnesisparty.co.uk>, orig_to=<sniptybounce>, relay=testrelay.l.google.com[173.194.72.123]:25, delay=1320, delays=0/1317/2/0.92, dsn=2.0.0, status=sent (250 2.0.0 OK 1418590471 ow1si11102988pbb.118 - gsmtp)
Dec 15 07:54:32 phoenix postfix/qmgr[28945]: 655D61100ED8: removed
Dec 15 07:54:36 phoenix postfix/smtp[30219]: 95BAB1100EEF: to=<sniprim@dmnesisparty.co.uk>, relay=testrelay.l.google.com[64.233.187.123]:25, delay=1323, delays=0/1320/2.3/0.8, dsn=2.0.0, status=sent (250 2.0.0 OK 1418590475 tx7si11255687pbc.6 - gsmtp)
Dec 15 07:54:36 phoenix postfix/qmgr[28945]: 95BAB1100EEF: removed
Dec 15 07:54:40 phoenix postfix/smtp[30219]: 95AF61100EE6: to=<sniprim@dmnesisparty.co.uk>, relay=testrelay.l.google.com[64.233.187.123]:25, delay=1326, delays=0/1324/2/0.79, dsn=2.0.0, status=sent (250 2.0.0 OK 1418590479 ie3si11096857pad.149 - gsmtp)
Dec 15 07:54:40 phoenix postfix/qmgr[28945]: 95AF61100EE6: removed
Dec 15 07:54:43 phoenix postfix/smtp[30219]: 967E01100EF0: to=<sniptyboutrim@dmnesisparty.co.uk>, orig_to=<sniptybounce>, relay=testrelay.l.google.com[64.233.187.123]:25, delay=1330, delays=0/1327/2/0.9, dsn=2.0.0, status=sent (250 2.0.0 OK 1418590483 x5si11232371pdo.45 - gsmtp)
Dec 15 07:54:43 phoenix postfix/qmgr[28945]: 967E01100EF0: removed
Dec 15 07:54:48 phoenix postfix/smtp[30219]: 969601100EF3: to=<sniptyboutrim@dmnesisparty.co.uk>, orig_to=<sniptybounce>, relay=testrelay.l.google.com[64.233.187.123]:25, delay=1334, delays=0/1331/2.1/0.92, dsn=2.0.0, status=sent (250 2.0.0 OK 1418590487 dg8si10966976pdb.242 - gsmtp)
Dec 15 07:54:48 phoenix postfix/qmgr[28945]: 969601100EF3: removed
Dec 15 07:54:49 phoenix postfix/smtp[29104]: EE21211042F8: to=<snipevieve.Farrtrim@dmncastle.info>, relay=testrelaystle-edu-au.mail.protection.outlook.com[213.199.154.123]:25, delay=356830, delays=355345/1479/3/3.3, dsn=2.6.0, status=sent (250 2.6.0 <e65a95295a9abdf200a4f1a35652a492@dmnnts.shared.net.au> [InternalId=22913650525890, Hostname=HKNPR04MB0369.apcprd04.prod.outlook.com] Queued mail for delivery)
Dec 15 07:54:49 phoenix postfix/qmgr[28945]: EE21211042F8: removed
Dec 15 07:54:52 phoenix postfix/smtp[30219]: 988641100EF4: to=<sniprim@dmnesisparty.co.uk>, relay=testrelay.l.google.com[64.233.187.123]:25, delay=1338, delays=0/1335/2.2/0.87, dsn=2.0.0, status=sent (250 2.0.0 OK 1418590491 gs1si11247192pbb.14 - gsmtp)
Dec 15 07:54:52 phoenix postfix/qmgr[28945]: 988641100EF4: removed
Dec 15 07:54:56 phoenix postfix/smtp[30219]: 9939711010BE: to=<sniptyboutrim@dmnesisparty.co.uk>, orig_to=<sniptybounce>, relay=testrelay.l.google.com[64.233.187.123]:25, delay=1343, delays=0/1339/2.3/0.97, dsn=2.0.0, status=sent (250 2.0.0 OK 1418590495 v2si11108460pds.138 - gsmtp)
Dec 15 07:54:56 phoenix postfix/qmgr[28945]: 9939711010BE: removed
Dec 15 07:55:00 phoenix postfix/smtp[30219]: 9FA8511010C0: to=<sniprim@dmnesisparty.co.uk>, relay=testrelay.l.google.com[64.233.187.123]:25, delay=1347, delays=0/1344/2.2/0.87, dsn=2.0.0, status=sent (250 2.0.0 OK 1418590499 d2si11121165pat.130 - gsmtp)
Dec 15 07:55:00 phoenix postfix/qmgr[28945]: 9FA8511010C0: removed
Dec 15 07:55:00 phoenix postfix/smtp[29045]: 15E8A11071B1: to=<snip.Murtrim@dmnt.info>, relay=rmit.info.s10a1.psmtp.com[74.125.244.123]:25, delay=288432, delays=286936/1492/1.2/3.1, dsn=2.0.0, status=sent (250 Thanks)
Dec 15 07:55:00 phoenix postfix/qmgr[28945]: 15E8A11071B1: removed
Dec 15 07:55:04 phoenix postfix/smtp[30219]: 9FE4B11010C1: to=<sniprim@dmnesisparty.co.uk>, relay=testrelay.l.google.com[64.233.187.123]:25, delay=1351, delays=0/1348/2.3/0.92, dsn=2.0.0, status=sent (250 2.0.0 OK 1418590504 g8si11284591pdf.6 - gsmtp)
Dec 15 07:55:04 phoenix postfix/qmgr[28945]: 9FE4B11010C1: removed
Dec 15 07:55:09 phoenix postfix/smtp[30219]: A085511010C4: to=<sniptyboutrim@dmnesisparty.co.uk>, orig_to=<sniptybounce>, relay=testrelay.l.google.com[64.233.187.123]:25, delay=1355, delays=0/1352/1.9/1.5, dsn=2.0.0, status=sent (250 2.0.0 OK 1418590508 dc2si1011565pbc.107 - gsmtp)
Dec 15 07:55:09 phoenix postfix/qmgr[28945]: A085511010C4: removed
Dec 15 07:55:10 phoenix postfix/smtp[28970]: 856131108435: to=<snipiel.Poulttrim@dmnwhite.com>, relay=testrelay.l.google.com[64.233.187.123]:25, delay=362400, delays=360894/1502/2.2/2.2, dsn=2.0.0, status=sent (250 2.0.0 OK 1418590509 fi4si11269156pad.19 - gsmtp)
Dec 15 07:55:10 phoenix postfix/qmgr[28945]: 856131108435: removed
Dec 15 07:55:12 phoenix postfix/smtp[29058]: B7FEC11038D4: to=<snips.Stevtrim@dmnkin.info>, relay=testrelayn-edu-au.mail.protection.outlook.com[213.199.154.123]:25, delay=328376, delays=326868/1500/2.8/5.3, dsn=5.4.1, status=bounced (host deakin-edu-au.mail.protection.outlook.com[213.199.154.87] said: 550 5.4.1 [Ross.Stevtrim@dmnkin.info]: Recipient address rejected: Access denied (in reply to RCPT TO command))
Dec 15 07:55:13 phoenix postfix/smtp[30219]: A0A0D11010C5: to=<sniptyboutrim@dmnesisparty.co.uk>, orig_to=<sniptybounce>, relay=testrelay.l.google.com[64.233.187.123]:25, delay=1360, delays=0/1356/2.3/0.98, dsn=2.0.0, status=sent (250 2.0.0 OK 1418590512 az8si11031503pbd.177 - gsmtp)
Dec 15 07:55:13 phoenix postfix/qmgr[28945]: A0A0D11010C5: removed
Dec 15 07:55:17 phoenix postfix/smtp[30219]: 99A401100EE4: to=<sniprim@dmnesisparty.co.uk>, relay=testrelay.l.google.com[64.233.187.123]:25, delay=1363, delays=0/1360/2.4/0.94, dsn=2.0.0, status=sent (250 2.0.0 OK 1418590517 dw1si11052116pab.181 - gsmtp)
Dec 15 07:55:17 phoenix postfix/qmgr[28945]: 99A401100EE4: removed
Dec 15 07:55:21 phoenix postfix/smtp[30219]: 9A86311010C6: to=<sniptyboutrim@dmnesisparty.co.uk>, orig_to=<sniptybounce>, relay=testrelay.l.google.com[64.233.187.123]:25, delay=1367, delays=0/1364/2.3/0.89, dsn=2.0.0, status=sent (250 2.0.0 OK 1418590521 qc4si10999557pbb.198 - gsmtp)
Dec 15 07:55:21 phoenix postfix/qmgr[28945]: 9A86311010C6: removed
Dec 15 07:55:23 phoenix postfix/cleanup[30165]: 0008E1100E65: message-id=<20141214205523.0008E1100E65@dmnesisparty.co.uk>
Dec 15 07:55:23 phoenix postfix/bounce[29114]: B7FEC11038D4: sender non-delivery notification: 0008E1100E65
Dec 15 07:55:23 phoenix postfix/qmgr[28945]: 0008E1100E65: from=<>, size=24189, nrcpt=1 (queue active)
Dec 15 07:55:23 phoenix postfix/cleanup[30164]: 010941100E6A: message-id=<20141214205523.010941100E6A@dmnesisparty.co.uk>
Dec 15 07:55:23 phoenix postfix/bounce[29114]: B7FEC11038D4: postmaster non-delivery notification: 010941100E6A
Dec 15 07:55:23 phoenix postfix/qmgr[28945]: 010941100E6A: from=<double-boutrim@dmnesisparty.co.uk>, size=2588, nrcpt=1 (queue active)
Dec 15 07:55:23 phoenix postfix/qmgr[28945]: B7FEC11038D4: removed
Dec 15 07:55:26 phoenix postfix/smtp[30219]: 9FBAF11010C7: to=<sniprim@dmnesisparty.co.uk>, relay=testrelay.l.google.com[64.233.187.123]:25, delay=1371, delays=0/1368/2.2/0.93, dsn=2.0.0, status=sent (250 2.0.0 OK 1418590525 zk3si10981023pbc.212 - gsmtp)
Dec 15 07:55:26 phoenix postfix/qmgr[28945]: 9FBAF11010C7: removed
Dec 15 07:55:30 phoenix postfix/smtp[30219]: A09D711010C9: to=<sniptyboutrim@dmnesisparty.co.uk>, orig_to=<sniptybounce>, relay=testrelay.l.google.com[64.233.187.123]:25, delay=1376, delays=0.01/1372/2.3/0.98, dsn=2.0.0, status=sent (250 2.0.0 OK 1418590529 nq15si11009334pdb.212 - gsmtp)
Dec 15 07:55:30 phoenix postfix/qmgr[28945]: A09D711010C9: removed
