Dec 15 08:28:42 phoenix postfix/smtp[29104]: 4D56F110537F: to=<snipfany.Hatrim@dmn.info>, relay=mail.usq.info[139.86.9.1.123]:25, delay=356420, delays=352903/3517/0.15/0.13, dsn=2.0.0, status=sent (250 2.0.0 Ok: queued as 058C652FEE_48E010AF)
Dec 15 08:28:42 phoenix postfix/qmgr[28945]: 4D56F110537F: removed
Dec 15 08:28:45 phoenix postfix/smtp[31174]: B3CA81100F50: to=<sniprim@dmnesisparty.co.uk>, relay=testrelay.l.google.com[74.125.204.123]:25, delay=803, delays=0/799/2.2/0.9, dsn=2.0.0, status=sent (250 2.0.0 OK 1418592524 cq3si11083625pbb.193 - gsmtp)
Dec 15 08:28:45 phoenix postfix/qmgr[28945]: B3CA81100F50: removed
Dec 15 08:28:49 phoenix postfix/smtp[31174]: B4BF01100F51: to=<sniptyboutrim@dmnesisparty.co.uk>, orig_to=<sniptybounce>, relay=testrelay.l.google.com[74.125.204.123]:25, delay=807, delays=0/804/2.3/1, dsn=2.0.0, status=sent (250 2.0.0 OK 1418592529 nb8si11332648pbc.9 - gsmtp)
Dec 15 08:28:49 phoenix postfix/qmgr[28945]: B4BF01100F51: removed
Dec 15 08:28:54 phoenix postfix/smtp[31174]: 3B10A1100F54: to=<sniprim@dmnesisparty.co.uk>, relay=testrelay.l.google.com[74.125.31.123]:25, delay=770, delays=0/766/2.5/0.87, dsn=2.0.0, status=sent (250 2.0.0 OK 1418592533 bq14si11148404pdb.169 - gsmtp)
Dec 15 08:28:54 phoenix postfix/qmgr[28945]: 3B10A1100F54: removed
Dec 15 08:28:57 phoenix postfix/smtp[31174]: 3AF6C1100DC6: to=<sniprim@dmnesisparty.co.uk>, relay=testrelay.l.google.com[74.125.31.123]:25, delay=773, delays=0/771/1.9/0.74, dsn=2.0.0, status=sent (250 2.0.0 OK 1418592537 ig1si11225027pad.111 - gsmtp)
Dec 15 08:28:57 phoenix postfix/qmgr[28945]: 3AF6C1100DC6: removed
Dec 15 08:28:57 phoenix postfix/smtp[28970]: E0C841105D48: to=<snipthew.McLeltrim@dmn.info>, relay=smtp-in.jcu.info[137.219.20.123]:25, delay=301381, delays=297848/3532/0.17/0.56, dsn=5.1.6, status=bounced (host smtp-in.jcu.info[137.219.20.34] said: 550 5.1.6 <Matthew.McLeltrim@dmn.info>: Recipient address rejected: User has moved to matthew.mcleltrim@my.jcu.info (in reply to RCPT TO command))
Dec 15 08:28:57 phoenix postfix/cleanup[31175]: C07FD1100E92: message-id=<20141214212857.C07FD1100E92@dmnesisparty.co.uk>
Dec 15 08:28:57 phoenix postfix/bounce[30766]: E0C841105D48: sender non-delivery notification: C07FD1100E92
Dec 15 08:28:57 phoenix postfix/qmgr[28945]: C07FD1100E92: from=<>, size=24223, nrcpt=1 (queue active)
Dec 15 08:28:57 phoenix postfix/cleanup[31307]: C16BA1100E93: message-id=<20141214212857.C16BA1100E93@dmnesisparty.co.uk>
Dec 15 08:28:57 phoenix postfix/bounce[30766]: E0C841105D48: postmaster non-delivery notification: C16BA1100E93
Dec 15 08:28:57 phoenix postfix/qmgr[28945]: C16BA1100E93: from=<double-boutrim@dmnesisparty.co.uk>, size=2613, nrcpt=1 (queue active)
Dec 15 08:28:57 phoenix postfix/qmgr[28945]: E0C841105D48: removed
Dec 15 08:29:00 phoenix postfix/smtp[29058]: 6794B1104C3E: to=<snipquelitrim@dmn.info>, relay=smtp-gateway.uow.info[130.130.213.6]:25, delay=351169, delays=347633/3535/0.29/0.26, dsn=2.0.0, status=sent (250 MFD63417 Message accepted for delivery)
Dec 15 08:29:00 phoenix postfix/qmgr[28945]: 6794B1104C3E: removed
Dec 15 08:29:01 phoenix postfix/smtp[31174]: 3BE5D1100F56: to=<sniptyboutrim@dmnesisparty.co.uk>, orig_to=<sniptybounce>, relay=testrelay.l.google.com[74.125.31.123]:25, delay=778, delays=0/775/2.1/0.92, dsn=2.0.0, status=sent (250 2.0.0 OK 1418592541 my7si11109445pdb.197 - gsmtp)
Dec 15 08:29:01 phoenix postfix/qmgr[28945]: 3BE5D1100F56: removed
Dec 15 08:29:01 phoenix postfix/smtp[29041]: 4F6261103883: to=<snipole.Whitehotrim@dmnkin.info>, relay=testrelayn-edu-au.mail.protection.outlook.com[213.199.154.123]:25, delay=330316, delays=326778/3529/2.9/5.3, dsn=5.4.1, status=bounced (host deakin-edu-au.mail.protection.outlook.com[213.199.154.87] said: 550 5.4.1 [Nicole.Whitehotrim@dmnkin.info]: Recipient address rejected: Access denied (in reply to RCPT TO command))
Dec 15 08:29:05 phoenix postfix/smtp[31174]: 3BE391100F55: to=<sniptyboutrim@dmnesisparty.co.uk>, orig_to=<sniptybounce>, relay=testrelay.l.google.com[74.125.31.123]:25, delay=782, delays=0/779/2.1/0.91, dsn=2.0.0, status=sent (250 2.0.0 OK 1418592545 gh4si11091877pbb.191 - gsmtp)
Dec 15 08:29:05 phoenix postfix/qmgr[28945]: 3BE391100F55: removed
Dec 15 08:29:09 phoenix postfix/smtp[31174]: 00D731100EB4: to=<sniprim@dmnesisparty.co.uk>, relay=testrelay.l.google.com[74.125.31.123]:25, delay=745, delays=0/742/2.1/0.8, dsn=2.0.0, status=sent (250 2.0.0 OK 1418592549 uh8si11110690pab.198 - gsmtp)
Dec 15 08:29:09 phoenix postfix/qmgr[28945]: 00D731100EB4: removed
Dec 15 08:29:12 phoenix postfix/cleanup[31175]: 330FB1100E97: message-id=<20141214212912.330FB1100E97@dmnesisparty.co.uk>
Dec 15 08:29:12 phoenix postfix/bounce[30766]: 4F6261103883: sender non-delivery notification: 330FB1100E97
Dec 15 08:29:12 phoenix postfix/qmgr[28945]: 330FB1100E97: from=<>, size=24243, nrcpt=1 (queue active)
Dec 15 08:29:12 phoenix postfix/cleanup[31307]: 33E751100E9C: message-id=<20141214212912.33E751100E9C@dmnesisparty.co.uk>
Dec 15 08:29:12 phoenix postfix/bounce[30766]: 4F6261103883: postmaster non-delivery notification: 33E751100E9C
Dec 15 08:29:12 phoenix postfix/qmgr[28945]: 33E751100E9C: from=<double-boutrim@dmnesisparty.co.uk>, size=2623, nrcpt=1 (queue active)
Dec 15 08:29:12 phoenix postfix/qmgr[28945]: 4F6261103883: removed
Dec 15 08:29:12 phoenix postfix/smtp[29104]: 49A561100E2B: to=<snipha.Trim@dmnt.info>, relay=rmit.info.s10a1.psmtp.com[74.125.244.123]:25, delay=337603, delays=334054/3544/1.2/4, dsn=2.0.0, status=sent (250 Thanks)
Dec 15 08:29:13 phoenix postfix/qmgr[28945]: 49A561100E2B: removed
Dec 15 08:29:13 phoenix postfix/smtp[31174]: 01E1F1100ED0: to=<sniptyboutrim@dmnesisparty.co.uk>, orig_to=<sniptybounce>, relay=testrelay.l.google.com[74.125.31.123]:25, delay=749, delays=0/746/2.1/0.98, dsn=2.0.0, status=sent (250 2.0.0 OK 1418592553 qg8si8183056pdb.190 - gsmtp)
Dec 15 08:29:13 phoenix postfix/qmgr[28945]: 01E1F1100ED0: removed
Dec 15 08:29:13 phoenix postfix/smtp[29058]: 406401106F3D: to=<H.Woolltrim@dmn.info>, relay=ex10ed01.qut.info[131.181.191.123]:25, delay=291379, delays=287829/3549/0.29/0.45, dsn=2.6.0, status=sent (250 2.6.0 <8662050ddab4d4a732c0dbf50c0a8ac7@dmnnts.shared.net.au> Queued mail for delivery)
Dec 15 08:29:13 phoenix postfix/qmgr[28945]: 406401106F3D: removed
Dec 15 08:29:13 phoenix postfix/smtp[28970]: 1031D1109BDB: to=<sniprina.Ratrim@dmn.info>, relay=mail-ext-in2.uwa.info[130.95.128.123]:25, delay=352932, delays=349382/3549/0.52/0.33, dsn=2.0.0, status=sent (250 ok:  Message 114601260 accepted)
Dec 15 08:29:14 phoenix postfix/qmgr[28945]: 1031D1109BDB: removed
Dec 15 08:29:16 phoenix postfix/smtp[31174]: 7D8371100EFC: to=<sniprim@dmnesisparty.co.uk>, relay=testrelay.l.google.com[74.125.31.123]:25, delay=747, delays=0/745/1.9/0.76, dsn=2.0.0, status=sent (250 2.0.0 OK 1418592556 ek16si10106999pac.200 - gsmtp)
Dec 15 08:29:16 phoenix postfix/qmgr[28945]: 7D8371100EFC: removed
Dec 15 08:29:20 phoenix postfix/smtp[31174]: 7E9FC1100F57: to=<sniptyboutrim@dmnesisparty.co.uk>, orig_to=<sniptybounce>, relay=testrelay.l.google.com[74.125.31.123]:25, delay=751, delays=0/748/2.2/0.96, dsn=2.0.0, status=sent (250 2.0.0 OK 1418592560 xp10si7978603pab.2 - gsmtp)
Dec 15 08:29:20 phoenix postfix/qmgr[28945]: 7E9FC1100F57: removed
Dec 15 08:29:24 phoenix postfix/smtp[29104]: 48B33110544B: to=<snipid.OReitrim@dmnash.edu>, relay=mx.its.monash.info[130.194.11.1.123]:25, delay=297110, delays=293550/3559/1.2/0.12, dsn=2.0.0, status=sent (250 2.0.0 Ok: queued as B6144546BDA)
Dec 15 08:29:24 phoenix postfix/qmgr[28945]: 48B33110544B: removed
Dec 15 08:29:24 phoenix postfix/smtp[31174]: 20BE31100F5A: to=<sniprim@dmnesisparty.co.uk>, relay=testrelay.l.google.com[74.125.31.123]:25, delay=752, delays=0/749/2.1/0.81, dsn=2.0.0, status=sent (250 2.0.0 OK 1418592564 iq8si11034984pbc.230 - gsmtp)
Dec 15 08:29:24 phoenix postfix/qmgr[28945]: 20BE31100F5A: removed
Dec 15 08:29:26 phoenix postfix/smtp[29041]: 415191103CBC: to=<snipissa.Sttrim@dmnwhite.com>, relay=testrelay.l.google.com[74.125.31.123]:25, delay=364209, delays=360647/3559/2.4/1.2, dsn=2.0.0, status=sent (250 2.0.0 OK 1418592565 ez9si11204886pab.128 - gsmtp)
Dec 15 08:29:26 phoenix postfix/qmgr[28945]: 415191103CBC: removed
Dec 15 08:29:28 phoenix postfix/smtp[31174]: 21AE71100F5B: to=<sniptyboutrim@dmnesisparty.co.uk>, orig_to=<sniptybounce>, relay=testrelay.l.google.com[74.125.31.123]:25, delay=756, delays=0/753/2.1/0.98, dsn=2.0.0, status=sent (250 2.0.0 OK 1418592568 qu3si11268455pbc.58 - gsmtp)
Dec 15 08:29:28 phoenix postfix/qmgr[28945]: 21AE71100F5B: removed
Dec 15 08:29:32 phoenix postfix/smtp[31174]: 863EA1100F59: to=<sniprim@dmnesisparty.co.uk>, relay=testrelay.l.google.com[74.125.31.123]:25, delay=757, delays=0/754/2.1/1, dsn=2.0.0, status=sent (250 2.0.0 OK 1418592572 sf6si11132071pbc.158 - gsmtp)
Dec 15 08:29:32 phoenix postfix/qmgr[28945]: 863EA1100F59: removed
Dec 15 08:29:36 phoenix postfix/smtp[31174]: 876471100F5D: to=<sniptyboutrim@dmnesisparty.co.uk>, orig_to=<sniptybounce>, relay=testrelay.l.google.com[74.125.31.123]:25, delay=761, delays=0/758/2/0.91, dsn=2.0.0, status=sent (250 2.0.0 OK 1418592576 pc9si11344747pac.24 - gsmtp)
Dec 15 08:29:36 phoenix postfix/qmgr[28945]: 876471100F5D: removed
Dec 15 08:29:41 phoenix postfix/smtp[31174]: 5A3961100935: to=<sniprim@dmnesisparty.co.uk>, relay=testrelay.l.google.com[74.125.31.123]:25, delay=677, delays=0/673/2.4/0.89, dsn=2.0.0, status=sent (250 2.0.0 OK 1418592580 w8si11246632pde.95 - gsmtp)
Dec 15 08:29:41 phoenix postfix/qmgr[28945]: 5A3961100935: removed
Dec 15 08:29:45 phoenix postfix/smtp[31174]: 5B1AF110094D: to=<sniptyboutrim@dmnesisparty.co.uk>, orig_to=<sniptybounce>, relay=testrelay.l.google.com[74.125.31.123]:25, delay=681, delays=0/678/2.2/1.1, dsn=2.0.0, status=sent (250 2.0.0 OK 1418592584 ut3si11117787pab.193 - gsmtp)
Dec 15 08:29:45 phoenix postfix/qmgr[28945]: 5B1AF110094D: removed
Dec 15 08:29:49 phoenix postfix/smtp[31174]: 159801100470: to=<sniprim@dmnesisparty.co.uk>, relay=testrelay.l.google.com[74.125.31.123]:25, delay=676, delays=0/673/2.1/0.81, dsn=2.0.0, status=sent (250 2.0.0 OK 1418592588 ua2si2377232pab.180 - gsmtp)
Dec 15 08:29:49 phoenix postfix/qmgr[28945]: 159801100470: removed
Dec 15 08:29:53 phoenix postfix/smtp[31174]: 1678A1100954: to=<sniptyboutrim@dmnesisparty.co.uk>, orig_to=<sniptybounce>, relay=testrelay.l.google.com[74.125.31.123]:25, delay=680, delays=0/677/2/0.9, dsn=2.0.0, status=sent (250 2.0.0 OK 1418592592 qc4si11079784pbb.198 - gsmtp)
Dec 15 08:29:53 phoenix postfix/qmgr[28945]: 1678A1100954: removed
Dec 15 08:29:57 phoenix postfix/smtp[31174]: 183C21100A28: to=<sniprim@dmnesisparty.co.uk>, relay=testrelay.l.google.com[74.125.31.123]:25, delay=683, delays=0/680/2.1/0.82, dsn=2.0.0, status=sent (250 2.0.0 OK 1418592596 te6si11044630pbc.227 - gsmtp)
Dec 15 08:29:57 phoenix postfix/qmgr[28945]: 183C21100A28: removed
Dec 15 08:29:57 phoenix postfix/smtp[29058]: 88A7A1103720: to=<N.Owltrim@dmnmelb.info>, relay=testrelaylb-edu-au.mail.protection.outlook.com[213.199.154.123]:25, delay=316368, delays=312775/3587/3/3.1, dsn=2.6.0, status=sent (250 2.6.0 <82bed3d21ae3c9fd5171898dbdf6919c@dmnnts.shared.net.au> [InternalId=7735236102184, Hostname=HKNPR04MB0609.apcprd04.prod.outlook.com] Queued mail for delivery)
Dec 15 08:29:57 phoenix postfix/qmgr[28945]: 88A7A1103720: removed
Dec 15 08:30:01 phoenix postfix/smtp[31174]: 192E01100B7A: to=<sniptyboutrim@dmnesisparty.co.uk>, orig_to=<sniptybounce>, relay=testrelay.l.google.com[74.125.31.123]:25, delay=687, delays=0/684/1.9/0.85, dsn=2.0.0, status=sent (250 2.0.0 OK 1418592600 yx10si11106348pab.203 - gsmtp)
Dec 15 08:30:01 phoenix postfix/qmgr[28945]: 192E01100B7A: removed
Dec 15 08:30:05 phoenix postfix/smtp[31174]: 1A4281100B86: to=<sniprim@dmnesisparty.co.uk>, relay=testrelay.l.google.com[74.125.31.123]:25, delay=691, delays=0/688/2.1/0.87, dsn=2.0.0, status=sent (250 2.0.0 OK 1418592604 pt5si11267700pbb.56 - gsmtp)
Dec 15 08:30:05 phoenix postfix/qmgr[28945]: 1A4281100B86: removed
Dec 15 08:30:06 phoenix postfix/smtp[29104]: D13241108F67: to=<sniptt.Eactrim@dmncastle.info>, relay=testrelaystle-edu-au.mail.protection.outlook.com[213.199.154.123]:25, delay=358994, delays=355391/3595/3.3/4.2, dsn=2.6.0, status=sent (250 2.6.0 <5261fc7c17eeb58a3487da4dc05dff5f@dmnnts.shared.net.au> [InternalId=8697308775569, Hostname=SIXPR04MB0431.apcprd04.prod.outlook.com] Queued mail for delivery)
Dec 15 08:30:06 phoenix postfix/qmgr[28945]: D13241108F67: removed
Dec 15 08:30:08 phoenix postfix/smtp[31174]: 1ACAA1100BCC: to=<sniprim@dmnesisparty.co.uk>, relay=testrelay.l.google.com[74.125.31.123]:25, delay=695, delays=0/692/2.1/0.75, dsn=2.0.0, status=sent (250 2.0.0 OK 1418592608 qf2si3403475pbb.159 - gsmtp)
Dec 15 08:30:08 phoenix postfix/qmgr[28945]: 1ACAA1100BCC: removed
Dec 15 08:30:09 phoenix postfix/scache[29120]: statistics: start interval Dec 15 08:20:09
Dec 15 08:30:09 phoenix postfix/scache[29120]: statistics: domain lookup hits=0 miss=148 success=0%
Dec 15 08:30:12 phoenix postfix/smtp[31174]: 1B6981100C56: to=<sniptyboutrim@dmnesisparty.co.uk>, orig_to=<sniptybounce>, relay=testrelay.l.google.com[74.125.31.123]:25, delay=699, delays=0/696/2/0.93, dsn=2.0.0, status=sent (250 2.0.0 OK 1418592612 fk5si11228487pab.110 - gsmtp)
Dec 15 08:30:12 phoenix postfix/qmgr[28945]: 1B6981100C56: removed
Dec 15 08:30:13 phoenix postfix/smtp[29058]: E51651105151: to=<snipelle.Harttrim@dmn.info>, relay=mail.usq.info[139.86.9.1.123]:25, delay=356494, delays=352886/3608/0.15/0.2, dsn=2.0.0, status=sent (250 2.0.0 Ok: queued as C789453108_48E0164F)
Dec 15 08:30:13 phoenix postfix/qmgr[28945]: E51651105151: removed
Dec 15 08:30:13 phoenix postfix/smtp[28970]: 1CB701106926: to=<B.Juswatrim@dmntin.info>, relay=testrelayn-edu-au.mail.eo.outlook.com[213.199.154.123]:25, delay=377544, delays=373935/3600/2.9/6.2, dsn=2.6.0, status=sent (250 2.6.0 <c6005e181191938796bcf6498a452ed1@dmnnts.shared.net.au> [InternalId=25477746000763, Hostname=HKNPR02MB369.apcprd02.prod.outlook.com] Queued mail for delivery)
Dec 15 08:30:13 phoenix postfix/qmgr[28945]: 1CB701106926: removed
Dec 15 08:30:16 phoenix postfix/smtp[31174]: 1BB541100C5B: to=<sniprim@dmnesisparty.co.uk>, relay=testrelay.l.google.com[74.125.31.123]:25, delay=702, delays=0/699/2.1/0.83, dsn=2.0.0, status=sent (250 2.0.0 OK 1418592615 ak3si11223601pbc.91 - gsmtp)
Dec 15 08:30:16 phoenix postfix/qmgr[28945]: 1BB541100C5B: removed
Dec 15 08:30:19 phoenix postfix/smtp[31174]: 1B61D1100BD1: to=<sniprim@dmnesisparty.co.uk>, relay=testrelay.l.google.com[74.125.31.123]:25, delay=706, delays=0/703/1.9/0.76, dsn=2.0.0, status=sent (250 2.0.0 OK 1418592619 ra6si11265580pbb.60 - gsmtp)
Dec 15 08:30:19 phoenix postfix/qmgr[28945]: 1B61D1100BD1: removed
Dec 15 08:30:23 phoenix postfix/smtp[31438]: 1C1F81100C60: to=<sniptyboutrim@dmnesisparty.co.uk>, orig_to=<sniptybounce>, relay=testrelay.l.google.com[74.125.31.123]:25, delay=709, delays=0/707/1.9/0.85, dsn=2.0.0, status=sent (250 2.0.0 OK 1418592623 pw1si11126055pbb.163 - gsmtp)
Dec 15 08:30:23 phoenix postfix/qmgr[28945]: 1C1F81100C60: removed
Dec 15 08:30:27 phoenix postfix/smtp[31438]: 1C4CD1100C83: to=<sniptyboutrim@dmnesisparty.co.uk>, orig_to=<sniptybounce>, relay=testrelay.l.google.com[74.125.31.123]:25, delay=713, delays=0/710/2.1/0.92, dsn=2.0.0, status=sent (250 2.0.0 OK 1418592627 xy7si11254382pab.91 - gsmtp)
Dec 15 08:30:27 phoenix postfix/qmgr[28945]: 1C4CD1100C83: removed
Dec 15 08:30:28 phoenix postfix/smtp[29104]: B72E81105D2F: to=<snipnqiao.Lu@dmn.info>, relay=smtp-in.jcu.info[137.219.20.123]:25, delay=301515, delays=297891/3623/0.17/0.68, dsn=2.0.0, status=sent (250 2.0.0 Ok: queued as CF185250002)
Dec 15 08:30:28 phoenix postfix/qmgr[28945]: B72E81105D2F: removed
Dec 15 08:30:30 phoenix postfix/smtp[29041]: 133DA1109ED8: to=<sniptrim@dmn.info>, relay=smtp-gateway.uow.info[130.130.213.6]:25, delay=351520, delays=347894/3626/0.27/0.29, dsn=2.0.0, status=sent (250 MFD63611 Message accepted for delivery)
Dec 15 08:30:31 phoenix postfix/qmgr[28945]: 133DA1109ED8: removed
Dec 15 08:30:31 phoenix postfix/smtp[31438]: 1C9DB1100C84: to=<sniptyboutrim@dmnesisparty.co.uk>, orig_to=<sniptybounce>, relay=testrelay.l.google.com[74.125.31.123]:25, delay=717, delays=0/714/2.1/0.97, dsn=2.0.0, status=sent (250 2.0.0 OK 1418592630 kb6si11341961pad.26 - gsmtp)
Dec 15 08:30:31 phoenix postfix/qmgr[28945]: 1C9DB1100C84: removed
Dec 15 08:30:35 phoenix postfix/smtp[31438]: 597511100C93: to=<sniprim@dmnesisparty.co.uk>, relay=testrelay.l.google.com[74.125.31.123]:25, delay=711, delays=0/708/2.1/0.84, dsn=2.0.0, status=sent (250 2.0.0 OK 1418592634 v11si11287723pas.66 - gsmtp)
Dec 15 08:30:35 phoenix postfix/qmgr[28945]: 597511100C93: removed
Dec 15 08:30:39 phoenix postfix/smtp[31438]: 5A8701100C95: to=<sniptyboutrim@dmnesisparty.co.uk>, orig_to=<sniptybounce>, relay=testrelay.l.google.com[74.125.31.123]:25, delay=715, delays=0/712/2/0.91, dsn=2.0.0, status=sent (250 2.0.0 OK 1418592638 bc3si11079069pbb.199 - gsmtp)
Dec 15 08:30:39 phoenix postfix/qmgr[28945]: 5A8701100C95: removed
Dec 15 08:30:43 phoenix postfix/smtp[31438]: 498D51100D0A: to=<sniprim@dmnesisparty.co.uk>, relay=testrelay.l.google.com[74.125.31.123]:25, delay=610, delays=0.01/607/1.9/0.76, dsn=2.0.0, status=sent (250 2.0.0 OK 1418592642 ex9si11177425pdb.148 - gsmtp)
Dec 15 08:30:43 phoenix postfix/qmgr[28945]: 498D51100D0A: removed
Dec 15 08:30:43 phoenix postfix/smtp[28970]: E0ADF1101187: to=<M.Bosttrim@dmn.info>, relay=ex10ed03.qut.info[131.181.191.123]:25, delay=320738, delays=317099/3638/0.34/0.44, dsn=2.6.0, status=sent (250 2.6.0 <2326d690ac7e660b30af38aa77096da3@dmnnts.shared.net.au> Queued mail for delivery)
Dec 15 08:30:43 phoenix postfix/qmgr[28945]: E0ADF1101187: removed
Dec 15 08:30:44 phoenix postfix/smtp[29058]: 118421101071: to=<snipone.Marshtrim@dmnt.info>, relay=rmit.info.s10a1.psmtp.com[74.125.244.123]:25, delay=318908, delays=315267/3639/1.2/0.75, dsn=5.2.1, status=bounced (host rmit.info.s10a1.psmtp.com[74.125.244.10] said: 550 5.2.1 The email account that you tried to reach is disabled. fn13si11071325pdb.228 - gsmtp (in reply to RCPT TO command))
Dec 15 08:30:45 phoenix postfix/cleanup[31175]: 555F71100B86: message-id=<20141214213045.555F71100B86@dmnesisparty.co.uk>
Dec 15 08:30:45 phoenix postfix/bounce[30766]: 118421101071: sender non-delivery notification: 555F71100B86
Dec 15 08:30:45 phoenix postfix/qmgr[28945]: 555F71100B86: from=<>, size=24193, nrcpt=1 (queue active)
Dec 15 08:30:45 phoenix postfix/cleanup[31307]: 566C21100BCC: message-id=<20141214213045.566C21100TRIM@dmnesisparty.co.uk>
Dec 15 08:30:45 phoenix postfix/bounce[30766]: 118421101071: postmaster non-delivery notification: 566C21100BCC
Dec 15 08:30:45 phoenix postfix/qmgr[28945]: 566C21100BCC: from=<double-boutrim@dmnesisparty.co.uk>, size=2585, nrcpt=1 (queue active)
Dec 15 08:30:45 phoenix postfix/qmgr[28945]: 118421101071: removed
Dec 15 08:30:45 phoenix postfix/smtp[29041]: 21ED911043EE: to=<snipndan.Waddtrim@dmn.info>, relay=mail-ext-in2.uwa.info[130.95.128.123]:25, delay=352575, delays=348933/3641/0.52/0.33, dsn=2.0.0, status=sent (250 ok:  Message 114601475 accepted)
Dec 15 08:30:45 phoenix postfix/qmgr[28945]: 21ED911043EE: removed
Dec 15 08:30:47 phoenix postfix/smtp[31438]: 4AA0E1100D15: to=<sniptyboutrim@dmnesisparty.co.uk>, orig_to=<sniptybounce>, relay=testrelay.l.google.com[74.125.31.123]:25, delay=614, delays=0/611/1.9/0.92, dsn=2.0.0, status=sent (250 2.0.0 OK 1418592647 iw7si11238770pac.105 - gsmtp)
Dec 15 08:30:47 phoenix postfix/qmgr[28945]: 4AA0E1100D15: removed
Dec 15 08:30:51 phoenix postfix/smtp[31438]: ECE921100D74: to=<sniprim@dmnesisparty.co.uk>, relay=testrelay.l.google.com[74.125.31.123]:25, delay=565, delays=0/563/1.9/0.75, dsn=2.0.0, status=sent (250 2.0.0 OK 1418592650 kt3si11282317pdb.71 - gsmtp)
Dec 15 08:30:51 phoenix postfix/qmgr[28945]: ECE921100D74: removed
Dec 15 08:30:54 phoenix postfix/smtp[29104]: 255A511028DB: to=<snipikh.Rahtrim@dmnkin.info>, relay=testrelayn-edu-au.mail.protection.outlook.com[213.199.154.123]:25, delay=330600, delays=326950/3638/3.2/9.2, dsn=5.4.1, status=bounced (host deakin-edu-au.mail.protection.outlook.com[213.199.154.87] said: 550 5.4.1 [Sheikh.Rahtrim@dmnkin.info]: Recipient address rejected: Access denied (in reply to RCPT TO command))
Dec 15 08:30:55 phoenix postfix/smtp[31438]: EDD2F1100D7C: to=<sniptyboutrim@dmnesisparty.co.uk>, orig_to=<sniptybounce>, relay=testrelay.l.google.com[74.125.31.123]:25, delay=569, delays=0/566/2.1/0.91, dsn=2.0.0, status=sent (250 2.0.0 OK 1418592654 s6si11196699pdr.132 - gsmtp)
Dec 15 08:30:55 phoenix postfix/qmgr[28945]: EDD2F1100D7C: removed
Dec 15 08:30:55 phoenix postfix/smtp[28970]: AF4C71104E4A: to=<snipdy.Iskantrim@dmnash.edu>, relay=mx.its.monash.info[130.194.11.1.123]:25, delay=298040, delays=294388/3650/1.2/0.12, dsn=2.0.0, status=sent (250 2.0.0 Ok: queued as 20DA67E616E)
Dec 15 08:30:55 phoenix postfix/qmgr[28945]: AF4C71104E4A: removed
Dec 15 08:30:59 phoenix postfix/smtp[31438]: CFDF71100D83: to=<sniprim@dmnesisparty.co.uk>, relay=testrelay.l.google.com[74.125.31.123]:25, delay=549, delays=0/546/2.1/0.86, dsn=2.0.0, status=sent (250 2.0.0 OK 1418592659 fc1si11284643pbb.43 - gsmtp)
Dec 15 08:30:59 phoenix postfix/qmgr[28945]: CFDF71100D83: removed
Dec 15 08:30:59 phoenix postfix/smtp[29058]: 258B5110282F: to=<snipan.Ozvatrim@dmnwhite.com>, relay=testrelay.l.google.com[74.125.31.123]:25, delay=339196, delays=335540/3652/1.9/1.4, dsn=2.0.0, status=sent (250 2.0.0 OK 1418592659 ry1si2002542pab.140 - gsmtp)
Dec 15 08:30:59 phoenix postfix/qmgr[28945]: 258B5110282F: removed
Dec 15 08:31:03 phoenix postfix/smtp[31438]: D0F191100DB0: to=<sniptyboutrim@dmnesisparty.co.uk>, orig_to=<sniptybounce>, relay=testrelay.l.google.com[74.125.31.123]:25, delay=553, delays=0/550/1.9/0.92, dsn=2.0.0, status=sent (250 2.0.0 OK 1418592663 ig1si11229737pad.111 - gsmtp)
Dec 15 08:31:03 phoenix postfix/qmgr[28945]: D0F191100DB0: removed
Dec 15 08:31:05 phoenix postfix/cleanup[31175]: 06C0A1100C56: message-id=<20141214213105.06C0A1100C56@dmnesisparty.co.uk>
Dec 15 08:31:05 phoenix postfix/bounce[30766]: 255A511028DB: sender non-delivery notification: 06C0A1100C56
Dec 15 08:31:05 phoenix postfix/qmgr[28945]: 06C0A1100C56: from=<>, size=24203, nrcpt=1 (queue active)
Dec 15 08:31:05 phoenix postfix/cleanup[31307]: 080671100C5B: message-id=<20141214213105.080671100C5B@dmnesisparty.co.uk>
Dec 15 08:31:05 phoenix postfix/bounce[30766]: 255A511028DB: postmaster non-delivery notification: 080671100C5B
Dec 15 08:31:05 phoenix postfix/qmgr[28945]: 080671100C5B: from=<double-boutrim@dmnesisparty.co.uk>, size=2595, nrcpt=1 (queue active)
Dec 15 08:31:05 phoenix postfix/qmgr[28945]: 255A511028DB: removed
Dec 15 08:31:07 phoenix postfix/smtp[31438]: 293ED1100DDD: to=<sniprim@dmnesisparty.co.uk>, relay=testrelay.l.google.com[74.125.31.123]:25, delay=449, delays=0.01/446/2.1/0.99, dsn=2.0.0, status=sent (250 2.0.0 OK 1418592667 ag17si11226875pac.113 - gsmtp)
Dec 15 08:31:07 phoenix postfix/qmgr[28945]: 293ED1100DDD: removed
Dec 15 08:31:12 phoenix postfix/smtp[31438]: 2B4351100DE2: to=<sniptyboutrim@dmnesisparty.co.uk>, orig_to=<sniptybounce>, relay=testrelay.l.google.com[74.125.31.123]:25, delay=453, delays=0/450/2.2/0.97, dsn=2.0.0, status=sent (250 2.0.0 OK 1418592671 h5si11096741pdr.208 - gsmtp)
Dec 15 08:31:12 phoenix postfix/qmgr[28945]: 2B4351100DE2: removed
Dec 15 08:31:16 phoenix postfix/smtp[31438]: 045331100DEA: to=<sniprim@dmnesisparty.co.uk>, relay=testrelay.l.google.com[74.125.31.123]:25, delay=437, delays=0/434/2.1/0.98, dsn=2.0.0, status=sent (250 2.0.0 OK 1418592675 ri11si11301205pbb.33 - gsmtp)
Dec 15 08:31:16 phoenix postfix/qmgr[28945]: 045331100DEA: removed
Dec 15 08:31:20 phoenix postfix/smtp[31438]: 056811100DF0: to=<sniptyboutrim@dmnesisparty.co.uk>, orig_to=<sniptybounce>, relay=testrelay.l.google.com[74.125.31.123]:25, delay=441, delays=0/438/2/0.9, dsn=2.0.0, status=sent (250 2.0.0 OK 1418592679 pw1si11128057pbb.163 - gsmtp)
Dec 15 08:31:20 phoenix postfix/qmgr[28945]: 056811100DF0: removed
Dec 15 08:31:23 phoenix postfix/smtp[31438]: 262D61100DF8: to=<sniprim@dmnesisparty.co.uk>, relay=testrelay.l.google.com[74.125.31.123]:25, delay=434, delays=0/431/2.1/0.81, dsn=2.0.0, status=sent (250 2.0.0 OK 1418592683 lk3si11321149pab.43 - gsmtp)
Dec 15 08:31:23 phoenix postfix/qmgr[28945]: 262D61100DF8: removed
Dec 15 08:31:27 phoenix postfix/smtp[31438]: 26F5E1100DFA: to=<sniptyboutrim@dmnesisparty.co.uk>, orig_to=<sniptybounce>, relay=testrelay.l.google.com[74.125.31.123]:25, delay=438, delays=0/435/2.1/0.91, dsn=2.0.0, status=sent (250 2.0.0 OK 1418592687 ey6si11261581pab.89 - gsmtp)
Dec 15 08:31:27 phoenix postfix/qmgr[28945]: 26F5E1100DFA: removed
Dec 15 08:31:31 phoenix postfix/smtp[31438]: B1C2C1100E28: to=<sniprim@dmnesisparty.co.uk>, relay=testrelay.l.google.com[74.125.31.123]:25, delay=425, delays=0/422/1.9/0.75, dsn=2.0.0, status=sent (250 2.0.0 OK 1418592691 rw10si11242294pab.104 - gsmtp)
Dec 15 08:31:31 phoenix postfix/qmgr[28945]: B1C2C1100E28: removed
Dec 15 08:31:34 phoenix postfix/smtp[28970]: C78271104E18: to=<J.Poletrim@dmnmelb.info>, relay=testrelaylb-edu-au.mail.protection.outlook.com[213.199.154.123]:25, delay=316400, delays=312709/3684/3/3.5, dsn=2.6.0, status=sent (250 2.6.0 <0978fd7e0149f81f6b02c4f6ce97549e@dmnnts.shared.net.au> [InternalId=8220567406770, Hostname=HKXPR04MB0616.apcprd04.prod.outlook.com] Queued mail for delivery)
Dec 15 08:31:34 phoenix postfix/qmgr[28945]: C78271104E18: removed
Dec 15 08:31:35 phoenix postfix/smtp[31438]: B2D2D1100E2D: to=<sniptyboutrim@dmnesisparty.co.uk>, orig_to=<sniptybounce>, relay=testrelay.l.google.com[74.125.31.123]:25, delay=429, delays=0/426/1.9/0.86, dsn=2.0.0, status=sent (250 2.0.0 OK 1418592694 fk4si11036910pbb.236 - gsmtp)
Dec 15 08:31:35 phoenix postfix/qmgr[28945]: B2D2D1100E2D: removed
Dec 15 08:31:38 phoenix postfix/smtp[31438]: ED6181100303: to=<sniprim@dmnesisparty.co.uk>, relay=testrelay.l.google.com[74.125.31.123]:25, delay=351, delays=0/348/1.9/0.74, dsn=2.0.0, status=sent (250 2.0.0 OK 1418592698 wc9si1706692pab.213 - gsmtp)
Dec 15 08:31:38 phoenix postfix/qmgr[28945]: ED6181100303: removed
Dec 15 08:31:42 phoenix postfix/smtp[31438]: EE7D81100305: to=<sniptyboutrim@dmnesisparty.co.uk>, orig_to=<sniptybounce>, relay=testrelay.l.google.com[74.125.31.123]:25, delay=355, delays=0/352/2/0.96, dsn=2.0.0, status=sent (250 2.0.0 OK 1418592702 pl6si11338699pdb.31 - gsmtp)
Dec 15 08:31:42 phoenix postfix/qmgr[28945]: EE7D81100305: removed
Dec 15 08:31:43 phoenix postfix/smtp[29104]: 8BE7A1108F3C: to=<snipin.Ctrim@dmncastle.info>, relay=testrelaystle-edu-au.mail.protection.outlook.com[213.199.154.123]:25, delay=359175, delays=355475/3692/3.9/3.4, dsn=2.6.0, status=sent (250 2.6.0 <1c6e61f2c3d05282132c924cc025aa18@dmnnts.shared.net.au> [InternalId=67555540599700, Hostname=SIXPR04MB062.apcprd04.prod.outlook.com] Queued mail for delivery)
Dec 15 08:31:43 phoenix postfix/qmgr[28945]: 8BE7A1108F3C: removed
Dec 15 08:31:46 phoenix postfix/smtp[31438]: CC1C91100E06: to=<sniprim@dmnesisparty.co.uk>, relay=testrelay.l.google.com[74.125.31.123]:25, delay=350, delays=0/347/2/0.79, dsn=2.0.0, status=sent (250 2.0.0 OK 1418592705 zv7si11357772pac.17 - gsmtp)
Dec 15 08:31:46 phoenix postfix/qmgr[28945]: CC1C91100E06: removed
Dec 15 08:31:50 phoenix postfix/smtp[31438]: CCEE51100E33: to=<sniptyboutrim@dmnesisparty.co.uk>, orig_to=<sniptybounce>, relay=testrelay.l.google.com[74.125.31.123]:25, delay=353, delays=0/351/1.9/0.86, dsn=2.0.0, status=sent (250 2.0.0 OK 1418592709 my7si11115603pdb.197 - gsmtp)
Dec 15 08:31:50 phoenix postfix/qmgr[28945]: CCEE51100E33: removed
Dec 15 08:31:50 phoenix postfix/smtp[29058]: 2E93511067AC: to=<snipx.Baxtrim@dmntin.info>, relay=testrelayn-edu-au.mail.eo.outlook.com[213.199.154.123]:25, delay=378448, delays=374742/3699/3.2/3.7, dsn=2.6.0, status=sent (250 2.6.0 <260483beba86a7bd4767d6a57fc40196@dmnnts.shared.net.au> [InternalId=29158532973663, Hostname=HKNPR02MB324.apcprd02.prod.outlook.com] Queued mail for delivery)
Dec 15 08:31:50 phoenix postfix/qmgr[28945]: 2E93511067AC: removed
Dec 15 08:31:54 phoenix postfix/smtp[31438]: 5C32F11001AF: to=<sniprim@dmnesisparty.co.uk>, relay=testrelay.l.google.com[74.125.31.123]:25, delay=350, delays=0/347/1.9/0.76, dsn=2.0.0, status=sent (250 2.0.0 OK 1418592713 hm4si11346924pac.25 - gsmtp)
Dec 15 08:31:54 phoenix postfix/qmgr[28945]: 5C32F11001AF: removed
Dec 15 08:31:58 phoenix postfix/smtp[31438]: 5D14E1100E36: to=<sniptyboutrim@dmnesisparty.co.uk>, orig_to=<sniptybounce>, relay=testrelay.l.google.com[74.125.31.123]:25, delay=354, delays=0/351/2.4/0.9, dsn=2.0.0, status=sent (250 2.0.0 OK 1418592717 dx5si11126747pab.190 - gsmtp)
Dec 15 08:31:58 phoenix postfix/qmgr[28945]: 5D14E1100E36: removed
Dec 15 08:31:58 phoenix postfix/smtp[29104]: DA5001105677: to=<snipris.Abbtrim@dmn.info>, relay=smtp-in.jcu.info[137.219.20.123]:25, delay=301929, delays=298215/3714/0.17/0.16, dsn=5.1.1, status=bounced (host smtp-in.jcu.info[137.219.20.34] said: 550 5.1.1 <Ngaris.Abbtrim@dmn.info>: Recipient address rejected: User unknown in relay recipient table (in reply to RCPT TO command))
Dec 15 08:31:58 phoenix postfix/cleanup[31175]: 758581100303: message-id=<20141214213158.758581100303@dmnesisparty.co.uk>
Dec 15 08:31:58 phoenix postfix/bounce[30766]: DA5001105677: sender non-delivery notification: 758581100303
Dec 15 08:31:58 phoenix postfix/qmgr[28945]: 758581100303: from=<>, size=24169, nrcpt=1 (queue active)
Dec 15 08:31:58 phoenix postfix/cleanup[31307]: 767B61100305: message-id=<20141214213158.767B61100305@dmnesisparty.co.uk>
Dec 15 08:31:58 phoenix postfix/bounce[30766]: DA5001105677: postmaster non-delivery notification: 767B61100305
Dec 15 08:31:58 phoenix postfix/qmgr[28945]: 767B61100305: from=<double-boutrim@dmnesisparty.co.uk>, size=2570, nrcpt=1 (queue active)
Dec 15 08:31:58 phoenix postfix/qmgr[28945]: DA5001105677: removed
Dec 15 08:32:02 phoenix postfix/smtp[28970]: BEE4D1109DE4: to=<sniprim@dmn.info>, relay=smtp-gateway.uow.info[130.130.213.6]:25, delay=352078, delays=348361/3717/0.27/0.26, dsn=2.0.0, status=sent (250 MFD63896 Message accepted for delivery)
Dec 15 08:32:02 phoenix postfix/qmgr[28945]: BEE4D1109DE4: removed
Dec 15 08:32:02 phoenix postfix/smtp[31438]: E20F81100E40: to=<sniprim@dmnesisparty.co.uk>, relay=testrelay.l.google.com[74.125.31.123]:25, delay=357, delays=0/355/2.1/0.82, dsn=2.0.0, status=sent (250 2.0.0 OK 1418592721 ud9si11062673pac.241 - gsmtp)
Dec 15 08:32:02 phoenix postfix/qmgr[28945]: E20F81100E40: removed
Dec 15 08:32:06 phoenix postfix/smtp[31438]: E319F1100E49: to=<sniptyboutrim@dmnesisparty.co.uk>, orig_to=<sniptybounce>, relay=testrelay.l.google.com[74.125.31.123]:25, delay=361, delays=0/358/2.1/0.92, dsn=2.0.0, status=sent (250 2.0.0 OK 1418592725 pc1si11355238pdb.16 - gsmtp)
Dec 15 08:32:06 phoenix postfix/qmgr[28945]: E319F1100E49: removed
Dec 15 08:32:10 phoenix postfix/smtp[31438]: 531731100E59: to=<sniprim@dmnesisparty.co.uk>, relay=testrelay.l.google.com[74.125.31.123]:25, delay=283, delays=0/280/1.9/0.76, dsn=2.0.0, status=sent (250 2.0.0 OK 1418592729 tl3si11278673pab.76 - gsmtp)
Dec 15 08:32:10 phoenix postfix/qmgr[28945]: 531731100E59: removed
Dec 15 08:32:13 phoenix postfix/smtp[29041]: D0E5711011FA: to=<K.Bradfitrim@dmn.info>, relay=ex10ed03.qut.info[131.181.191.123]:25, delay=320816, delays=317087/3728/0.26/0.24, dsn=2.6.0, status=sent (250 2.6.0 <e7fbac987115e030a0545e15a8c5c838@dmnnts.shared.net.au> Queued mail for delivery)
Dec 15 08:32:13 phoenix postfix/qmgr[28945]: D0E5711011FA: removed
Dec 15 08:32:13 phoenix postfix/smtp[31438]: 5409A1100E5D: to=<sniptyboutrim@dmnesisparty.co.uk>, orig_to=<sniptybounce>, relay=testrelay.l.google.com[74.125.31.123]:25, delay=287, delays=0/284/1.9/0.93, dsn=2.0.0, status=sent (250 2.0.0 OK 1418592733 b6si11179129pdn.151 - gsmtp)
Dec 15 08:32:13 phoenix postfix/qmgr[28945]: 5409A1100E5D: removed
Dec 15 08:32:16 phoenix postfix/smtp[29058]: 28127110991D: to=<snipedith.Bltrim@dmn.info>, relay=mail-ext-in2.uwa.info[130.95.128.123]:25, delay=354481, delays=350748/3732/0.5/0.33, dsn=2.0.0, status=sent (250 ok:  Message 114601634 accepted)
Dec 15 08:32:16 phoenix postfix/qmgr[28945]: 28127110991D: removed
Dec 15 08:32:17 phoenix postfix/smtp[31438]: 064061100DFB: to=<sniprim@dmnesisparty.co.uk>, relay=testrelay.l.google.com[74.125.31.123]:25, delay=225, delays=0/222/2.1/0.81, dsn=2.0.0, status=sent (250 2.0.0 OK 1418592737 vv1si11202084pbc.109 - gsmtp)
Dec 15 08:32:17 phoenix postfix/qmgr[28945]: 064061100DFB: removed
Dec 15 08:32:20 phoenix postfix/smtp[28970]: 521AC1103882: to=<snipdy.Morritrim@dmnt.info>, relay=rmit.info.s10a1.psmtp.com[74.125.244.123]:25, delay=338047, delays=334311/3732/1.7/2.9, dsn=2.0.0, status=sent (250 Thanks)
Dec 15 08:32:20 phoenix postfix/qmgr[28945]: 521AC1103882: removed
Dec 15 08:32:21 phoenix postfix/smtp[31438]: 072A11100E58: to=<sniptyboutrim@dmnesisparty.co.uk>, orig_to=<sniptybounce>, relay=testrelay.l.google.com[74.125.31.123]:25, delay=229, delays=0/226/2.1/0.92, dsn=2.0.0, status=sent (250 2.0.0 OK 1418592741 pv3si11159462pbb.141 - gsmtp)
Dec 15 08:32:21 phoenix postfix/qmgr[28945]: 072A11100E58: removed
Dec 15 08:32:25 phoenix postfix/smtp[31438]: 095FA1100E64: to=<sniprim@dmnesisparty.co.uk>, relay=testrelay.l.google.com[74.125.31.123]:25, delay=231, delays=0/229/1.9/0.75, dsn=2.0.0, status=sent (250 2.0.0 OK 1418592744 el5si11052494pbb.226 - gsmtp)
Dec 15 08:32:25 phoenix postfix/qmgr[28945]: 095FA1100E64: removed
Dec 15 08:32:26 phoenix postfix/smtp[29041]: D422A11066CC: to=<snipela.Rinttrim@dmnash.edu>, relay=mx.its.monash.info[130.194.11.1.123]:25, delay=297054, delays=293311/3742/1.2/0.13, dsn=2.0.0, status=sent (250 2.0.0 Ok: queued as 404277E615D)
Dec 15 08:32:26 phoenix postfix/qmgr[28945]: D422A11066CC: removed
Dec 15 08:32:29 phoenix postfix/smtp[31438]: 0A44E1100E65: to=<sniptyboutrim@dmnesisparty.co.uk>, orig_to=<sniptybounce>, relay=testrelay.l.google.com[74.125.31.123]:25, delay=235, delays=0/232/1.9/0.86, dsn=2.0.0, status=sent (250 2.0.0 OK 1418592748 vp9si8725646pab.47 - gsmtp)
Dec 15 08:32:29 phoenix postfix/qmgr[28945]: 0A44E1100E65: removed
Dec 15 08:32:32 phoenix postfix/smtp[31438]: 0B1D61100E6A: to=<sniprim@dmnesisparty.co.uk>, relay=testrelay.l.google.com[74.125.31.123]:25, delay=239, delays=0/236/1.9/0.76, dsn=2.0.0, status=sent (250 2.0.0 OK 1418592752 fy9si11155935pdb.167 - gsmtp)
Dec 15 08:32:32 phoenix postfix/qmgr[28945]: 0B1D61100E6A: removed
Dec 15 08:32:33 phoenix postfix/smtp[29058]: C6DA0110843D: to=<snipy.Psattrim@dmnwhite.com>, relay=testrelay.l.google.com[74.125.31.123]:25, delay=364630, delays=360881/3745/2.2/1.8, dsn=2.0.0, status=sent (250 2.0.0 OK 1418592752 oe5si11369777pdb.7 - gsmtp)
Dec 15 08:32:33 phoenix postfix/qmgr[28945]: C6DA0110843D: removed
Dec 15 08:32:35 phoenix postfix/smtp[31438]: 0BD821100E6C: to=<sniprim@dmnesisparty.co.uk>, relay=testrelay.l.google.com[74.125.31.123]:25, delay=242, delays=0.01/239/1.9/0.78, dsn=2.0.0, status=sent (250 2.0.0 OK 1418592755 ey6si11166493pab.160 - gsmtp)
Dec 15 08:32:35 phoenix postfix/qmgr[28945]: 0BD821100E6C: removed
Dec 15 08:32:39 phoenix postfix/smtp[31438]: 0C6FB1100E6E: to=<sniprim@dmnesisparty.co.uk>, relay=testrelay.l.google.com[74.125.31.123]:25, delay=246, delays=0.01/243/2.3/0.81, dsn=2.0.0, status=sent (250 2.0.0 OK 1418592759 vs9si11163476pbc.142 - gsmtp)
Dec 15 08:32:39 phoenix postfix/qmgr[28945]: 0C6FB1100E6E: removed
Dec 15 08:32:43 phoenix postfix/smtp[29041]: A9029110411A: to=<sniperJames.Letrim@dmnkin.info>, relay=testrelayn-edu-au.mail.protection.outlook.com[213.199.154.123]:25, delay=330899, delays=327140/3750/3/5.3, dsn=5.4.1, status=bounced (host deakin-edu-au.mail.protection.outlook.com[213.199.154.23] said: 550 5.4.1 [PeterJames.Letrim@dmnkin.info]: Recipient address rejected: Access denied (in reply to RCPT TO command))
Dec 15 08:32:43 phoenix postfix/smtp[31438]: 0CA071100E81: to=<sniptyboutrim@dmnesisparty.co.uk>, orig_to=<sniptybounce>, relay=testrelay.l.google.com[74.125.31.123]:25, delay=250, delays=0.01/247/2.1/0.92, dsn=2.0.0, status=sent (250 2.0.0 OK 1418592763 bb10si11318034pdb.46 - gsmtp)
Dec 15 08:32:43 phoenix postfix/qmgr[28945]: 0CA071100E81: removed
Dec 15 08:32:47 phoenix postfix/smtp[31438]: 0D4441100E89: to=<sniprim@dmnesisparty.co.uk>, relay=testrelay.l.google.com[74.125.31.123]:25, delay=254, delays=0.01/251/2.1/0.82, dsn=2.0.0, status=sent (250 2.0.0 OK 1418592767 fg6si11105876pad.209 - gsmtp)
Dec 15 08:32:47 phoenix postfix/qmgr[28945]: 0D4441100E89: removed
Dec 15 08:32:51 phoenix postfix/smtp[31438]: 0DC1E1100E8B: to=<sniptyboutrim@dmnesisparty.co.uk>, orig_to=<sniptybounce>, relay=testrelay.l.google.com[74.125.31.123]:25, delay=258, delays=0/255/2.2/0.96, dsn=2.0.0, status=sent (250 2.0.0 OK 1418592771 fc3si11361936pad.15 - gsmtp)
Dec 15 08:32:51 phoenix postfix/qmgr[28945]: 0DC1E1100E8B: removed
Dec 15 08:32:53 phoenix postfix/cleanup[31175]: AE6FF1100C60: message-id=<20141214213253.AE6FF1100C60@dmnesisparty.co.uk>
Dec 15 08:32:53 phoenix postfix/bounce[30766]: A9029110411A: sender non-delivery notification: AE6FF1100C60
Dec 15 08:32:53 phoenix postfix/qmgr[28945]: AE6FF1100C60: from=<>, size=24243, nrcpt=1 (queue active)
Dec 15 08:32:53 phoenix postfix/cleanup[31307]: AFC261100C83: message-id=<20141214213253.AFC261100C83@dmnesisparty.co.uk>
Dec 15 08:32:53 phoenix postfix/bounce[30766]: A9029110411A: postmaster non-delivery notification: AFC261100C83
Dec 15 08:32:53 phoenix postfix/qmgr[28945]: AFC261100C83: from=<double-boutrim@dmnesisparty.co.uk>, size=2616, nrcpt=1 (queue active)
Dec 15 08:32:53 phoenix postfix/qmgr[28945]: A9029110411A: removed
Dec 15 08:32:55 phoenix postfix/smtp[31438]: 0D5911100E8A: to=<sniptyboutrim@dmnesisparty.co.uk>, orig_to=<sniptybounce>, relay=testrelay.l.google.com[74.125.31.123]:25, delay=262, delays=0.01/259/2.1/0.92, dsn=2.0.0, status=sent (250 2.0.0 OK 1418592775 mp8si11128783pbc.170 - gsmtp)
Dec 15 08:32:55 phoenix postfix/qmgr[28945]: 0D5911100E8A: removed
Dec 15 08:33:00 phoenix postfix/smtp[31438]: 0E1E01100E8F: to=<sniptyboutrim@dmnesisparty.co.uk>, orig_to=<sniptybounce>, relay=testrelay.l.google.com[74.125.31.123]:25, delay=266, delays=0/263/2.2/1.1, dsn=2.0.0, status=sent (250 2.0.0 OK 1418592779 yw4si11146981pab.178 - gsmtp)
Dec 15 08:33:00 phoenix postfix/qmgr[28945]: 0E1E01100E8F: removed
Dec 15 08:33:04 phoenix postfix/smtp[31438]: C07FD1100E92: to=<sniprim@dmnesisparty.co.uk>, relay=testrelay.l.google.com[74.125.31.123]:25, delay=246, delays=0/243/2.1/0.88, dsn=2.0.0, status=sent (250 2.0.0 OK 1418592783 t1si11106820pdp.206 - gsmtp)
Dec 15 08:33:04 phoenix postfix/qmgr[28945]: C07FD1100E92: removed
Dec 15 08:33:07 phoenix postfix/smtp[31438]: C16BA1100E93: to=<sniptyboutrim@dmnesisparty.co.uk>, orig_to=<sniptybounce>, relay=testrelay.l.google.com[74.125.31.123]:25, delay=250, delays=0/247/1.9/0.85, dsn=2.0.0, status=sent (250 2.0.0 OK 1418592787 ax2si11015967pbc.254 - gsmtp)
Dec 15 08:33:07 phoenix postfix/qmgr[28945]: C16BA1100E93: removed
Dec 15 08:33:11 phoenix postfix/smtp[29058]: DAC621104C1D: to=<M.Smtrim@dmnmelb.info>, relay=testrelaylb-edu-au.mail.protection.outlook.com[213.199.154.123]:25, delay=316302, delays=312515/3780/3.2/3.7, dsn=2.6.0, status=sent (250 2.6.0 <c62992ccb21223150311b28a4aeb6910@dmnnts.shared.net.au> [InternalId=7924214663559, Hostname=HKNPR04MB0612.apcprd04.prod.outlook.com] Queued mail for delivery)
Dec 15 08:33:11 phoenix postfix/qmgr[28945]: DAC621104C1D: removed
Dec 15 08:33:11 phoenix postfix/smtp[31438]: 330FB1100E97: to=<sniprim@dmnesisparty.co.uk>, relay=testrelay.l.google.com[74.125.31.123]:25, delay=239, delays=0.01/237/1.9/0.75, dsn=2.0.0, status=sent (250 2.0.0 OK 1418592791 cp9si11139413pad.184 - gsmtp)
Dec 15 08:33:11 phoenix postfix/qmgr[28945]: 330FB1100E97: removed
Dec 15 08:33:15 phoenix postfix/smtp[31438]: 33E751100E9C: to=<sniptyboutrim@dmnesisparty.co.uk>, orig_to=<sniptybounce>, relay=testrelay.l.google.com[74.125.31.123]:25, delay=243, delays=0/240/1.9/0.85, dsn=2.0.0, status=sent (250 2.0.0 OK 1418592794 ez9si11213577pab.128 - gsmtp)
Dec 15 08:33:15 phoenix postfix/qmgr[28945]: 33E751100E9C: removed
Dec 15 08:33:18 phoenix postfix/smtp[31438]: 555F71100B86: to=<sniprim@dmnesisparty.co.uk>, relay=testrelay.l.google.com[74.125.31.123]:25, delay=154, delays=0/151/1.9/0.74, dsn=2.0.0, status=sent (250 2.0.0 OK 1418592798 pg1si11321857pac.46 - gsmtp)
Dec 15 08:33:18 phoenix postfix/qmgr[28945]: 555F71100B86: removed
Dec 15 08:33:21 phoenix postfix/smtp[29041]: 01B2F1107B4A: to=<snipet.LeTrim@dmncastle.info>, relay=testrelaystle-edu-au.mail.protection.outlook.com[213.199.154.123]:25, delay=274731, delays=270933/3790/3/5.4, dsn=5.4.1, status=bounced (host newcastle-edu-au.mail.protection.outlook.com[213.199.154.23] said: 550 5.4.1 [Janet.LeTrim@dmncastle.info]: Recipient address rejected: Access denied (in reply to RCPT TO command))
Dec 15 08:33:22 phoenix postfix/smtp[31438]: 566C21100BCC: to=<sniptyboutrim@dmnesisparty.co.uk>, orig_to=<sniptybounce>, relay=testrelay.l.google.com[74.125.31.123]:25, delay=157, delays=0/155/1.9/0.85, dsn=2.0.0, status=sent (250 2.0.0 OK 1418592802 zk3si11069052pbc.212 - gsmtp)
Dec 15 08:33:22 phoenix postfix/qmgr[28945]: 566C21100BCC: removed
Dec 15 08:33:26 phoenix postfix/smtp[31438]: 06C0A1100C56: to=<sniprim@dmnesisparty.co.uk>, relay=testrelay.l.google.com[74.125.31.123]:25, delay=141, delays=0.01/138/2.2/0.8, dsn=2.0.0, status=sent (250 2.0.0 OK 1418592805 j4si11260447pdg.93 - gsmtp)
Dec 15 08:33:26 phoenix postfix/qmgr[28945]: 06C0A1100C56: removed
Dec 15 08:33:27 phoenix postfix/smtp[28970]: 6FB621106B8C: to=<sniphael.Taytrim@dmntin.info>, relay=testrelayn-edu-au.mail.eo.outlook.com[213.199.154.123]:25, delay=376717, delays=372914/3797/3.3/3.2, dsn=2.6.0, status=sent (250 2.6.0 <5c271b9b32ff2ddfce0d993ac11b8597@dmnnts.shared.net.au> [InternalId=10939281704300, Hostname=HK2PR02MB0785.apcprd02.prod.outlook.com] Queued mail for delivery)
Dec 15 08:33:27 phoenix postfix/qmgr[28945]: 6FB621106B8C: removed
Dec 15 08:33:29 phoenix postfix/smtp[29058]: 3B0B71105DC1: to=<snipan.Walltrim@dmn.info>, relay=smtp-in.jcu.info[137.219.20.123]:25, delay=301440, delays=297635/3804/0.23/0.65, dsn=2.0.0, status=sent (250 2.0.0 Ok: queued as B6BC0250004)
Dec 15 08:33:29 phoenix postfix/qmgr[28945]: 3B0B71105DC1: removed
Dec 15 08:33:30 phoenix postfix/smtp[31438]: 080671100C5B: to=<sniptyboutrim@dmnesisparty.co.uk>, orig_to=<sniptybounce>, relay=testrelay.l.google.com[74.125.31.123]:25, delay=145, delays=0/142/2.1/0.98, dsn=2.0.0, status=sent (250 2.0.0 OK 1418592809 ez4si11303202pbb.37 - gsmtp)
Dec 15 08:33:30 phoenix postfix/qmgr[28945]: 080671100C5B: removed
Dec 15 08:33:32 phoenix postfix/cleanup[31175]: 3CD521100B86: message-id=<20141214213332.3CD521100B86@dmnesisparty.co.uk>
Dec 15 08:33:32 phoenix postfix/bounce[30766]: 01B2F1107B4A: sender non-delivery notification: 3CD521100B86
Dec 15 08:33:32 phoenix postfix/qmgr[28945]: 3CD521100B86: from=<>, size=24217, nrcpt=1 (queue active)
Dec 15 08:33:32 phoenix postfix/cleanup[31307]: 3DC371100BCC: message-id=<20141214213332.3DC371100TRIM@dmnesisparty.co.uk>
Dec 15 08:33:32 phoenix postfix/bounce[30766]: 01B2F1107B4A: postmaster non-delivery notification: 3DC371100BCC
Dec 15 08:33:32 phoenix postfix/qmgr[28945]: 3DC371100BCC: from=<double-boutrim@dmnesisparty.co.uk>, size=2608, nrcpt=1 (queue active)
Dec 15 08:33:32 phoenix postfix/qmgr[28945]: 01B2F1107B4A: removed
Dec 15 08:33:32 phoenix postfix/smtp[28970]: 4B80C1107EAE: to=<snipim@dmn.info>, relay=smtp-gateway.uow.info[130.130.213.6]:25, delay=273647, delays=269839/3807/0.33/0.26, dsn=2.0.0, status=sent (250 MFD64247 Message accepted for delivery)
Dec 15 08:33:32 phoenix postfix/qmgr[28945]: 4B80C1107EAE: removed
Dec 15 08:33:34 phoenix postfix/smtp[31438]: 758581100303: to=<sniprim@dmnesisparty.co.uk>, relay=testrelay.l.google.com[74.125.31.123]:25, delay=96, delays=0/93/1.9/0.77, dsn=2.0.0, status=sent (250 2.0.0 OK 1418592813 ix1si11156072pac.171 - gsmtp)
Dec 15 08:33:34 phoenix postfix/qmgr[28945]: 758581100303: removed
Dec 15 08:33:38 phoenix postfix/smtp[31438]: 767B61100305: to=<sniptyboutrim@dmnesisparty.co.uk>, orig_to=<sniptybounce>, relay=testrelay.l.google.com[74.125.31.123]:25, delay=100, delays=0/97/2.2/0.98, dsn=2.0.0, status=sent (250 2.0.0 OK 1418592817 hq6si11315846pad.50 - gsmtp)
Dec 15 08:33:38 phoenix postfix/qmgr[28945]: 767B61100305: removed
Dec 15 08:33:42 phoenix postfix/smtp[31438]: AE6FF1100C60: to=<sniprim@dmnesisparty.co.uk>, relay=testrelay.l.google.com[74.125.31.123]:25, delay=48, delays=0.01/46/2.1/0.83, dsn=2.0.0, status=sent (250 2.0.0 OK 1418592821 ib3si11246868pad.102 - gsmtp)
Dec 15 08:33:42 phoenix postfix/qmgr[28945]: AE6FF1100C60: removed
Dec 15 08:33:44 phoenix postfix/smtp[29041]: CF61D1104ACB: to=<J.Deppetrim@dmn.info>, relay=ex10ed02.qut.info[131.181.191.123]:25, delay=320582, delays=316763/3819/0.27/0.65, dsn=2.6.0, status=sent (250 2.6.0 <7bf8a54337c1814b048d961be177229b@dmnnts.shared.net.au> Queued mail for delivery)
Dec 15 08:33:44 phoenix postfix/qmgr[28945]: CF61D1104ACB: removed
Dec 15 08:33:45 phoenix postfix/smtp[31438]: AFC261100C83: to=<sniptyboutrim@dmnesisparty.co.uk>, orig_to=<sniptybounce>, relay=testrelay.l.google.com[74.125.31.123]:25, delay=52, delays=0/49/1.9/0.88, dsn=2.0.0, status=sent (250 2.0.0 OK 1418592825 mx9si11175429pdb.154 - gsmtp)
Dec 15 08:33:46 phoenix postfix/qmgr[28945]: AFC261100C83: removed
Dec 15 08:33:48 phoenix postfix/smtp[28970]: C8F9811098E4: to=<snipmas.Ardtrim@dmn.info>, relay=mail-ext-in2.uwa.info[130.95.128.123]:25, delay=354689, delays=350865/3823/0.74/0.39, dsn=2.0.0, status=sent (250 ok:  Message 114601815 accepted)
Dec 15 08:33:48 phoenix postfix/qmgr[28945]: C8F9811098E4: removed
Dec 15 08:33:50 phoenix postfix/smtp[31438]: 3CD521100B86: to=<sniprim@dmnesisparty.co.uk>, relay=testrelay.l.google.com[74.125.23.123]:25, delay=18, delays=0/15/2.1/0.89, dsn=2.0.0, status=sent (250 2.0.0 OK 1418592829 nd3si11250108pbc.80 - gsmtp)
Dec 15 08:33:50 phoenix postfix/qmgr[28945]: 3CD521100B86: removed
Dec 15 08:33:52 phoenix postfix/smtp[29058]: CED1E1104D2F: to=<snipy.Servetrim@dmnt.info>, relay=rmit.info.s10a1.psmtp.com[74.125.244.123]:25, delay=318845, delays=315017/3826/1.4/0.8, dsn=5.2.1, status=bounced (host rmit.info.s10a1.psmtp.com[74.125.244.10] said: 550 5.2.1 The email account that you tried to reach is disabled. zn6si11217952pac.126 - gsmtp (in reply to RCPT TO command))
Dec 15 08:33:52 phoenix postfix/cleanup[31175]: A73291100303: message-id=<20141214213352.A73291100303@dmnesisparty.co.uk>
Dec 15 08:33:52 phoenix postfix/bounce[30766]: CED1E1104D2F: sender non-delivery notification: A73291100303
Dec 15 08:33:52 phoenix postfix/qmgr[28945]: A73291100303: from=<>, size=24171, nrcpt=1 (queue active)
Dec 15 08:33:52 phoenix postfix/cleanup[31307]: A823B1100305: message-id=<20141214213352.A823B1100305@dmnesisparty.co.uk>
Dec 15 08:33:52 phoenix postfix/bounce[30766]: CED1E1104D2F: postmaster non-delivery notification: A823B1100305
Dec 15 08:33:52 phoenix postfix/qmgr[28945]: A823B1100305: from=<double-boutrim@dmnesisparty.co.uk>, size=2573, nrcpt=1 (queue active)
Dec 15 08:33:52 phoenix postfix/qmgr[28945]: CED1E1104D2F: removed
Dec 15 08:33:53 phoenix postfix/smtp[31438]: 3DC371100BCC: to=<sniptyboutrim@dmnesisparty.co.uk>, orig_to=<sniptybounce>, relay=testrelay.l.google.com[74.125.23.123]:25, delay=22, delays=0/19/2/0.93, dsn=2.0.0, status=sent (250 2.0.0 OK 1418592833 cp9si11140975pad.184 - gsmtp)
Dec 15