Dec 11 10:12:39 phoenix postfix/smtp[1735]: 8019F110248D: to=<bounce@OURDOMAIN.com>, relay=aspmx.l.google.com[74.125.23.26]:25, delay=70528, delays=60789/9736/2.1/0.66, dsn=2.0.0, status=sent (250 2.0.0 OK 1418253158 ig1si8841358pad.111 - gsmtp),,,,,,,
Dec 11 10:12:39 phoenix postfix/qmgr[12481]: 8019F110248D: removed,,,,,,,,,,,,
Dec 11 10:12:39 phoenix postfix/smtp[24753]: 0CB781105783: to=recipient@externaldomain.com, relay=smtp.unsw.edu.au[149.171.193.32]:25, delay=48179, delays=38430/9744/5.2/0.09, dsn=2.0.0, status=sent (250 ok:  Message 142504640 accepted),,,,,,,
Dec 11 10:12:39 phoenix postfix/qmgr[12481]: 0CB781105783: removed,,,,,,,,,,,,
Dec 11 10:12:40 phoenix postfix/cleanup[1338]: 3A0321101164: message-id=<20141210231240.3A0321101164@OURDOMAIN.com>,,,,,,,,,,,,
Dec 11 10:12:40 phoenix postfix/bounce[32626]: B20BD110392F: sender non-delivery notification: 3A0321101164,,,,,,,,,,,,
Dec 11 10:12:40 phoenix postfix/qmgr[12481]: 3A0321101164: from=<>, size=23984, nrcpt=1 (queue active),,,,,,,,,,
Dec 11 10:12:40 phoenix postfix/cleanup[1338]: 3B38A11011D5: message-id=<20141210231240.3B38A11011D5@OURDOMAIN.com>,,,,,,,,,,,,
Dec 11 10:12:40 phoenix postfix/bounce[32626]: B20BD110392F: postmaster non-delivery notification: 3B38A11011D5,,,,,,,,,,,,
Dec 11 10:12:40 phoenix postfix/qmgr[12481]: 3B38A11011D5: from=<double-bounce@OURDOMAIN.com>, size=2407, nrcpt=1 (queue active),,,,,,,,,,
Dec 11 10:12:40 phoenix postfix/qmgr[12481]: B20BD110392F: removed,,,,,,,,,,,,
Dec 11 10:12:40 phoenix postfix/smtp[26584]: 130771106210: to=recipient@externaldomain.com, relay=igwx11.cba.com.au[140.168.129.169]:25, delay=112339, delays=102593/9747/0.15/0.08, dsn=2.0.0, status=sent (250 ok:  Message 84401741 accepted),,,,,,,
Dec 11 10:12:40 phoenix postfix/smtp[1215]: 2BECC1109341: to=recipient@externaldomain.com, relay=mx2.uq.edu.au[130.102.149.161]:25, delay=17628, delays=7881/9747/0.12/0.14, dsn=2.0.0, status=sent (250 ok:  Message 46659234 accepted),,,,,,,
Dec 11 10:12:40 phoenix postfix/qmgr[12481]: 2BECC1109341: removed,,,,,,,,,,,,
Dec 11 10:12:40 phoenix postfix/qmgr[12481]: 130771106210: removed,,,,,,,,,,,,
Dec 11 10:12:41 phoenix postfix/smtp[24753]: 8AD8E110405B: to=recipient@externaldomain.com, relay=mx7.woodside.com.au[158.89.1.66]:25, delay=45703, delays=35963/9739/0.5/0.34, dsn=2.0.0, status=sent (250 ok:  Message 11520686 accepted),,,,,,,
Dec 11 10:12:41 phoenix postfix/qmgr[12481]: 8AD8E110405B: removed,,,,,,,,,,,,
Dec 11 10:12:41 phoenix postfix/smtp[26585]: 3911F1103758: to=recipient@externaldomain.com, relay=ses-nsw-gov-au.mail.protection.outlook.com[213.199.154.87]:25, delay=485, delays=0.04/478/3.4/3.2, dsn=2.6.0, status=sent (250 2.6.0 recipient@externaldomain.com [InternalId=10690173600517, Hostname=HK2PR01MB0353.apcprd01.prod.exchangelabs.com] Queued mail for delivery),,,,,,
Dec 11 10:12:41 phoenix postfix/qmgr[12481]: 3911F1103758: removed,,,,,,,,,,,,
Dec 11 10:12:41 phoenix postfix/smtp[3329]: E443211045CE: to=recipient@externaldomain.com, relay=skilled.com.au.inbound10.mxlogic.net[208.65.144.2]:25, delay=52618, delays=42879/9735/1.6/3, dsn=5.0.0, status=bounced (host skilled.com.au.inbound10.mxlogic.net[208.65.144.2] said: 554 Denied [563d8845.0.290861.00-2039.579709.p01c11m101.mxlogic.net] (Mode: normal) (in reply to end of DATA command)),,,,,,,
Dec 11 10:12:41 phoenix postfix/cleanup[1338]: CACB011011E2: message-id=<20141210231241.CACB011011E2@OURDOMAIN.com>,,,,,,,,,,,,
Dec 11 10:12:41 phoenix postfix/bounce[32626]: E443211045CE: sender non-delivery notification: CACB011011E2,,,,,,,,,,,,
Dec 11 10:12:41 phoenix postfix/qmgr[12481]: CACB011011E2: from=<>, size=24149, nrcpt=1 (queue active),,,,,,,,,,
Dec 11 10:12:41 phoenix postfix/cleanup[1338]: CB65211011E3: message-id=<20141210231241.CB65211011E3@OURDOMAIN.com>,,,,,,,,,,,,
Dec 11 10:12:41 phoenix postfix/bounce[32626]: E443211045CE: postmaster non-delivery notification: CB65211011E3,,,,,,,,,,,,
Dec 11 10:12:41 phoenix postfix/qmgr[12481]: CB65211011E3: from=<double-bounce@OURDOMAIN.com>, size=2553, nrcpt=1 (queue active),,,,,,,,,,
Dec 11 10:12:41 phoenix postfix/qmgr[12481]: E443211045CE: removed,,,,,,,,,,,,
Dec 11 10:12:42 phoenix postfix/smtp[1735]: 0143A1102655: to=<events@OURDOMAIN.com>, relay=aspmx.l.google.com[74.125.23.26]:25, delay=77332, delays=67590/9740/1.8/0.73, dsn=2.0.0, status=sent (250 2.0.0 OK 1418253161 qe9si8679917pbc.213 - gsmtp),,,,,,,
Dec 11 10:12:42 phoenix postfix/qmgr[12481]: 0143A1102655: removed,,,,,,,,,,,,
Dec 11 10:12:43 phoenix postfix/smtp[28535]: DB2821102683: to=recipient@externaldomain.com, relay=lendlease.mail.protection.outlook.com[207.46.163.170]:25, delay=66167, delays=56421/9739/2.7/3.5, dsn=2.6.0, status=sent (250 2.6.0 recipient@externaldomain.com [InternalId=49413598742330, Hostname=BY2PR01MB220.prod.exchangelabs.com] Queued mail for delivery),,,,,,
Dec 11 10:12:43 phoenix postfix/qmgr[12481]: DB2821102683: removed,,,,,,,,,,,,
Dec 11 10:12:46 phoenix postfix/smtp[1735]: A8C491103748: to=<bounce@OURDOMAIN.com>, relay=aspmx.l.google.com[74.125.23.26]:25, delay=81470, delays=71724/9743/2.1/0.65, dsn=2.0.0, status=sent (250 2.0.0 OK 1418253165 pn5si7188632pbb.72 - gsmtp),,,,,,,
Dec 11 10:12:46 phoenix postfix/qmgr[12481]: A8C491103748: removed,,,,,,,,,,,,
Dec 11 10:12:47 phoenix postfix/smtp[24753]: 22B24110748E: to=recipient@externaldomain.com, relay=ipbno.tcif.telstra.com.au[203.35.82.202]:25, delay=104239, delays=94487/9752/0.14/0.08, dsn=2.0.0, status=sent (250 ok:  Message 49933449 accepted),,,,,,,
Dec 11 10:12:47 phoenix postfix/qmgr[12481]: 22B24110748E: removed,,,,,,,,,,,,
Dec 11 10:12:47 phoenix postfix/smtp[26585]: 60C01110619A: to=recipient@externaldomain.com, relay=barracuda.power-net.com.au[103.14.95.55]:25, delay=42444, delays=32692/9751/0.24/0.47, dsn=2.0.0, status=sent (250 Ok: queued as 22D131A6A0E9),,,,,,,
Dec 11 10:12:47 phoenix postfix/qmgr[12481]: 60C01110619A: removed,,,,,,,,,,,,
Dec 11 10:12:49 phoenix postfix/smtp[1735]: EDBC811032CA: to=<bounce@OURDOMAIN.com>, relay=aspmx.l.google.com[74.125.23.26]:25, delay=57696, delays=47947/9747/2/0.62, dsn=2.0.0, status=sent (250 2.0.0 OK 1418253168 yd5si8894903pbc.53 - gsmtp),,,,,,,
Dec 11 10:12:49 phoenix postfix/qmgr[12481]: EDBC811032CA: removed,,,,,,,,,,,,
Dec 11 10:12:50 phoenix postfix/smtp[26584]: C3D581105888: to=recipient@externaldomain.com, relay=cluster4.eu.messagelabs.com[85.158.143.35]:25, delay=47625, delays=37863/9758/2.9/0.33, dsn=5.0.0, status=bounced (host cluster4.eu.messagelabs.com[85.158.143.35] said: 550 Invalid recipient recipient@externaldomain.com (#5.1.1) (in reply to RCPT TO command)),,,,,,,
Dec 11 10:12:50 phoenix postfix/cleanup[1338]: B845211011FB: message-id=<20141210231250.B845211011FB@OURDOMAIN.com>,,,,,,,,,,,,
Dec 11 10:12:50 phoenix postfix/bounce[32626]: C3D581105888: sender non-delivery notification: B845211011FB,,,,,,,,,,,,
Dec 11 10:12:50 phoenix postfix/qmgr[12481]: B845211011FB: from=<>, size=24078, nrcpt=1 (queue active),,,,,,,,,,
Dec 11 10:12:50 phoenix postfix/cleanup[1338]: B93641101203: message-id=<20141210231250.B93641101203@OURDOMAIN.com>,,,,,,,,,,,,
Dec 11 10:12:50 phoenix postfix/bounce[32626]: C3D581105888: postmaster non-delivery notification: B93641101203,,,,,,,,,,,,
Dec 11 10:12:50 phoenix postfix/qmgr[12481]: B93641101203: from=<double-bounce@OURDOMAIN.com>, size=2478, nrcpt=1 (queue active),,,,,,,,,,
Dec 11 10:12:50 phoenix postfix/qmgr[12481]: C3D581105888: removed,,,,,,,,,,,,
Dec 11 10:12:52 phoenix postfix/smtp[28535]: 376D61107039: to=recipient@externaldomain.com, relay=ramoth.cc.flinders.edu.au[129.96.252.22]:25, delay=34560, delays=24799/9761/0.17/0.14, dsn=2.0.0, status=sent (250 2.0.0 Ok: queued as 5112447C02),,,,,,,
Dec 11 10:12:52 phoenix postfix/qmgr[12481]: 376D61107039: removed,,,,,,,,,,,,
Dec 11 10:12:53 phoenix postfix/smtp[26585]: 1F9B61105DD1: to=recipient@externaldomain.com, relay=cluster1.us.messagelabs.com[216.82.254.67]:25, delay=44518, delays=34757/9758/1.9/1.4, dsn=2.0.0, status=sent (250 ok 1418253172 qp 17329 server-13.tower-196.messagelabs.com!1418253169!8883951!1),,,,,,,
Dec 11 10:12:53 phoenix postfix/smtp[3329]: 24DEE11021F8: to=recipient@externaldomain.com, relay=aapmpx07.pwc.com.au[203.11.226.12]:25, delay=57933, delays=48173/9757/0.3/3, dsn=5.1.1, status=bounced (host aapmpx07.pwc.com.au[203.11.226.12] said: 550 5.1.1 recipient@externaldomain.com: Recipient address rejected: undeliverable address: host au-aapmbx002.aap.pwcinternal.com[10.140.8.11] said: 550 John.Studley@au.pwc.com... No such user (in reply to RCPT TO command) (in reply to RCPT TO command)),,,,,,,
Dec 11 10:12:53 phoenix postfix/qmgr[12481]: 1F9B61105DD1: removed,,,,,,,,,,,,
Dec 11 10:12:53 phoenix postfix/smtp[28535]: 9C7991103083: to=recipient@externaldomain.com, relay=mx.its.monash.edu.au[130.194.11.147]:25, delay=1531, delays=0.04/1529/1.3/0.13, dsn=2.0.0, status=sent (250 2.0.0 Ok: queued as AD120766303),,,,,,,
Dec 11 10:12:53 phoenix postfix/qmgr[12481]: 9C7991103083: removed,,,,,,,,,,,,
Dec 11 10:12:53 phoenix postfix/smtp[1735]: BCE9A11013F2: to=<bounce@OURDOMAIN.com>, relay=aspmx.l.google.com[74.125.23.26]:25, delay=73929, delays=64176/9750/2.1/0.65, dsn=2.0.0, status=sent (250 2.0.0 OK 1418253172 t7si8905676pds.63 - gsmtp),,,,,,,
Dec 11 10:12:53 phoenix postfix/qmgr[12481]: BCE9A11013F2: removed,,,,,,,,,,,,
Dec 11 10:12:53 phoenix postfix/cleanup[1338]: 84EE91101214: message-id=<20141210231253.84EE91101214@OURDOMAIN.com>,,,,,,,,,,,,
Dec 11 10:12:53 phoenix postfix/bounce[32626]: 24DEE11021F8: sender non-delivery notification: 84EE91101214,,,,,,,,,,,,
Dec 11 10:12:53 phoenix postfix/qmgr[12481]: 84EE91101214: from=<>, size=24409, nrcpt=1 (queue active),,,,,,,,,,
Dec 11 10:12:53 phoenix postfix/cleanup[1338]: 859761101215: message-id=<20141210231253.859761101215@OURDOMAIN.com>,,,,,,,,,,,,
Dec 11 10:12:53 phoenix postfix/bounce[32626]: 24DEE11021F8: postmaster non-delivery notification: 859761101215,,,,,,,,,,,,
Dec 11 10:12:53 phoenix postfix/qmgr[12481]: 859761101215: from=<double-bounce@OURDOMAIN.com>, size=2811, nrcpt=1 (queue active),,,,,,,,,,
Dec 11 10:12:53 phoenix postfix/qmgr[12481]: 24DEE11021F8: removed,,,,,,,,,,,,
Dec 11 10:12:55 phoenix postfix/smtp[24753]: A842511033D3: to=recipient@externaldomain.com, relay=email2.lsre.com.au[59.100.116.137]:25, delay=2404, delays=0.04/2398/0.24/5.4, dsn=5.1.1, status=bounced (host email2.lsre.com.au[59.100.116.137] said: 550 5.1.1 User unknown (in reply to RCPT TO command)),,,,,,,
Dec 11 10:12:55 phoenix postfix/qmgr[12481]: 69E5A1102BA9: from=<events@OURDOMAIN.com>, size=22023, nrcpt=1 (queue active),,,,,,,,,,
Dec 11 10:12:57 phoenix postfix/smtp[1735]: 871651104078: to=<bounce@OURDOMAIN.com>, relay=aspmx.l.google.com[74.125.23.26]:25, delay=77847, delays=68090/9754/2/0.61, dsn=2.0.0, status=sent (250 2.0.0 OK 1418253176 ul10si3194998pac.175 - gsmtp),,,,,,,
Dec 11 10:12:57 phoenix postfix/qmgr[12481]: 871651104078: removed,,,,,,,,,,,,
Dec 11 10:12:57 phoenix postfix/smtp[26585]: 69E5A1102BA9: to=recipient@externaldomain.com, relay=none, delay=1579, delays=1577/0/1.7/0, dsn=4.4.3, status=deferred (Host or domain name not found. Name service error for name=mineralsandmetalsgroup.com.au type=MX: Host not found, try again),,,,,,
Dec 11 10:12:58 phoenix postfix/smtp[26584]: 5F77011064E9: to=recipient@externaldomain.com, relay=seaprod02.csumain.csu.edu.au[137.166.68.2]:25, delay=40389, delays=30629/9754/0.2/6.1, dsn=2.0.0, status=sent (250 2.0.0 Ok: queued as 573A647A51_488D379F),,,,,,,
Dec 11 10:12:58 phoenix postfix/qmgr[12481]: 5F77011064E9: removed,,,,,,,,,,,,
Dec 11 10:12:59 phoenix postfix/smtp[28535]: 00DE411010DE: to=recipient@externaldomain.com, relay=cluster5.us.messagelabs.com[216.82.250.99]:25, delay=460, delays=0.04/458/2/0.21, dsn=5.0.0, status=bounced (host cluster5.us.messagelabs.com[216.82.250.99] said: 550-Invalid recipient recipient@externaldomain.com 550 (#5.1.1) (in reply to RCPT TO command)),,,,,,,
Dec 11 10:12:59 phoenix postfix/smtp[3329]: 03CFB110334C: to=recipient@externaldomain.com, relay=smtp3.health.qld.gov.au[165.86.81.114]:25, delay=367, delays=0.04/366/0.61/0.8, dsn=2.0.0, status=sent (250 2.0.0 sBANCvlY012563 Message accepted for delivery),,,,,,,
Dec 11 10:12:59 phoenix postfix/qmgr[12481]: 03CFB110334C: removed,,,,,,,,,,,,
Dec 11 10:12:59 phoenix postfix/cleanup[1338]: 82BCB1101285: message-id=<20141210231259.82BCB1101285@OURDOMAIN.com>,,,,,,,,,,,,
Dec 11 10:12:59 phoenix postfix/bounce[32626]: 00DE411010DE: sender non-delivery notification: 82BCB1101285,,,,,,,,,,,,
Dec 11 10:12:59 phoenix postfix/qmgr[12481]: 82BCB1101285: from=<>, size=24174, nrcpt=1 (queue active),,,,,,,,,,
Dec 11 10:12:59 phoenix postfix/cleanup[1338]: 8BC9111012C1: message-id=<20141210231259.8BC9111012C1@OURDOMAIN.com>,,,,,,,,,,,,
Dec 11 10:12:59 phoenix postfix/bounce[32626]: 00DE411010DE: postmaster non-delivery notification: 8BC9111012C1,,,,,,,,,,,,
Dec 11 10:12:59 phoenix postfix/qmgr[12481]: 8BC9111012C1: from=<double-bounce@OURDOMAIN.com>, size=2552, nrcpt=1 (queue active),,,,,,,,,,
Dec 11 10:12:59 phoenix postfix/qmgr[12481]: 00DE411010DE: removed,,,,,,,,,,,,
Dec 11 10:13:00 phoenix postfix/smtp[26586]: connect to mail.mslawyers.com.au[203.149.77.146]:25: Connection timed out,,,,,,,,,,,,
Dec 11 10:13:00 phoenix postfix/smtp[26586]: 22A6E1102B12: to=recipient@externaldomain.com, relay=none, delay=1594, delays=1564/0/30/0, dsn=4.4.1, status=deferred (connect to mail.mslawyers.com.au[203.149.77.146]:25: Connection timed out),,,,,,,
Dec 11 10:13:01 phoenix postfix/smtp[1735]: 5A2F21101027: to=<events@OURDOMAIN.com>, relay=aspmx.l.google.com[74.125.23.26]:25, delay=62365, delays=52604/9757/2.1/0.89, dsn=2.0.0, status=sent (250 2.0.0 OK 1418253180 ds1si8699459pbb.197 - gsmtp),,,,,,,
Dec 11 10:13:01 phoenix postfix/qmgr[12481]: 5A2F21101027: removed,,,,,,,,,,,,
Dec 11 10:13:03 phoenix postfix/smtp[26584]: 6D5931103DC1: to=recipient@externaldomain.com, relay=riotinto.mail.eo.outlook.com[207.46.163.170]:25, delay=55728, delays=45960/9763/2.3/2, dsn=2.6.0, status=sent (250 2.6.0 recipient@externaldomain.com [InternalId=7997229106724, Hostname=CY1PR0401MB1451.namprd04.prod.outlook.com] Queued mail for delivery),,,,,,
Dec 11 10:13:03 phoenix postfix/qmgr[12481]: 6D5931103DC1: removed,,,,,,,,,,,,
Dec 11 10:13:03 phoenix postfix/smtp[26586]: 5EEBD11050E7: to=recipient@externaldomain.com, relay=smtp-in.jcu.edu.au[137.219.20.34]:25, delay=31942, delays=22167/9775/0.17/0.27, dsn=2.0.0, status=sent (250 2.0.0 Ok: queued as B57B9270004),,,,,,,
Dec 11 10:13:03 phoenix postfix/qmgr[12481]: 5EEBD11050E7: removed,,,,,,,,,,,,
Dec 11 10:13:03 phoenix postfix/smtp[26585]: 0ABE81109D94: to=recipient@externaldomain.com, relay=smtp-gateway.uow.edu.au[130.130.213.6]:25, delay=12698, delays=2921/9776/0.27/0.26, dsn=2.0.0, status=sent (250 MEU92070 Message accepted for delivery),,,,,,,
Dec 11 10:13:03 phoenix postfix/qmgr[12481]: 0ABE81109D94: removed,,,,,,,,,,,,
Dec 11 10:13:05 phoenix postfix/cleanup[1338]: 1B9BF11010DE: message-id=<20141210231305.1B9BF11010DE@OURDOMAIN.com>,,,,,,,,,,,,
Dec 11 10:13:05 phoenix postfix/bounce[32626]: A842511033D3: sender non-delivery notification: 1B9BF11010DE,,,,,,,,,,,,
Dec 11 10:13:05 phoenix postfix/qmgr[12481]: 1B9BF11010DE: from=<>, size=24070, nrcpt=1 (queue active),,,,,,,,,,
Dec 11 10:13:05 phoenix postfix/cleanup[1338]: 1E9B5110123E: message-id=<20141210231305.1E9B5110123E@OURDOMAIN.com>,,,,,,,,,,,,
Dec 11 10:13:05 phoenix postfix/bounce[32626]: A842511033D3: postmaster non-delivery notification: 1E9B5110123E,,,,,,,,,,,,
Dec 11 10:13:05 phoenix postfix/qmgr[12481]: 1E9B5110123E: from=<double-bounce@OURDOMAIN.com>, size=2438, nrcpt=1 (queue active),,,,,,,,,,
Dec 11 10:13:05 phoenix postfix/qmgr[12481]: A842511033D3: removed,,,,,,,,,,,,
Dec 11 10:13:05 phoenix postfix/smtp[1735]: EC4201103FE9: to=<events@OURDOMAIN.com>, relay=aspmx.l.google.com[74.125.23.26]:25, delay=55530, delays=45766/9761/2.1/0.85, dsn=2.0.0, status=sent (250 2.0.0 OK 1418253184 c8si8963167pdp.19 - gsmtp),,,,,,,
Dec 11 10:13:05 phoenix postfix/qmgr[12481]: EC4201103FE9: removed,,,,,,,,,,,,
Dec 11 10:13:07 phoenix postfix/smtp[26584]: 15E3311091ED: to=recipient@externaldomain.com, relay=frmpexc03.nd.edu.au[203.19.80.217]:25, delay=18304, delays=8526/9777/0.22/0.83, dsn=2.6.0, status=sent (250 2.6.0 recipient@externaldomain.com [InternalId=21468155] Queued mail for delivery),,,,,,,
Dec 11 10:13:07 phoenix postfix/qmgr[12481]: 15E3311091ED: removed,,,,,,,,,,,,
Dec 11 10:13:08 phoenix postfix/smtp[3329]: 882F11102FDD: to=recipient@externaldomain.com, relay=cluster4.us.messagelabs.com[216.82.242.179]:25, delay=28441, delays=18662/9775/2.5/0.94, dsn=2.0.0, status=sent (250 ok 1418253187 qp 9688 server-14.tower-86.messagelabs.com!1418253184!1247211!1),,,,,,,
Dec 11 10:13:08 phoenix postfix/qmgr[12481]: 882F11102FDD: removed,,,,,,,,,,,,
Dec 11 10:13:09 phoenix postfix/smtp[1735]: DD70D11011F2: to=<events@OURDOMAIN.com>, relay=aspmx.l.google.com[74.125.23.26]:25, delay=71867, delays=62099/9765/1.8/1.4, dsn=2.0.0, status=sent (250 2.0.0 OK 1418253188 h6si8899910pdf.66 - gsmtp),,,,,,,
Dec 11 10:13:09 phoenix postfix/qmgr[12481]: DD70D11011F2: removed,,,,,,,,,,,,
Dec 11 10:13:11 phoenix postfix/smtp[28535]: 2CC871106E8E: to=recipient@externaldomain.com, relay=ecu-edu-au.mail.protection.outlook.com[213.199.154.87]:25, delay=35481, delays=25703/9770/4.4/3.8, dsn=2.6.0, status=sent (250 2.6.0 recipient@externaldomain.com [InternalId=39114267165648, Hostname=HKXPR01MB214.apcprd01.prod.exchangelabs.com] Queued mail for delivery),,,,,,
Dec 11 10:13:11 phoenix postfix/qmgr[12481]: 2CC871106E8E: removed,,,,,,,,,,,,
Dec 11 10:13:13 phoenix postfix/smtp[1735]: D5212110523E: to=<bounce@OURDOMAIN.com>, relay=aspmx.l.google.com[74.125.23.26]:25, delay=71069, delays=61297/9770/2/0.62, dsn=2.0.0, status=sent (250 2.0.0 OK 1418253192 dg7si8721491pad.199 - gsmtp),,,,,,,
Dec 11 10:13:13 phoenix postfix/qmgr[12481]: D5212110523E: removed,,,,,,,,,,,,
Dec 11 10:13:14 phoenix postfix/smtp[26585]: DF5C61103BED: to=recipient@externaldomain.com, relay=aspmx.l.google.com[74.125.23.26]:25, delay=45407, delays=35633/9770/2.1/1.6, dsn=2.0.0, status=sent (250 2.0.0 OK 1418253193 sk9si8666844pac.238 - gsmtp),,,,,,,
Dec 11 10:13:14 phoenix postfix/qmgr[12481]: DF5C61103BED: removed,,,,,,,,,,,,
Dec 11 10:13:14 phoenix postfix/smtp[26586]: D19971108EB9: to=recipient@externaldomain.com, relay=unimelb-edu-au.mail.protection.outlook.com[213.199.154.23]:25, delay=19935, delays=10159/9768/3.2/4.1, dsn=2.6.0, status=sent (250 2.6.0 recipient@externaldomain.com [InternalId=7383048784351, Hostname=SIXPR04MB0624.apcprd04.prod.outlook.com] Queued mail for delivery),,,,,,
Dec 11 10:13:14 phoenix postfix/qmgr[12481]: D19971108EB9: removed,,,,,,,,,,,,
Dec 11 10:13:14 phoenix postfix/smtp[24753]: A999C110984B: to=recipient@externaldomain.com, relay=utsmeg1.uts.edu.au[138.25.1.230]:25, delay=15319, delays=5534/9783/0.28/2, dsn=2.0.0, status=sent (250 Requested mail action okay, completed.),,,,,,
Dec 11 10:13:14 phoenix postfix/qmgr[12481]: A999C110984B: removed,,,,,,,,,,,,
Dec 11 10:13:16 phoenix postfix/smtp[1215]: connect to smtp.optus.com.au[203.13.126.8]:25: Connection timed out,,,,,,,,,,,,
Dec 11 10:13:16 phoenix postfix/smtp[1215]: D7DCE11040EB: to=recipient@externaldomain.com, relay=smtp1.optus.com.au[203.13.126.131]:25, delay=52884, delays=43103/9750/30/0.02, dsn=5.1.1, status=bounced (host smtp1.optus.com.au[203.13.126.131] said: 550 5.1.1 recipient@externaldomain.com: Recipient address rejected: User unknown in relay recipient table (in reply to RCPT TO command)),,,,,,,
Dec 11 10:13:16 phoenix postfix/cleanup[1338]: 777E611013F2: message-id=<20141210231316.777E611013F2@OURDOMAIN.com>,,,,,,,,,,,,
Dec 11 10:13:16 phoenix postfix/bounce[32626]: D7DCE11040EB: sender non-delivery notification: 777E611013F2,,,,,,,,,,,,
Dec 11 10:13:16 phoenix postfix/qmgr[12481]: 777E611013F2: from=<>, size=24178, nrcpt=1 (queue active),,,,,,,,,,
Dec 11 10:13:16 phoenix postfix/cleanup[1338]: 783E01101FB4: message-id=<20141210231316.783E01101FB4@OURDOMAIN.com>,,,,,,,,,,,,
Dec 11 10:13:16 phoenix postfix/bounce[32626]: D7DCE11040EB: postmaster non-delivery notification: 783E01101FB4,,,,,,,,,,,,
Dec 11 10:13:16 phoenix postfix/qmgr[12481]: 783E01101FB4: from=<double-bounce@OURDOMAIN.com>, size=2572, nrcpt=1 (queue active),,,,,,,,,,
Dec 11 10:13:16 phoenix postfix/qmgr[12481]: D7DCE11040EB: removed,,,,,,,,,,,,
Dec 11 10:13:16 phoenix postfix/smtp[26584]: 8DEAA110350F: to=recipient@externaldomain.com, relay=sentry.ljhooker.com[202.70.128.38]:25, delay=2355, delays=0.04/2351/0.41/3.2, dsn=2.0.0, status=sent (250 2.0.0 sBANDCJk003080-sBANDCJm003080 Message accepted for delivery),,,,,,,
Dec 11 10:13:16 phoenix postfix/qmgr[12481]: 8DEAA110350F: removed,,,,,,,,,,,,
Dec 11 10:13:16 phoenix postfix/smtp[1735]: EFCCE1102E4E: to=<bounce@OURDOMAIN.com>, relay=aspmx.l.google.com[74.125.23.26]:25, delay=70941, delays=61165/9773/2.1/0.66, dsn=2.0.0, status=sent (250 2.0.0 OK 1418253196 wi2si8865574pab.92 - gsmtp),,,,,,,
Dec 11 10:13:16 phoenix postfix/qmgr[12481]: EFCCE1102E4E: removed,,,,,,,,,,,,
Dec 11 10:13:20 phoenix postfix/smtp[1735]: DBE031104457: to=<bounce@OURDOMAIN.com>, relay=aspmx.l.google.com[74.125.23.26]:25, delay=78528, delays=68748/9777/2.2/0.69, dsn=2.0.0, status=sent (250 2.0.0 OK 1418253199 ux6si8807043pac.138 - gsmtp),,,,,,,
Dec 11 10:13:20 phoenix postfix/qmgr[12481]: DBE031104457: removed,,,,,,,,,,,,
Dec 11 10:13:21 phoenix postfix/smtp[24753]: D2E2111032E4: to=recipient@externaldomain.com, relay=rmit.edu.au.s10a1.psmtp.com[74.125.244.10]:25, delay=23747, delays=13964/9778/1.4/3.9, dsn=2.0.0, status=sent (250 Thanks),,,,,,,
Dec 11 10:13:22 phoenix postfix/qmgr[12481]: D2E2111032E4: removed,,,,,,,,,,,,
Dec 11 10:13:22 phoenix postfix/smtp[28535]: 2933D1106961: to=recipient@externaldomain.com, relay=curtin-edu-au.mail.eo.outlook.com[213.199.154.87]:25, delay=37999, delays=28203/9790/3.1/3.6, dsn=2.6.0, status=sent (250 2.6.0 recipient@externaldomain.com [InternalId=16385300235071, Hostname=HK2PR02MB0402.apcprd02.prod.outlook.com] Queued mail for delivery),,,,,,
Dec 11 10:13:22 phoenix postfix/qmgr[12481]: 2933D1106961: removed,,,,,,,,,,,,
Dec 11 10:13:22 phoenix postfix/smtp[26585]: ADCCA1108DE9: to=recipient@externaldomain.com, relay=mx-02.adelaide.edu.au[192.43.228.206]:25, delay=20350, delays=10554/9795/0.33/0.19, dsn=2.0.0, status=sent (250 ok:  Message 195891648 accepted),,,,,,,
Dec 11 10:13:22 phoenix postfix/qmgr[12481]: ADCCA1108DE9: removed,,,,,,,,,,,,
Dec 11 10:13:22 phoenix postfix/smtp[26584]: E26C811066E4: to=recipient@externaldomain.com, relay=vic-mx.csiro.au[150.229.64.40]:25, delay=39394, delays=29613/9780/0.23/0.48, dsn=2.0.0, status=sent (250 ok:  Message 7225475 accepted),,,,,,,
Dec 11 10:13:22 phoenix postfix/qmgr[12481]: E26C811066E4: removed,,,,,,,,,,,,
Dec 11 10:13:23 phoenix postfix/smtp[3329]: 7C92C11024AD: to=recipient@externaldomain.com, relay=cluster5.us.messagelabs.com[216.82.242.147]:25, delay=43812, delays=34027/9781/2.5/1.6, dsn=2.0.0, status=sent (250 ok 1418253203 qp 22846 server-8.tower-95.messagelabs.com!1418253199!30814047!1),,,,,,,
Dec 11 10:13:24 phoenix postfix/qmgr[12481]: 7C92C11024AD: removed,,,,,,,,,,,,
Dec 11 10:13:24 phoenix postfix/smtp[1735]: 6347D1104679: to=<bounce@OURDOMAIN.com>, relay=aspmx.l.google.com[74.125.23.26]:25, delay=62878, delays=53094/9781/2/0.63, dsn=2.0.0, status=sent (250 2.0.0 OK 1418253203 zv1si8666725pbb.220 - gsmtp),,,,,,,
Dec 11 10:13:24 phoenix postfix/qmgr[12481]: 6347D1104679: removed,,,,,,,,,,,,
Dec 11 10:13:24 phoenix postfix/smtp[26586]: 20A971106C7B: to=recipient@externaldomain.com, relay=deakin-edu-au.mail.protection.outlook.com[213.199.154.87]:25, delay=36649, delays=26855/9788/2.9/3.7, dsn=2.6.0, status=sent (250 2.6.0 recipient@externaldomain.com [InternalId=7687991461414, Hostname=SINPR06MB0635.apcprd06.prod.outlook.com] Queued mail for delivery),,,,,,
Dec 11 10:13:24 phoenix postfix/qmgr[12481]: 20A971106C7B: removed,,,,,,,,,,,,
Dec 11 10:13:26 phoenix postfix/smtp[1215]: 4BB7F11090FD: to=recipient@externaldomain.com, relay=newcastle-edu-au.mail.protection.outlook.com[213.199.154.87]:25, delay=18779, delays=8979/9794/3/3.5, dsn=2.6.0, status=sent (250 2.6.0 recipient@externaldomain.com [InternalId=51449413239544, Hostname=SINPR04MB138.apcprd04.prod.outlook.com] Queued mail for delivery),,,,,,
Dec 11 10:13:26 phoenix postfix/qmgr[12481]: 4BB7F11090FD: removed,,,,,,,,,,,,
Dec 11 10:13:27 phoenix postfix/smtp[1735]: 97C7B11052E8: to=<bounce@OURDOMAIN.com>, relay=aspmx.l.google.com[74.125.23.26]:25, delay=69604, delays=59817/9785/1.8/0.55, dsn=2.0.0, status=sent (250 2.0.0 OK 1418253207 yt8si8981183pac.4 - gsmtp),,,,,,,
Dec 11 10:13:27 phoenix postfix/qmgr[12481]: 97C7B11052E8: removed,,,,,,,,,,,,
Dec 11 10:13:31 phoenix postfix/smtp[1735]: 4FBAC11039E1: to=<bounce@OURDOMAIN.com>, relay=aspmx.l.google.com[74.125.23.26]:25, delay=72135, delays=62344/9788/1.8/0.57, dsn=2.0.0, status=sent (250 2.0.0 OK 1418253210 bw8si8902826pad.64 - gsmtp),,,,,,,
Dec 11 10:13:31 phoenix postfix/qmgr[12481]: 4FBAC11039E1: removed,,,,,,,,,,,,
Dec 11 10:13:31 phoenix postfix/smtp[24753]: 6CD1D1107D68: to=recipient@externaldomain.com, relay=up-mx1.det.nsw.edu.au[153.107.41.147]:25, delay=27792, delays=17998/9794/0.17/0.26, dsn=2.0.0, status=sent (250 2.0.0 sBANDUex013859 Message accepted for delivery),,,,,,,
Dec 11 10:13:31 phoenix postfix/qmgr[12481]: 6CD1D1107D68: removed,,,,,,,,,,,,
Dec 11 10:13:33 phoenix postfix/smtp[28535]: 4A16C11038B4: to=recipient@externaldomain.com, relay=cluster-m.mailcontrol.com[116.50.58.190]:25, delay=57276, delays=47474/9800/1.3/1.1, dsn=2.0.0, status=sent (250 2.0.0 sBANDUeL026513 Message accepted for delivery),,,,,,,
Dec 11 10:13:33 phoenix postfix/qmgr[12481]: 4A16C11038B4: removed,,,,,,,,,,,,
Dec 11 10:13:35 phoenix postfix/smtp[1735]: 9E05F11044A2: to=<events@OURDOMAIN.com>, relay=aspmx.l.google.com[74.125.23.26]:25, delay=78584, delays=68789/9792/2/0.95, dsn=2.0.0, status=sent (250 2.0.0 OK 1418253214 dt7si8888460pdb.77 - gsmtp),,,,,,,
Dec 11 10:13:35 phoenix postfix/qmgr[12481]: 9E05F11044A2: removed,,,,,,,,,,,,
Dec 11 10:13:35 phoenix postfix/smtp[26585]: 999261108042: to=recipient@externaldomain.com, relay=ex10ed01.qut.edu.au[131.181.191.14]:25, delay=26544, delays=16748/9795/0.27/0.63, dsn=2.6.0, status=sent (250 2.6.0 recipient@externaldomain.com [InternalId=2913057] Queued mail for delivery),,,,,,,
Dec 11 10:13:35 phoenix postfix/qmgr[12481]: 999261108042: removed,,,,,,,,,,,,
Dec 11 10:13:36 phoenix postfix/smtp[26586]: 573A5110721F: to=recipient@externaldomain.com, relay=griffith.edu.au.s6a1.psmtp.com[64.18.5.10]:25, delay=33598, delays=23791/9803/1.2/3.2, dsn=2.0.0, status=sent (250 Thanks),,,,,,,
Dec 11 10:13:36 phoenix postfix/qmgr[12481]: 573A5110721F: removed,,,,,,,,,,,,
Dec 11 10:13:39 phoenix postfix/smtp[1735]: 5E7141104FE9: to=<events@OURDOMAIN.com>, relay=aspmx.l.google.com[74.125.23.26]:25, delay=65998, delays=56198/9796/2.4/0.95, dsn=2.0.0, status=sent (250 2.0.0 OK 1418253219 hp8si8766262pac.168 - gsmtp),,,,,,,
Dec 11 10:13:39 phoenix postfix/qmgr[12481]: 5E7141104FE9: removed,,,,,,,,,,,,
Dec 11 10:13:41 phoenix postfix/smtp[26584]: B4D051104DCC: to=recipient@externaldomain.com, relay=scu-edu-au.mail.eo.outlook.com[213.199.154.87]:25, delay=23071, delays=13262/9802/3.4/4.4, dsn=2.6.0, status=sent (250 2.6.0 recipient@externaldomain.com [InternalId=39840116638592, Hostname=HKXPR06MB231.apcprd06.prod.outlook.com] Queued mail for delivery),,,,,,
Dec 11 10:13:41 phoenix postfix/qmgr[12481]: B4D051104DCC: removed,,,,,,,,,,,,
Dec 11 10:13:44 phoenix postfix/smtp[1735]: 68CFE11042A9: to=<events@OURDOMAIN.com>, relay=aspmx.l.google.com[74.125.23.26]:25, delay=80734, delays=70930/9800/2.2/0.9, dsn=2.0.0, status=sent (250 2.0.0 OK 1418253223 nv5si8853402pbc.85 - gsmtp),,,,,,,
Dec 11 10:13:44 phoenix postfix/qmgr[12481]: 68CFE11042A9: removed,,,,,,,,,,,,
Dec 11 10:13:44 phoenix postfix/smtp[24753]: BFD6E110774D: to=recipient@externaldomain.com, relay=mail3.klgates.com[205.149.23.47]:25, delay=30938, delays=21137/9798/1.9/1.3, dsn=2.0.0, status=sent (250 ok:  Message 8871260 accepted),,,,,,,
Dec 11 10:13:44 phoenix postfix/smtp[28535]: B442D110644B: enabling PIX workarounds: disable_esmtp delay_dotcrlf for mx1.cdu.edu.au[138.80.130.7]:25,,,,,,,,,,,,
Dec 11 10:13:44 phoenix postfix/qmgr[12481]: BFD6E110774D: removed,,,,,,,,,,,,
Dec 11 10:13:44 phoenix postfix/smtp[3329]: 644341107C96: to=recipient@externaldomain.com, relay=cust23659-2.in.mailcontrol.com[116.50.58.190]:25, delay=28198, delays=18392/9804/1.2/1.4, dsn=2.0.0, status=sent (250 2.0.0 sBANDfFI031245 Message accepted for delivery),,,,,,,
Dec 11 10:13:44 phoenix postfix/qmgr[12481]: 644341107C96: removed,,,,,,,,,,,,
Dec 11 10:13:44 phoenix postfix/smtp[26586]: 630E21109A84: to=recipient@externaldomain.com, relay=mail-ext-in1.uwa.edu.au[130.95.128.92]:25, delay=14270, delays=4452/9818/0.52/0.33, dsn=2.0.0, status=sent (250 ok:  Message 109246806 accepted),,,,,,,
Dec 11 10:13:44 phoenix postfix/qmgr[12481]: 630E21109A84: removed,,,,,,,,,,,,
Dec 11 10:13:48 phoenix postfix/smtp[1735]: 0E8721105176: to=<bounce@OURDOMAIN.com>, relay=aspmx.l.google.com[74.125.23.26]:25, delay=72665, delays=62858/9805/2/0.64, dsn=2.0.0, status=sent (250 2.0.0 OK 1418253227 n7si8655340pdj.247 - gsmtp),,,,,,,
Dec 11 10:13:48 phoenix postfix/qmgr[12481]: 0E8721105176: removed,,,,,,,,,,,,
Dec 11 10:13:51 phoenix postfix/smtp[26585]: 5A5721107390: to=recipient@externaldomain.com, relay=mx1.securemx.biz[203.84.134.2]:25, delay=32769, delays=22945/9820/2.4/1.1, dsn=2.0.0, status=sent (250 OK > 5488D3AD-B7301CC0@mta1101),,,,,,,
Dec 11 10:13:51 phoenix postfix/qmgr[12481]: 5A5721107390: removed,,,,,,,,,,,,
Dec 11 10:13:52 phoenix postfix/smtp[1735]: 8F1131103338: to=<bounce@OURDOMAIN.com>, relay=aspmx.l.google.com[74.125.23.26]:25, delay=9814, delays=2.1/9809/2.3/0.7, dsn=2.0.0, status=sent (250 2.0.0 OK 1418253231 ya3si2526738pbb.87 - gsmtp),,,,,,,
Dec 11 10:13:52 phoenix postfix/qmgr[12481]: 8F1131103338: removed,,,,,,,,,,,,
Dec 11 10:13:53 phoenix postfix/smtp[3329]: 58E1E1102DE1: to=recipient@externaldomain.com, relay=mailgwi.latrobe.edu.au[131.172.36.201]:25, delay=30082, delays=20257/9825/0.12/0.09, dsn=2.0.0, status=sent (250 2.0.0 Ok: queued as F029E3E132),,,,,,,
Dec 11 10:13:53 phoenix postfix/qmgr[12481]: 58E1E1102DE1: removed,,,,,,,,,,,,
Dec 11 10:13:54 phoenix postfix/smtp[28535]: B442D110644B: to=recipient@externaldomain.com, relay=mx1.cdu.edu.au[138.80.130.7]:25, delay=41084, delays=31260/9813/0.31/10, dsn=2.0.0, status=sent (250 2.0.0 Ok: queued as C9C96227984),,,,,,,
Dec 11 10:13:54 phoenix postfix/qmgr[12481]: B442D110644B: removed,,,,,,,,,,,,
Dec 11 10:13:56 phoenix postfix/smtp[26586]: 13ED511083A7: to=recipient@externaldomain.com, relay=deloitte.com.au.s7a1.psmtp.com[64.18.6.10]:25, delay=97833, delays=88014/9815/1.2/2.5, dsn=2.0.0, status=sent (250 Thanks),,,,,,,
Dec 11 10:13:56 phoenix postfix/qmgr[12481]: 13ED511083A7: removed,,,,,,,,,,,,
Dec 11 10:13:56 phoenix postfix/smtp[1735]: 9FADF1103D76: to=<events@OURDOMAIN.com>, relay=aspmx.l.google.com[74.125.23.26]:25, delay=53322, delays=43506/9813/2/0.84, dsn=2.0.0, status=sent (250 2.0.0 OK 1418253235 w1si8697813pdj.216 - gsmtp),,,,,,,
Dec 11 10:13:56 phoenix postfix/qmgr[12481]: 9FADF1103D76: removed,,,,,,,,,,,,
Dec 11 10:13:57 phoenix postfix/smtp[1215]: E65801102CB9: to=recipient@externaldomain.com, relay=aspmx.l.google.com[74.125.23.26]:25, delay=25125, delays=15294/9827/2.4/1.3, dsn=2.0.0, status=sent (250 2.0.0 OK 1418253236 lg2si8836870pab.114 - gsmtp),,,,,,,
Dec 11 10:13:57 phoenix postfix/qmgr[12481]: E65801102CB9: removed,,,,,,,,,,,,
Dec 11 10:13:57 phoenix postfix/smtp[26585]: A10BE110220B: to=recipient@externaldomain.com, relay=mxa-00176a02.gslb.pphosted.com[67.231.149.43]:25, delay=471, delays=0.04/467/3.7/0.2, dsn=5.1.1, status=bounced (host mxa-00176a02.gslb.pphosted.com[67.231.149.43] said: 550 5.1.1 No such user - pp (in reply to RCPT TO command)),,,,,,,
Dec 11 10:13:57 phoenix postfix/cleanup[1338]: D667511021AB: message-id=<20141210231357.D667511021AB@OURDOMAIN.com>,,,,,,,,,,,,
Dec 11 10:13:57 phoenix postfix/bounce[32626]: A10BE110220B: sender non-delivery notification: D667511021AB,,,,,,,,,,,,
Dec 11 10:13:57 phoenix postfix/cleanup[1338]: D729F11021B5: message-id=<20141210231357.D729F11021B5@OURDOMAIN.com>,,,,,,,,,,,,
Dec 11 10:13:57 phoenix postfix/bounce[32626]: A10BE110220B: postmaster non-delivery notification: D729F11021B5,,,,,,,,,,,,
Dec 11 10:13:57 phoenix postfix/qmgr[12481]: D667511021AB: from=<>, size=24027, nrcpt=1 (queue active),,,,,,,,,,
Dec 11 10:13:57 phoenix postfix/qmgr[12481]: A10BE110220B: removed,,,,,,,,,,,,
Dec 11 10:13:57 phoenix postfix/qmgr[12481]: D729F11021B5: from=<double-bounce@OURDOMAIN.com>, size=2426, nrcpt=1 (queue active),,,,,,,,,,
Dec 11 10:14:00 phoenix postfix/smtp[1735]: 5624211053BD: to=<bounce@OURDOMAIN.com>, relay=aspmx.l.google.com[74.125.23.26]:25, delay=63615, delays=53795/9816/2.4/0.72, dsn=2.0.0, status=sent (250 2.0.0 OK 1418253239 op6si8861046pdb.99 - gsmtp),,,,,,,
Dec 11 10:14:00 phoenix postfix/qmgr[12481]: 5624211053BD: removed,,,,,,,,,,,,
Dec 11 10:14:04 phoenix postfix/smtp[1735]: ACDA1110295C: to=<events@OURDOMAIN.com>, relay=aspmx.l.google.com[74.125.23.26]:25, delay=66954, delays=57130/9821/2.2/0.87, dsn=2.0.0, status=sent (250 2.0.0 OK 1418253243 it2si8823860pbb.105 - gsmtp),,,,,,,
Dec 11 10:14:04 phoenix postfix/qmgr[12481]: ACDA1110295C: removed,,,,,,,,,,,,
Dec 11 10:14:06 phoenix postfix/smtp[24753]: B3D0A11022A7: to=recipient@externaldomain.com, relay=mq.edu.au.s200a1.psmtp.com[207.126.147.10]:25, delay=1842, delays=0.04/1837/2.2/2.9, dsn=2.0.0, status=sent (250 Thanks),,,,,,,
Dec 11 10:14:06 phoenix postfix/smtp[3329]: 14AE711049D7: to=recipient@externaldomain.com, relay=mail.usq.edu.au[139.86.9.182]:25, delay=16941, delays=7100/9840/0.15/0.13, dsn=2.0.0, status=sent (250 2.0.0 Ok: queued as CDA37E31B2_488D3BDF),,,,,,,
Dec 11 10:14:06 phoenix postfix/qmgr[12481]: 14AE711049D7: removed,,,,,,,,,,,,
Dec 11 10:14:06 phoenix postfix/qmgr[12481]: B3D0A11022A7: removed,,,,,,,,,,,,
Dec 11 10:14:08 phoenix postfix/smtp[1735]: 991FD11039E9: to=<bounce@OURDOMAIN.com>, relay=aspmx.l.google.com[74.125.23.26]:25, delay=69825, delays=59997/9825/2.4/0.75, dsn=2.0.0, status=sent (250 2.0.0 OK 1418253247 nt1si8704035pbc.196 - gsmtp),,,,,,,
Dec 11 10:14:08 phoenix postfix/qmgr[12481]: 991FD11039E9: removed,,,,,,,,,,,,
Dec 11 10:14:09 phoenix postfix/smtp[1215]: CB6F1110581D: to=recipient@externaldomain.com, relay=smtp.unsw.edu.au[149.171.193.32]:25, delay=47939, delays=38100/9839/0.14/0.09, dsn=2.0.0, status=sent (250 ok:  Message 142504970 accepted),,,,,,,
Dec 11 10:14:09 phoenix postfix/qmgr[12481]: CB6F1110581D: removed,,,,,,,,,,,,
Dec 11 10:14:09 phoenix postfix/smtp[26584]: 3ACB011030B4: to=recipient@externaldomain.com, relay=cluster5.us.messagelabs.com[216.82.253.67]:25, delay=10156, delays=329/9825/2.1/0.21, dsn=5.0.0, status=bounced (host cluster5.us.messagelabs.com[216.82.253.67] said: 550 Invalid recipient recipient@externaldomain.com (#5.1.1) (in reply to RCPT TO command)),,,,,,,
Dec 11 10:14:10 phoenix postfix/cleanup[1338]: 2B47A11021C7: message-id=<20141210231410.2B47A11021C7@OURDOMAIN.com>,,,,,,,,,,,,
Dec 11 10:14:10 phoenix postfix/bounce[32626]: 3ACB011030B4: sender non-delivery notification: 2B47A11021C7,,,,,,,,,,,,
Dec 11 10:14:10 phoenix postfix/qmgr[12481]: 2B47A11021C7: from=<>, size=24101, nrcpt=1 (queue active),,,,,,,,,,
Dec 11 10:14:10 phoenix postfix/cleanup[1338]: 2C1CB11021F8: message-id=<20141210231410.2C1CB11021F8@OURDOMAIN.com>,,,,,,,,,,,,
Dec 11 10:14:10 phoenix postfix/bounce[32626]: 3ACB011030B4: postmaster non-delivery notification: 2C1CB11021F8,,,,,,,,,,,,
Dec 11 10:14:10 phoenix postfix/qmgr[12481]: 2C1CB11021F8: from=<double-bounce@OURDOMAIN.com>, size=2497, nrcpt=1 (queue active),,,,,,,,,,
Dec 11 10:14:10 phoenix postfix/qmgr[12481]: 3ACB011030B4: removed,,,,,,,,,,,,
Dec 11 10:14:10 phoenix postfix/smtp[26585]: C5D161106B41: to=recipient@externaldomain.com, relay=igwx11.cba.com.au[140.168.129.169]:25, delay=108403, delays=98566/9836/0.16/0.28, dsn=2.0.0, status=sent (250 ok:  Message 85286878 accepted),,,,,,,
Dec 11 10:14:10 phoenix postfix/qmgr[12481]: C5D161106B41: removed,,,,,,,,,,,,
Dec 11 10:14:10 phoenix postfix/smtp[3329]: E8B8D110933D: to=recipient@externaldomain.com, relay=mx1.uq.edu.au[203.101.255.13]:25, delay=17726, delays=7888/9837/0.34/0.15, dsn=2.0.0, status=sent (250 ok:  Message 105999908 accepted),,,,,,,
Dec 11 10:14:10 phoenix postfix/qmgr[12481]: E8B8D110933D: removed,,,,,,,,,,,,
Dec 11 10:14:12 phoenix postfix/smtp[1735]: C4B0A1102BFE: to=<bounce@OURDOMAIN.com>, relay=aspmx.l.google.com[74.125.23.26]:25, delay=63959, delays=54128/9829/2.1/0.64, dsn=2.0.0, status=sent (250 2.0.0 OK 1418253251 bh4si8959950pbc.5 - gsmtp),,,,,,,
Dec 11 10:14:12 phoenix postfix/qmgr[12481]: C4B0A1102BFE: removed,,,,,,,,,,,,
Dec 11 10:14:12 phoenix postfix/smtp[28535]: 58F801105BD8: to=recipient@externaldomain.com, relay=mx7.woodside.com.au[158.89.1.66]:25, delay=45880, delays=36049/9830/0.5/0.33, dsn=2.0.0, status=sent (250 ok:  Message 11520753 accepted),,,,,,,
Dec 11 10:14:12 phoenix postfix/qmgr[12481]: 58F801105BD8: removed,,,,,,,,,,,,
Dec 11 10:14:16 phoenix postfix/smtp[26584]: A98CE11045DB: to=recipient@externaldomain.com, relay=skilled.com.au.inbound10.mxlogic.net[208.65.145.2]:25, delay=52704, delays=42871/9829/1.6/2.7, dsn=5.0.0, status=bounced (host skilled.com.au.inbound10.mxlogic.net[208.65.145.2] said: 554 Denied [4c3d8845.0.1466282.00-2172.2720933.p02c12m114.mxlogic.net] (Mode: normal) (in reply to end of DATA command)),,,,,,,
Dec 11 10:14:16 phoenix postfix/cleanup[1338]: 008A11102202: message-id=<20141210231416.008A11102202@OURDOMAIN.com>,,,,,,,,,,,,
Dec 11 10:14:16 phoenix postfix/bounce[32626]: A98CE11045DB: sender non-delivery notification: 008A11102202,,,,,,,,,,,,
Dec 11 10:14:16 phoenix postfix/qmgr[12481]: 008A11102202: from=<>, size=24177, nrcpt=1 (queue active),,,,,,,,,,
Dec 11 10:14:16 phoenix postfix/cleanup[1338]: 010231102209: message-id=<20141210231416.010231102209@OURDOMAIN.com>,,,,,,,,,,,,
Dec 11 10:14:16 phoenix postfix/bounce[32626]: A98CE11045DB: postmaster non-delivery notification: 010231102209,,,,,,,,,,,,
Dec 11 10:14:16 phoenix postfix/qmgr[12481]: 010231102209: from=<double-bounce@OURDOMAIN.com>, size=2572, nrcpt=1 (queue active),,,,,,,,,,
Dec 11 10:14:16 phoenix postfix/qmgr[12481]: A98CE11045DB: removed,,,,,,,,,,,,
Dec 11 10:14:16 phoenix postfix/smtp[1735]: 801231102E8D: to=<events@OURDOMAIN.com>, relay=aspmx.l.google.com[74.125.23.26]:25, delay=81258, delays=71422/9833/2.1/0.85, dsn=2.0.0, status=sent (250 2.0.0 OK 1418253255 tb3si8971884pab.14 - gsmtp),,,,,,,
Dec 11 10:14:16 phoenix postfix/qmgr[12481]: 801231102E8D: removed,,,,,,,,,,,,
Dec 11 10:14:17 phoenix postfix/smtp[3329]: 58889110751B: to=recipient@externaldomain.com, relay=ipbno.tcif.telstra.com.au[203.35.82.202]:25, delay=104088, delays=94246/9842/0.13/0.07, dsn=2.0.0, status=sent (250 ok:  Message 49933753 accepted),,,,,,,
Dec 11 10:14:17 phoenix postfix/qmgr[12481]: 58889110751B: removed,,,,,,,,,,,,
Dec 11 10:14:18 phoenix postfix/smtp[1215]: A412F110375F: to=recipient@externaldomain.com, relay=ses-nsw-gov-au.mail.protection.outlook.com[213.199.154.87]:25, delay=581, delays=0.04/574/3.2/3.4, dsn=2.6.0, status=sent (250 2.6.0 recipient@externaldomain.com [InternalId=27874337751885, Hostname=SIXPR01MB256.apcprd01.prod.exchangelabs.com] Queued mail for delivery),,,,,,
Dec 11 10:14:18 phoenix postfix/qmgr[12481]: A412F110375F: removed,,,,,,,,,,,,
Dec 11 10:14:19 phoenix postfix/smtp[26585]: AA36C1103BD5: to=recipient@externaldomain.com, relay=barracuda.power-net.com.au[103.14.95.55]:25, delay=42430, delays=32587/9841/1.3/0.48, dsn=2.0.0, status=sent (250 Ok: queued as 7BCC81A6A0E8),,,,,,,
Dec 11 10:14:19 phoenix postfix/qmgr[12481]: AA36C1103BD5: removed,,,,,,,,,,,,
Dec 11 10:14:20 phoenix postfix/smtp[1735]: 3C9E011041FA: to=<bounce@OURDOMAIN.com>, relay=aspmx.l.google.com[74.125.23.26]:25, delay=55459, delays=45620/9837/2.3/0.71, dsn=2.0.0, status=sent (250 2.0.0 OK 1418253259 fk4si8650684pbb.236 - gsmtp),,,,,,,
Dec 11 10:14:20 phoenix postfix/qmgr[12481]: 3C9E011041FA: removed,,,,,,,,,,,,
Dec 11 10:14:22 phoenix postfix/smtp[3329]: 9550F110A31E: to=recipient@externaldomain.com, relay=canth.cc.flinders.edu.au[129.96.252.15]:25, delay=10013, delays=162/9851/0.18/0.07, dsn=5.1.1, status=bounced (host canth.cc.flinders.edu.au[129.96.252.15] said: 550 5.1.1 recipient@externaldomain.com: Recipient address rejected: User unknown in local recipient table (in reply to RCPT TO command)),,,,,,,
Dec 11 10:14:22 phoenix postfix/cleanup[1338]: BFD321102210: message-id=<20141210231422.BFD321102210@OURDOMAIN.com>,,,,,,,,,,,,
Dec 11 10:14:22 phoenix postfix/bounce[32626]: 9550F110A31E: sender non-delivery notification: BFD321102210,,,,,,,,,,,,
Dec 11 10:14:22 phoenix postfix/qmgr[12481]: BFD321102210: from=<>, size=24256, nrcpt=1 (queue active),,,,,,,,,,
Dec 11 10:14:22 phoenix postfix/cleanup[1338]: C097B1102215: message-id=<20141210231422.C097B1102215@OURDOMAIN.com>,,,,,,,,,,,,
Dec 11 10:14:22 phoenix postfix/bounce[32626]: 9550F110A31E: postmaster non-delivery notification: C097B1102215,,,,,,,,,,,,
Dec 11 10:14:22 phoenix postfix/qmgr[12481]: C097B1102215: from=<double-bounce@OURDOMAIN.com>, size=2630, nrcpt=1 (queue active),,,,,,,,,,
Dec 11 10:14:22 phoenix postfix/qmgr[12481]: 9550F110A31E: removed,,,,,,,,,,,,
Dec 11 10:14:24 phoenix postfix/smtp[1735]: 77D291104AF9: to=<bounce@OURDOMAIN.com>, relay=aspmx.l.google.com[74.125.23.26]:25, delay=74146, delays=64302/9841/2.2/0.68, dsn=2.0.0, status=sent (250 2.0.0 OK 1418253263 xp6si8791201pab.152 - gsmtp),,,,,,,
Dec 11 10:14:24 phoenix postfix/qmgr[12481]: 77D291104AF9: removed,,,,,,,,,,,,
Dec 11 10:14:24 phoenix postfix/smtp[24753]: 7AC701102F00: to=recipient@externaldomain.com, relay=cluster4.eu.messagelabs.com[85.158.137.68]:25, delay=15916, delays=6060/9851/3.1/1.2, dsn=2.0.0, status=sent (250 ok 1418253263 qp 32341 server-4.tower-31.messagelabs.com!1418253260!12425552!1),,,,,,,
Dec 11 10:14:24 phoenix postfix/smtp[26586]: 944D211025CE: to=recipient@externaldomain.com, relay=lendlease.mail.protection.outlook.com[207.46.163.138]:25, delay=66223, delays=56377/9835/9.8/1.5, dsn=2.6.0, status=sent (250 2.6.0 recipient@externaldomain.com [InternalId=50242527430643, Hostname=BN1PR01MB215.prod.exchangelabs.com] Queued mail for delivery),,,,,,
Dec 11 10:14:24 phoenix postfix/qmgr[12481]: 944D211025CE: removed,,,,,,,,,,,,
Dec 11 10:14:24 phoenix postfix/qmgr[12481]: 7AC701102F00: removed,,,,,,,,,,,,
Dec 11 10:14:25 phoenix postfix/smtp[28535]: EFAD41103088: to=recipient@externaldomain.com, relay=mx.its.monash.edu.au[130.194.11.147]:25, delay=1621, delays=0.04/1620/1.2/0.11, dsn=2.0.0, status=sent (250 2.0.0 Ok: queued as 64144766303),,,,,,,
Dec 11 10:14:25 phoenix postfix/qmgr[12481]: EFAD41103088: removed,,,,,,,,,,,,
Dec 11 10:14:26 phoenix postfix/smtp[26585]: E5A3A11028C5: to=recipient@externaldomain.com, relay=cluster1.us.messagelabs.com[216.82.249.179]:25, delay=44737, delays=34883/9852/2/0.23, dsn=5.0.0, status=bounced (host cluster1.us.messagelabs.com[216.82.249.179] said: 550 Invalid recipient recipient@externaldomain.com (#5.1.1) (in reply to RCPT TO command)),,,,,,,
Dec 11 10:14:26 phoenix postfix/cleanup[1338]: 4605E110222A: message-id=<20141210231426.4605E110222A@OURDOMAIN.com>,,,,,,,,,,,,
Dec 11 10:14:26 phoenix postfix/bounce[32626]: E5A3A11028C5: sender non-delivery notification: 4605E110222A,,,,,,,,,,,,
Dec 11 10:14:26 phoenix postfix/qmgr[12481]: 4605E110222A: from=<>, size=24118, nrcpt=1 (queue active),,,,,,,,,,
Dec 11 10:14:26 phoenix postfix/cleanup[1338]: 46A3C1102231: message-id=<20141210231426.46A3C1102231@OURDOMAIN.com>,,,,,,,,,,,,
Dec 11 10:14:26 phoenix postfix/bounce[32626]: E5A3A11028C5: postmaster non-delivery notification: 46A3C1102231,,,,,,,,,,,,
Dec 11 10:14:26 phoenix postfix/qmgr[12481]: E5A3A11028C5: removed,,,,,,,,,,,,
Dec 11 10:14:26 phoenix postfix/qmgr[12481]: 46A3C1102231: from=<double-bounce@OURDOMAIN.com>, size=2505, nrcpt=1 (queue active),,,,,,,,,,
Dec 11 10:14:27 phoenix postfix/smtp[1215]: F30641103326: to=recipient@externaldomain.com, relay=aapmpx06.pwc.com.au[203.11.226.11]:25, delay=58176, delays=48322/9851/0.27/3.2, dsn=5.1.1, status=bounced (host aapmpx06.pwc.com.au[203.11.226.11] said: 550 5.1.1 recipient@externaldomain.com: Recipient address rejected: undeliverable address: host au-aapmbx002.aap.pwcinternal.com[10.140.8.11] said: 550 Paul.Kirk@au.pwc.com... No such user (in reply to RCPT TO command) (in reply to RCPT TO command)),,,,,,,
Dec 11 10:14:27 phoenix postfix/cleanup[1338]: 41A021102242: message-id=<20141210231427.41A021102242@OURDOMAIN.com>,,,,,,,,,,,,
Dec 11 10:14:27 phoenix postfix/bounce[32626]: F30641103326: sender non-delivery notification: 41A021102242,,,,,,,,,,,,
Dec 11 10:14:27 phoenix postfix/qmgr[12481]: 41A021102242: from=<>, size=24373, nrcpt=1 (queue active),,,,,,,,,,
Dec 11 10:14:27 phoenix postfix/cleanup[1338]: 4223D1102258: message-id=<20141210231427.4223D1102258@OURDOMAIN.com>,,,,,,,,,,,,
Dec 11 10:14:27 phoenix postfix/bounce[32626]: F30641103326: postmaster non-delivery notification: 4223D1102258,,,,,,,,,,,,
Dec 11 10:14:27 phoenix postfix/qmgr[12481]: 4223D1102258: from=<double-bounce@OURDOMAIN.com>, size=2784, nrcpt=1 (queue active),,,,,,,,,,
Dec 11 10:14:27 phoenix postfix/qmgr[12481]: F30641103326: removed,,,,,,,,,,,,
Dec 11 10:14:27 phoenix postfix/smtp[1735]: 4480311033F7: to=<bounce@OURDOMAIN.com>, relay=aspmx.l.google.com[74.125.23.26]:25, delay=80657, delays=70809/9844/2.1/0.64, dsn=2.0.0, status=sent (250 2.0.0 OK 1418253267 or5si8912357pbb.41 - gsmtp),,,,,,,
Dec 11 10:14:27 phoenix postfix/qmgr[12481]: 4480311033F7: removed,,,,,,,,,,,,
Dec 11 10:14:31 phoenix postfix/smtp[26586]: 5D41511038D7: to=recipient@externaldomain.com, relay=smtp4.health.qld.gov.au[165.86.81.115]:25, delay=458, delays=0.04/456/0.61/0.69, dsn=2.0.0, status=sent (250 2.0.0 sBANETMQ023146 Message accepted for delivery),,,,,,,
Dec 11 10:14:31 phoenix postfix/qmgr[12481]: 5D41511038D7: removed,,,,,,,,,,,,
Dec 11 10:14:31 phoenix postfix/smtp[1735]: 64C6E1103C2A: to=<events@OURDOMAIN.com>, relay=aspmx.l.google.com[74.125.23.26]:25, delay=68531, delays=58680/9848/2/0.83, dsn=2.0.0, status=sent (250 2.0.0 OK 1418253270 az8si8733892pbd.177 - gsmtp),,,,,,,
Dec 11 10:14:31 phoenix postfix/qmgr[12481]: 64C6E1103C2A: removed,,,,,,,,,,,,
Dec 11 10:14:34 phoenix postfix/smtp[24753]: 6C2BA110763C: to=recipient@externaldomain.com, relay=smtp-in.jcu.edu.au[137.219.20.34]:25, delay=31586, delays=21720/9866/0.17/0.26, dsn=2.0.0, status=sent (250 2.0.0 Ok: queued as 422E6270004),,,,,,,
Dec 11 10:14:34 phoenix postfix/qmgr[12481]: 6C2BA110763C: removed,,,,,,,,,,,,
Dec 11 10:14:34 phoenix postfix/smtp[1215]: C6C3F1109E66: to=recipient@externaldomain.com, relay=smtp-gateway.uow.edu.au[130.130.213.6]:25, delay=12384, delays=2517/9867/0.27/0.26, dsn=2.0.0, status=sent (250 MEU92541 Message accepted for delivery),,,,,,,
Dec 11 10:14:34 phoenix postfix/qmgr[12481]: C6C3F1109E66: removed,,,,,,,,,,,,
Dec 11 10:14:35 phoenix postfix/smtp[1735]: 5389C1103CAE: to=<bounce@OURDOMAIN.com>, relay=aspmx.l.google.com[74.125.23.26]:25, delay=82579, delays=72724/9852/1.9/0.57, dsn=2.0.0, status=sent (250 2.0.0 OK 1418253274 kl5si8619922pbc.256 - gsmtp),,,,,,,
Dec 11 10:14:35 phoenix postfix/qmgr[12481]: 5389C1103CAE: removed,,,,,,,,,,,,
Dec 11 10:14:35 phoenix postfix/smtp[3329]: 5B2FE110A262: to=recipient@externaldomain.com, relay=seaprod01.csumain.csu.edu.au[137.166.4.2]:25, delay=10390, delays=533/9851/0.17/6.1, dsn=2.0.0, status=sent (250 2.0.0 Ok: queued as 66ABF10B367_488D3DAF),,,,,,,
Dec 11 10:14:35 phoenix postfix/qmgr[12481]: 5B2FE110A262: removed,,,,,,,,,,,,
Dec 11 10:14:36 phoenix postfix/smtp[26585]: 73F731108679: to=recipient@externaldomain.com, relay=riotinto.mail.eo.outlook.com[207.46.163.247]:25, delay=24101, delays=14240/9858/1.7/1.5, dsn=2.6.0, status=sent (250 2.6.0 recipient@externaldomain.com [InternalId=7971459303025, Hostname=DM2PR0401MB1454.namprd04.prod.outlook.com] Queued mail for delivery),,,,,,
Dec 11 10:14:36 phoenix postfix/qmgr[12481]: 73F731108679: removed,,,,,,,,,,,,
Dec 11 10:14:39 phoenix postfix/smtp[1735]: 8430F11053A6: to=<events@OURDOMAIN.com>, relay=aspmx.l.google.com[74.125.23.26]:25, delay=65320, delays=55461/9855/2.2/0.87, dsn=2.0.0, status=sent (250 2.0.0 OK 1418253278 gu2si8720854pbb.186 - gsmtp),,,,,,,
Dec 11 10:14:39 phoenix postfix/qmgr[12481]: 8430F11053A6: removed,,,,,,,,,,,,
Dec 11 10:14:40 phoenix postfix/smtp[26584]: 0FEE311033DF: to=recipient@externaldomain.com, relay=email2.lsre.com.au[59.100.116.137]:25, delay=2507, delays=0.04/2502/0.29/5, dsn=5.1.1, status=bounced (host email2.lsre.com.au[59.100.116.137] said: 550 5.1.1 User unknown (in reply to RCPT TO command)),,,,,,,
Dec 11 10:14:41 phoenix postfix/smtp[3329]: D852E1107C01: to=recipient@externaldomain.com, relay=cluster4.us.messagelabs.com[216.82.253.227]:25, delay=28558, delays=18686/9869/1.9/0.74, dsn=2.0.0, status=sent (250 ok 1418253280 qp 20035 server-10.tower-170.messagelabs.com!1418253278!9730882!1),,,,,,,
Dec 11 10:14:41 phoenix postfix/qmgr[12481]: D852E1107C01: removed,,,,,,,,,,,,
Dec 11 10:14:42 phoenix postfix/smtp[1735]: 9741F11043C2: to=<bounce@OURDOMAIN.com>, relay=aspmx.l.google.com[74.125.23.26]:25, delay=64581, delays=54719/9859/1.9/0.66, dsn=2.0.0, status=sent (250 2.0.0 OK 1418253281 bq14si8771545pdb.169 - gsmtp),,,,,,,
Dec 11 10:14:42 phoenix postfix/qmgr[12481]: 9741F11043C2: removed,,,,,,,,,,,,
Dec 11 10:14:46 phoenix postfix/smtp[1735]: A341A110344F: to=<events@OURDOMAIN.com>, relay=aspmx.l.google.com[74.125.23.26]:25, delay=63152, delays=53286/9863/2.2/0.92, dsn=2.0.0, status=sent (250 2.0.0 OK 1418253286 be14si8932607pdb.43 - gsmtp),,,,,,,
Dec 11 10:14:46 phoenix postfix/qmgr[12481]: A341A110344F: removed,,,,,,,,,,,,
