Dec 11 10:05:17 phoenix postfix/smtp[32383]: 97DA911025A4: to=recipient@externaldomain.com, relay=mx.its.monash.edu.au[130.194.11.147]:25, delay=1082, delays=0.04/1081/1.2/0.12, dsn=2.0.0, status=sent (250 2.0.0 Ok: queued as 07CD0766323),,,,,,,
Dec 11 10:05:17 phoenix postfix/qmgr[12481]: 97DA911025A4: removed,,,,,,,,,,,,
Dec 11 10:05:19 phoenix postfix/smtpd[12636]: connect from OURMAILDOMAIN.com[127.0.0.1],,,,,,,,,,,,
Dec 11 10:05:19 phoenix postfix/smtpd[12636]: 00DE411010DE: client=OURMAILDOMAIN.com[127.0.0.1], sasl_method=LOGIN, sasl_username=jordy,,,,,,,,,,
Dec 11 10:05:19 phoenix postfix/cleanup[14069]: 00DE411010DE: message-id=recipient@externaldomain.com,,,,,,,,,,,,
Dec 11 10:05:19 phoenix postfix/smtpd[12636]: disconnect from OURMAILDOMAIN.com[127.0.0.1],,,,,,,,,,,,
Dec 11 10:05:19 phoenix postfix/qmgr[12481]: 00DE411010DE: from=<events@OURDOMAIN.com>, size=21980, nrcpt=1 (queue active),,,,,,,,,,
Dec 11 10:05:19 phoenix postfix/smtp[6918]: B558011038E5: enabling PIX workarounds: disable_esmtp delay_dotcrlf for mx3.cdu.edu.au[138.80.216.5]:25,,,,,,,,,,,,
Dec 11 10:05:20 phoenix postfix/smtpd[12636]: connect from OURMAILDOMAIN.com[127.0.0.1],,,,,,,,,,,,
Dec 11 10:05:20 phoenix postfix/smtpd[12636]: 5862511025A4: client=OURMAILDOMAIN.com[127.0.0.1], sasl_method=LOGIN, sasl_username=jordy,,,,,,,,,,
Dec 11 10:05:20 phoenix postfix/cleanup[22765]: 5862511025A4: message-id=recipient@externaldomain.com,,,,,,,,,,,,
Dec 11 10:05:20 phoenix postfix/smtpd[12636]: disconnect from OURMAILDOMAIN.com[127.0.0.1],,,,,,,,,,,,
Dec 11 10:05:20 phoenix postfix/qmgr[12481]: 5862511025A4: from=<events@OURDOMAIN.com>, size=21995, nrcpt=1 (queue active),,,,,,,,,,
Dec 11 10:05:20 phoenix postfix/smtp[675]: 04B921109066: to=recipient@externaldomain.com, relay=newcastle-edu-au.mail.protection.outlook.com[213.199.154.87]:25, delay=18586, delays=9271/9308/2.9/3.9, dsn=2.6.0, status=sent (250 2.6.0 recipient@externaldomain.com [InternalId=39655433044649, Hostname=SINPR04MB171.apcprd04.prod.outlook.com] Queued mail for delivery),,,,,,
Dec 11 10:05:20 phoenix postfix/qmgr[12481]: 04B921109066: removed,,,,,,,,,,,,
Dec 11 10:05:21 phoenix postfix/smtpd[12636]: connect from OURMAILDOMAIN.com[127.0.0.1],,,,,,,,,,,,
Dec 11 10:05:21 phoenix postfix/smtpd[12636]: A258A11029FF: client=OURMAILDOMAIN.com[127.0.0.1], sasl_method=LOGIN, sasl_username=jordy,,,,,,,,,,
Dec 11 10:05:21 phoenix postfix/cleanup[22765]: A258A11029FF: message-id=recipient@externaldomain.com,,,,,,,,,,,,
Dec 11 10:05:21 phoenix postfix/smtpd[12636]: disconnect from OURMAILDOMAIN.com[127.0.0.1],,,,,,,,,,,,
Dec 11 10:05:21 phoenix postfix/qmgr[12481]: A258A11029FF: from=<events@OURDOMAIN.com>, size=21943, nrcpt=1 (queue active),,,,,,,,,,
Dec 11 10:05:21 phoenix postfix/smtp[24753]: EB226110392F: to=recipient@externaldomain.com, relay=canth.cc.flinders.edu.au[129.96.252.15]:25, delay=34181, delays=24870/9310/0.17/0.14, dsn=2.0.0, status=sent (250 2.0.0 Ok: queued as 1C3FCF3137),,,,,,,
Dec 11 10:05:21 phoenix postfix/qmgr[12481]: EB226110392F: removed,,,,,,,,,,,,
Dec 11 10:05:21 phoenix postfix/smtp[21515]: 3BD721104D06: to=<bounce@OURDOMAIN.com>, relay=aspmx.l.google.com[74.125.204.26]:25, delay=81096, delays=71794/9298/2.4/0.71, dsn=2.0.0, status=sent (250 2.0.0 OK 1418252721 ox6si8701766pbb.180 - gsmtp),,,,,,,
Dec 11 10:05:21 phoenix postfix/qmgr[12481]: 3BD721104D06: removed,,,,,,,,,,,,
Dec 11 10:05:23 phoenix postfix/smtpd[12636]: connect from OURMAILDOMAIN.com[127.0.0.1],,,,,,,,,,,,
Dec 11 10:05:23 phoenix postfix/smtpd[12636]: 04155110383B: client=OURMAILDOMAIN.com[127.0.0.1], sasl_method=LOGIN, sasl_username=jordy,,,,,,,,,,
Dec 11 10:05:23 phoenix postfix/cleanup[22765]: 04155110383B: message-id=recipient@externaldomain.com,,,,,,,,,,,,
Dec 11 10:05:23 phoenix postfix/smtpd[12636]: disconnect from OURMAILDOMAIN.com[127.0.0.1],,,,,,,,,,,,
Dec 11 10:05:23 phoenix postfix/qmgr[12481]: 04155110383B: from=<events@OURDOMAIN.com>, size=21908, nrcpt=1 (queue active),,,,,,,,,,
Dec 11 10:05:24 phoenix postfix/smtp[3284]: 5B2BE1107C3D: to=recipient@externaldomain.com, relay=cluster4.us.messagelabs.com[216.82.250.19]:25, delay=27879, delays=18564/9312/1.8/0.73, dsn=2.0.0, status=sent (250 ok 1418252723 qp 4529 server-11.tower-87.messagelabs.com!1418252721!23423576!1),,,,,,,
Dec 11 10:05:24 phoenix postfix/qmgr[12481]: 5B2BE1107C3D: removed,,,,,,,,,,,,
Dec 11 10:05:24 phoenix postfix/smtpd[12636]: connect from OURMAILDOMAIN.com[127.0.0.1],,,,,,,,,,,,
Dec 11 10:05:24 phoenix postfix/smtpd[12636]: CC92E110383D: client=OURMAILDOMAIN.com[127.0.0.1], sasl_method=LOGIN, sasl_username=jordy,,,,,,,,,,
Dec 11 10:05:24 phoenix postfix/cleanup[22765]: CC92E110383D: message-id=recipient@externaldomain.com,,,,,,,,,,,,
Dec 11 10:05:24 phoenix postfix/smtpd[12636]: disconnect from OURMAILDOMAIN.com[127.0.0.1],,,,,,,,,,,,
Dec 11 10:05:24 phoenix postfix/qmgr[12481]: CC92E110383D: from=<events@OURDOMAIN.com>, size=21922, nrcpt=1 (queue active),,,,,,,,,,
Dec 11 10:05:25 phoenix postfix/smtp[26586]: 04155110383B: to=recipient@externaldomain.com, relay=mx.pacind.com.au[202.72.185.123]:25, delay=2.8, delays=0.04/0/1.6/1.2, dsn=2.0.0, status=sent (250 2.0.0 Ok: queued as E47E360E4C),,,,,,,
Dec 11 10:05:25 phoenix postfix/smtp[16284]: B7AB01104050: to=<events@OURDOMAIN.com>, relay=aspmx.l.google.com[74.125.204.26]:25, delay=82759, delays=73454/9302/2.1/0.86, dsn=2.0.0, status=sent (250 2.0.0 OK 1418252725 uw6si8743606pbc.149 - gsmtp),,,,,,,
Dec 11 10:05:25 phoenix postfix/qmgr[12481]: B7AB01104050: removed,,,,,,,,,,,,
Dec 11 10:05:25 phoenix postfix/qmgr[12481]: 04155110383B: removed,,,,,,,,,,,,
Dec 11 10:05:26 phoenix postfix/smtpd[12636]: connect from OURMAILDOMAIN.com[127.0.0.1],,,,,,,,,,,,
Dec 11 10:05:26 phoenix postfix/smtpd[12636]: 3F8BF110383B: client=OURMAILDOMAIN.com[127.0.0.1], sasl_method=LOGIN, sasl_username=jordy,,,,,,,,,,
Dec 11 10:05:26 phoenix postfix/cleanup[22765]: 3F8BF110383B: message-id=recipient@externaldomain.com,,,,,,,,,,,,
Dec 11 10:05:26 phoenix postfix/smtpd[12636]: disconnect from OURMAILDOMAIN.com[127.0.0.1],,,,,,,,,,,,
Dec 11 10:05:26 phoenix postfix/qmgr[12481]: 3F8BF110383B: from=<events@OURDOMAIN.com>, size=21929, nrcpt=1 (queue active),,,,,,,,,,
Dec 11 10:05:27 phoenix postfix/smtpd[12636]: connect from OURMAILDOMAIN.com[127.0.0.1],,,,,,,,,,,,
Dec 11 10:05:27 phoenix postfix/smtpd[12636]: DDD80110383E: client=OURMAILDOMAIN.com[127.0.0.1], sasl_method=LOGIN, sasl_username=jordy,,,,,,,,,,
Dec 11 10:05:27 phoenix postfix/cleanup[22765]: DDD80110383E: message-id=recipient@externaldomain.com,,,,,,,,,,,,
Dec 11 10:05:27 phoenix postfix/smtpd[12636]: disconnect from OURMAILDOMAIN.com[127.0.0.1],,,,,,,,,,,,
Dec 11 10:05:27 phoenix postfix/qmgr[12481]: DDD80110383E: from=<events@OURDOMAIN.com>, size=21984, nrcpt=1 (queue active),,,,,,,,,,
Dec 11 10:05:28 phoenix postfix/smtp[26585]: A258A11029FF: to=recipient@externaldomain.com, relay=pacbrands-com-au.mail.protection.outlook.com[213.199.154.23]:25, delay=6.4, delays=0.04/0/3.1/3.3, dsn=2.6.0, status=sent (250 2.6.0 recipient@externaldomain.com [InternalId=9938554323948, Hostname=SIXPR02MB0861.apcprd02.prod.outlook.com] Queued mail for delivery),,,,,,
Dec 11 10:05:28 phoenix postfix/qmgr[12481]: A258A11029FF: removed,,,,,,,,,,,,
Dec 11 10:05:28 phoenix postfix/smtp[675]: 79B8F110332D: to=recipient@externaldomain.com, relay=aspmx.l.google.com[74.125.204.26]:25, delay=45040, delays=35730/9305/2.6/1.5, dsn=2.0.0, status=sent (250 2.0.0 OK 1418252727 dl7si8934132pdb.26 - gsmtp),,,,,,,
Dec 11 10:05:28 phoenix postfix/qmgr[12481]: 79B8F110332D: removed,,,,,,,,,,,,
Dec 11 10:05:28 phoenix postfix/smtp[676]: connect to mail.mslawyers.com.au[203.149.77.146]:25: Connection timed out,,,,,,,,,,,,
Dec 11 10:05:28 phoenix postfix/smtp[676]: 4F6401102B45: to=recipient@externaldomain.com, relay=none, delay=1138, delays=1105/2.9/30/0, dsn=4.4.1, status=deferred (connect to mail.mslawyers.com.au[203.149.77.146]:25: Connection timed out),,,,,,,
Dec 11 10:05:29 phoenix postfix/smtp[3284]: 3180B1103311: to=recipient@externaldomain.com, relay=ex10ed03.qut.edu.au[131.181.191.16]:25, delay=26082, delays=16771/9309/0.28/1.5, dsn=2.6.0, status=sent (250 2.6.0 recipient@externaldomain.com [InternalId=7761649] Queued mail for delivery),,,,,,,
Dec 11 10:05:29 phoenix postfix/qmgr[12481]: 3180B1103311: removed,,,,,,,,,,,,
Dec 11 10:05:29 phoenix postfix/smtp[32383]: 7807711086EF: to=recipient@externaldomain.com, relay=rmit.edu.au.s10a1.psmtp.com[74.125.244.10]:25, delay=23326, delays=14014/9309/1.2/2.2, dsn=2.0.0, status=sent (250 Thanks),,,,,,,
Dec 11 10:05:29 phoenix postfix/smtpd[12636]: connect from OURMAILDOMAIN.com[127.0.0.1],,,,,,,,,,,,
Dec 11 10:05:29 phoenix postfix/smtpd[12636]: 5D9A911029FF: client=OURMAILDOMAIN.com[127.0.0.1], sasl_method=LOGIN, sasl_username=jordy,,,,,,,,,,
Dec 11 10:05:29 phoenix postfix/qmgr[12481]: 7807711086EF: removed,,,,,,,,,,,,
Dec 11 10:05:29 phoenix postfix/cleanup[22765]: 5D9A911029FF: message-id=recipient@externaldomain.com,,,,,,,,,,,,
Dec 11 10:05:29 phoenix postfix/smtpd[12636]: disconnect from OURMAILDOMAIN.com[127.0.0.1],,,,,,,,,,,,
Dec 11 10:05:29 phoenix postfix/qmgr[12481]: 5D9A911029FF: from=<events@OURDOMAIN.com>, size=21943, nrcpt=1 (queue active),,,,,,,,,,
Dec 11 10:05:29 phoenix postfix/smtp[25040]: 5862511025A4: to=recipient@externaldomain.com, relay=oxygenforbusiness-com.mail.protection.outlook.com[213.199.154.23]:25, delay=9.1, delays=0.04/0/5/4.1, dsn=2.6.0, status=sent (250 2.6.0 recipient@externaldomain.com [InternalId=39784282063234, Hostname=HKNPR01MB195.apcprd01.prod.exchangelabs.com] Queued mail for delivery),,,,,,
Dec 11 10:05:29 phoenix postfix/qmgr[12481]: 5862511025A4: removed,,,,,,,,,,,,
Dec 11 10:05:29 phoenix postfix/smtp[26584]: 8810A1109E33: to=recipient@externaldomain.com, relay=smtp-gateway.uow.edu.au[130.130.213.6]:25, delay=11938, delays=2615/9322/0.27/0.26, dsn=2.0.0, status=sent (250 MEU89626 Message accepted for delivery),,,,,,,
Dec 11 10:05:29 phoenix postfix/qmgr[12481]: 8810A1109E33: removed,,,,,,,,,,,,
Dec 11 10:05:29 phoenix postfix/smtp[24753]: DDD80110383E: to=recipient@externaldomain.com, relay=pacificmags.com.au.s8a1.psmtp.com[64.18.7.10]:25, delay=1.7, delays=0.04/0/1.3/0.33, dsn=5.0.0, status=bounced (host pacificmags.com.au.s8a1.psmtp.com[64.18.7.10] said: 550 No such user - psmtp (in reply to RCPT TO command)),,,,,,,
Dec 11 10:05:29 phoenix postfix/smtp[21515]: BD8C71100E27: to=<events@OURDOMAIN.com>, relay=aspmx.l.google.com[74.125.204.26]:25, delay=57387, delays=48078/9306/2.7/0.88, dsn=2.0.0, status=sent (250 2.0.0 OK 1418252729 v6si8809084pdr.119 - gsmtp),,,,,,,
Dec 11 10:05:29 phoenix postfix/qmgr[12481]: BD8C71100E27: removed,,,,,,,,,,,,
Dec 11 10:05:29 phoenix postfix/cleanup[22765]: E2AA61100E27: message-id=<20141210230529.E2AA61100E27@OURDOMAIN.com>,,,,,,,,,,,,
Dec 11 10:05:29 phoenix postfix/bounce[21606]: DDD80110383E: sender non-delivery notification: E2AA61100E27,,,,,,,,,,,,
Dec 11 10:05:29 phoenix postfix/qmgr[12481]: E2AA61100E27: from=<>, size=24089, nrcpt=1 (queue active),,,,,,,,,,
Dec 11 10:05:29 phoenix postfix/cleanup[22765]: E34E11103311: message-id=<20141210230529.E34E11103311@OURDOMAIN.com>,,,,,,,,,,,,
Dec 11 10:05:29 phoenix postfix/bounce[21606]: DDD80110383E: postmaster non-delivery notification: E34E11103311,,,,,,,,,,,,
Dec 11 10:05:29 phoenix postfix/qmgr[12481]: DDD80110383E: removed,,,,,,,,,,,,
Dec 11 10:05:29 phoenix postfix/qmgr[12481]: E34E11103311: from=<double-bounce@OURDOMAIN.com>, size=2463, nrcpt=1 (queue active),,,,,,,,,,
Dec 11 10:05:30 phoenix postfix/smtp[6918]: B558011038E5: to=recipient@externaldomain.com, relay=mx3.cdu.edu.au[138.80.216.5]:25, delay=40240, delays=30920/9309/0.37/11, dsn=2.0.0, status=sent (250 2.0.0 Ok: queued as 5A7DA19B005),,,,,,,
Dec 11 10:05:30 phoenix postfix/qmgr[12481]: B558011038E5: removed,,,,,,,,,,,,
Dec 11 10:05:30 phoenix postfix/smtp[3284]: 5D9A911029FF: to=recipient@externaldomain.com, relay=none, delay=1.3, delays=0.04/0/1.2/0, dsn=4.4.3, status=deferred (Host or domain name not found. Name service error for name=pacmag.com.au type=MX: Host not found, try again),,,,,,
Dec 11 10:05:30 phoenix postfix/smtpd[12636]: connect from OURMAILDOMAIN.com[127.0.0.1],,,,,,,,,,,,
Dec 11 10:05:30 phoenix postfix/smtpd[12636]: C16CE11025A4: client=OURMAILDOMAIN.com[127.0.0.1], sasl_method=LOGIN, sasl_username=jordy,,,,,,,,,,
Dec 11 10:05:30 phoenix postfix/cleanup[22765]: C16CE11025A4: message-id=recipient@externaldomain.com,,,,,,,,,,,,
Dec 11 10:05:30 phoenix postfix/smtpd[12636]: disconnect from OURMAILDOMAIN.com[127.0.0.1],,,,,,,,,,,,
Dec 11 10:05:30 phoenix postfix/qmgr[12481]: C16CE11025A4: from=<events@OURDOMAIN.com>, size=21936, nrcpt=1 (queue active),,,,,,,,,,
Dec 11 10:05:31 phoenix postfix/smtp[676]: 10F8F1103D85: to=recipient@externaldomain.com, relay=frmpexc03.nd.edu.au[203.19.80.217]:25, delay=17575, delays=8252/9322/0.22/0.92, dsn=2.6.0, status=sent (250 2.6.0 recipient@externaldomain.com [InternalId=21467957] Queued mail for delivery),,,,,,,
Dec 11 10:05:31 phoenix postfix/qmgr[12481]: 10F8F1103D85: removed,,,,,,,,,,,,
Dec 11 10:05:31 phoenix postfix/smtp[26586]: 2F1AE1105CFF: to=recipient@externaldomain.com, relay=cluster5.us.messagelabs.com[216.82.253.67]:25, delay=44531, delays=35218/9310/2.2/1.4, dsn=2.0.0, status=sent (250 ok 1418252730 qp 21710 server-13.tower-158.messagelabs.com!1418252727!9457536!1),,,,,,,
Dec 11 10:05:31 phoenix postfix/qmgr[12481]: 2F1AE1105CFF: removed,,,,,,,,,,,,
Dec 11 10:05:32 phoenix postfix/smtpd[12636]: connect from OURMAILDOMAIN.com[127.0.0.1],,,,,,,,,,,,
Dec 11 10:05:32 phoenix postfix/smtpd[12636]: 36FC7110332D: client=OURMAILDOMAIN.com[127.0.0.1], sasl_method=LOGIN, sasl_username=jordy,,,,,,,,,,
Dec 11 10:05:32 phoenix postfix/cleanup[27214]: 36FC7110332D: message-id=recipient@externaldomain.com,,,,,,,,,,,,
Dec 11 10:05:32 phoenix postfix/smtpd[12636]: disconnect from OURMAILDOMAIN.com[127.0.0.1],,,,,,,,,,,,
Dec 11 10:05:32 phoenix postfix/qmgr[12481]: 36FC7110332D: from=<events@OURDOMAIN.com>, size=21942, nrcpt=1 (queue active),,,,,,,,,,
Dec 11 10:05:32 phoenix postfix/smtp[26585]: 15D6911075E2: to=recipient@externaldomain.com, relay=smtp-in.jcu.edu.au[137.219.20.34]:25, delay=31222, delays=21897/9324/0.17/0.44, dsn=2.0.0, status=sent (250 2.0.0 Ok: queued as 0BD43270004),,,,,,,
Dec 11 10:05:32 phoenix postfix/qmgr[12481]: 15D6911075E2: removed,,,,,,,,,,,,
Dec 11 10:05:33 phoenix postfix/smtp[25040]: 563EA1108B60: to=recipient@externaldomain.com, relay=antispam-vip.federation.edu.au[141.132.91.86]:25, delay=21129, delays=11819/9309/0.27/1.4, dsn=2.0.0, status=sent (250 Requested mail action okay, completed.),,,,,,
Dec 11 10:05:33 phoenix postfix/qmgr[12481]: 563EA1108B60: removed,,,,,,,,,,,,
Dec 11 10:05:33 phoenix postfix/smtp[675]: 209451104159: to=recipient@externaldomain.com, relay=utsmeg1.uts.edu.au[138.25.1.230]:25, delay=14743, delays=5419/9322/0.25/1.7, dsn=2.0.0, status=sent (250 Requested mail action okay, completed.),,,,,,
Dec 11 10:05:33 phoenix postfix/qmgr[12481]: 209451104159: removed,,,,,,,,,,,,
Dec 11 10:05:33 phoenix postfix/smtp[16284]: E527C1103AE0: to=<events@OURDOMAIN.com>, relay=aspmx.l.google.com[74.125.204.26]:25, delay=65106, delays=55792/9310/2.3/0.97, dsn=2.0.0, status=sent (250 2.0.0 OK 1418252732 bk4si8857205pbb.64 - gsmtp),,,,,,,
Dec 11 10:05:33 phoenix postfix/qmgr[12481]: E527C1103AE0: removed,,,,,,,,,,,,
Dec 11 10:05:33 phoenix postfix/smtpd[12636]: connect from OURMAILDOMAIN.com[127.0.0.1],,,,,,,,,,,,
Dec 11 10:05:33 phoenix postfix/smtpd[12636]: BDA99110383E: client=OURMAILDOMAIN.com[127.0.0.1], sasl_method=LOGIN, sasl_username=jordy,,,,,,,,,,
Dec 11 10:05:33 phoenix postfix/cleanup[22765]: BDA99110383E: message-id=recipient@externaldomain.com,,,,,,,,,,,,
Dec 11 10:05:33 phoenix postfix/smtpd[12636]: disconnect from OURMAILDOMAIN.com[127.0.0.1],,,,,,,,,,,,
Dec 11 10:05:33 phoenix postfix/qmgr[12481]: BDA99110383E: from=<events@OURDOMAIN.com>, size=21934, nrcpt=1 (queue active),,,,,,,,,,
Dec 11 10:05:35 phoenix postfix/smtpd[12636]: connect from OURMAILDOMAIN.com[127.0.0.1],,,,,,,,,,,,
Dec 11 10:05:35 phoenix postfix/smtpd[12636]: 255111103840: client=OURMAILDOMAIN.com[127.0.0.1], sasl_method=LOGIN, sasl_username=jordy,,,,,,,,,,
Dec 11 10:05:35 phoenix postfix/cleanup[27214]: 255111103840: message-id=recipient@externaldomain.com,,,,,,,,,,,,
Dec 11 10:05:35 phoenix postfix/smtpd[12636]: disconnect from OURMAILDOMAIN.com[127.0.0.1],,,,,,,,,,,,
Dec 11 10:05:35 phoenix postfix/qmgr[12481]: 255111103840: from=<events@OURDOMAIN.com>, size=21995, nrcpt=1 (queue active),,,,,,,,,,
Dec 11 10:05:36 phoenix postfix/smtpd[12636]: connect from OURMAILDOMAIN.com[127.0.0.1],,,,,,,,,,,,
Dec 11 10:05:36 phoenix postfix/smtpd[12636]: 801A11103844: client=OURMAILDOMAIN.com[127.0.0.1], sasl_method=LOGIN, sasl_username=jordy,,,,,,,,,,
Dec 11 10:05:36 phoenix postfix/cleanup[22765]: 801A11103844: message-id=recipient@externaldomain.com,,,,,,,,,,,,
Dec 11 10:05:36 phoenix postfix/smtpd[12636]: disconnect from OURMAILDOMAIN.com[127.0.0.1],,,,,,,,,,,,
Dec 11 10:05:36 phoenix postfix/qmgr[12481]: 801A11103844: from=<events@OURDOMAIN.com>, size=21973, nrcpt=1 (queue active),,,,,,,,,,
Dec 11 10:05:36 phoenix postfix/smtp[676]: 36FC7110332D: to=recipient@externaldomain.com, relay=aspmx.l.google.com[74.125.204.26]:25, delay=4.4, delays=0.04/0/3.1/1.3, dsn=2.0.0, status=sent (250 2.0.0 OK 1418252735 ci12si8624274pdb.255 - gsmtp),,,,,,,
Dec 11 10:05:36 phoenix postfix/qmgr[12481]: 36FC7110332D: removed,,,,,,,,,,,,
Dec 11 10:05:37 phoenix postfix/smtp[32383]: 1F9C311088CB: to=recipient@externaldomain.com, relay=scu-edu-au.mail.eo.outlook.com[213.199.154.23]:25, delay=22409, delays=13083/9319/3.3/4, dsn=2.6.0, status=sent (250 2.6.0 recipient@externaldomain.com [InternalId=51685636440375, Hostname=HKXPR06MB133.apcprd06.prod.outlook.com] Queued mail for delivery),,,,,,
Dec 11 10:05:37 phoenix postfix/qmgr[12481]: 1F9C311088CB: removed,,,,,,,,,,,,
Dec 11 10:05:37 phoenix postfix/smtp[21515]: 21EF01102D75: to=<bounce@OURDOMAIN.com>, relay=aspmx.l.google.com[74.125.204.26]:25, delay=71239, delays=61921/9314/2.3/0.65, dsn=2.0.0, status=sent (250 2.0.0 OK 1418252736 ez4si8890724pbb.37 - gsmtp),,,,,,,
Dec 11 10:05:37 phoenix postfix/qmgr[12481]: 21EF01102D75: removed,,,,,,,,,,,,
Dec 11 10:05:37 phoenix postfix/smtpd[12636]: connect from OURMAILDOMAIN.com[127.0.0.1],,,,,,,,,,,,
Dec 11 10:05:37 phoenix postfix/smtpd[12636]: D87191102D75: client=OURMAILDOMAIN.com[127.0.0.1], sasl_method=LOGIN, sasl_username=jordy,,,,,,,,,,
Dec 11 10:05:37 phoenix postfix/cleanup[27214]: D87191102D75: message-id=recipient@externaldomain.com,,,,,,,,,,,,
Dec 11 10:05:37 phoenix postfix/smtpd[12636]: disconnect from OURMAILDOMAIN.com[127.0.0.1],,,,,,,,,,,,
Dec 11 10:05:37 phoenix postfix/qmgr[12481]: D87191102D75: from=<events@OURDOMAIN.com>, size=21977, nrcpt=1 (queue active),,,,,,,,,,
Dec 11 10:05:39 phoenix postfix/smtpd[12636]: connect from OURMAILDOMAIN.com[127.0.0.1],,,,,,,,,,,,
Dec 11 10:05:39 phoenix postfix/smtpd[12636]: 47425110332D: client=OURMAILDOMAIN.com[127.0.0.1], sasl_method=LOGIN, sasl_username=jordy,,,,,,,,,,
Dec 11 10:05:39 phoenix postfix/cleanup[22765]: 47425110332D: message-id=recipient@externaldomain.com,,,,,,,,,,,,
Dec 11 10:05:39 phoenix postfix/smtpd[12636]: disconnect from OURMAILDOMAIN.com[127.0.0.1],,,,,,,,,,,,
Dec 11 10:05:39 phoenix postfix/qmgr[12481]: 47425110332D: from=<events@OURDOMAIN.com>, size=22006, nrcpt=1 (queue active),,,,,,,,,,
Dec 11 10:05:39 phoenix postfix/error[26352]: EC6CE1102BC6: to=recipient@externaldomain.com, relay=none, delay=955, delays=0.04/955/0/0, dsn=4.4.2, status=deferred (delivery temporarily suspended: lost connection with statefleet.ogp.commerce.nsw.gov.au[143.119.160.16] while receiving the initial server greeting),,,,,,,
Dec 11 10:05:39 phoenix postfix/smtp[24753]: BDA99110383E: to=recipient@externaldomain.com, relay=mail.netspeed.com.au[210.11.144.78]:25, delay=5.8, delays=0.04/0/1/4.7, dsn=5.0.0, status=bounced (host mail.netspeed.com.au[210.11.144.78] said: 550 No such user (roxon) Cached lookup (in reply to RCPT TO command)),,,,,,,
Dec 11 10:05:39 phoenix postfix/cleanup[27214]: 99DF2110384B: message-id=<20141210230539.99DF2110384B@OURDOMAIN.com>,,,,,,,,,,,,
Dec 11 10:05:39 phoenix postfix/bounce[21606]: BDA99110383E: sender non-delivery notification: 99DF2110384B,,,,,,,,,,,,
Dec 11 10:05:39 phoenix postfix/qmgr[12481]: 99DF2110384B: from=<>, size=24009, nrcpt=1 (queue active),,,,,,,,,,
Dec 11 10:05:39 phoenix postfix/cleanup[22765]: 9A7281103851: message-id=<20141210230539.9A7281103851@OURDOMAIN.com>,,,,,,,,,,,,
Dec 11 10:05:39 phoenix postfix/bounce[21606]: BDA99110383E: postmaster non-delivery notification: 9A7281103851,,,,,,,,,,,,
Dec 11 10:05:39 phoenix postfix/qmgr[12481]: 9A7281103851: from=<double-bounce@OURDOMAIN.com>, size=2413, nrcpt=1 (queue active),,,,,,,,,,
Dec 11 10:05:39 phoenix postfix/qmgr[12481]: BDA99110383E: removed,,,,,,,,,,,,
Dec 11 10:05:40 phoenix postfix/smtp[26585]: 4E28611071F0: to=recipient@externaldomain.com, relay=griffith.edu.au.s6a1.psmtp.com[64.18.5.10]:25, delay=33222, delays=23891/9327/1.2/2.7, dsn=2.0.0, status=sent (250 Thanks),,,,,,,
Dec 11 10:05:40 phoenix postfix/qmgr[12481]: 4E28611071F0: removed,,,,,,,,,,,,
Dec 11 10:05:40 phoenix postfix/qmgr[12481]: 1296B11037BE: from=<events@OURDOMAIN.com>, size=22020, nrcpt=1 (queue active),,,,,,,,,,
Dec 11 10:05:40 phoenix postfix/qmgr[12481]: 67C5611037B8: from=<events@OURDOMAIN.com>, size=22055, nrcpt=1 (queue active),,,,,,,,,,
Dec 11 10:05:40 phoenix postfix/smtp[675]: 2490911026E1: to=recipient@externaldomain.com, relay=statefleet.ogp.commerce.nsw.gov.au[143.119.160.16]:25, delay=82, delays=0.04/82/0.05/0, dsn=4.4.2, status=deferred (lost connection with statefleet.ogp.commerce.nsw.gov.au[143.119.160.16] while receiving the initial server greeting),,,,,,,
Dec 11 10:05:40 phoenix postfix/smtpd[12636]: connect from OURMAILDOMAIN.com[127.0.0.1],,,,,,,,,,,,
Dec 11 10:05:40 phoenix postfix/smtpd[12636]: B7302110383E: client=OURMAILDOMAIN.com[127.0.0.1], sasl_method=LOGIN, sasl_username=jordy,,,,,,,,,,
Dec 11 10:05:40 phoenix postfix/cleanup[27214]: B7302110383E: message-id=recipient@externaldomain.com,,,,,,,,,,,,
Dec 11 10:05:40 phoenix postfix/smtpd[12636]: disconnect from OURMAILDOMAIN.com[127.0.0.1],,,,,,,,,,,,
Dec 11 10:05:40 phoenix postfix/qmgr[12481]: B7302110383E: from=<events@OURDOMAIN.com>, size=21950, nrcpt=1 (queue active),,,,,,,,,,
Dec 11 10:05:40 phoenix postfix/smtp[3284]: B7302110383E: to=recipient@externaldomain.com, relay=extmail.optusnet.com.au[211.29.133.14]:25, delay=0.2, delays=0.04/0/0.14/0.02, dsn=4.2.2, status=deferred (host extmail.optusnet.com.au[211.29.133.14] said: 452 4.2.2 recipient@externaldomain.com: Recipient address rejected: Mailbox full (in reply to RCPT TO command)),,,,,,,
Dec 11 10:05:41 phoenix postfix/smtp[16284]: 758811103373: to=<events@OURDOMAIN.com>, relay=aspmx.l.google.com[74.125.204.26]:25, delay=78061, delays=68740/9319/2.1/0.88, dsn=2.0.0, status=sent (250 2.0.0 OK 1418252741 sy2si8858953pbc.61 - gsmtp),,,,,,,
Dec 11 10:05:41 phoenix postfix/qmgr[12481]: 758811103373: removed,,,,,,,,,,,,
Dec 11 10:05:42 phoenix postfix/smtpd[12636]: connect from OURMAILDOMAIN.com[127.0.0.1],,,,,,,,,,,,
Dec 11 10:05:42 phoenix postfix/smtpd[12636]: 38D961103373: client=OURMAILDOMAIN.com[127.0.0.1], sasl_method=LOGIN, sasl_username=jordy,,,,,,,,,,
Dec 11 10:05:42 phoenix postfix/cleanup[22765]: 38D961103373: message-id=recipient@externaldomain.com,,,,,,,,,,,,
Dec 11 10:05:42 phoenix postfix/smtpd[12636]: disconnect from OURMAILDOMAIN.com[127.0.0.1],,,,,,,,,,,,
Dec 11 10:05:42 phoenix postfix/qmgr[12481]: 38D961103373: from=<events@OURDOMAIN.com>, size=21922, nrcpt=1 (queue active),,,,,,,,,,
Dec 11 10:05:43 phoenix postfix/smtpd[12636]: connect from OURMAILDOMAIN.com[127.0.0.1],,,,,,,,,,,,
Dec 11 10:05:43 phoenix postfix/smtpd[12636]: 9E0EA1103853: client=OURMAILDOMAIN.com[127.0.0.1], sasl_method=LOGIN, sasl_username=jordy,,,,,,,,,,
Dec 11 10:05:43 phoenix postfix/cleanup[27214]: 9E0EA1103853: message-id=recipient@externaldomain.com,,,,,,,,,,,,
Dec 11 10:05:43 phoenix postfix/smtpd[12636]: disconnect from OURMAILDOMAIN.com[127.0.0.1],,,,,,,,,,,,
Dec 11 10:05:43 phoenix postfix/qmgr[12481]: 9E0EA1103853: from=<events@OURDOMAIN.com>, size=21962, nrcpt=1 (queue active),,,,,,,,,,
Dec 11 10:05:43 phoenix postfix/smtp[26584]: 1ADBF11023F6: to=recipient@externaldomain.com, relay=cluster-g.mailcontrol.com[208.87.233.190]:25, delay=56914, delays=47581/9328/2.6/2.3, dsn=2.0.0, status=sent (250 2.0.0 sBAN5cSF014742 Message accepted for delivery),,,,,,,
Dec 11 10:05:43 phoenix postfix/qmgr[12481]: 1ADBF11023F6: removed,,,,,,,,,,,,
Dec 11 10:05:45 phoenix postfix/smtpd[12636]: connect from OURMAILDOMAIN.com[127.0.0.1],,,,,,,,,,,,
Dec 11 10:05:45 phoenix postfix/smtpd[12636]: 0AC8111023F6: client=OURMAILDOMAIN.com[127.0.0.1], sasl_method=LOGIN, sasl_username=jordy,,,,,,,,,,
Dec 11 10:05:45 phoenix postfix/smtp[676]: 38D961103373: to=recipient@externaldomain.com, relay=emailscan8.mci.com[216.82.249.131]:25, delay=2.8, delays=0.04/0/2.6/0.2, dsn=5.0.0, status=bounced (host emailscan8.mci.com[216.82.249.131] said: 550 Invalid recipient recipient@externaldomain.com (#5.1.1) (in reply to RCPT TO command)),,,,,,,
Dec 11 10:05:45 phoenix postfix/cleanup[22765]: 0AC8111023F6: message-id=recipient@externaldomain.com,,,,,,,,,,,,
Dec 11 10:05:45 phoenix postfix/smtpd[12636]: disconnect from OURMAILDOMAIN.com[127.0.0.1],,,,,,,,,,,,
Dec 11 10:05:45 phoenix postfix/qmgr[12481]: 0AC8111023F6: from=<events@OURDOMAIN.com>, size=21966, nrcpt=1 (queue active),,,,,,,,,,
Dec 11 10:05:45 phoenix postfix/cleanup[27214]: 3F7371103858: message-id=<20141210230545.3F7371103858@OURDOMAIN.com>,,,,,,,,,,,,
Dec 11 10:05:45 phoenix postfix/bounce[21606]: 38D961103373: sender non-delivery notification: 3F7371103858,,,,,,,,,,,,
Dec 11 10:05:45 phoenix postfix/qmgr[12481]: 3F7371103858: from=<>, size=24021, nrcpt=1 (queue active),,,,,,,,,,
Dec 11 10:05:45 phoenix postfix/cleanup[22765]: 4007B1103859: message-id=<20141210230545.4007B1103859@OURDOMAIN.com>,,,,,,,,,,,,
Dec 11 10:05:45 phoenix postfix/bounce[21606]: 38D961103373: postmaster non-delivery notification: 4007B1103859,,,,,,,,,,,,
Dec 11 10:05:45 phoenix postfix/qmgr[12481]: 4007B1103859: from=<double-bounce@OURDOMAIN.com>, size=2433, nrcpt=1 (queue active),,,,,,,,,,
Dec 11 10:05:45 phoenix postfix/qmgr[12481]: 38D961103373: removed,,,,,,,,,,,,
Dec 11 10:05:45 phoenix postfix/smtp[21515]: 9057E1103243: to=<bounce@OURDOMAIN.com>, relay=aspmx.l.google.com[74.125.204.26]:25, delay=9335, delays=9.8/9322/2.4/0.65, dsn=2.0.0, status=sent (250 2.0.0 OK 1418252744 pk6si8868444pac.75 - gsmtp),,,,,,,
Dec 11 10:05:45 phoenix postfix/qmgr[12481]: 9057E1103243: removed,,,,,,,,,,,,
Dec 11 10:05:46 phoenix postfix/smtpd[12636]: connect from OURMAILDOMAIN.com[127.0.0.1],,,,,,,,,,,,
Dec 11 10:05:46 phoenix postfix/smtpd[12636]: 686E01103243: client=OURMAILDOMAIN.com[127.0.0.1], sasl_method=LOGIN, sasl_username=jordy,,,,,,,,,,
Dec 11 10:05:46 phoenix postfix/cleanup[27214]: 686E01103243: message-id=recipient@externaldomain.com,,,,,,,,,,,,
Dec 11 10:05:46 phoenix postfix/smtpd[12636]: disconnect from OURMAILDOMAIN.com[127.0.0.1],,,,,,,,,,,,
Dec 11 10:05:46 phoenix postfix/qmgr[12481]: 686E01103243: from=<events@OURDOMAIN.com>, size=21955, nrcpt=1 (queue active),,,,,,,,,,
Dec 11 10:05:47 phoenix postfix/smtp[26586]: 686E01103243: to=recipient@externaldomain.com, relay=mail-ext-in2.uwa.edu.au[130.95.128.94]:25, delay=0.96, delays=0.04/0/0.53/0.38, dsn=2.0.0, status=sent (250 ok:  Message 113789543 accepted),,,,,,,
Dec 11 10:05:47 phoenix postfix/qmgr[12481]: 686E01103243: removed,,,,,,,,,,,,
Dec 11 10:05:47 phoenix postfix/smtpd[12636]: connect from OURMAILDOMAIN.com[127.0.0.1],,,,,,,,,,,,
Dec 11 10:05:47 phoenix postfix/smtpd[12636]: EB3A71103243: client=OURMAILDOMAIN.com[127.0.0.1], sasl_method=LOGIN, sasl_username=jordy,,,,,,,,,,
Dec 11 10:05:48 phoenix postfix/cleanup[22765]: EB3A71103243: message-id=recipient@externaldomain.com,,,,,,,,,,,,
Dec 11 10:05:48 phoenix postfix/smtpd[12636]: disconnect from OURMAILDOMAIN.com[127.0.0.1],,,,,,,,,,,,
Dec 11 10:05:48 phoenix postfix/qmgr[12481]: EB3A71103243: from=<events@OURDOMAIN.com>, size=21957, nrcpt=1 (queue active),,,,,,,,,,
Dec 11 10:05:48 phoenix postfix/smtp[32383]: EB3A71103243: to=recipient@externaldomain.com, relay=mail.philipwebb.com.au[115.70.163.106]:25, delay=0.35, delays=0.04/0/0.11/0.2, dsn=2.0.0, status=sent (250 B5488d14c0000 Message accepted for delivery),,,,,,,
Dec 11 10:05:48 phoenix postfix/qmgr[12481]: EB3A71103243: removed,,,,,,,,,,,,
Dec 11 10:05:49 phoenix postfix/smtp[25040]: 0AC8111023F6: to=recipient@externaldomain.com, relay=aspmx.l.google.com[74.125.204.26]:25, delay=4.2, delays=0.04/0/2.5/1.6, dsn=2.0.0, status=sent (250 2.0.0 OK 1418252748 qn7si8860222pbc.63 - gsmtp),,,,,,,
Dec 11 10:05:49 phoenix postfix/qmgr[12481]: 0AC8111023F6: removed,,,,,,,,,,,,
Dec 11 10:05:49 phoenix postfix/smtp[675]: 9E0EA1103853: to=recipient@externaldomain.com, relay=cust12946-1.in.mailcontrol.com[208.87.233.190]:25, delay=5.7, delays=0.04/0/3/2.7, dsn=2.0.0, status=sent (250 2.0.0 sBAN5hqG033918 Message accepted for delivery),,,,,,,
Dec 11 10:05:49 phoenix postfix/qmgr[12481]: 9E0EA1103853: removed,,,,,,,,,,,,
Dec 11 10:05:49 phoenix postfix/smtpd[12636]: connect from OURMAILDOMAIN.com[127.0.0.1],,,,,,,,,,,,
Dec 11 10:05:49 phoenix postfix/smtpd[12636]: 7010E11023F6: client=OURMAILDOMAIN.com[127.0.0.1], sasl_method=LOGIN, sasl_username=jordy,,,,,,,,,,
Dec 11 10:05:49 phoenix postfix/smtp[16284]: 58F921103523: to=<bounce@OURDOMAIN.com>, relay=aspmx.l.google.com[74.125.204.26]:25, delay=83793, delays=74464/9326/2.5/0.63, dsn=2.0.0, status=sent (250 2.0.0 OK 1418252748 ez2si8722913pab.183 - gsmtp),,,,,,,
Dec 11 10:05:49 phoenix postfix/qmgr[12481]: 58F921103523: removed,,,,,,,,,,,,
Dec 11 10:05:49 phoenix postfix/cleanup[27214]: 7010E11023F6: message-id=recipient@externaldomain.com,,,,,,,,,,,,
Dec 11 10:05:49 phoenix postfix/smtpd[12636]: disconnect from OURMAILDOMAIN.com[127.0.0.1],,,,,,,,,,,,
Dec 11 10:05:49 phoenix postfix/qmgr[12481]: 7010E11023F6: from=<events@OURDOMAIN.com>, size=21917, nrcpt=1 (queue active),,,,,,,,,,
Dec 11 10:05:49 phoenix postfix/smtp[26584]: 0DAEF1108DF7: to=recipient@externaldomain.com, relay=mx-02.adelaide.edu.au[192.43.228.206]:25, delay=19872, delays=10529/9343/0.46/0.19, dsn=2.0.0, status=sent (250 ok:  Message 195889439 accepted),,,,,,,
Dec 11 10:05:49 phoenix postfix/qmgr[12481]: 0DAEF1108DF7: removed,,,,,,,,,,,,
Dec 11 10:05:49 phoenix postfix/smtp[26586]: 50459110A28D: to=recipient@externaldomain.com, relay=act-mx.csiro.au[150.229.7.40]:25, delay=9784, delays=455/9328/0.58/0.18, dsn=5.0.0, status=bounced (host act-mx.csiro.au[150.229.7.40] said: 550 #5.1.0 Address rejected. (in reply to RCPT TO command)),,,,,,,
Dec 11 10:05:50 phoenix postfix/cleanup[22765]: 132C71103373: message-id=<20141210230550.132C71103373@OURDOMAIN.com>,,,,,,,,,,,,
Dec 11 10:05:50 phoenix postfix/bounce[21606]: 50459110A28D: sender non-delivery notification: 132C71103373,,,,,,,,,,,,
Dec 11 10:05:50 phoenix postfix/qmgr[12481]: 132C71103373: from=<>, size=23920, nrcpt=1 (queue active),,,,,,,,,,
Dec 11 10:05:50 phoenix postfix/cleanup[27214]: 1A3471103523: message-id=<20141210230550.1A3471103523@OURDOMAIN.com>,,,,,,,,,,,,
Dec 11 10:05:50 phoenix postfix/bounce[21606]: 50459110A28D: postmaster non-delivery notification: 1A3471103523,,,,,,,,,,,,
Dec 11 10:05:50 phoenix postfix/qmgr[12481]: 1A3471103523: from=<double-bounce@OURDOMAIN.com>, size=2347, nrcpt=1 (queue active),,,,,,,,,,
Dec 11 10:05:50 phoenix postfix/qmgr[12481]: 50459110A28D: removed,,,,,,,,,,,,
Dec 11 10:05:50 phoenix postfix/smtpd[12636]: connect from OURMAILDOMAIN.com[127.0.0.1],,,,,,,,,,,,
Dec 11 10:05:50 phoenix postfix/smtpd[12636]: E788F1103243: client=OURMAILDOMAIN.com[127.0.0.1], sasl_method=LOGIN, sasl_username=jordy,,,,,,,,,,
Dec 11 10:05:50 phoenix postfix/cleanup[22765]: E788F1103243: message-id=recipient@externaldomain.com,,,,,,,,,,,,
Dec 11 10:05:50 phoenix postfix/smtpd[12636]: disconnect from OURMAILDOMAIN.com[127.0.0.1],,,,,,,,,,,,
Dec 11 10:05:50 phoenix postfix/qmgr[12481]: E788F1103243: from=<events@OURDOMAIN.com>, size=21935, nrcpt=1 (queue active),,,,,,,,,,
Dec 11 10:05:52 phoenix postfix/smtpd[12636]: connect from OURMAILDOMAIN.com[127.0.0.1],,,,,,,,,,,,
Dec 11 10:05:52 phoenix postfix/smtpd[12636]: 676541103853: client=OURMAILDOMAIN.com[127.0.0.1], sasl_method=LOGIN, sasl_username=jordy,,,,,,,,,,
Dec 11 10:05:52 phoenix postfix/cleanup[27214]: 676541103853: message-id=recipient@externaldomain.com,,,,,,,,,,,,
Dec 11 10:05:52 phoenix postfix/smtpd[12636]: disconnect from OURMAILDOMAIN.com[127.0.0.1],,,,,,,,,,,,
Dec 11 10:05:52 phoenix postfix/qmgr[12481]: 676541103853: from=<events@OURDOMAIN.com>, size=21982, nrcpt=1 (queue active),,,,,,,,,,
Dec 11 10:05:52 phoenix postfix/smtp[24753]: B1AED110733F: to=recipient@externaldomain.com, relay=mx1.securemx.biz[203.84.134.2]:25, delay=32505, delays=23160/9339/2.3/4.2, dsn=2.0.0, status=sent (250 OK > 5488D1CC-0B4D0F32@mta1102),,,,,,,
Dec 11 10:05:52 phoenix postfix/qmgr[12481]: B1AED110733F: removed,,,,,,,,,,,,
Dec 11 10:05:53 phoenix postfix/smtp[21515]: C94F911012C7: to=<events@OURDOMAIN.com>, relay=aspmx.l.google.com[74.125.23.27]:25, delay=63497, delays=54164/9330/2/1.5, dsn=2.0.0, status=sent (250 2.0.0 OK 1418252752 yo5si8723659pbb.166 - gsmtp),,,,,,,
Dec 11 10:05:53 phoenix postfix/qmgr[12481]: C94F911012C7: removed,,,,,,,,,,,,
Dec 11 10:05:53 phoenix postfix/smtpd[12636]: connect from OURMAILDOMAIN.com[127.0.0.1],,,,,,,,,,,,
Dec 11 10:05:53 phoenix postfix/smtpd[12636]: D746A11012C7: client=OURMAILDOMAIN.com[127.0.0.1], sasl_method=LOGIN, sasl_username=jordy,,,,,,,,,,
Dec 11 10:05:53 phoenix postfix/cleanup[22765]: D746A11012C7: message-id=recipient@externaldomain.com,,,,,,,,,,,,
Dec 11 10:05:53 phoenix postfix/smtpd[12636]: disconnect from OURMAILDOMAIN.com[127.0.0.1],,,,,,,,,,,,
Dec 11 10:05:53 phoenix postfix/qmgr[12481]: D746A11012C7: from=<events@OURDOMAIN.com>, size=21976, nrcpt=1 (queue active),,,,,,,,,,
Dec 11 10:05:54 phoenix postfix/smtp[32383]: 6C44211033C8: to=recipient@externaldomain.com, relay=email2.lsre.com.au[59.100.116.137]:25, delay=1989, delays=0.04/1984/0.24/5, dsn=5.1.1, status=bounced (host email2.lsre.com.au[59.100.116.137] said: 550 5.1.1 User unknown (in reply to RCPT TO command)),,,,,,,
Dec 11 10:05:54 phoenix postfix/smtp[25040]: 676541103853: to=recipient@externaldomain.com, relay=cluster5.us.messagelabs.com[216.82.250.99]:25, delay=2.2, delays=0.04/0/1.9/0.2, dsn=5.0.0, status=bounced (host cluster5.us.messagelabs.com[216.82.250.99] said: 550-Invalid recipient recipient@externaldomain.com 550 (#5.1.1) (in reply to RCPT TO command)),,,,,,,
Dec 11 10:05:54 phoenix postfix/cleanup[27214]: BF9B71103861: message-id=<20141210230554.BF9B71103861@OURDOMAIN.com>,,,,,,,,,,,,
Dec 11 10:05:54 phoenix postfix/bounce[21606]: 676541103853: sender non-delivery notification: BF9B71103861,,,,,,,,,,,,
Dec 11 10:05:54 phoenix postfix/qmgr[12481]: BF9B71103861: from=<>, size=24176, nrcpt=1 (queue active),,,,,,,,,,
Dec 11 10:05:54 phoenix postfix/cleanup[22765]: C0C681103864: message-id=<20141210230554.C0C681103864@OURDOMAIN.com>,,,,,,,,,,,,
Dec 11 10:05:54 phoenix postfix/bounce[21606]: 676541103853: postmaster non-delivery notification: C0C681103864,,,,,,,,,,,,
Dec 11 10:05:54 phoenix postfix/qmgr[12481]: C0C681103864: from=<double-bounce@OURDOMAIN.com>, size=2552, nrcpt=1 (queue active),,,,,,,,,,
Dec 11 10:05:54 phoenix postfix/qmgr[12481]: 676541103853: removed,,,,,,,,,,,,
Dec 11 10:05:55 phoenix postfix/smtpd[12636]: connect from OURMAILDOMAIN.com[127.0.0.1],,,,,,,,,,,,
Dec 11 10:05:55 phoenix postfix/smtpd[12636]: 59EB61103853: client=OURMAILDOMAIN.com[127.0.0.1], sasl_method=LOGIN, sasl_username=jordy,,,,,,,,,,
Dec 11 10:05:55 phoenix postfix/cleanup[27214]: 59EB61103853: message-id=recipient@externaldomain.com,,,,,,,,,,,,
Dec 11 10:05:55 phoenix postfix/smtpd[12636]: disconnect from OURMAILDOMAIN.com[127.0.0.1],,,,,,,,,,,,
Dec 11 10:05:55 phoenix postfix/qmgr[12481]: 59EB61103853: from=<events@OURDOMAIN.com>, size=21972, nrcpt=1 (queue active),,,,,,,,,,
Dec 11 10:05:55 phoenix postfix/smtp[675]: 873661107D48: to=recipient@externaldomain.com, relay=up-mx3.det.nsw.edu.au[153.107.41.21]:25, delay=27387, delays=18047/9336/2.2/0.89, dsn=2.0.0, status=sent (250 2.0.0 sBAN5pFe030764 Message accepted for delivery),,,,,,,
Dec 11 10:05:55 phoenix postfix/qmgr[12481]: 873661107D48: removed,,,,,,,,,,,,
Dec 11 10:05:56 phoenix postfix/smtp[3284]: 7010E11023F6: to=recipient@externaldomain.com, relay=mail.plpaust.com[59.167.123.90]:25, delay=6.6, delays=0.04/0/0.26/6.3, dsn=2.6.0, status=sent (250 2.6.0 recipient@externaldomain.com [InternalId=1448024] Queued mail for delivery),,,,,,,
Dec 11 10:05:56 phoenix postfix/qmgr[12481]: 7010E11023F6: removed,,,,,,,,,,,,
Dec 11 10:05:56 phoenix postfix/smtp[26585]: E788F1103243: to=recipient@externaldomain.com, relay=filter1.pmcapi-1.mailguard.com.au[67.228.18.83]:25, delay=5.7, delays=0.04/0/2.6/3.1, dsn=2.0.0, status=sent (250 2.0.0 Ok: queued as 4DC4B14C042 UID 5488d1d17a050a1e),,,,,,,
Dec 11 10:05:56 phoenix postfix/smtpd[12636]: connect from OURMAILDOMAIN.com[127.0.0.1],,,,,,,,,,,,
Dec 11 10:05:56 phoenix postfix/smtpd[12636]: CE1FE11023F6: client=OURMAILDOMAIN.com[127.0.0.1], sasl_method=LOGIN, sasl_username=jordy,,,,,,,,,,
Dec 11 10:05:56 phoenix postfix/cleanup[22765]: CE1FE11023F6: message-id=recipient@externaldomain.com,,,,,,,,,,,,
Dec 11 10:05:56 phoenix postfix/smtpd[12636]: disconnect from OURMAILDOMAIN.com[127.0.0.1],,,,,,,,,,,,
Dec 11 10:05:56 phoenix postfix/qmgr[12481]: CE1FE11023F6: from=<events@OURDOMAIN.com>, size=21950, nrcpt=1 (queue active),,,,,,,,,,
Dec 11 10:05:56 phoenix postfix/qmgr[12481]: E788F1103243: removed,,,,,,,,,,,,
Dec 11 10:05:57 phoenix postfix/smtp[16284]: D1DAA11050DF: to=<bounce@OURDOMAIN.com>, relay=aspmx.l.google.com[74.125.23.27]:25, delay=73144, delays=63807/9334/2.1/1.1, dsn=2.0.0, status=sent (250 2.0.0 OK 1418252757 bt16si8732428pdb.179 - gsmtp),,,,,,,
Dec 11 10:05:57 phoenix postfix/qmgr[12481]: D1DAA11050DF: removed,,,,,,,,,,,,
Dec 11 10:05:58 phoenix postfix/smtpd[12636]: connect from OURMAILDOMAIN.com[127.0.0.1],,,,,,,,,,,,
Dec 11 10:05:58 phoenix postfix/smtpd[12636]: 46D821103243: client=OURMAILDOMAIN.com[127.0.0.1], sasl_method=LOGIN, sasl_username=jordy,,,,,,,,,,
Dec 11 10:05:58 phoenix postfix/cleanup[27214]: 46D821103243: message-id=recipient@externaldomain.com,,,,,,,,,,,,
Dec 11 10:05:58 phoenix postfix/smtpd[12636]: disconnect from OURMAILDOMAIN.com[127.0.0.1],,,,,,,,,,,,
Dec 11 10:05:58 phoenix postfix/qmgr[12481]: 46D821103243: from=<events@OURDOMAIN.com>, size=21950, nrcpt=1 (queue active),,,,,,,,,,
Dec 11 10:05:58 phoenix postfix/smtp[26586]: 49AAB1104228: to=recipient@externaldomain.com, relay=mail1.klgates.com[205.149.23.42]:25, delay=30467, delays=21130/9334/1.7/1.2, dsn=2.0.0, status=sent (250 ok:  Message 15092064 accepted),,,,,,,
Dec 11 10:05:59 phoenix postfix/qmgr[12481]: 49AAB1104228: removed,,,,,,,,,,,,
Dec 11 10:05:59 phoenix postfix/smtpd[12636]: connect from OURMAILDOMAIN.com[127.0.0.1],,,,,,,,,,,,
Dec 11 10:05:59 phoenix postfix/smtpd[12636]: B4936110386E: client=OURMAILDOMAIN.com[127.0.0.1], sasl_method=LOGIN, sasl_username=jordy,,,,,,,,,,
Dec 11 10:05:59 phoenix postfix/cleanup[22765]: B4936110386E: message-id=recipient@externaldomain.com,,,,,,,,,,,,
Dec 11 10:05:59 phoenix postfix/smtpd[12636]: disconnect from OURMAILDOMAIN.com[127.0.0.1],,,,,,,,,,,,
Dec 11 10:05:59 phoenix postfix/qmgr[12481]: B4936110386E: from=<events@OURDOMAIN.com>, size=21954, nrcpt=1 (queue active),,,,,,,,,,
Dec 11 10:06:01 phoenix postfix/smtpd[12636]: connect from OURMAILDOMAIN.com[127.0.0.1],,,,,,,,,,,,
Dec 11 10:06:01 phoenix postfix/smtpd[12636]: 30E111103876: client=OURMAILDOMAIN.com[127.0.0.1], sasl_method=LOGIN, sasl_username=jordy,,,,,,,,,,
Dec 11 10:06:01 phoenix postfix/cleanup[27214]: 30E111103876: message-id=recipient@externaldomain.com,,,,,,,,,,,,
Dec 11 10:06:01 phoenix postfix/smtpd[12636]: disconnect from OURMAILDOMAIN.com[127.0.0.1],,,,,,,,,,,,
Dec 11 10:06:01 phoenix postfix/qmgr[12481]: 30E111103876: from=<events@OURDOMAIN.com>, size=21956, nrcpt=1 (queue active),,,,,,,,,,
Dec 11 10:06:01 phoenix postfix/smtp[21515]: 671FB110109A: to=<bounce@OURDOMAIN.com>, relay=aspmx.l.google.com[74.125.23.27]:25, delay=53808, delays=44467/9338/2.3/0.7, dsn=2.0.0, status=sent (250 2.0.0 OK 1418252760 dw1si8728371pab.181 - gsmtp),,,,,,,
Dec 11 10:06:01 phoenix postfix/qmgr[12481]: 671FB110109A: removed,,,,,,,,,,,,
Dec 11 10:06:02 phoenix postfix/smtpd[12636]: connect from OURMAILDOMAIN.com[127.0.0.1],,,,,,,,,,,,
Dec 11 10:06:02 phoenix postfix/smtpd[12636]: 892C6110109A: client=OURMAILDOMAIN.com[127.0.0.1], sasl_method=LOGIN, sasl_username=jordy,,,,,,,,,,
Dec 11 10:06:02 phoenix postfix/cleanup[22765]: 892C6110109A: message-id=recipient@externaldomain.com,,,,,,,,,,,,
Dec 11 10:06:02 phoenix postfix/smtpd[12636]: disconnect from OURMAILDOMAIN.com[127.0.0.1],,,,,,,,,,,,
Dec 11 10:06:02 phoenix postfix/qmgr[12481]: 892C6110109A: from=<events@OURDOMAIN.com>, size=21966, nrcpt=1 (queue active),,,,,,,,,,
Dec 11 10:06:03 phoenix postfix/smtp[3284]: 13AD61107C83: to=recipient@externaldomain.com, relay=cust23659-2.in.mailcontrol.com[116.50.58.190]:25, delay=27775, delays=18428/9343/1.2/1.8, dsn=2.0.0, status=sent (250 2.0.0 sBAN60F5024971 Message accepted for delivery),,,,,,,
Dec 11 10:06:03 phoenix postfix/qmgr[12481]: 13AD61107C83: removed,,,,,,,,,,,,
Dec 11 10:06:03 phoenix postfix/smtpd[12636]: connect from OURMAILDOMAIN.com[127.0.0.1],,,,,,,,,,,,
Dec 11 10:06:03 phoenix postfix/smtpd[12636]: DD7691103879: client=OURMAILDOMAIN.com[127.0.0.1], sasl_method=LOGIN, sasl_username=jordy,,,,,,,,,,
Dec 11 10:06:03 phoenix postfix/cleanup[27214]: DD7691103879: message-id=recipient@externaldomain.com,,,,,,,,,,,,
Dec 11 10:06:03 phoenix postfix/smtpd[12636]: disconnect from OURMAILDOMAIN.com[127.0.0.1],,,,,,,,,,,,
Dec 11 10:06:03 phoenix postfix/qmgr[12481]: DD7691103879: from=<events@OURDOMAIN.com>, size=21957, nrcpt=1 (queue active),,,,,,,,,,
Dec 11 10:06:04 phoenix postfix/cleanup[22765]: 83C0B110387D: message-id=<20141210230604.83C0B110387D@OURDOMAIN.com>,,,,,,,,,,,,
Dec 11 10:06:04 phoenix postfix/bounce[21606]: 6C44211033C8: sender non-delivery notification: 83C0B110387D,,,,,,,,,,,,
Dec 11 10:06:04 phoenix postfix/qmgr[12481]: 83C0B110387D: from=<>, size=24088, nrcpt=1 (queue active),,,,,,,,,,
Dec 11 10:06:04 phoenix postfix/cleanup[27214]: 84699110387E: message-id=<20141210230604.84699110387E@OURDOMAIN.com>,,,,,,,,,,,,
Dec 11 10:06:04 phoenix postfix/bounce[21606]: 6C44211033C8: postmaster non-delivery notification: 84699110387E,,,,,,,,,,,,
Dec 11 10:06:04 phoenix postfix/qmgr[12481]: 84699110387E: from=<double-bounce@OURDOMAIN.com>, size=2448, nrcpt=1 (queue active),,,,,,,,,,
Dec 11 10:06:04 phoenix postfix/qmgr[12481]: 6C44211033C8: removed,,,,,,,,,,,,
Dec 11 10:06:05 phoenix postfix/smtp[675]: 0A79F110220B: to=recipient@externaldomain.com, relay=mq.edu.au.s200a1.psmtp.com[207.126.147.10]:25, delay=1367, delays=0.04/1363/2.2/2.3, dsn=2.0.0, status=sent (250 Thanks),,,,,,,
Dec 11 10:06:05 phoenix postfix/smtp[6918]: connect to enet2.patrick.com.au[203.0.27.15]:25: Connection timed out,,,,,,,,,,,,
Dec 11 10:06:05 phoenix postfix/smtp[6918]: 255111103840: to=recipient@externaldomain.com, relay=none, delay=30, delays=0.04/0/30/0, dsn=4.4.1, status=deferred (connect to enet2.patrick.com.au[203.0.27.15]:25: Connection timed out),,,,,,,
Dec 11 10:06:05 phoenix postfix/smtpd[12636]: connect from OURMAILDOMAIN.com[127.0.0.1],,,,,,,,,,,,
Dec 11 10:06:05 phoenix postfix/smtpd[12636]: 40B3011033C8: client=OURMAILDOMAIN.com[127.0.0.1], sasl_method=LOGIN, sasl_username=jordy,,,,,,,,,,
Dec 11 10:06:05 phoenix postfix/cleanup[22765]: 40B3011033C8: message-id=recipient@externaldomain.com,,,,,,,,,,,,
Dec 11 10:06:05 phoenix postfix/smtpd[12636]: disconnect from OURMAILDOMAIN.com[127.0.0.1],,,,,,,,,,,,
Dec 11 10:06:05 phoenix postfix/qmgr[12481]: 40B3011033C8: from=<events@OURDOMAIN.com>, size=21952, nrcpt=1 (queue active),,,,,,,,,,
Dec 11 10:06:05 phoenix postfix/qmgr[12481]: 0A79F110220B: removed,,,,,,,,,,,,
Dec 11 10:06:05 phoenix postfix/smtp[16284]: 34C24110420C: to=<events@OURDOMAIN.com>, relay=aspmx.l.google.com[74.125.23.27]:25, delay=64426, delays=55081/9342/2.4/1, dsn=2.0.0, status=sent (250 2.0.0 OK 1418252764 iu6si8906342pac.47 - gsmtp),,,,,,,
Dec 11 10:06:05 phoenix postfix/qmgr[12481]: 34C24110420C: removed,,,,,,,,,,,,
Dec 11 10:06:05 phoenix postfix/smtp[676]: D746A11012C7: to=recipient@externaldomain.com, relay=filter1.pollak-1.mailguard.com.au[74.86.19.26]:25, delay=12, delays=0.04/0/9/2.9, dsn=2.0.0, status=sent (250 2.0.0 Ok: queued as 80FC52E42DF UID 5488d1da5e1eb022),,,,,,,
Dec 11 10:06:06 phoenix postfix/qmgr[12481]: D746A11012C7: removed,,,,,,,,,,,,
Dec 11 10:06:06 phoenix postfix/error[26352]: E37141107D2D: to=recipient@externaldomain.com, relay=none, delay=100146, delays=90800/9346/0/0, dsn=4.4.1, status=deferred (delivery temporarily suspended: connect to bechtel.com.au[204.74.99.100]:25: Connection refused),,,,,,,
Dec 11 10:06:06 phoenix postfix/smtpd[12636]: connect from OURMAILDOMAIN.com[127.0.0.1],,,,,,,,,,,,
Dec 11 10:06:06 phoenix postfix/smtpd[12636]: A10BE110220B: client=OURMAILDOMAIN.com[127.0.0.1], sasl_method=LOGIN, sasl_username=jordy,,,,,,,,,,
Dec 11 10:06:06 phoenix postfix/cleanup[27214]: A10BE110220B: message-id=recipient@externaldomain.com,,,,,,,,,,,,
Dec 11 10:06:06 phoenix postfix/smtpd[12636]: disconnect from OURMAILDOMAIN.com[127.0.0.1],,,,,,,,,,,,
Dec 11 10:06:06 phoenix postfix/qmgr[12481]: A10BE110220B: from=<events@OURDOMAIN.com>, size=21945, nrcpt=1 (queue active),,,,,,,,,,
Dec 11 10:06:07 phoenix postfix/smtpd[12636]: connect from OURMAILDOMAIN.com[127.0.0.1],,,,,,,,,,,,
Dec 11 10:06:07 phoenix postfix/smtpd[12636]: F07451103885: client=OURMAILDOMAIN.com[127.0.0.1], sasl_method=LOGIN, sasl_username=jordy,,,,,,,,,,
Dec 11 10:06:08 phoenix postfix/cleanup[22765]: F07451103885: message-id=recipient@externaldomain.com,,,,,,,,,,,,
Dec 11 10:06:08 phoenix postfix/smtpd[12636]: disconnect from OURMAILDOMAIN.com[127.0.0.1],,,,,,,,,,,,
Dec 11 10:06:08 phoenix postfix/qmgr[12481]: F07451103885: from=<events@OURDOMAIN.com>, size=21964, nrcpt=1 (queue active),,,,,,,,,,
Dec 11 10:06:08 phoenix postfix/smtp[26584]: B4936110386E: to=recipient@externaldomain.com, relay=mxb-00176a02.gslb.pphosted.com[67.231.157.41]:25, delay=9, delays=0.04/0/3.1/5.8, dsn=5.1.1, status=bounced (host mxb-00176a02.gslb.pphosted.com[67.231.157.41] said: 550 5.1.1 No such user - pp (in reply to RCPT TO command)),,,,,,,
Dec 11 10:06:09 phoenix postfix/smtp[21515]: CED8E1103CC3: to=<bounce@OURDOMAIN.com>, relay=aspmx.l.google.com[74.125.23.27]:25, delay=78554, delays=69206/9346/2.3/0.7, dsn=2.0.0, status=sent (250 2.0.0 OK 1418252768 vv1si8799419pbc.109 - gsmtp),,,,,,,
Dec 11 10:06:09 phoenix postfix/qmgr[12481]: CED8E1103CC3: removed,,,,,,,,,,,,
Dec 11 10:06:09 phoenix postfix/cleanup[27214]: 21CF7110388C: message-id=<20141210230609.21CF7110388C@OURDOMAIN.com>,,,,,,,,,,,,
Dec 11 10:06:09 phoenix postfix/bounce[21606]: B4936110386E: sender non-delivery notification: 21CF7110388C,,,,,,,,,,,,
Dec 11 10:06:09 phoenix postfix/qmgr[12481]: 21CF7110388C: from=<>, size=24039, nrcpt=1 (queue active),,,,,,,,,,
Dec 11 10:06:09 phoenix postfix/cleanup[22765]: 226351103890: message-id=<20141210230609.226351103890@OURDOMAIN.com>,,,,,,,,,,,,
Dec 11 10:06:09 phoenix postfix/bounce[21606]: B4936110386E: postmaster non-delivery notification: 226351103890,,,,,,,,,,,,
Dec 11 10:06:09 phoenix postfix/qmgr[12481]: 226351103890: from=<double-bounce@OURDOMAIN.com>, size=2431, nrcpt=1 (queue active),,,,,,,,,,
Dec 11 10:06:09 phoenix postfix/qmgr[12481]: B4936110386E: removed,,,,,,,,,,,,
Dec 11 10:06:09 phoenix postfix/smtpd[12636]: connect from OURMAILDOMAIN.com[127.0.0.1],,,,,,,,,,,,
Dec 11 10:06:09 phoenix postfix/smtpd[12636]: 44B89110386E: client=OURMAILDOMAIN.com[127.0.0.1], sasl_method=LOGIN, sasl_username=jordy,,,,,,,,,,
Dec 11 10:06:09 phoenix postfix/cleanup[27214]: 44B89110386E: message-id=recipient@externaldomain.com,,,,,,,,,,,,
Dec 11 10:06:09 phoenix postfix/smtpd[12636]: disconnect from OURMAILDOMAIN.com[127.0.0.1],,,,,,,,,,,,
Dec 11 10:06:09 phoenix postfix/qmgr[12481]: 44B89110386E: from=<events@OURDOMAIN.com>, size=21960, nrcpt=1 (queue active),,,,,,,,,,
Dec 11 10:06:10 phoenix postfix/smtp[26586]: 3422D110857F: to=recipient@externaldomain.com, relay=aspmx.l.google.com[74.125.23.27]:25, delay=24080, delays=14716/9362/2.4/0.35, dsn=5.1.1, status=bounced (host aspmx.l.google.com[74.125.23.27] said: 550-5.1.1 The email account that you tried to reach does not exist. Please try 550-5.1.1 double-checking the recipient's email address for typos or 550-5.1.1 unnecessary spaces. Learn more at 550 5.1.1 http://support.google.com/mail/bin/answer.py?answer=6596 qe7si8889735pac.59 - gsmtp (in reply to RCPT TO command)),,,,,,,
Dec 11 10:06:10 phoenix postfix/smtpd[12636]: connect from OURMAILDOMAIN.com[127.0.0.1],,,,,,,,,,,,
Dec 11 10:06:10 phoenix postfix/smtpd[12636]: 93B991103892: client=OURMAILDOMAIN.com[127.0.0.1], sasl_method=LOGIN, sasl_username=jordy,,,,,,,,,,
Dec 11 10:06:10 phoenix postfix/cleanup[22765]: 93B991103892: message-id=recipient@externaldomain.com,,,,,,,,,,,,
Dec 11 10:06:10 phoenix postfix/smtpd[12636]: disconnect from OURMAILDOMAIN.com[127.0.0.1],,,,,,,,,,,,
Dec 11 10:06:10 phoenix postfix/qmgr[12481]: 93B991103892: from=<events@OURDOMAIN.com>, size=21912, nrcpt=1 (queue active),,,,,,,,,,
Dec 11 10:06:10 phoenix postfix/smtp[6918]: connect to ppi.com.au[202.124.241.178]:25: Connection refused,,,,,,,,,,,,
