Dec 11 10:10:16 phoenix postfix/smtp[26584]: 42CAA1105D18: to=recipient@externaldomain.com, relay=cluster5.us.messagelabs.com[216.82.253.163]:25, delay=44747, delays=35149/9594/1.9/1.9, dsn=2.0.0, status=sent (250 ok 1418253015 qp 4706 server-8.tower-166.messagelabs.com!1418253012!20016941!1),,,,,,,
Dec 11 10:10:16 phoenix postfix/qmgr[12481]: 42CAA1105D18: removed,,,,,,,,,,,,
Dec 11 10:10:17 phoenix postfix/pickup[28782]: C2F381100F75: uid=0 from=<root>,,,,,,,,,,,,
Dec 11 10:10:17 phoenix postfix/cleanup[1338]: C2F381100F75: message-id=<20141210231017.C2F381100F75@OURDOMAIN.com>,,,,,,,,,,,,
Dec 11 10:10:17 phoenix postfix/qmgr[12481]: C2F381100F75: from=<root@OURDOMAIN.com>, size=1670151, nrcpt=1 (queue active),,,,,,,,,,
Dec 11 10:10:19 phoenix postfix/smtp[21515]: DF7E211027DB: to=<events@OURDOMAIN.com>, relay=aspmx.l.google.com[74.125.23.27]:25, delay=55690, delays=46091/9596/2.1/0.85, dsn=2.0.0, status=sent (250 2.0.0 OK 1418253018 kb6si8944475pad.26 - gsmtp),,,,,,,
Dec 11 10:10:19 phoenix postfix/qmgr[12481]: DF7E211027DB: removed,,,,,,,,,,,,
Dec 11 10:10:20 phoenix postfix/smtp[1215]: 21CB71108D8E: to=recipient@externaldomain.com, relay=mx-02.adelaide.edu.au[192.43.228.206]:25, delay=20343, delays=10729/9614/0.28/0.18, dsn=2.0.0, status=sent (250 ok:  Message 195890834 accepted),,,,,,,
Dec 11 10:10:21 phoenix postfix/qmgr[12481]: 21CB71108D8E: removed,,,,,,,,,,,,
Dec 11 10:10:21 phoenix postfix/smtp[6918]: 2EFCA11022F1: to=recipient@externaldomain.com, relay=vic-mx.csiro.au[150.229.64.40]:25, delay=39143, delays=29544/9599/0.23/0.14, dsn=2.0.0, status=sent (250 ok:  Message 7225203 accepted),,,,,,,
Dec 11 10:10:21 phoenix postfix/qmgr[12481]: 2EFCA11022F1: removed,,,,,,,,,,,,
Dec 11 10:10:21 phoenix postfix/smtp[24753]: E506811031DB: to=recipient@externaldomain.com, relay=none, delay=1316, delays=1294/0/21/0, dsn=4.4.3, status=deferred (Host or domain name not found. Name service error for name=mtox.com.au type=MX: Host not found, try again),,,,,,
Dec 11 10:10:22 phoenix postfix/smtp[1215]: 46E2B11064AB: enabling PIX workarounds: disable_esmtp delay_dotcrlf for mx3.cdu.edu.au[138.80.216.5]:25,,,,,,,,,,,,
Dec 11 10:10:23 phoenix postfix/smtp[21515]: A9F5C1102264: to=<events@OURDOMAIN.com>, relay=aspmx.l.google.com[74.125.23.27]:25, delay=76710, delays=67107/9600/2/0.85, dsn=2.0.0, status=sent (250 2.0.0 OK 1418253022 lk3si8923532pab.43 - gsmtp),,,,,,,
Dec 11 10:10:23 phoenix postfix/qmgr[12481]: A9F5C1102264: removed,,,,,,,,,,,,
Dec 11 10:10:26 phoenix postfix/pickup[28782]: A65481100FA4: uid=0 from=<root>,,,,,,,,,,,,
Dec 11 10:10:26 phoenix postfix/cleanup[1338]: A65481100FA4: message-id=<20141210231026.A65481100FA4@OURDOMAIN.com>,,,,,,,,,,,,
Dec 11 10:10:26 phoenix postfix/qmgr[12481]: A65481100FA4: from=<root@OURDOMAIN.com>, size=629, nrcpt=1 (queue active),,,,,,,,,,
Dec 11 10:10:27 phoenix postfix/smtp[21515]: 2A9101103B43: to=<bounce@OURDOMAIN.com>, relay=aspmx.l.google.com[74.125.23.27]:25, delay=73743, delays=64136/9604/2/0.63, dsn=2.0.0, status=sent (250 2.0.0 OK 1418253026 sh4si8948499pbc.3 - gsmtp),,,,,,,
Dec 11 10:10:27 phoenix postfix/qmgr[12481]: 2A9101103B43: removed,,,,,,,,,,,,
Dec 11 10:10:27 phoenix postfix/smtp[26585]: 92D9E1102651: to=recipient@externaldomain.com, relay=cluster-g.mailcontrol.com[208.87.233.190]:25, delay=57078, delays=47462/9606/2.5/7.1, dsn=2.0.0, status=sent (250 2.0.0 sBANAHiJ031270 Message accepted for delivery),,,,,,,
Dec 11 10:10:27 phoenix postfix/qmgr[12481]: 92D9E1102651: removed,,,,,,,,,,,,
Dec 11 10:10:27 phoenix postfix/smtp[26586]: 442721103EBA: to=recipient@externaldomain.com, relay=scu-edu-au.mail.eo.outlook.com[213.199.154.87]:25, delay=22931, delays=13315/9609/3.3/3.8, dsn=2.6.0, status=sent (250 2.6.0 recipient@externaldomain.com [InternalId=51307679318691, Hostname=HKNPR06MB113.apcprd06.prod.outlook.com] Queued mail for delivery),,,,,,
Dec 11 10:10:27 phoenix postfix/qmgr[12481]: 442721103EBA: removed,,,,,,,,,,,,
Dec 11 10:10:28 phoenix postfix/smtp[26584]: A04C011071BB: to=recipient@externaldomain.com, relay=griffith.edu.au.s6a1.psmtp.com[64.18.5.10]:25, delay=33616, delays=23997/9610/6.5/2.5, dsn=2.0.0, status=sent (250 Thanks),,,,,,,
Dec 11 10:10:28 phoenix postfix/qmgr[12481]: A04C011071BB: removed,,,,,,,,,,,,
Dec 11 10:10:29 phoenix postfix/smtp[3284]: 90D921107D7B: to=recipient@externaldomain.com, relay=up-mx2.det.nsw.edu.au[153.107.105.80]:25, delay=27580, delays=17968/9612/0.34/0.07, dsn=2.0.0, status=sent (250 2.0.0 sBANASCu004830 Message accepted for delivery),,,,,,,
Dec 11 10:10:29 phoenix postfix/qmgr[12481]: 90D921107D7B: removed,,,,,,,,,,,,
Dec 11 10:10:31 phoenix postfix/smtp[21515]: 62D8B11021B5: to=<events@OURDOMAIN.com>, relay=aspmx.l.google.com[74.125.23.27]:25, delay=74042, delays=64431/9608/2.3/0.78, dsn=2.0.0, status=sent (250 2.0.0 OK 1418253030 nd3si8851243pbc.80 - gsmtp),,,,,,,
Dec 11 10:10:31 phoenix postfix/qmgr[12481]: 62D8B11021B5: removed,,,,,,,,,,,,
Dec 11 10:10:33 phoenix postfix/smtp[1215]: 46E2B11064AB: to=recipient@externaldomain.com, relay=mx3.cdu.edu.au[138.80.216.5]:25, delay=40363, delays=30740/9612/0.37/11, dsn=2.0.0, status=sent (250 2.0.0 Ok: queued as C94C319B033),,,,,,,
Dec 11 10:10:33 phoenix postfix/qmgr[12481]: 46E2B11064AB: removed,,,,,,,,,,,,
Dec 11 10:10:35 phoenix postfix/smtp[28535]: connect to ns.watson.ibm.com[129.34.20.80]:25: Connection timed out,,,,,,,,,,,,
Dec 11 10:10:35 phoenix postfix/smtp[28535]: CFAB9110530C: to=recipient@externaldomain.com, relay=none, delay=69298, delays=69268/0.01/30/0, dsn=4.4.1, status=deferred (connect to ns.watson.ibm.com[129.34.20.80]:25: Connection timed out),,,,,,,
Dec 11 10:10:35 phoenix postfix/smtp[21515]: 1948211051DF: to=<bounce@OURDOMAIN.com>, relay=aspmx.l.google.com[74.125.23.27]:25, delay=71436, delays=61820/9612/2.3/0.69, dsn=2.0.0, status=sent (250 2.0.0 OK 1418253034 d2si8809439pat.130 - gsmtp),,,,,,,
Dec 11 10:10:35 phoenix postfix/qmgr[12481]: 1948211051DF: removed,,,,,,,,,,,,
Dec 11 10:10:38 phoenix postfix/smtp[6918]: A50CE1107722: to=recipient@externaldomain.com, relay=mail3.klgates.com[205.149.23.47]:25, delay=30843, delays=21228/9613/1.7/1.2, dsn=2.0.0, status=sent (250 ok:  Message 8870921 accepted),,,,,,,
Dec 11 10:10:38 phoenix postfix/qmgr[12481]: A50CE1107722: removed,,,,,,,,,,,,
Dec 11 10:10:39 phoenix postfix/smtp[21515]: 8686D110812C: to=<senderror@OURDOMAIN.com>, relay=aspmx.l.google.com[74.125.23.27]:25, delay=26031, delays=16412/9616/2/0.62, dsn=2.0.0, status=sent (250 2.0.0 OK 1418253038 t6si5714187pdi.126 - gsmtp),,,,,,,
Dec 11 10:10:39 phoenix postfix/qmgr[12481]: 8686D110812C: removed,,,,,,,,,,,,
Dec 11 10:10:40 phoenix postfix/smtp[24753]: 411BB1107C6F: to=recipient@externaldomain.com, relay=cust23659-2.in.mailcontrol.com[116.50.58.190]:25, delay=28094, delays=18470/9621/1.2/1.4, dsn=2.0.0, status=sent (250 2.0.0 sBANAb9w030869 Message accepted for delivery),,,,,,,
Dec 11 10:10:40 phoenix postfix/qmgr[12481]: 411BB1107C6F: removed,,,,,,,,,,,,
Dec 11 10:10:43 phoenix postfix/cleanup[1338]: 0A8731100FCC: message-id=<20141210231043.0A8731100FCC@OURDOMAIN.com>,,,,,,,,,,,,
Dec 11 10:10:43 phoenix postfix/smtpd[29215]: disconnect from cluster-m.mailcontrol.com[116.50.58.190],,,,,,,,,,,,
Dec 11 10:10:43 phoenix postfix/qmgr[12481]: 0A8731100FCC: from=<double-bounce@OURDOMAIN.com>, size=1630, nrcpt=1 (queue active),,,,,,,,,,
Dec 11 10:10:43 phoenix postfix/smtp[26586]: 49DA31102668: to=recipient@externaldomain.com, relay=mx1.securemx.biz[203.84.134.2]:25, delay=32812, delays=23176/9633/2.3/0.51, dsn=2.0.0, status=sent (250 OK > 5488D2F2-0E2D17D2@mta1102),,,,,,,
Dec 11 10:10:43 phoenix postfix/qmgr[12481]: 49DA31102668: removed,,,,,,,,,,,,
Dec 11 10:10:43 phoenix postfix/smtp[1735]: 964C911025EE: to=<bounce@OURDOMAIN.com>, relay=aspmx.l.google.com[74.125.23.27]:25, delay=73858, delays=64235/9620/2.3/0.65, dsn=2.0.0, status=sent (250 2.0.0 OK 1418253042 ft4si8960759pdb.17 - gsmtp),,,,,,,
Dec 11 10:10:43 phoenix postfix/qmgr[12481]: 964C911025EE: removed,,,,,,,,,,,,
Dec 11 10:10:43 phoenix postfix/smtp[1215]: 3311711011FB: to=recipient@externaldomain.com, relay=mail-ext-in2.uwa.edu.au[130.95.128.94]:25, delay=13265, delays=3627/9637/0.5/0.33, dsn=2.0.0, status=sent (250 ok:  Message 113790641 accepted),,,,,,,
Dec 11 10:10:43 phoenix postfix/qmgr[12481]: 3311711011FB: removed,,,,,,,,,,,,
Dec 11 10:10:47 phoenix postfix/smtp[1735]: 96A9611029EC: to=<events@OURDOMAIN.com>, relay=aspmx.l.google.com[74.125.23.26]:25, delay=85050, delays=75423/9624/2/0.79, dsn=2.0.0, status=sent (250 2.0.0 OK 1418253046 cy7si8645425pdb.250 - gsmtp),,,,,,,
Dec 11 10:10:47 phoenix postfix/qmgr[12481]: 96A9611029EC: removed,,,,,,,,,,,,
Dec 11 10:10:48 phoenix postfix/smtp[3284]: DB7C61108329: to=recipient@externaldomain.com, relay=deloitte.com.au.s7a1.psmtp.com[64.18.6.10]:25, delay=97855, delays=88224/9627/1.2/2.4, dsn=2.0.0, status=sent (250 Thanks),,,,,,,
Dec 11 10:10:48 phoenix postfix/qmgr[12481]: DB7C61108329: removed,,,,,,,,,,,,
Dec 11 10:10:50 phoenix postfix/smtp[6918]: DD7691103879: to=recipient@externaldomain.com, relay=mxa-00176a02.gslb.pphosted.com[67.231.149.43]:25, delay=286, delays=0.04/283/2.9/0.22, dsn=5.1.1, status=bounced (host mxa-00176a02.gslb.pphosted.com[67.231.149.43] said: 550 5.1.1 No such user - pp (in reply to RCPT TO command)),,,,,,,
Dec 11 10:10:50 phoenix postfix/cleanup[1338]: 8D6CE110102B: message-id=<20141210231050.8D6CE110102B@OURDOMAIN.com>,,,,,,,,,,,,
Dec 11 10:10:50 phoenix postfix/bounce[32626]: DD7691103879: sender non-delivery notification: 8D6CE110102B,,,,,,,,,,,,
Dec 11 10:10:50 phoenix postfix/cleanup[1338]: 8DFF3110103A: message-id=<20141210231050.8DFF3110103A@OURDOMAIN.com>,,,,,,,,,,,,
Dec 11 10:10:50 phoenix postfix/qmgr[12481]: 8D6CE110102B: from=<>, size=24050, nrcpt=1 (queue active),,,,,,,,,,
Dec 11 10:10:50 phoenix postfix/qmgr[12481]: 8DFF3110103A: from=<double-bounce@OURDOMAIN.com>, size=2441, nrcpt=1 (queue active),,,,,,,,,,
Dec 11 10:10:50 phoenix postfix/bounce[32626]: DD7691103879: postmaster non-delivery notification: 8DFF3110103A,,,,,,,,,,,,
Dec 11 10:10:50 phoenix postfix/qmgr[12481]: DD7691103879: removed,,,,,,,,,,,,
Dec 11 10:10:50 phoenix postfix/smtp[26586]: 9D24611036A4: to=recipient@externaldomain.com, relay=aspmx.l.google.com[74.125.23.26]:25, delay=24125, delays=14480/9641/2.5/1.3, dsn=2.0.0, status=sent (250 2.0.0 OK 1418253050 zy6si8691157pac.216 - gsmtp),,,,,,,
Dec 11 10:10:50 phoenix postfix/qmgr[12481]: 9D24611036A4: removed,,,,,,,,,,,,
Dec 11 10:10:51 phoenix postfix/smtp[1735]: 798501104849: to=<bounce@OURDOMAIN.com>, relay=aspmx.l.google.com[74.125.23.26]:25, delay=83385, delays=73754/9628/2.3/0.7, dsn=2.0.0, status=sent (250 2.0.0 OK 1418253050 io10si2605659pbc.246 - gsmtp),,,,,,,
Dec 11 10:10:51 phoenix postfix/qmgr[12481]: 798501104849: removed,,,,,,,,,,,,
Dec 11 10:10:53 phoenix postfix/smtp[3284]: warning: numeric domain name in resource data of MX record for saprofessionals.com.au: 202.60.82.131,,,,,,,,,,,,
Dec 11 10:10:53 phoenix postfix/smtp[1215]: 54FAF11078B9: to=recipient@externaldomain.com, relay=mailgwi.latrobe.edu.au[131.172.36.204]:25, delay=30041, delays=20395/9645/0.11/0.08, dsn=2.0.0, status=sent (250 2.0.0 Ok: queued as 27F20422AE),,,,,,,
Dec 11 10:10:53 phoenix postfix/qmgr[12481]: 54FAF11078B9: removed,,,,,,,,,,,,
Dec 11 10:10:53 phoenix postfix/smtp[3284]: 2F5D8110234D: to=recipient@externaldomain.com, relay=mail.saprofessionals.com.au[202.60.82.131]:25, delay=268, delays=0.04/267/0.22/0.06, dsn=5.0.0," status=bounced (host mail.saprofessionals.com.au[202.60.82.131] said: 550 No Such User Here"" (in reply to RCPT TO command))",,,,,,,
Dec 11 10:10:53 phoenix postfix/cleanup[1338]: F13981101047: message-id=<20141210231053.F13981101047@OURDOMAIN.com>,,,,,,,,,,,,
Dec 11 10:10:53 phoenix postfix/bounce[32626]: 2F5D8110234D: sender non-delivery notification: F13981101047,,,,,,,,,,,,
Dec 11 10:10:53 phoenix postfix/qmgr[12481]: F13981101047: from=<>, size=24124, nrcpt=1 (queue active),,,,,,,,,,
Dec 11 10:10:53 phoenix postfix/cleanup[1338]: F1B80110106E: message-id=<20141210231053.F1B80110106E@OURDOMAIN.com>,,,,,,,,,,,,
Dec 11 10:10:53 phoenix postfix/bounce[32626]: 2F5D8110234D: postmaster non-delivery notification: F1B80110106E,,,,,,,,,,,,
Dec 11 10:10:53 phoenix postfix/qmgr[12481]: F1B80110106E: from=<double-bounce@OURDOMAIN.com>, size=2480, nrcpt=1 (queue active),,,,,,,,,,
Dec 11 10:10:53 phoenix postfix/qmgr[12481]: 2F5D8110234D: removed,,,,,,,,,,,,
Dec 11 10:10:54 phoenix postfix/smtp[28535]: EF2A01102231: to=recipient@externaldomain.com, relay=mq.edu.au.s200a1.psmtp.com[207.126.147.10]:25, delay=1653, delays=0.04/1649/2.1/2.1, dsn=2.0.0, status=sent (250 Thanks),,,,,,,
Dec 11 10:10:55 phoenix postfix/qmgr[12481]: EF2A01102231: removed,,,,,,,,,,,,
Dec 11 10:10:55 phoenix postfix/smtp[26584]: B7A481103921: to=recipient@externaldomain.com, relay=mail.rhdb.com.au[59.100.207.198]:25, delay=203, delays=0.04/198/0.09/5, dsn=5.0.0, status=bounced (host mail.rhdb.com.au[59.100.207.198] said: 550 Requested action not taken: mailbox unavailable (in reply to RCPT TO command)),,,,,,,
Dec 11 10:10:55 phoenix postfix/smtp[1735]: DD8571100FE2: to=<events@OURDOMAIN.com>, relay=aspmx.l.google.com[74.125.23.26]:25, delay=59484, delays=49849/9632/2.3/0.86, dsn=2.0.0, status=sent (250 2.0.0 OK 1418253055 gi5si8932022pbb.16 - gsmtp),,,,,,,
Dec 11 10:10:55 phoenix postfix/qmgr[12481]: DD8571100FE2: removed,,,,,,,,,,,,
Dec 11 10:10:59 phoenix postfix/smtp[1735]: 439561103385: to=<events@OURDOMAIN.com>, relay=aspmx.l.google.com[74.125.23.26]:25, delay=79395, delays=69755/9636/2.2/0.9, dsn=2.0.0, status=sent (250 2.0.0 OK 1418253059 gv11si8885311pbd.52 - gsmtp),,,,,,,
Dec 11 10:10:59 phoenix postfix/qmgr[12481]: 439561103385: removed,,,,,,,,,,,,
Dec 11 10:11:00 phoenix postfix/cleanup[1338]: B2F12110109A: message-id=<20141210231100.B2F12110109A@OURDOMAIN.com>,,,,,,,,,,,,
Dec 11 10:11:00 phoenix postfix/bounce[32626]: B7A481103921: sender non-delivery notification: B2F12110109A,,,,,,,,,,,,
Dec 11 10:11:00 phoenix postfix/qmgr[12481]: B2F12110109A: from=<>, size=23984, nrcpt=1 (queue active),,,,,,,,,,
Dec 11 10:11:00 phoenix postfix/cleanup[1338]: B3D3D11010AD: message-id=<20141210231100.B3D3D11010AD@OURDOMAIN.com>,,,,,,,,,,,,
Dec 11 10:11:00 phoenix postfix/bounce[32626]: B7A481103921: postmaster non-delivery notification: B3D3D11010AD,,,,,,,,,,,,
Dec 11 10:11:00 phoenix postfix/qmgr[12481]: B3D3D11010AD: from=<double-bounce@OURDOMAIN.com>, size=2407, nrcpt=1 (queue active),,,,,,,,,,
Dec 11 10:11:00 phoenix postfix/qmgr[12481]: B7A481103921: removed,,,,,,,,,,,,
Dec 11 10:11:03 phoenix postfix/smtp[6918]: 5254311037F4: to=recipient@externaldomain.com, relay=cluster5.us.messagelabs.com[216.82.253.163]:25, delay=35162, delays=25521/9638/2.1/0.82, dsn=2.0.0, status=sent (250 ok 1418253062 qp 2072 server-2.tower-166.messagelabs.com!1418253060!16759051!1),,,,,,,
Dec 11 10:11:03 phoenix postfix/smtp[1735]: 299BF1102A46: to=<events@OURDOMAIN.com>, relay=aspmx.l.google.com[74.125.23.26]:25, delay=63975, delays=54331/9640/2.1/0.85, dsn=2.0.0, status=sent (250 2.0.0 OK 1418253062 hp8si8759383pac.168 - gsmtp),,,,,,,
Dec 11 10:11:03 phoenix postfix/qmgr[12481]: 299BF1102A46: removed,,,,,,,,,,,,
Dec 11 10:11:03 phoenix postfix/qmgr[12481]: 5254311037F4: removed,,,,,,,,,,,,
Dec 11 10:11:04 phoenix postfix/smtp[26586]: B35B01102209: to=recipient@externaldomain.com, relay=ses-nsw-gov-au.mail.protection.outlook.com[213.199.154.87]:25, delay=389, delays=0.04/382/3.4/3.8, dsn=2.6.0, status=sent (250 2.6.0 recipient@externaldomain.com [InternalId=10608569221846, Hostname=HK2PR01MB0356.apcprd01.prod.exchangelabs.com] Queued mail for delivery),,,,,,
Dec 11 10:11:04 phoenix postfix/qmgr[12481]: B35B01102209: removed,,,,,,,,,,,,
Dec 11 10:11:04 phoenix postfix/smtp[26584]: B45B511057ED: to=recipient@externaldomain.com, relay=smtp.unsw.edu.au[149.171.193.32]:25, delay=47866, delays=38212/9653/0.13/0.09, dsn=2.0.0, status=sent (250 ok:  Message 142504233 accepted),,,,,,,
Dec 11 10:11:04 phoenix postfix/qmgr[12481]: B45B511057ED: removed,,,,,,,,,,,,
Dec 11 10:11:06 phoenix postfix/smtp[26586]: BA4B2110964D: to=recipient@externaldomain.com, relay=mail.usq.edu.au[139.86.9.182]:25, delay=16011, delays=6351/9660/0.15/0.13, dsn=2.0.0, status=sent (250 2.0.0 Ok: queued as C3E52E31B6_488D309F),,,,,,,
Dec 11 10:11:06 phoenix postfix/qmgr[12481]: BA4B2110964D: removed,,,,,,,,,,,,
Dec 11 10:11:06 phoenix postfix/smtp[1735]: A0BB011035F8: to=<bounce@OURDOMAIN.com>, relay=aspmx.l.google.com[74.125.23.26]:25, delay=84535, delays=74889/9643/1.9/0.65, dsn=2.0.0, status=sent (250 2.0.0 OK 1418253065 bw2si8714330pab.201 - gsmtp),,,,,,,
Dec 11 10:11:06 phoenix postfix/qmgr[12481]: A0BB011035F8: removed,,,,,,,,,,,,
Dec 11 10:11:06 phoenix postfix/smtp[1215]: C7D1F1103CB1: to=recipient@externaldomain.com, relay=lendlease.mail.protection.outlook.com[207.46.163.215]:25, delay=66078, delays=56429/9643/2.4/3.5, dsn=2.6.0, status=sent (250 2.6.0 recipient@externaldomain.com [InternalId=49804440766021, Hostname=BN1PR01MB213.prod.exchangelabs.com] Queued mail for delivery),,,,,,
Dec 11 10:11:07 phoenix postfix/qmgr[12481]: C7D1F1103CB1: removed,,,,,,,,,,,,
Dec 11 10:11:07 phoenix postfix/smtp[28535]: A854B110467A: to=recipient@externaldomain.com, relay=skilled.com.au.inbound10.mxlogic.net[208.65.144.3]:25, delay=52409, delays=42764/9641/1.6/2.5, dsn=5.0.0, status=bounced (host skilled.com.au.inbound10.mxlogic.net[208.65.144.3] said: 554 Denied [803d8845.0.112000.00-2280.219256.p02c11m107.mxlogic.net] (Mode: normal) (in reply to end of DATA command)),,,,,,,
Dec 11 10:11:07 phoenix postfix/cleanup[1338]: C6DE211010D7: message-id=<20141210231107.C6DE211010D7@OURDOMAIN.com>,,,,,,,,,,,,
Dec 11 10:11:07 phoenix postfix/bounce[32626]: A854B110467A: sender non-delivery notification: C6DE211010D7,,,,,,,,,,,,
Dec 11 10:11:07 phoenix postfix/qmgr[12481]: C6DE211010D7: from=<>, size=24179, nrcpt=1 (queue active),,,,,,,,,,
Dec 11 10:11:07 phoenix postfix/cleanup[1338]: C77711101100: message-id=<20141210231107.C77711101100@OURDOMAIN.com>,,,,,,,,,,,,
Dec 11 10:11:07 phoenix postfix/bounce[32626]: A854B110467A: postmaster non-delivery notification: C77711101100,,,,,,,,,,,,
Dec 11 10:11:07 phoenix postfix/qmgr[12481]: C77711101100: from=<double-bounce@OURDOMAIN.com>, size=2573, nrcpt=1 (queue active),,,,,,,,,,
Dec 11 10:11:07 phoenix postfix/qmgr[12481]: A854B110467A: removed,,,,,,,,,,,,
Dec 11 10:11:09 phoenix postfix/smtp[26585]: 4832411033CA: to=recipient@externaldomain.com, relay=email2.lsre.com.au[59.100.116.137]:25, delay=2299, delays=0.04/2294/0.25/5.1, dsn=5.1.1, status=bounced (host email2.lsre.com.au[59.100.116.137] said: 550 5.1.1 User unknown (in reply to RCPT TO command)),,,,,,,
Dec 11 10:11:09 phoenix postfix/smtp[1735]: C97C211023A7: to=<bounce@OURDOMAIN.com>, relay=aspmx.l.google.com[74.125.23.26]:25, delay=71437, delays=61788/9646/2.1/0.65, dsn=2.0.0, status=sent (250 2.0.0 OK 1418253069 qx12si8852291pab.99 - gsmtp),,,,,,,
Dec 11 10:11:09 phoenix postfix/qmgr[12481]: C97C211023A7: removed,,,,,,,,,,,,
Dec 11 10:11:10 phoenix postfix/smtp[3284]: 9E3411109346: to=recipient@externaldomain.com, relay=mx1.uq.edu.au[203.101.255.13]:25, delay=17529, delays=7872/9657/0.12/0.14, dsn=2.0.0, status=sent (250 ok:  Message 105999546 accepted),,,,,,,
Dec 11 10:11:10 phoenix postfix/qmgr[12481]: 9E3411109346: removed,,,,,,,,,,,,
Dec 11 10:11:10 phoenix postfix/smtp[26584]: 323F411061EB: to=recipient@externaldomain.com, relay=igwx11.cba.com.au[140.168.129.169]:25, delay=112313, delays=102657/9656/0.35/0.08, dsn=2.0.0, status=sent (250 ok:  Message 84401430 accepted),,,,,,,
Dec 11 10:11:10 phoenix postfix/qmgr[12481]: 323F411061EB: removed,,,,,,,,,,,,
Dec 11 10:11:10 phoenix postfix/smtp[26586]: BE0BD110517B: to=recipient@externaldomain.com, relay=mx7.woodside.com.au[158.89.1.66]:25, delay=45679, delays=36029/9649/0.55/0.33, dsn=2.0.0, status=sent (250 ok:  Message 11520611 accepted),,,,,,,
Dec 11 10:11:10 phoenix postfix/qmgr[12481]: BE0BD110517B: removed,,,,,,,,,,,,
Dec 11 10:11:12 phoenix postfix/smtp[1735]: C74A11100D90: to=<events@OURDOMAIN.com>, relay=aspmx.l.google.com[74.125.23.26]:25, delay=82365, delays=72713/9649/2/0.8, dsn=2.0.0, status=sent (250 2.0.0 OK 1418253072 qn7si8874946pbc.63 - gsmtp),,,,,,,
Dec 11 10:11:12 phoenix postfix/qmgr[12481]: C74A11100D90: removed,,,,,,,,,,,,
Dec 11 10:11:16 phoenix postfix/smtp[24753]: connect to smtp.optus.com.au[203.13.126.8]:25: Connection timed out,,,,,,,,,,,,
Dec 11 10:11:16 phoenix postfix/smtp[1735]: 8A67D1102BB8: to=<bounce@OURDOMAIN.com>, relay=aspmx.l.google.com[74.125.23.26]:25, delay=66746, delays=57090/9653/1.8/0.55, dsn=2.0.0, status=sent (250 2.0.0 OK 1418253075 ib3si8656963pbb.224 - gsmtp),,,,,,,
Dec 11 10:11:16 phoenix postfix/qmgr[12481]: 8A67D1102BB8: removed,,,,,,,,,,,,
Dec 11 10:11:16 phoenix postfix/smtp[24753]: 4817A110880B: to=recipient@externaldomain.com, relay=smtp1.optus.com.au[203.13.126.131]:25, delay=23123, delays=13463/9630/30/0.14, dsn=2.0.0, status=sent (250 2.0.0 Ok: queued as 857FF2F4035),,,,,,,
Dec 11 10:11:16 phoenix postfix/qmgr[12481]: 4817A110880B: removed,,,,,,,,,,,,
Dec 11 10:11:17 phoenix postfix/smtp[1215]: 1DA8411097AA: to=recipient@externaldomain.com, relay=cluster4.eu.messagelabs.com[85.158.139.211]:25, delay=15446, delays=5778/9664/2.6/2.1, dsn=2.0.0, status=sent (250 ok 1418253076 qp 21427 server-15.tower-206.messagelabs.com!1418253072!9328920!1),,,,,,,
Dec 11 10:11:17 phoenix postfix/qmgr[12481]: 1DA8411097AA: removed,,,,,,,,,,,,
Dec 11 10:11:17 phoenix postfix/smtp[26584]: D1D2D11074C3: to=recipient@externaldomain.com, relay=ipbvo.tcif.telstra.com.au[203.35.135.202]:25, delay=104059, delays=94396/9662/0.18/0.15, dsn=2.0.0, status=sent (250 ok:  Message 257643217 accepted),,,,,,,
Dec 11 10:11:17 phoenix postfix/qmgr[12481]: D1D2D11074C3: removed,,,,,,,,,,,,
Dec 11 10:11:17 phoenix postfix/smtp[6918]: E6BC511061B4: to=recipient@externaldomain.com, relay=barracuda.power-net.com.au[103.14.95.55]:25, delay=42300, delays=32639/9661/0.2/0.45, dsn=2.0.0, status=sent (250 Ok: queued as 2A3B01A6A0E8),,,,,,,
Dec 11 10:11:17 phoenix postfix/qmgr[12481]: E6BC511061B4: removed,,,,,,,,,,,,
Dec 11 10:11:19 phoenix postfix/smtp[26586]: B89381102879: to=recipient@externaldomain.com, relay=cluster1.us.messagelabs.com[216.82.249.179]:25, delay=44454, delays=34787/9664/1.9/1.3, dsn=2.0.0, status=sent (250 ok 1418253078 qp 25282 server-10.tower-44.messagelabs.com!1418253075!7364418!1),,,,,,,
Dec 11 10:11:19 phoenix postfix/qmgr[12481]: B89381102879: removed,,,,,,,,,,,,
Dec 11 10:11:19 phoenix postfix/smtp[3284]: 2AD7E110308F: to=recipient@externaldomain.com, relay=aapmpx06.pwc.com.au[203.11.226.11]:25, delay=58067, delays=48401/9663/0.3/3, dsn=5.1.1, status=bounced (host aapmpx06.pwc.com.au[203.11.226.11] said: 550 5.1.1 recipient@externaldomain.com: Recipient address rejected: undeliverable address: host au-aapmbx002.aap.pwcinternal.com[10.140.8.11] said: 550 Mike.Forde@au.pwc.com... No such user (in reply to RCPT TO command) (in reply to RCPT TO command)),,,,,,,
Dec 11 10:11:19 phoenix postfix/cleanup[1338]: 394F5110112F: message-id=<20141210231119.394F5110112F@OURDOMAIN.com>,,,,,,,,,,,,
Dec 11 10:11:19 phoenix postfix/bounce[32626]: 2AD7E110308F: sender non-delivery notification: 394F5110112F,,,,,,,,,,,,
Dec 11 10:11:19 phoenix postfix/qmgr[12481]: 394F5110112F: from=<>, size=24385, nrcpt=1 (queue active),,,,,,,,,,
Dec 11 10:11:19 phoenix postfix/cleanup[1338]: 39FE21101139: message-id=<20141210231119.39FE21101139@OURDOMAIN.com>,,,,,,,,,,,,
Dec 11 10:11:19 phoenix postfix/bounce[32626]: 2AD7E110308F: postmaster non-delivery notification: 39FE21101139,,,,,,,,,,,,
Dec 11 10:11:19 phoenix postfix/qmgr[12481]: 39FE21101139: from=<double-bounce@OURDOMAIN.com>, size=2793, nrcpt=1 (queue active),,,,,,,,,,
Dec 11 10:11:19 phoenix postfix/qmgr[12481]: 2AD7E110308F: removed,,,,,,,,,,,,
Dec 11 10:11:19 phoenix postfix/cleanup[1338]: E2F701101123: message-id=<20141210231119.E2F701101123@OURDOMAIN.com>,,,,,,,,,,,,
Dec 11 10:11:19 phoenix postfix/bounce[32626]: 4832411033CA: sender non-delivery notification: E2F701101123,,,,,,,,,,,,
Dec 11 10:11:19 phoenix postfix/qmgr[12481]: E2F701101123: from=<>, size=24107, nrcpt=1 (queue active),,,,,,,,,,
Dec 11 10:11:19 phoenix postfix/cleanup[1338]: E3A961101147: message-id=<20141210231119.E3A961101147@OURDOMAIN.com>,,,,,,,,,,,,
Dec 11 10:11:19 phoenix postfix/bounce[32626]: 4832411033CA: postmaster non-delivery notification: E3A961101147,,,,,,,,,,,,
Dec 11 10:11:19 phoenix postfix/qmgr[12481]: E3A961101147: from=<double-bounce@OURDOMAIN.com>, size=2463, nrcpt=1 (queue active),,,,,,,,,,
Dec 11 10:11:19 phoenix postfix/qmgr[12481]: 4832411033CA: removed,,,,,,,,,,,,
Dec 11 10:11:20 phoenix postfix/smtp[1735]: 898581102B70: to=<events@OURDOMAIN.com>, relay=aspmx.l.google.com[74.125.23.26]:25, delay=66776, delays=57116/9657/2.5/0.94, dsn=2.0.0, status=sent (250 2.0.0 OK 1418253079 dp1si8799776pdb.139 - gsmtp),,,,,,,
Dec 11 10:11:20 phoenix postfix/qmgr[12481]: 898581102B70: removed,,,,,,,,,,,,
Dec 11 10:11:21 phoenix postfix/smtp[28535]: 8400311064D2: to=recipient@externaldomain.com, relay=seaprod02.csumain.csu.edu.au[137.166.68.2]:25, delay=40333, delays=30670/9657/0.23/6.1, dsn=2.0.0, status=sent (250 2.0.0 Ok: queued as 7984A479DF_488D318F),,,,,,,
Dec 11 10:11:21 phoenix postfix/qmgr[12481]: 8400311064D2: removed,,,,,,,,,,,,
Dec 11 10:11:21 phoenix postfix/smtp[24753]: 03A1A1102CB7: to=recipient@externaldomain.com, relay=wirenth.cc.flinders.edu.au[129.96.252.76]:25, delay=34367, delays=24696/9670/0.18/0.14, dsn=2.0.0, status=sent (250 2.0.0 Ok: queued as C278C47BF9),,,,,,,
Dec 11 10:11:21 phoenix postfix/qmgr[12481]: 03A1A1102CB7: removed,,,,,,,,,,,,
Dec 11 10:11:22 phoenix postfix/smtp[26584]: 38A131103023: to=recipient@externaldomain.com, relay=mx.its.monash.edu.au[130.194.11.147]:25, delay=1441, delays=0.04/1440/1.2/0.15, dsn=2.0.0, status=sent (250 2.0.0 Ok: queued as C4756546BD1),,,,,,,
Dec 11 10:11:22 phoenix postfix/qmgr[12481]: 38A131103023: removed,,,,,,,,,,,,
Dec 11 10:11:23 phoenix postfix/smtp[1735]: 963BA1103B59: to=<bounce@OURDOMAIN.com>, relay=aspmx.l.google.com[74.125.23.26]:25, delay=71642, delays=61979/9661/2/0.61, dsn=2.0.0, status=sent (250 2.0.0 OK 1418253083 d17si8646837pdl.249 - gsmtp),,,,,,,
Dec 11 10:11:23 phoenix postfix/qmgr[12481]: 963BA1103B59: removed,,,,,,,,,,,,
Dec 11 10:11:26 phoenix postfix/smtp[26585]: A46E71100E8D: to=recipient@externaldomain.com, relay=cluster5.us.messagelabs.com[216.82.253.67]:25, delay=369, delays=0.04/367/1.9/0.21, dsn=5.0.0, status=bounced (host cluster5.us.messagelabs.com[216.82.253.67] said: 550-Invalid recipient recipient@externaldomain.com 550 (#5.1.1) (in reply to RCPT TO command)),,,,,,,
Dec 11 10:11:27 phoenix postfix/cleanup[1338]: 2798B110114A: message-id=<20141210231127.2798B110114A@OURDOMAIN.com>,,,,,,,,,,,,
Dec 11 10:11:27 phoenix postfix/bounce[32626]: A46E71100E8D: sender non-delivery notification: 2798B110114A,,,,,,,,,,,,
Dec 11 10:11:27 phoenix postfix/qmgr[12481]: 2798B110114A: from=<>, size=24192, nrcpt=1 (queue active),,,,,,,,,,
Dec 11 10:11:27 phoenix postfix/cleanup[1338]: 28537110114E: message-id=<20141210231127.28537110114E@OURDOMAIN.com>,,,,,,,,,,,,
Dec 11 10:11:27 phoenix postfix/bounce[32626]: A46E71100E8D: postmaster non-delivery notification: 28537110114E,,,,,,,,,,,,
Dec 11 10:11:27 phoenix postfix/qmgr[12481]: 28537110114E: from=<double-bounce@OURDOMAIN.com>, size=2566, nrcpt=1 (queue active),,,,,,,,,,
Dec 11 10:11:27 phoenix postfix/qmgr[12481]: A46E71100E8D: removed,,,,,,,,,,,,
Dec 11 10:11:27 phoenix postfix/smtp[1735]: 9BE0A1102BB9: to=<bounce@OURDOMAIN.com>, relay=aspmx.l.google.com[74.125.23.26]:25, delay=67615, delays=57948/9664/2.1/0.67, dsn=2.0.0, status=sent (250 2.0.0 OK 1418253086 rc17si8851984pab.100 - gsmtp),,,,,,,
Dec 11 10:11:27 phoenix postfix/qmgr[12481]: 9BE0A1102BB9: removed,,,,,,,,,,,,
Dec 11 10:11:28 phoenix postfix/smtp[1215]: A17831102EE3: to=recipient@externaldomain.com, relay=smtp3.health.qld.gov.au[165.86.81.114]:25, delay=278, delays=0.04/276/0.61/0.78, dsn=2.0.0, status=sent (250 2.0.0 sBANBQgq031434 Message accepted for delivery),,,,,,,
Dec 11 10:11:28 phoenix postfix/qmgr[12481]: A17831102EE3: removed,,,,,,,,,,,,
Dec 11 10:11:29 phoenix postfix/smtp[24753]: 46D821103243: to=recipient@externaldomain.com, relay=filter1.pollak-1.mailguard.com.au[184.173.214.244]:25, delay=331, delays=0.04/327/2.5/1.7, dsn=2.0.0, status=sent (250 2.0.0 Ok: queued as 1D0A4E350 UID 5488d31e0223387a),,,,,,,
Dec 11 10:11:29 phoenix postfix/qmgr[12481]: 46D821103243: removed,,,,,,,,,,,,
Dec 11 10:11:29 phoenix postfix/smtp[6918]: 8CCA31103CC5: to=recipient@externaldomain.com, relay=riotinto.mail.eo.outlook.com[207.46.163.170]:25, delay=55678, delays=46004/9669/2.3/2.4, dsn=2.6.0, status=sent (250 2.6.0 recipient@externaldomain.com [InternalId=7941394531713, Hostname=DM2PR0401MB1455.namprd04.prod.outlook.com] Queued mail for delivery),,,,,,
Dec 11 10:11:29 phoenix postfix/qmgr[12481]: 8CCA31103CC5: removed,,,,,,,,,,,,
Dec 11 10:11:30 phoenix postfix/smtp[1735]: 2D6311104B5F: to=<bounce@OURDOMAIN.com>, relay=aspmx.l.google.com[74.125.23.26]:25, delay=79358, delays=69688/9668/1.8/0.56, dsn=2.0.0, status=sent (250 2.0.0 OK 1418253089 gj10si8623077pbc.248 - gsmtp),,,,,,,
Dec 11 10:11:30 phoenix postfix/qmgr[12481]: 2D6311104B5F: removed,,,,,,,,,,,,
Dec 11 10:11:33 phoenix postfix/smtp[3284]: 261EB1109F89: to=recipient@externaldomain.com, relay=smtp-gateway.uow.edu.au[130.130.213.6]:25, delay=11642, delays=1956/9686/0.27/0.27, dsn=2.0.0, status=sent (250 MEU91601 Message accepted for delivery),,,,,,,
Dec 11 10:11:33 phoenix postfix/qmgr[12481]: 261EB1109F89: removed,,,,,,,,,,,,
Dec 11 10:11:33 phoenix postfix/smtp[28535]: 6AEE211029D4: to=recipient@externaldomain.com, relay=ecu-edu-au.mail.protection.outlook.com[213.199.154.87]:25, delay=35304, delays=25623/9674/2.9/3.5, dsn=2.6.0, status=sent (250 2.6.0 recipient@externaldomain.com [InternalId=39354785334035, Hostname=SINPR01MB218.apcprd01.prod.exchangelabs.com] Queued mail for delivery),,,,,,
Dec 11 10:11:33 phoenix postfix/qmgr[12481]: 6AEE211029D4: removed,,,,,,,,,,,,
Dec 11 10:11:33 phoenix postfix/smtp[1215]: 6D2C811076B4: to=recipient@externaldomain.com, relay=smtp-in.jcu.edu.au[137.219.20.34]:25, delay=31121, delays=21436/9685/0.18/0.6, dsn=2.0.0, status=sent (250 2.0.0 Ok: queued as 99947270007),,,,,,,
Dec 11 10:11:33 phoenix postfix/qmgr[12481]: 6D2C811076B4: removed,,,,,,,,,,,,
Dec 11 10:11:34 phoenix postfix/smtp[1735]: E8C1811044E1: to=<bounce@OURDOMAIN.com>, relay=aspmx.l.google.com[74.125.23.26]:25, delay=77682, delays=68009/9671/1.9/0.59, dsn=2.0.0, status=sent (250 2.0.0 OK 1418253093 e2si8704262pdd.207 - gsmtp),,,,,,,
Dec 11 10:11:34 phoenix postfix/qmgr[12481]: E8C1811044E1: removed,,,,,,,,,,,,
Dec 11 10:11:35 phoenix postfix/smtp[24753]: 3AA3B1107BD1: to=recipient@externaldomain.com, relay=cluster4.us.messagelabs.com[216.82.250.179]:25, delay=28467, delays=18781/9683/2.1/0.79, dsn=2.0.0, status=sent (250 ok 1418253094 qp 11954 server-16.tower-210.messagelabs.com!1418253092!9765481!1),,,,,,,
Dec 11 10:11:35 phoenix postfix/qmgr[12481]: 3AA3B1107BD1: removed,,,,,,,,,,,,
Dec 11 10:11:36 phoenix postfix/smtp[28535]: 7559611092CE: to=recipient@externaldomain.com, relay=frmpexc03.nd.edu.au[203.19.80.217]:25, delay=17784, delays=8096/9687/0.26/0.95, dsn=2.6.0, status=sent (250 2.6.0 recipient@externaldomain.com [InternalId=21468116] Queued mail for delivery),,,,,,,
Dec 11 10:11:36 phoenix postfix/qmgr[12481]: 7559611092CE: removed,,,,,,,,,,,,
Dec 11 10:11:37 phoenix postfix/smtp[26584]: E06C71108E9D: to=recipient@externaldomain.com, relay=unimelb-edu-au.mail.protection.outlook.com[213.199.154.23]:25, delay=19893, delays=10215/9670/3.4/4.6, dsn=2.6.0, status=sent (250 2.6.0 recipient@externaldomain.com [InternalId=7769595841103, Hostname=HKXPR04MB0614.apcprd04.prod.outlook.com] Queued mail for delivery),,,,,,
Dec 11 10:11:37 phoenix postfix/qmgr[12481]: E06C71108E9D: removed,,,,,,,,,,,,
Dec 11 10:11:38 phoenix postfix/smtp[1735]: D5A6F1102C48: to=<events@OURDOMAIN.com>, relay=aspmx.l.google.com[74.125.23.26]:25, delay=70401, delays=60724/9675/2.1/0.9, dsn=2.0.0, status=sent (250 2.0.0 OK 1418253097 pd10si8959548pac.16 - gsmtp),,,,,,,
Dec 11 10:11:38 phoenix postfix/qmgr[12481]: D5A6F1102C48: removed,,,,,,,,,,,,
Dec 11 10:11:40 phoenix postfix/qmgr[12481]: B39021102D57: from=<events@OURDOMAIN.com>, size=21938, nrcpt=1 (queue active),,,,,,,,,,
Dec 11 10:11:40 phoenix postfix/smtp[6918]: 31DC61103CB0: to=recipient@externaldomain.com, relay=aspmx.l.google.com[74.125.23.26]:25, delay=45402, delays=35721/9678/1.9/0.8, dsn=2.0.0, status=sent (250 2.0.0 OK 1418253100 v5si8723747pde.194 - gsmtp),,,,,,,
Dec 11 10:11:40 phoenix postfix/qmgr[12481]: 31DC61103CB0: removed,,,,,,,,,,,,
Dec 11 10:11:41 phoenix postfix/smtp[3329]: B39021102D57: to=recipient@externaldomain.com, relay=none, delay=2420, delays=2418/0.06/0.97/0, dsn=4.4.3, status=deferred (Host or domain name not found. Name service error for name=emperor.com.au type=MX: Host not found, try again),,,,,,
Dec 11 10:11:41 phoenix postfix/smtp[1735]: 7CA3911037DC: to=<events@OURDOMAIN.com>, relay=aspmx.l.google.com[74.125.23.26]:25, delay=74914, delays=65233/9679/2/0.81, dsn=2.0.0, status=sent (250 2.0.0 OK 1418253101 y13si8875977pde.84 - gsmtp),,,,,,,
Dec 11 10:11:41 phoenix postfix/qmgr[12481]: 7CA3911037DC: removed,,,,,,,,,,,,
Dec 11 10:11:42 phoenix postfix/smtp[28535]: 3431E110987C: to=recipient@externaldomain.com, relay=utsmeg1.uts.edu.au[138.25.1.230]:25, delay=15157, delays=5464/9691/0.5/1.9, dsn=2.0.0, status=sent (250 Requested mail action okay, completed.),,,,,,
Dec 11 10:11:42 phoenix postfix/qmgr[12481]: 3431E110987C: removed,,,,,,,,,,,,
Dec 11 10:11:43 phoenix postfix/smtp[26585]: 23254110350E: to=recipient@externaldomain.com, relay=sentry.ljhooker.com[202.70.128.38]:25, delay=2263, delays=0.15/2254/0.39/8.5, dsn=2.0.0, status=sent (250 2.0.0 sBANBXKN000894-sBANBXKP000894 Message accepted for delivery),,,,,,,
Dec 11 10:11:43 phoenix postfix/qmgr[12481]: 23254110350E: removed,,,,,,,,,,,,
Dec 11 10:11:45 phoenix postfix/smtp[1735]: 745A61103F8D: to=<bounce@OURDOMAIN.com>, relay=aspmx.l.google.com[74.125.23.26]:25, delay=77997, delays=68312/9682/2/0.62, dsn=2.0.0, status=sent (250 2.0.0 OK 1418253104 ht9si8707131pad.207 - gsmtp),,,,,,,
Dec 11 10:11:45 phoenix postfix/qmgr[12481]: 745A61103F8D: removed,,,,,,,,,,,,
Dec 11 10:11:45 phoenix postfix/smtp[6918]: BAF3A11086FC: to=recipient@externaldomain.com, relay=rmit.edu.au.s10a1.psmtp.com[74.125.244.10]:25, delay=23678, delays=13990/9683/1.2/2.9, dsn=2.0.0, status=sent (250 Thanks),,,,,,,
Dec 11 10:11:45 phoenix postfix/smtp[24753]: 243621102A8B: to=recipient@externaldomain.com, relay=curtin-edu-au.mail.eo.outlook.com[213.199.154.87]:25, delay=37325, delays=27625/9693/3.3/3.2, dsn=2.6.0, status=sent (250 2.6.0 recipient@externaldomain.com [InternalId=9852654977833, Hostname=HKXPR02MB0806.apcprd02.prod.outlook.com] Queued mail for delivery),,,,,,
Dec 11 10:11:45 phoenix postfix/qmgr[12481]: 243621102A8B: removed,,,,,,,,,,,,
Dec 11 10:11:46 phoenix postfix/qmgr[12481]: BAF3A11086FC: removed,,,,,,,,,,,,
Dec 11 10:11:47 phoenix postfix/smtp[1215]: E61091106CB6: to=recipient@externaldomain.com, relay=deakin-edu-au.mail.protection.outlook.com[213.199.154.23]:25, delay=36431, delays=26734/9690/3.3/3.6, dsn=2.6.0, status=sent (250 2.6.0 recipient@externaldomain.com [InternalId=8078833485257, Hostname=SIXPR06MB0639.apcprd06.prod.outlook.com] Queued mail for delivery),,,,,,
Dec 11 10:11:47 phoenix postfix/qmgr[12481]: E61091106CB6: removed,,,,,,,,,,,,
Dec 11 10:11:49 phoenix postfix/smtp[28535]: 4A6C01105D10: to=recipient@externaldomain.com, relay=cluster5.us.messagelabs.com[216.82.253.163]:25, delay=44855, delays=35164/9688/2/0.78, dsn=2.0.0, status=sent (250 ok 1418253108 qp 28645 server-11.tower-166.messagelabs.com!1418253106!9245702!1),,,,,,,
Dec 11 10:11:49 phoenix postfix/qmgr[12481]: 4A6C01105D10: removed,,,,,,,,,,,,
Dec 11 10:11:49 phoenix postfix/smtp[3329]: 446711109087: to=recipient@externaldomain.com, relay=newcastle-edu-au.mail.protection.outlook.com[213.199.154.87]:25, delay=18913, delays=9210/9697/2.9/3.8, dsn=2.6.0, status=sent (250 2.6.0 recipient@externaldomain.com [InternalId=51775830753944, Hostname=HKXPR04MB134.apcprd04.prod.outlook.com] Queued mail for delivery),,,,,,
Dec 11 10:11:49 phoenix postfix/qmgr[12481]: 446711109087: removed,,,,,,,,,,,,
Dec 11 10:11:49 phoenix postfix/smtp[1735]: EDF7D1102C6E: to=<events@OURDOMAIN.com>, relay=aspmx.l.google.com[74.125.23.26]:25, delay=58909, delays=49220/9686/2.3/0.98, dsn=2.0.0, status=sent (250 2.0.0 OK 1418253109 ie3si8789229pad.149 - gsmtp),,,,,,,
Dec 11 10:11:49 phoenix postfix/qmgr[12481]: EDF7D1102C6E: removed,,,,,,,,,,,,
Dec 11 10:11:52 phoenix postfix/smtp[26585]: 6A10F1108D4B: to=recipient@externaldomain.com, relay=mx-02.adelaide.edu.au[192.43.228.206]:25, delay=20563, delays=10857/9705/0.28/0.2, dsn=2.0.0, status=sent (250 ok:  Message 195891311 accepted),,,,,,,
Dec 11 10:11:52 phoenix postfix/qmgr[12481]: 6A10F1108D4B: removed,,,,,,,,,,,,
Dec 11 10:11:52 phoenix postfix/smtp[1215]: E98CA11066F3: to=recipient@externaldomain.com, relay=vic-mx.csiro.au[150.229.64.40]:25, delay=39271, delays=29580/9690/0.49/0.37, dsn=2.0.0, status=sent (250 ok:  Message 7225362 accepted),,,,,,,
Dec 11 10:11:52 phoenix postfix/qmgr[12481]: E98CA11066F3: removed,,,,,,,,,,,,
Dec 11 10:11:53 phoenix postfix/smtp[1735]: 8622711032D2: to=<bounce@OURDOMAIN.com>, relay=aspmx.l.google.com[74.125.23.26]:25, delay=9700, delays=7.1/9690/2/0.62, dsn=2.0.0, status=sent (250 2.0.0 OK 1418253112 ez2si8739247pab.183 - gsmtp),,,,,,,
Dec 11 10:11:53 phoenix postfix/qmgr[12481]: 8622711032D2: removed,,,,,,,,,,,,
Dec 11 10:11:56 phoenix postfix/smtpd[28706]: timeout after RSET from cluster-m.mailcontrol.com[116.50.58.190],,,,,,,,,,,,
Dec 11 10:11:57 phoenix postfix/smtp[1735]: AE03E1102823: to=<events@OURDOMAIN.com>, relay=aspmx.l.google.com[74.125.23.26]:25, delay=70835, delays=61138/9694/2.1/0.83, dsn=2.0.0, status=sent (250 2.0.0 OK 1418253116 ko11si3915784pbd.110 - gsmtp),,,,,,,
Dec 11 10:11:57 phoenix postfix/qmgr[12481]: AE03E1102823: removed,,,,,,,,,,,,
Dec 11 10:11:59 phoenix postfix/cleanup[1338]: D96C71101172: message-id=<20141210231159.D96C71101172@OURDOMAIN.com>,,,,,,,,,,,,
Dec 11 10:11:59 phoenix postfix/smtpd[28706]: disconnect from cluster-m.mailcontrol.com[116.50.58.190],,,,,,,,,,,,
Dec 11 10:11:59 phoenix postfix/qmgr[12481]: D96C71101172: from=<double-bounce@OURDOMAIN.com>, size=1693, nrcpt=1 (queue active),,,,,,,,,,
Dec 11 10:11:59 phoenix postfix/smtpd[29215]: connect from cluster-m.mailcontrol.com[116.50.58.190],,,,,,,,,,,,
Dec 11 10:11:59 phoenix postfix/smtpd[29215]: Anonymous TLS connection established from cluster-m.mailcontrol.com[116.50.58.190]: TLSv1.2 with cipher ECDHE-RSA-AES256-GCM-SHA384 (256/256 bits),,,,,,,,,,,,
Dec 11 10:12:00 phoenix postfix/smtpd[29215]: NOQUEUE: reject: RCPT from cluster-m.mailcontrol.com[116.50.58.190]: 454 4.7.1 recipient@externaldomain.com to=<reply-feed1c757c6301-6379_HTML-35393606-6252419-0@OURDOMAIN.com> proto=ESMTP helo=<cluster-m.mailcontrol.com>,,,,,,,,,,,,
Dec 11 10:12:00 phoenix postfix/smtp[1215]: F3D901102447: to=recipient@externaldomain.com, relay=up-mx3.det.nsw.edu.au[153.107.41.21]:25, delay=27732, delays=18028/9702/0.95/0.57, dsn=2.0.0, status=sent (250 2.0.0 sBANBw7Q003568 Message accepted for delivery),,,,,,,
Dec 11 10:12:00 phoenix postfix/qmgr[12481]: F3D901102447: removed,,,,,,,,,,,,
Dec 11 10:12:01 phoenix postfix/smtp[3329]: 8B4A41103830: to=recipient@externaldomain.com, relay=cluster-m.mailcontrol.com[116.50.58.190]:25, delay=57319, delays=47609/9706/2.2/1.4, dsn=2.0.0, status=sent (250 2.0.0 sBANBvn8032103 Message accepted for delivery),,,,,,,
Dec 11 10:12:01 phoenix postfix/qmgr[12481]: 8B4A41103830: removed,,,,,,,,,,,,
Dec 11 10:12:02 phoenix postfix/smtp[1735]: 44CBF1103572: to=<bounce@OURDOMAIN.com>, relay=aspmx.l.google.com[74.125.23.26]:25, delay=76670, delays=66968/9698/3.1/0.73, dsn=2.0.0, status=sent (250 2.0.0 OK 1418253121 qe5si8981455pdb.2 - gsmtp),,,,,,,
Dec 11 10:12:02 phoenix postfix/qmgr[12481]: 44CBF1103572: removed,,,,,,,,,,,,
Dec 11 10:12:02 phoenix postfix/smtp[6918]: AE1C5110724C: to=recipient@externaldomain.com, relay=griffith.edu.au.s6a1.psmtp.com[64.18.5.10]:25, delay=33413, delays=23700/9709/1.2/3.1, dsn=2.0.0, status=sent (250 Thanks),,,,,,,
Dec 11 10:12:02 phoenix postfix/qmgr[12481]: AE1C5110724C: removed,,,,,,,,,,,,
Dec 11 10:12:03 phoenix postfix/smtp[24753]: E96BF11048BC: to=recipient@externaldomain.com, relay=scu-edu-au.mail.eo.outlook.com[213.199.154.87]:25, delay=22911, delays=13198/9706/3.1/3.4, dsn=2.6.0, status=sent (250 2.6.0 recipient@externaldomain.com [InternalId=8147552962013, Hostname=SINPR06MB0633.apcprd06.prod.outlook.com] Queued mail for delivery),,,,,,
Dec 11 10:12:03 phoenix postfix/qmgr[12481]: E96BF11048BC: removed,,,,,,,,,,,,
Dec 11 10:12:04 phoenix postfix/smtp[28535]: 5D1311103D8E: enabling PIX workarounds: disable_esmtp delay_dotcrlf for mx1.cdu.edu.au[138.80.130.7]:25,,,,,,,,,,,,
Dec 11 10:12:04 phoenix postfix/smtp[26584]: CD00A1108047: to=recipient@externaldomain.com, relay=ex10ed02.qut.edu.au[131.181.191.15]:25, delay=26445, delays=16740/9681/0.27/24, dsn=2.6.0, status=sent (250 2.6.0 recipient@externaldomain.com [InternalId=8222981] Queued mail for delivery),,,,,,,
Dec 11 10:12:04 phoenix postfix/qmgr[12481]: CD00A1108047: removed,,,,,,,,,,,,
Dec 11 10:12:05 phoenix postfix/smtp[26586]: connect to enet2.patrick.com.au[203.0.27.15]:25: Connection timed out,,,,,,,,,,,,
Dec 11 10:12:05 phoenix postfix/smtp[26586]: 47425110332D: to=recipient@externaldomain.com, relay=none, delay=386, delays=0.04/356/30/0, dsn=4.4.1, status=deferred (connect to enet2.patrick.com.au[203.0.27.15]:25: Connection timed out),,,,,,,
Dec 11 10:12:06 phoenix postfix/smtp[1735]: 8837711024B4: to=<events@OURDOMAIN.com>, relay=aspmx.l.google.com[74.125.23.26]:25, delay=9712, delays=6.1/9703/1.8/0.77, dsn=2.0.0, status=sent (250 2.0.0 OK 1418253125 xy1si8955704pbc.4 - gsmtp),,,,,,,
Dec 11 10:12:06 phoenix postfix/qmgr[12481]: 8837711024B4: removed,,,,,,,,,,,,
Dec 11 10:12:10 phoenix postfix/smtp[1735]: 2BC0211021A9: to=<events@OURDOMAIN.com>, relay=aspmx.l.google.com[74.125.23.26]:25, delay=62580, delays=52870/9707/2/0.82, dsn=2.0.0, status=sent (250 2.0.0 OK 1418253129 bu4si8644512pbd.234 - gsmtp),,,,,,,
Dec 11 10:12:10 phoenix postfix/qmgr[12481]: 2BC0211021A9: removed,,,,,,,,,,,,
Dec 11 10:12:11 phoenix postfix/smtp[26585]: DF0D51107742: to=recipient@externaldomain.com, relay=mail3.klgates.com[205.149.23.47]:25, delay=30869, delays=21160/9706/1.9/1.3, dsn=2.0.0, status=sent (250 ok:  Message 8871094 accepted),,,,,,,
Dec 11 10:12:11 phoenix postfix/qmgr[12481]: DF0D51107742: removed,,,,,,,,,,,,
Dec 11 10:12:12 phoenix postfix/smtp[1215]: 699781102C4B: to=recipient@externaldomain.com, relay=cust23659-2.in.mailcontrol.com[116.50.58.190]:25, delay=63157, delays=53442/9713/1.2/1.2, dsn=2.0.0, status=sent (250 2.0.0 sBANC95P038021 Message accepted for delivery),,,,,,,
Dec 11 10:12:12 phoenix postfix/qmgr[12481]: 699781102C4B: removed,,,,,,,,,,,,
Dec 11 10:12:14 phoenix postfix/smtp[1735]: 5CF4E1102EC3: to=<events@OURDOMAIN.com>, relay=aspmx.l.google.com[74.125.23.26]:25, delay=69484, delays=59770/9711/2/0.79, dsn=2.0.0, status=sent (250 2.0.0 OK 1418253133 tl7si8687346pbc.203 - gsmtp),,,,,,,
Dec 11 10:12:14 phoenix postfix/qmgr[12481]: 5CF4E1102EC3: removed,,,,,,,,,,,,
Dec 11 10:12:14 phoenix postfix/smtp[28535]: 5D1311103D8E: to=recipient@externaldomain.com, relay=mx1.cdu.edu.au[138.80.130.7]:25, delay=40636, delays=30912/9713/0.33/10, dsn=2.0.0, status=sent (250 2.0.0 Ok: queued as B7532227913),,,,,,,
Dec 11 10:12:14 phoenix postfix/qmgr[12481]: 5D1311103D8E: removed,,,,,,,,,,,,
Dec 11 10:12:14 phoenix postfix/smtp[6918]: 047AF1109940: to=recipient@externaldomain.com, relay=mail-ext-in2.uwa.edu.au[130.95.128.94]:25, delay=14812, delays=5083/9728/0.73/0.35, dsn=2.0.0, status=sent (250 ok:  Message 113790942 accepted),,,,,,,
Dec 11 10:12:14 phoenix postfix/qmgr[12481]: 047AF1109940: removed,,,,,,,,,,,,
Dec 11 10:12:17 phoenix postfix/smtp[24753]: 682C211072E6: to=recipient@externaldomain.com, relay=mx1.securemx.biz[203.84.134.2]:25, delay=33106, delays=23376/9726/2.4/1.2, dsn=2.0.0, status=sent (250 OK > 5488D34F-6DC13704@mta1103),,,,,,,
Dec 11 10:12:17 phoenix postfix/qmgr[12481]: 682C211072E6: removed,,,,,,,,,,,,
Dec 11 10:12:21 phoenix postfix/smtp[1215]: 5591C1103B64: to=recipient@externaldomain.com, relay=deloitte.com.au.s7a1.psmtp.com[64.18.6.10]:25, delay=129283, delays=119558/9721/1.2/2.4, dsn=2.0.0, status=sent (250 Thanks),,,,,,,
Dec 11 10:12:22 phoenix postfix/qmgr[12481]: 5591C1103B64: removed,,,,,,,,,,,,
Dec 11 10:12:23 phoenix postfix/smtp[26586]: 610811100E63: to=recipient@externaldomain.com, relay=aspmx.l.google.com[74.125.23.26]:25, delay=26181, delays=16444/9734/1.9/0.81, dsn=2.0.0, status=sent (250 2.0.0 OK 1418253142 bf9si8857151pad.98 - gsmtp),,,,,,,
Dec 11 10:12:23 phoenix postfix/qmgr[12481]: 610811100E63: removed,,,,,,,,,,,,
Dec 11 10:12:23 phoenix postfix/smtp[1735]: 968A61103900: to=<bounce@OURDOMAIN.com>, relay=aspmx.l.google.com[74.125.23.26]:25, delay=80970, delays=71247/9715/6.8/0.56, dsn=2.0.0, status=sent (250 2.0.0 OK 1418253142 bx9si8912027pab.55 - gsmtp),,,,,,,
Dec 11 10:12:23 phoenix postfix/qmgr[12481]: 968A61103900: removed,,,,,,,,,,,,
Dec 11 10:12:23 phoenix postfix/smtp[24753]: 4CA99110788E: to=recipient@externaldomain.com, relay=mailgwi.latrobe.edu.au[131.172.36.201]:25, delay=30218, delays=20483/9734/0.15/0.08, dsn=2.0.0, status=sent (250 2.0.0 Ok: queued as 9487E3E23A),,,,,,,
Dec 11 10:12:23 phoenix postfix/qmgr[12481]: 4CA99110788E: removed,,,,,,,,,,,,
Dec 11 10:12:23 phoenix postfix/smtp[28535]: 40B3011033C8: to=recipient@externaldomain.com, relay=mxa-00176a02.gslb.pphosted.com[67.231.149.43]:25, delay=378, delays=0.04/375/2.7/0.4, dsn=5.1.1, status=bounced (host mxa-00176a02.gslb.pphosted.com[67.231.149.43] said: 550 5.1.1 No such user - pp (in reply to RCPT TO command)),,,,,,,
Dec 11 10:12:23 phoenix postfix/cleanup[1338]: DBA0F11011AD: message-id=<20141210231223.DBA0F11011AD@OURDOMAIN.com>,,,,,,,,,,,,
Dec 11 10:12:23 phoenix postfix/bounce[32626]: 40B3011033C8: sender non-delivery notification: DBA0F11011AD,,,,,,,,,,,,
Dec 11 10:12:23 phoenix postfix/qmgr[12481]: DBA0F11011AD: from=<>, size=24037, nrcpt=1 (queue active),,,,,,,,,,
Dec 11 10:12:23 phoenix postfix/cleanup[1338]: DC3FE11011B4: message-id=<20141210231223.DC3FE11011B4@OURDOMAIN.com>,,,,,,,,,,,,
Dec 11 10:12:23 phoenix postfix/bounce[32626]: 40B3011033C8: postmaster non-delivery notification: DC3FE11011B4,,,,,,,,,,,,
Dec 11 10:12:23 phoenix postfix/qmgr[12481]: DC3FE11011B4: from=<double-bounce@OURDOMAIN.com>, size=2431, nrcpt=1 (queue active),,,,,,,,,,
Dec 11 10:12:23 phoenix postfix/qmgr[12481]: 40B3011033C8: removed,,,,,,,,,,,,
Dec 11 10:12:28 phoenix postfix/smtp[1735]: EA1101103725: to=<bounce@OURDOMAIN.com>, relay=aspmx.l.google.com[74.125.23.26]:25, delay=82057, delays=72330/9724/2.5/0.65, dsn=2.0.0, status=sent (250 2.0.0 OK 1418253147 ct5si8832261pbc.96 - gsmtp),,,,,,,
Dec 11 10:12:28 phoenix postfix/qmgr[12481]: EA1101103725: removed,,,,,,,,,,,,
Dec 11 10:12:30 phoenix postfix/qmgr[12481]: 22A6E1102B12: from=<events@OURDOMAIN.com>, size=21941, nrcpt=1 (queue active),,,,,,,,,,
Dec 11 10:12:31 phoenix postfix/smtp[26585]: 54B1C110229A: to=recipient@externaldomain.com, relay=mq.edu.au.s200a1.psmtp.com[207.126.147.10]:25, delay=1748, delays=0.04/1743/3.1/2.4, dsn=2.0.0, status=sent (250 Thanks),,,,,,,
Dec 11 10:12:31 phoenix postfix/qmgr[12481]: 54B1C110229A: removed,,,,,,,,,,,,
Dec 11 10:12:31 phoenix postfix/smtp[1735]: 6A4B211029E3: to=<events@OURDOMAIN.com>, relay=aspmx.l.google.com[74.125.23.26]:25, delay=85008, delays=75277/9728/1.8/0.77, dsn=2.0.0, status=sent (250 2.0.0 OK 1418253150 bf9si8857556pad.98 - gsmtp),,,,,,,
Dec 11 10:12:31 phoenix postfix/qmgr[12481]: 6A4B211029E3: removed,,,,,,,,,,,,
Dec 11 10:12:35 phoenix postfix/smtp[26584]: B20BD110392F: to=recipient@externaldomain.com, relay=mail.rhdb.com.au[59.100.207.198]:25, delay=299, delays=0.04/294/0.09/5, dsn=5.0.0, status=bounced (host mail.rhdb.com.au[59.100.207.198] said: 550 Requested action not taken: mailbox unavailable (in reply to RCPT TO command)),,,,,,,
Dec 11 10:12:35 phoenix postfix/smtp[1735]: 0D8B81101164: to=<events@OURDOMAIN.com>, relay=aspmx.l.google.com[74.125.23.26]:25, delay=57785, delays=48051/9732/2/0.79, dsn=2.0.0, status=sent (250 2.0.0 OK 1418253154 vt3si8892259pbc.51 - gsmtp),,,,,,,
Dec 11 10:12:35 phoenix postfix/qmgr[12481]: 0D8B81101164: removed,,,,,,,,,,,,
Dec 11 10:12:35 phoenix postfix/qmgr[12481]: 830991100FB3: from=<events@OURDOMAIN.com>, size=22034, nrcpt=1 (queue active),,,,,,,,,,
Dec 11 10:12:35 phoenix postfix/smtp[28535]: 830991100FB3: to=recipient@externaldomain.com, relay=statefleet.ogp.commerce.nsw.gov.au[143.119.160.16]:25, delay=1380, delays=1380/0/0.05/0, dsn=4.4.2, status=deferred (lost connection with statefleet.ogp.commerce.nsw.gov.au[143.119.160.16] while receiving the initial server greeting),,,,,,,
Dec 11 10:12:36 phoenix postfix/smtp[1215]: C5A541103362: to=recipient@externaldomain.com, relay=mail.usq.edu.au[139.86.9.182]:25, delay=16459, delays=6709/9750/0.15/0.15, dsn=2.0.0, status=sent (250 2.0.0 Ok: queued as 178B2E315B_488D364F),,,,,,,
Dec 11 10:12:36 phoenix postfix/qmgr[12481]: C5A541103362: removed,,,,,,,,,,,,
Dec 11 10:12:36 phoenix postfix/smtp[3329]: 000E91106EE7: to=recipient@externaldomain.com, relay=cluster5.us.messagelabs.com[216.82.241.195]:25, delay=35259, delays=25525/9731/2.3/0.92, dsn=2.0.0, status=sent (250 ok 1418253156 qp 26091 server-9.tower-119.messagelabs.com!1418253153!30170060!1),,,,,,,
Dec 11 10:12:37 phoenix postfix/qmgr[12481]: 000E91106EE7: removed,,,,,,,,,,,,
