Dec 11 10:00:02 phoenix postfix/smtp[16284]: B465B110313B: to=<senderror@OURDOMAIN.com>, relay=aspmx.l.google.com[74.125.31.26]:25, delay=80212, delays=71229/8979/2.4/0.75, dsn=2.0.0, status=sent (250 2.0.0 OK 1418252401 tb3si8932467pab.14 - gsmtp),,,,,,,
Dec 11 10:00:02 phoenix postfix/qmgr[12481]: B465B110313B: removed,,,,,,,,,,,,
Dec 11 10:00:02 phoenix postfix/smtp[3284]: 7F9321106C6B: to=recipient@externaldomain.com, relay=deakin-edu-au.mail.protection.outlook.com[213.199.154.23]:25, delay=35880, delays=26888/8986/3.2/3.4, dsn=2.6.0, status=sent (250 2.6.0 recipient@externaldomain.com [InternalId=51148765528067, Hostname=SINPR06MB089.apcprd06.prod.outlook.com] Queued mail for delivery),,,,,,
Dec 11 10:00:02 phoenix postfix/qmgr[12481]: 7F9321106C6B: removed,,,,,,,,,,,,
Dec 11 10:00:05 phoenix postfix/qmgr[12481]: 4181C1102B83: from=<events@OURDOMAIN.com>, size=21956, nrcpt=1 (queue active),,,,,,,,,,
Dec 11 10:00:06 phoenix postfix/smtp[676]: 3AA7E1109A41: to=recipient@externaldomain.com, relay=mail-ext-in1.uwa.edu.au[130.95.128.92]:25, delay=13574, delays=4574/9000/0.51/0.33, dsn=2.0.0, status=sent (250 ok:  Message 109243533 accepted),,,,,,,
Dec 11 10:00:06 phoenix postfix/qmgr[12481]: 3AA7E1109A41: removed,,,,,,,,,,,,
Dec 11 10:00:06 phoenix postfix/smtp[16284]: AE54E1100AF4: to=<events@OURDOMAIN.com>, relay=aspmx.l.google.com[74.125.31.26]:25, delay=8999, delays=12/8984/2.2/0.87, dsn=2.0.0, status=sent (250 2.0.0 OK 1418252406 ul10si3159151pac.175 - gsmtp),,,,,,,
Dec 11 10:00:06 phoenix postfix/qmgr[12481]: AE54E1100AF4: removed,,,,,,,,,,,,
Dec 11 10:00:09 phoenix postfix/scache[13090]: statistics: start interval Dec 11 09:50:09,,,,,,,,,,,,
Dec 11 10:00:09 phoenix postfix/scache[13090]: statistics: domain lookup hits=0 miss=148 success=0%,,,,,,,,,,,,
Dec 11 10:00:10 phoenix postfix/smtp[16284]: EA352110463D: to=<events@OURDOMAIN.com>, relay=aspmx.l.google.com[74.125.31.26]:25, delay=67348, delays=58357/8988/2.2/0.86, dsn=2.0.0, status=sent (250 2.0.0 OK 1418252410 d2si8780352pat.130 - gsmtp),,,,,,,
Dec 11 10:00:10 phoenix postfix/qmgr[12481]: EA352110463D: removed,,,,,,,,,,,,
Dec 11 10:00:11 phoenix postfix/smtp[22520]: 867041104681: to=recipient@externaldomain.com, relay=skilled.com.au.inbound10.mxlogicmx.net[208.65.145.2]:25, delay=51747, delays=42758/8986/1.6/1.9, dsn=5.0.0, status=bounced (host skilled.com.au.inbound10.mxlogicmx.net[208.65.145.2] said: 554 Denied [870d8845.0.55892.00-2367.107321.p01c12m012.mxlogic.net] (Mode: normal) (in reply to end of DATA command)),,,,,,,
Dec 11 10:00:11 phoenix postfix/cleanup[14069]: 5EF371103030: message-id=<20141210230011.5EF371103030@OURDOMAIN.com>,,,,,,,,,,,,
Dec 11 10:00:11 phoenix postfix/bounce[4819]: 867041104681: sender non-delivery notification: 5EF371103030,,,,,,,,,,,,
Dec 11 10:00:11 phoenix postfix/qmgr[12481]: 5EF371103030: from=<>, size=24149, nrcpt=1 (queue active),,,,,,,,,,
Dec 11 10:00:11 phoenix postfix/cleanup[14069]: 5F971110313B: message-id=<20141210230011.5F971110313B@OURDOMAIN.com>,,,,,,,,,,,,
Dec 11 10:00:11 phoenix postfix/bounce[4819]: 867041104681: postmaster non-delivery notification: 5F971110313B,,,,,,,,,,,,
Dec 11 10:00:11 phoenix postfix/qmgr[12481]: 5F971110313B: from=<double-bounce@OURDOMAIN.com>, size=2555, nrcpt=1 (queue active),,,,,,,,,,
Dec 11 10:00:11 phoenix postfix/qmgr[12481]: 867041104681: removed,,,,,,,,,,,,
Dec 11 10:00:11 phoenix postfix/smtp[22499]: 3535B1103C9A: to=recipient@externaldomain.com, relay=ecu-edu-au.mail.protection.outlook.com[213.199.154.87]:25, delay=34689, delays=25689/8992/2.9/4.4, dsn=2.6.0, status=sent (250 2.6.0 recipient@externaldomain.com [InternalId=39668317945869, Hostname=HKNPR01MB210.apcprd01.prod.exchangelabs.com] Queued mail for delivery),,,,,,
Dec 11 10:00:11 phoenix postfix/qmgr[12481]: 3535B1103C9A: removed,,,,,,,,,,,,
Dec 11 10:00:11 phoenix postfix/anvil[24024]: statistics: max connection rate 1/60s for (smtp:116.50.59.190) at Dec 11 09:52:49,,,,,,,,,,,,
Dec 11 10:00:11 phoenix postfix/anvil[24024]: statistics: max connection count 1 for (smtp:116.50.59.190) at Dec 11 09:52:49,,,,,,,,,,,,
Dec 11 10:00:11 phoenix postfix/anvil[24024]: statistics: max cache size 1 at Dec 11 09:52:49,,,,,,,,,,,,
Dec 11 10:00:12 phoenix postfix/smtp[25040]: 9067811096F7: to=recipient@externaldomain.com, relay=cluster4.eu.messagelabs.com[85.158.139.211]:25, delay=15046, delays=6043/9000/2.6/1.5, dsn=2.0.0, status=sent (250 ok 1418252411 qp 7285 server-7.tower-206.messagelabs.com!1418252407!12726401!1),,,,,,,
Dec 11 10:00:12 phoenix postfix/qmgr[12481]: 9067811096F7: removed,,,,,,,,,,,,
Dec 11 10:00:14 phoenix postfix/smtp[16284]: 0353F110463B: to=<bounce@OURDOMAIN.com>, relay=aspmx.l.google.com[74.125.31.26]:25, delay=69448, delays=60454/8991/2/0.63, dsn=2.0.0, status=sent (250 2.0.0 OK 1418252413 bl1si8711207pbb.165 - gsmtp),,,,,,,
Dec 11 10:00:14 phoenix postfix/qmgr[12481]: 0353F110463B: removed,,,,,,,,,,,,
Dec 11 10:00:14 phoenix postfix/smtp[3284]: A0A60110A2DE: to=recipient@externaldomain.com, relay=cluster5.us.messagelabs.com[216.82.250.99]:25, delay=9290, delays=295/8992/2.1/0.84, dsn=2.0.0, status=sent (250 ok 1418252413 qp 32520 server-9.tower-126.messagelabs.com!1418252411!16650645!1),,,,,,,
Dec 11 10:00:14 phoenix postfix/qmgr[12481]: A0A60110A2DE: removed,,,,,,,,,,,,
Dec 11 10:00:17 phoenix postfix/smtp[25143]: 0F7991108E92: to=recipient@externaldomain.com, relay=unimelb-edu-au.mail.protection.outlook.com[213.199.154.87]:25, delay=19237, delays=10237/8993/2.9/4, dsn=2.6.0, status=sent (250 2.6.0 recipient@externaldomain.com [InternalId=7383048781900, Hostname=SIXPR04MB0624.apcprd04.prod.outlook.com] Queued mail for delivery),,,,,,
Dec 11 10:00:17 phoenix postfix/qmgr[12481]: 0F7991108E92: removed,,,,,,,,,,,,
Dec 11 10:00:18 phoenix postfix/smtp[16284]: 184E711029E5: to=<bounce@OURDOMAIN.com>, relay=aspmx.l.google.com[74.125.31.26]:25, delay=76345, delays=67347/8995/2.1/0.65, dsn=2.0.0, status=sent (250 2.0.0 OK 1418252417 cl3si8663953pad.214 - gsmtp),,,,,,,
Dec 11 10:00:18 phoenix postfix/qmgr[12481]: 184E711029E5: removed,,,,,,,,,,,,
Dec 11 10:00:19 phoenix postfix/smtp[22520]: 3CCAF1106908: to=recipient@externaldomain.com, relay=curtin-edu-au.mail.eo.outlook.com[213.199.154.23]:25, delay=37412, delays=28399/9007/3/3.5, dsn=2.6.0, status=sent (250 2.6.0 recipient@externaldomain.com [InternalId=10350871183380, Hostname=SG2PR02MB0698.apcprd02.prod.outlook.com] Queued mail for delivery),,,,,,
Dec 11 10:00:19 phoenix postfix/qmgr[12481]: 3CCAF1106908: removed,,,,,,,,,,,,
Dec 11 10:00:21 phoenix postfix/smtp[25144]: 6CD691102A11: to=recipient@externaldomain.com, relay=mailgwi.latrobe.edu.au[131.172.36.204]:25, delay=29487, delays=20474/9013/0.15/0.08, dsn=2.0.0, status=sent (250 2.0.0 Ok: queued as 057554232C),,,,,,,
Dec 11 10:00:21 phoenix postfix/qmgr[12481]: 6CD691102A11: removed,,,,,,,,,,,,
Dec 11 10:00:23 phoenix postfix/smtp[16284]: 21DBD1103348: to=<bounce@OURDOMAIN.com>, relay=aspmx.l.google.com[74.125.31.26]:25, delay=55166, delays=46163/8999/3.2/0.67, dsn=2.0.0, status=sent (250 2.0.0 OK 1418252422 v8si8792653pdq.121 - gsmtp),,,,,,,
Dec 11 10:00:23 phoenix postfix/qmgr[12481]: 21DBD1103348: removed,,,,,,,,,,,,
Dec 11 10:00:24 phoenix postfix/smtp[25040]: 6B0EE11034CA: to=recipient@externaldomain.com, relay=sentry.ljhooker.com[202.70.128.38]:25, delay=1597, delays=0.04/1588/0.39/8.5, dsn=2.0.0, status=sent (250 2.0.0 sBAN0EbO021564-sBAN0EbQ021564 Message accepted for delivery),,,,,,,
Dec 11 10:00:24 phoenix postfix/qmgr[12481]: 6B0EE11034CA: removed,,,,,,,,,,,,
Dec 11 10:00:24 phoenix postfix/smtp[676]: 3893C1102DD6: to=recipient@externaldomain.com, relay=cluster2.eu.messagelabs.com[193.109.255.147]:25, delay=8942, delays=0.04/8938/3/0.33, dsn=5.0.0, status=bounced (host cluster2.eu.messagelabs.com[193.109.255.147] said: 550 Invalid recipient recipient@externaldomain.com (#5.1.1) (in reply to RCPT TO command)),,,,,,,
Dec 11 10:00:25 phoenix postfix/cleanup[14069]: 2E0561103348: message-id=<20141210230025.2E0561103348@OURDOMAIN.com>,,,,,,,,,,,,
Dec 11 10:00:25 phoenix postfix/bounce[4819]: 3893C1102DD6: sender non-delivery notification: 2E0561103348,,,,,,,,,,,,
Dec 11 10:00:25 phoenix postfix/qmgr[12481]: 2E0561103348: from=<>, size=24056, nrcpt=1 (queue active),,,,,,,,,,
Dec 11 10:00:25 phoenix postfix/cleanup[14069]: 2EADC11034CA: message-id=<20141210230025.2EADC11034CA@OURDOMAIN.com>,,,,,,,,,,,,
Dec 11 10:00:25 phoenix postfix/bounce[4819]: 3893C1102DD6: postmaster non-delivery notification: 2EADC11034CA,,,,,,,,,,,,
Dec 11 10:00:25 phoenix postfix/qmgr[12481]: 2EADC11034CA: from=<double-bounce@OURDOMAIN.com>, size=2459, nrcpt=1 (queue active),,,,,,,,,,
Dec 11 10:00:25 phoenix postfix/qmgr[12481]: 3893C1102DD6: removed,,,,,,,,,,,,
Dec 11 10:00:25 phoenix postfix/smtp[22520]: E86EC1106443: enabling PIX workarounds: disable_esmtp delay_dotcrlf for mx3.cdu.edu.au[138.80.216.5]:25,,,,,,,,,,,,
Dec 11 10:00:25 phoenix postfix/smtp[3284]: 84C9B1108671: to=recipient@externaldomain.com, relay=riotinto.mail.eo.outlook.com[207.46.163.215]:25, delay=23263, delays=14252/9007/2.3/2.2, dsn=2.6.0, status=sent (250 2.6.0 recipient@externaldomain.com [InternalId=7980049236031, Hostname=BY1PR0401MB1448.namprd04.prod.outlook.com] Queued mail for delivery),,,,,,
Dec 11 10:00:25 phoenix postfix/qmgr[12481]: 84C9B1108671: removed,,,,,,,,,,,,
Dec 11 10:00:26 phoenix postfix/smtp[25144]: 664881102536: to=recipient@externaldomain.com, relay=aapmpx07.pwc.com.au[203.11.226.12]:25, delay=57263, delays=48249/9011/0.33/3.1, dsn=5.1.1, status=bounced (host aapmpx07.pwc.com.au[203.11.226.12] said: 550 5.1.1 recipient@externaldomain.com: Recipient address rejected: undeliverable address: host au-aapmbx002.aap.pwcinternal.com[10.140.8.11] said: 550 Ken.Neate@au.pwc.com... No such user (in reply to RCPT TO command) (in reply to RCPT TO command)),,,,,,,
Dec 11 10:00:26 phoenix postfix/cleanup[14069]: 8733E1102DD6: message-id=<20141210230026.8733E1102DD6@OURDOMAIN.com>,,,,,,,,,,,,
Dec 11 10:00:26 phoenix postfix/bounce[4819]: 664881102536: sender non-delivery notification: 8733E1102DD6,,,,,,,,,,,,
Dec 11 10:00:26 phoenix postfix/qmgr[12481]: 8733E1102DD6: from=<>, size=24371, nrcpt=1 (queue active),,,,,,,,,,
Dec 11 10:00:26 phoenix postfix/cleanup[14069]: 87D5011034DE: message-id=<20141210230026.87D5011034DE@OURDOMAIN.com>,,,,,,,,,,,,
Dec 11 10:00:26 phoenix postfix/bounce[4819]: 664881102536: postmaster non-delivery notification: 87D5011034DE,,,,,,,,,,,,
Dec 11 10:00:26 phoenix postfix/qmgr[12481]: 87D5011034DE: from=<double-bounce@OURDOMAIN.com>, size=2784, nrcpt=1 (queue active),,,,,,,,,,
Dec 11 10:00:26 phoenix postfix/qmgr[12481]: 664881102536: removed,,,,,,,,,,,,
Dec 11 10:00:26 phoenix postfix/smtp[32383]: A0E7D1105DE5: to=recipient@externaldomain.com, relay=cluster1.us.messagelabs.com[216.82.254.67]:25, delay=43727, delays=34712/9011/2/1.8, dsn=2.0.0, status=sent (250 ok 1418252425 qp 25833 server-2.tower-196.messagelabs.com!1418252422!8897440!1),,,,,,,
Dec 11 10:00:26 phoenix postfix/qmgr[12481]: A0E7D1105DE5: removed,,,,,,,,,,,,
Dec 11 10:00:26 phoenix postfix/smtp[16284]: 824D51103E62: to=<bounce@OURDOMAIN.com>, relay=aspmx.l.google.com[74.125.31.26]:25, delay=55969, delays=46963/9004/2.1/0.64, dsn=2.0.0, status=sent (250 2.0.0 OK 1418252426 cq3si8667934pbb.193 - gsmtp),,,,,,,
Dec 11 10:00:26 phoenix postfix/qmgr[12481]: 824D51103E62: removed,,,,,,,,,,,,
Dec 11 10:00:28 phoenix postfix/smtp[25143]: 7D1F711029A7: to=recipient@externaldomain.com, relay=cust5466-1.in.mailcontrol.com[85.115.58.190]:25, delay=863, delays=0.04/856/3.9/3.1, dsn=2.0.0, status=sent (250 2.0.0 sBAN0LAD022537 Message accepted for delivery),,,,,,,
Dec 11 10:00:28 phoenix postfix/qmgr[12481]: 7D1F711029A7: removed,,,,,,,,,,,,
Dec 11 10:00:29 phoenix postfix/smtp[676]: 7DD44110A0AE: to=recipient@externaldomain.com, relay=mx7.woodside.com.au[158.89.1.66]:25, delay=10393, delays=1383/9009/0.51/0.33, dsn=2.0.0, status=sent (250 ok:  Message 11519839 accepted),,,,,,,
Dec 11 10:00:29 phoenix postfix/qmgr[12481]: 7DD44110A0AE: removed,,,,,,,,,,,,
Dec 11 10:00:30 phoenix postfix/smtp[16284]: 4BB7A110515D: to=<events@OURDOMAIN.com>, relay=aspmx.l.google.com[74.125.31.26]:25, delay=71957, delays=62946/9008/2.2/0.9, dsn=2.0.0, status=sent (250 2.0.0 OK 1418252430 xg13si8856646pac.74 - gsmtp),,,,,,,
Dec 11 10:00:30 phoenix postfix/qmgr[12481]: 4BB7A110515D: removed,,,,,,,,,,,,
Dec 11 10:00:31 phoenix postfix/smtp[25040]: A52441109012: to=recipient@externaldomain.com, relay=newcastle-edu-au.mail.protection.outlook.com[213.199.154.23]:25, delay=18470, delays=9445/9019/3.3/3.3, dsn=2.6.0, status=sent (250 2.6.0 recipient@externaldomain.com [InternalId=50912542326847, Hostname=SIXPR04MB143.apcprd04.prod.outlook.com] Queued mail for delivery),,,,,,
Dec 11 10:00:31 phoenix postfix/qmgr[12481]: A52441109012: removed,,,,,,,,,,,,
Dec 11 10:00:32 phoenix postfix/smtp[675]: 996D81107327: to=recipient@externaldomain.com, relay=mx1.securemx.biz[203.84.134.2]:25, delay=32246, delays=23221/9004/2.4/19, dsn=2.0.0, status=sent (250 OK > 5488D07C-A5B916E4@mta1103),,,,,,,
Dec 11 10:00:32 phoenix postfix/qmgr[12481]: 996D81107327: removed,,,,,,,,,,,,
Dec 11 10:00:32 phoenix postfix/smtp[32383]: 4135C11057EC: to=recipient@externaldomain.com, relay=smtp.unsw.edu.au[149.171.193.32]:25, delay=47236, delays=38213/9022/0.16/0.09, dsn=2.0.0, status=sent (250 ok:  Message 146632676 accepted),,,,,,,
Dec 11 10:00:32 phoenix postfix/qmgr[12481]: 4135C11057EC: removed,,,,,,,,,,,,
Dec 11 10:00:32 phoenix postfix/smtp[25144]: 0E539110838C: to=recipient@externaldomain.com, relay=deloitte.com.au.s7a1.psmtp.com[64.18.6.10]:25, delay=97074, delays=88058/9011/1.4/3, dsn=2.0.0, status=sent (250 Thanks),,,,,,,
Dec 11 10:00:33 phoenix postfix/qmgr[12481]: 0E539110838C: removed,,,,,,,,,,,,
Dec 11 10:00:33 phoenix postfix/smtp[25143]: 9B5DF110103D: to=recipient@externaldomain.com, relay=mail.usq.edu.au[139.86.9.181]:25, delay=15988, delays=6961/9026/0.15/0.4, dsn=2.0.0, status=sent (250 2.0.0 Ok: queued as 51FEBEAC63_488D090F),,,,,,,
Dec 11 10:00:33 phoenix postfix/qmgr[12481]: 9B5DF110103D: removed,,,,,,,,,,,,
Dec 11 10:00:34 phoenix postfix/smtp[16284]: 9B39911032D9: to=<events@OURDOMAIN.com>, relay=aspmx.l.google.com[74.125.31.26]:25, delay=83940, delays=74926/9012/2.2/0.91, dsn=2.0.0, status=sent (250 2.0.0 OK 1418252434 dc4si8791602pbb.101 - gsmtp),,,,,,,
Dec 11 10:00:34 phoenix postfix/qmgr[12481]: 9B39911032D9: removed,,,,,,,,,,,,
Dec 11 10:00:35 phoenix postfix/smtp[6918]: connect to ns.watson.ibm.com[129.34.20.80]:25: Connection timed out,,,,,,,,,,,,
Dec 11 10:00:35 phoenix postfix/smtp[6918]: 4181C1102B83: to=recipient@externaldomain.com, relay=none, delay=94296, delays=94266/0.01/30/0, dsn=4.4.1, status=deferred (connect to ns.watson.ibm.com[129.34.20.80]:25: Connection timed out),,,,,,,
Dec 11 10:00:36 phoenix postfix/smtp[25144]: F03151103A46: to=recipient@externaldomain.com, relay=igwx11.cba.com.au[140.168.129.169]:25, delay=129518, delays=120495/9023/0.19/0.1, dsn=2.0.0, status=sent (250 ok:  Message 84171083 accepted),,,,,,,
Dec 11 10:00:36 phoenix postfix/qmgr[12481]: F03151103A46: removed,,,,,,,,,,,,
Dec 11 10:00:36 phoenix postfix/smtp[676]: 7C61411092F9: to=recipient@externaldomain.com, relay=mx2.uq.edu.au[130.102.149.161]:25, delay=17044, delays=8020/9024/0.19/0.14, dsn=2.0.0, status=sent (250 ok:  Message 46657115 accepted),,,,,,,
Dec 11 10:00:36 phoenix postfix/qmgr[12481]: 7C61411092F9: removed,,,,,,,,,,,,
Dec 11 10:00:36 phoenix postfix/smtp[675]: A3A8D11061AA: to=recipient@externaldomain.com, relay=barracuda.power-net.com.au[103.14.95.55]:25, delay=41681, delays=32660/9020/0.5/0.86, dsn=2.0.0, status=sent (250 Ok: queued as DB5E01A6A0EF),,,,,,,
Dec 11 10:00:36 phoenix postfix/qmgr[12481]: A3A8D11061AA: removed,,,,,,,,,,,,
Dec 11 10:00:36 phoenix postfix/smtp[22520]: E86EC1106443: to=recipient@externaldomain.com, relay=mx3.cdu.edu.au[138.80.216.5]:25, delay=40304, delays=31277/9015/0.39/11, dsn=2.0.0, status=sent (250 2.0.0 Ok: queued as BE9F919AFDD),,,,,,,
Dec 11 10:00:36 phoenix postfix/qmgr[12481]: E86EC1106443: removed,,,,,,,,,,,,
Dec 11 10:00:37 phoenix postfix/smtp[3284]: 3A1DF1103360: to=recipient@externaldomain.com, relay=email2.lsre.com.au[59.100.116.137]:25, delay=1676, delays=0.04/1671/0.25/5.3, dsn=5.1.1, status=bounced (host email2.lsre.com.au[59.100.116.137] said: 550 5.1.1 User unknown (in reply to RCPT TO command)),,,,,,,
Dec 11 10:00:39 phoenix postfix/smtp[16284]: E3F3711023EB: to=<events@OURDOMAIN.com>, relay=aspmx.l.google.com[74.125.31.26]:25, delay=57631, delays=48612/9015/2.7/0.97, dsn=2.0.0, status=sent (250 2.0.0 OK 1418252438 fr15si4073257pdb.245 - gsmtp),,,,,,,
Dec 11 10:00:39 phoenix postfix/qmgr[12481]: E3F3711023EB: removed,,,,,,,,,,,,
Dec 11 10:00:40 phoenix postfix/smtp[676]: 264AC11011F3: to=recipient@externaldomain.com, relay=ipbvo.tcif.telstra.com.au[203.35.135.202]:25, delay=148560, delays=139535/9025/0.18/0.15, dsn=2.0.0, status=sent (250 ok:  Message 257639868 accepted),,,,,,,
Dec 11 10:00:40 phoenix postfix/qmgr[12481]: 264AC11011F3: removed,,,,,,,,,,,,
Dec 11 10:00:42 phoenix postfix/smtp[25143]: 5408D1102DC3: to=recipient@externaldomain.com, relay=mx.its.monash.edu.au[130.194.11.147]:25, delay=811, delays=0.04/808/1.2/2.3, dsn=2.0.0, status=sent (250 2.0.0 Ok: queued as 947A37E6176),,,,,,,
Dec 11 10:00:42 phoenix postfix/smtp[6918]: 7B0921102944: to=recipient@externaldomain.com, relay=scu-edu-au.mail.eo.outlook.com[213.199.154.87]:25, delay=22224, delays=13192/9025/3/4, dsn=2.6.0, status=sent (250 2.6.0 recipient@externaldomain.com [InternalId=10990821310563, Hostname=HK2PR06MB0529.apcprd06.prod.outlook.com] Queued mail for delivery),,,,,,
Dec 11 10:00:42 phoenix postfix/qmgr[12481]: 7B0921102944: removed,,,,,,,,,,,,
Dec 11 10:00:42 phoenix postfix/qmgr[12481]: 5408D1102DC3: removed,,,,,,,,,,,,
Dec 11 10:00:42 phoenix postfix/smtp[16284]: 90B091100E52: to=<senderror@OURDOMAIN.com>, relay=aspmx.l.google.com[74.125.31.26]:25, delay=83582, delays=74560/9020/1.9/0.57, dsn=2.0.0, status=sent (250 2.0.0 OK 1418252441 b16si8702630pdj.189 - gsmtp),,,,,,,
Dec 11 10:00:42 phoenix postfix/qmgr[12481]: 90B091100E52: removed,,,,,,,,,,,,
Dec 11 10:00:43 phoenix postfix/smtp[32383]: 00D6F110391C: to=recipient@externaldomain.com, relay=aspmx.l.google.com[74.125.31.26]:25, delay=44748, delays=35722/9022/1.9/1.9, dsn=2.0.0, status=sent (250 2.0.0 OK 1418252443 jd6si8819222pbd.84 - gsmtp),,,,,,,
Dec 11 10:00:43 phoenix postfix/qmgr[12481]: 00D6F110391C: removed,,,,,,,,,,,,
Dec 11 10:00:45 phoenix postfix/smtp[25144]: B668B110348A: to=recipient@externaldomain.com, relay=cluster4.us.messagelabs.com[216.82.242.179]:25, delay=62857, delays=53821/9033/2.4/0.92, dsn=2.0.0, status=sent (250 ok 1418252445 qp 17276 server-5.tower-86.messagelabs.com!1418252442!40796826!1),,,,,,,
Dec 11 10:00:46 phoenix postfix/qmgr[12481]: B668B110348A: removed,,,,,,,,,,,,
Dec 11 10:00:46 phoenix postfix/smtp[16284]: C74311103FA5: to=<events@OURDOMAIN.com>, relay=aspmx.l.google.com[74.125.31.26]:25, delay=70175, delays=61148/9023/2/0.84, dsn=2.0.0, status=sent (250 2.0.0 OK 1418252445 gh3si8715966pac.177 - gsmtp),,,,,,,
Dec 11 10:00:46 phoenix postfix/qmgr[12481]: C74311103FA5: removed,,,,,,,,,,,,
Dec 11 10:00:47 phoenix postfix/cleanup[14069]: 16F121102536: message-id=<20141210230047.16F121102536@OURDOMAIN.com>,,,,,,,,,,,,
Dec 11 10:00:47 phoenix postfix/bounce[4819]: 3A1DF1103360: sender non-delivery notification: 16F121102536,,,,,,,,,,,,
Dec 11 10:00:47 phoenix postfix/qmgr[12481]: 16F121102536: from=<>, size=24060, nrcpt=1 (queue active),,,,,,,,,,
Dec 11 10:00:47 phoenix postfix/cleanup[14069]: 17A2D1102944: message-id=<20141210230047.17A2D1102944@OURDOMAIN.com>,,,,,,,,,,,,
Dec 11 10:00:47 phoenix postfix/bounce[4819]: 3A1DF1103360: postmaster non-delivery notification: 17A2D1102944,,,,,,,,,,,,
Dec 11 10:00:47 phoenix postfix/qmgr[12481]: 17A2D1102944: from=<double-bounce@OURDOMAIN.com>, size=2433, nrcpt=1 (queue active),,,,,,,,,,
Dec 11 10:00:47 phoenix postfix/qmgr[12481]: 3A1DF1103360: removed,,,,,,,,,,,,
Dec 11 10:00:47 phoenix postfix/smtp[22520]: 482FB110871C: to=recipient@externaldomain.com, relay=rmit.edu.au.s10a1.psmtp.com[74.125.244.10]:25, delay=22954, delays=13923/9026/1.2/3.5, dsn=2.0.0, status=sent (250 Thanks),,,,,,,
Dec 11 10:00:47 phoenix postfix/qmgr[12481]: 482FB110871C: removed,,,,,,,,,,,,
Dec 11 10:00:49 phoenix postfix/smtp[22499]: B21BE11023BF: to=recipient@externaldomain.com, relay=ex10ed04.qut.edu.au[131.181.191.17]:25, delay=55978, delays=46946/9001/0.27/31, dsn=2.6.0, status=sent (250 2.6.0 recipient@externaldomain.com [InternalId=4542834] Queued mail for delivery),,,,,,,
Dec 11 10:00:49 phoenix postfix/qmgr[12481]: B21BE11023BF: removed,,,,,,,,,,,,
Dec 11 10:00:50 phoenix postfix/smtp[16284]: 2E5D01103477: to=<events@OURDOMAIN.com>, relay=aspmx.l.google.com[74.125.31.26]:25, delay=80517, delays=71487/9027/2.3/0.89, dsn=2.0.0, status=sent (250 2.0.0 OK 1418252449 jy15si8757389pad.148 - gsmtp),,,,,,,
Dec 11 10:00:50 phoenix postfix/qmgr[12481]: 2E5D01103477: removed,,,,,,,,,,,,
Dec 11 10:00:50 phoenix postfix/smtp[25040]: BBD531107050: to=recipient@externaldomain.com, relay=ramoth.cc.flinders.edu.au[129.96.252.22]:25, delay=33790, delays=24750/9039/0.2/0.17, dsn=2.0.0, status=sent (250 2.0.0 Ok: queued as E310447C01),,,,,,,
Dec 11 10:00:50 phoenix postfix/qmgr[12481]: BBD531107050: removed,,,,,,,,,,,,
Dec 11 10:00:51 phoenix postfix/smtp[6918]: 0538E1103BF0: to=recipient@externaldomain.com, relay=cluster5.us.messagelabs.com[216.82.253.147]:25, delay=43105, delays=34070/9030/2.1/2.5, dsn=2.0.0, status=sent (250 ok 1418252450 qp 6654 server-12.tower-165.messagelabs.com!1418252446!18994178!1),,,,,,,
Dec 11 10:00:51 phoenix postfix/qmgr[12481]: 0538E1103BF0: removed,,,,,,,,,,,,
Dec 11 10:00:54 phoenix postfix/smtp[16284]: 84A2111041E8: to=<bounce@OURDOMAIN.com>, relay=aspmx.l.google.com[74.125.31.26]:25, delay=71264, delays=62230/9031/2.2/0.67, dsn=2.0.0, status=sent (250 2.0.0 OK 1418252453 px10si8895006pbb.26 - gsmtp),,,,,,,
Dec 11 10:00:54 phoenix postfix/qmgr[12481]: 84A2111041E8: removed,,,,,,,,,,,,
Dec 11 10:00:55 phoenix postfix/qmgr[12481]: 7D9231102AAE: from=<events@OURDOMAIN.com>, size=21959, nrcpt=1 (queue active),,,,,,,,,,
Dec 11 10:00:55 phoenix postfix/smtpd[20963]: warning: database /etc/postfix/virtual_maps.db is older than source file /etc/postfix/virtual_maps,,,,,,,,,,,,
Dec 11 10:00:55 phoenix postfix/smtpd[20963]: connect from cluster-c.mailcontrol.com[116.50.59.190],,,,,,,,,,,,
Dec 11 10:00:56 phoenix postfix/smtp[32383]: 90EC31108B2D: to=recipient@externaldomain.com, relay=antispam-vip.federation.edu.au[141.132.91.86]:25, delay=20947, delays=11913/9032/0.28/1.9, dsn=2.0.0, status=sent (250 Requested mail action okay, completed.),,,,,,
Dec 11 10:00:56 phoenix postfix/smtp[25143]: 255F811098B5: to=recipient@externaldomain.com, relay=utsmeg1.uts.edu.au[138.25.1.230]:25, delay=14407, delays=5359/9045/0.27/1.9, dsn=2.0.0, status=sent (250 Requested mail action okay, completed.),,,,,,
Dec 11 10:00:56 phoenix postfix/qmgr[12481]: 90EC31108B2D: removed,,,,,,,,,,,,
Dec 11 10:00:56 phoenix postfix/qmgr[12481]: 255F811098B5: removed,,,,,,,,,,,,
Dec 11 10:00:57 phoenix postfix/smtpd[20963]: Anonymous TLS connection established from cluster-c.mailcontrol.com[116.50.59.190]: TLSv1.2 with cipher ECDHE-RSA-AES256-GCM-SHA384 (256/256 bits),,,,,,,,,,,,
Dec 11 10:00:58 phoenix postfix/smtp[25144]: ED51711091E8: to=recipient@externaldomain.com, relay=frmpexc03.nd.edu.au[203.19.80.217]:25, delay=17585, delays=8535/9048/0.26/1.2, dsn=2.6.0, status=sent (250 2.6.0 recipient@externaldomain.com [InternalId=21467824] Queued mail for delivery),,,,,,,
Dec 11 10:00:58 phoenix postfix/qmgr[12481]: ED51711091E8: removed,,,,,,,,,,,,
Dec 11 10:00:58 phoenix postfix/smtpd[20963]: NOQUEUE: reject: RCPT from cluster-c.mailcontrol.com[116.50.59.190]: 454 4.7.1 recipient@externaldomain.com to=<reply-fef31d777d6507-6888_HTML-35393606-6252419-0@OURDOMAIN.com> proto=ESMTP helo=<cluster-c.mailcontrol.com>,,,,,,,,,,,,
Dec 11 10:00:58 phoenix postfix/smtp[3284]: 955941103912: to=recipient@externaldomain.com, relay=cluster-k.mailcontrol.com[116.50.57.190]:25, delay=56588, delays=47540/9044/2.2/1.7, dsn=2.0.0, status=sent (250 2.0.0 sBAN0sLu034798 Message accepted for delivery),,,,,,,
Dec 11 10:00:58 phoenix postfix/qmgr[12481]: 955941103912: removed,,,,,,,,,,,,
Dec 11 10:00:58 phoenix postfix/smtp[676]: 677071109E46: to=recipient@externaldomain.com, relay=smtp-gateway.uow.edu.au[130.130.213.6]:25, delay=11629, delays=2577/9051/0.27/0.27, dsn=2.0.0, status=sent (250 MEU88210 Message accepted for delivery),,,,,,,
Dec 11 10:00:58 phoenix postfix/qmgr[12481]: 677071109E46: removed,,,,,,,,,,,,
Dec 11 10:00:58 phoenix postfix/smtp[16284]: AB46911042D9: to=<events@OURDOMAIN.com>, relay=aspmx.l.google.com[74.125.204.26]:25, delay=81039, delays=72001/9035/2.4/0.95, dsn=2.0.0, status=sent (250 2.0.0 OK 1418252458 bb10si8893862pdb.46 - gsmtp),,,,,,,
Dec 11 10:00:58 phoenix postfix/qmgr[12481]: AB46911042D9: removed,,,,,,,,,,,,
Dec 11 10:00:59 phoenix postfix/smtp[22499]: 14E23110721A: to=recipient@externaldomain.com, relay=griffith.edu.au.s6a1.psmtp.com[64.18.5.10]:25, delay=32852, delays=23802/9046/1.2/2.4, dsn=2.0.0, status=sent (250 Thanks),,,,,,,
Dec 11 10:00:59 phoenix postfix/qmgr[12481]: 14E23110721A: removed,,,,,,,,,,,,
Dec 11 10:01:02 phoenix postfix/smtp[16284]: 78EDF1103D08: to=<events@OURDOMAIN.com>, relay=aspmx.l.google.com[74.125.204.26]:25, delay=68029, delays=58987/9039/2.1/0.9, dsn=2.0.0, status=sent (250 2.0.0 OK 1418252461 by7si8717028pab.179 - gsmtp),,,,,,,
Dec 11 10:01:02 phoenix postfix/qmgr[12481]: 78EDF1103D08: removed,,,,,,,,,,,,
Dec 11 10:01:02 phoenix postfix/smtp[25143]: 0945811075B1: to=recipient@externaldomain.com, relay=smtp-in.jcu.edu.au[137.219.20.34]:25, delay=31059, delays=22004/9055/0.17/0.42, dsn=2.0.0, status=sent (250 2.0.0 Ok: queued as 14E6F270003),,,,,,,
Dec 11 10:01:02 phoenix postfix/qmgr[12481]: 0945811075B1: removed,,,,,,,,,,,,
Dec 11 10:01:05 phoenix postfix/qmgr[12481]: 830991100FB3: from=<events@OURDOMAIN.com>, size=22034, nrcpt=1 (queue active),,,,,,,,,,
Dec 11 10:01:05 phoenix postfix/smtp[25144]: 830991100FB3: to=recipient@externaldomain.com, relay=statefleet.ogp.commerce.nsw.gov.au[143.119.160.16]:25, delay=690, delays=690/0/0.05/0, dsn=4.4.2, status=deferred (lost connection with statefleet.ogp.commerce.nsw.gov.au[143.119.160.16] while receiving the initial server greeting),,,,,,,
Dec 11 10:01:06 phoenix postfix/pickup[28782]: 80B011102A11: uid=0 from=<root>,,,,,,,,,,,,
Dec 11 10:01:06 phoenix postfix/cleanup[14069]: 80B011102A11: message-id=<20141210230106.80B011102A11@OURDOMAIN.com>,,,,,,,,,,,,
Dec 11 10:01:06 phoenix postfix/qmgr[12481]: 80B011102A11: from=<root@OURDOMAIN.com>, size=1645717, nrcpt=1 (queue active),,,,,,,,,,
Dec 11 10:01:06 phoenix postfix/smtp[16284]: E1DAE11029C2: to=<senderror@OURDOMAIN.com>, relay=aspmx.l.google.com[74.125.204.26]:25, delay=84568, delays=75521/9044/2.3/0.72, dsn=2.0.0, status=sent (250 2.0.0 OK 1418252466 fn7si8868951pad.65 - gsmtp),,,,,,,
Dec 11 10:01:06 phoenix postfix/qmgr[12481]: E1DAE11029C2: removed,,,,,,,,,,,,
Dec 11 10:01:08 phoenix postfix/cleanup[14069]: C8E5E11029A7: message-id=<20141210230108.C8E5E11029A7@OURDOMAIN.com>,,,,,,,,,,,,
Dec 11 10:01:08 phoenix postfix/smtpd[12636]: disconnect from cluster-m.mailcontrol.com[116.50.58.190],,,,,,,,,,,,
Dec 11 10:01:08 phoenix postfix/qmgr[12481]: C8E5E11029A7: from=<double-bounce@OURDOMAIN.com>, size=1693, nrcpt=1 (queue active),,,,,,,,,,
Dec 11 10:01:11 phoenix postfix/smtp[16284]: 6B5B71103379: to=<events@OURDOMAIN.com>, relay=aspmx.l.google.com[74.125.204.26]:25, delay=56997, delays=47946/9048/2.2/0.96, dsn=2.0.0, status=sent (250 2.0.0 OK 1418252470 o10si8895217pby.25 - gsmtp),,,,,,,
Dec 11 10:01:11 phoenix postfix/qmgr[12481]: 6B5B71103379: removed,,,,,,,,,,,,
Dec 11 10:01:11 phoenix postfix/smtp[21515]: 80B011102A11: to=recipient@externaldomain.com, relay=gmail-smtp-in.l.google.com[74.125.204.27]:25, delay=5, delays=0.09/0.12/2/2.8, dsn=2.0.0, status=sent (250 2.0.0 OK 1418252470 og2si8792401pbc.104 - gsmtp),,,,,,,
Dec 11 10:01:11 phoenix postfix/qmgr[12481]: 80B011102A11: removed,,,,,,,,,,,,
Dec 11 10:01:12 phoenix postfix/pickup[28782]: 5584C1102DC3: uid=0 from=<root>,,,,,,,,,,,,
Dec 11 10:01:12 phoenix postfix/cleanup[14069]: 5584C1102DC3: message-id=<20141210230112.5584C1102DC3@OURDOMAIN.com>,,,,,,,,,,,,
Dec 11 10:01:12 phoenix postfix/qmgr[12481]: 5584C1102DC3: from=<root@OURDOMAIN.com>, size=1645718, nrcpt=1 (queue active),,,,,,,,,,
Dec 11 10:01:13 phoenix postfix/smtp[675]: connect to smtp.optus.com.au[203.13.126.8]:25: Connection timed out,,,,,,,,,,,,
Dec 11 10:01:13 phoenix postfix/smtp[675]: 728931104215: to=recipient@externaldomain.com, relay=smtp2.optus.com.au[203.13.126.132]:25, delay=52124, delays=43066/9028/30/0.02, dsn=5.1.1, status=bounced (host smtp2.optus.com.au[203.13.126.132] said: 550 5.1.1 recipient@externaldomain.com: Recipient address rejected: User unknown in relay recipient table (in reply to RCPT TO command)),,,,,,,
Dec 11 10:01:13 phoenix postfix/cleanup[14069]: E8C4A1103360: message-id=<20141210230113.E8C4A1103360@OURDOMAIN.com>,,,,,,,,,,,,
Dec 11 10:01:13 phoenix postfix/bounce[4819]: 728931104215: sender non-delivery notification: E8C4A1103360,,,,,,,,,,,,
Dec 11 10:01:13 phoenix postfix/qmgr[12481]: E8C4A1103360: from=<>, size=24174, nrcpt=1 (queue active),,,,,,,,,,
Dec 11 10:01:13 phoenix postfix/cleanup[14069]: E97221103379: message-id=<20141210230113.E97221103379@OURDOMAIN.com>,,,,,,,,,,,,
Dec 11 10:01:13 phoenix postfix/bounce[4819]: 728931104215: postmaster non-delivery notification: E97221103379,,,,,,,,,,,,
Dec 11 10:01:13 phoenix postfix/qmgr[12481]: E97221103379: from=<double-bounce@OURDOMAIN.com>, size=2572, nrcpt=1 (queue active),,,,,,,,,,
Dec 11 10:01:13 phoenix postfix/qmgr[12481]: 728931104215: removed,,,,,,,,,,,,
Dec 11 10:01:15 phoenix postfix/smtp[3284]: 106A61100FCD: to=recipient@externaldomain.com, relay=mq.edu.au.s200a1.psmtp.com[207.126.147.10]:25, delay=1081, delays=0.04/1072/2.2/7.4, dsn=2.0.0, status=sent (250 Thanks),,,,,,,
Dec 11 10:01:15 phoenix postfix/smtp[16284]: B2986110493E: to=<events@OURDOMAIN.com>, relay=aspmx.l.google.com[74.125.204.26]:25, delay=73339, delays=64283/9052/2.2/0.94, dsn=2.0.0, status=sent (250 2.0.0 OK 1418252474 cm7si8785036pdb.130 - gsmtp),,,,,,,
Dec 11 10:01:15 phoenix postfix/qmgr[12481]: B2986110493E: removed,,,,,,,,,,,,
Dec 11 10:01:15 phoenix postfix/qmgr[12481]: 106A61100FCD: removed,,,,,,,,,,,,
Dec 11 10:01:16 phoenix postfix/pickup[28782]: BCE7011032D9: uid=0 from=<root>,,,,,,,,,,,,
Dec 11 10:01:16 phoenix postfix/cleanup[14069]: BCE7011032D9: message-id=<20141210230116.BCE7011032D9@OURDOMAIN.com>,,,,,,,,,,,,
Dec 11 10:01:16 phoenix postfix/qmgr[12481]: BCE7011032D9: from=<root@OURDOMAIN.com>, size=1645802, nrcpt=1 (queue active),,,,,,,,,,
Dec 11 10:01:17 phoenix postfix/smtp[25040]: 8B8081107D52: to=recipient@externaldomain.com, relay=up-mx2.det.nsw.edu.au[153.107.105.80]:25, delay=27090, delays=18028/9060/2.6/0.09, dsn=2.0.0, status=sent (250 2.0.0 sBAN1E6i027128 Message accepted for delivery),,,,,,,
Dec 11 10:01:17 phoenix postfix/qmgr[12481]: 8B8081107D52: removed,,,,,,,,,,,,
Dec 11 10:01:17 phoenix postfix/smtp[675]: EC8AF110A292: to=recipient@externaldomain.com, relay=vic-mx.csiro.au[150.229.64.40]:25, delay=9502, delays=445/9057/0.23/0.07, dsn=5.0.0, status=bounced (host vic-mx.csiro.au[150.229.64.40] said: 550 #5.1.0 Address rejected. (in reply to RCPT TO command)),,,,,,,
Dec 11 10:01:18 phoenix postfix/cleanup[14069]: 087641103477: message-id=<20141210230118.087641103477@OURDOMAIN.com>,,,,,,,,,,,,
Dec 11 10:01:18 phoenix postfix/bounce[21606]: EC8AF110A292: sender non-delivery notification: 087641103477,,,,,,,,,,,,
Dec 11 10:01:18 phoenix postfix/qmgr[12481]: 087641103477: from=<>, size=23953, nrcpt=1 (queue active),,,,,,,,,,
Dec 11 10:01:18 phoenix postfix/cleanup[14069]: 090F7110348A: message-id=<20141210230118.090F7110348A@OURDOMAIN.com>,,,,,,,,,,,,
Dec 11 10:01:18 phoenix postfix/bounce[21606]: EC8AF110A292: postmaster non-delivery notification: 090F7110348A,,,,,,,,,,,,
Dec 11 10:01:18 phoenix postfix/qmgr[12481]: 090F7110348A: from=<double-bounce@OURDOMAIN.com>, size=2368, nrcpt=1 (queue active),,,,,,,,,,
Dec 11 10:01:18 phoenix postfix/qmgr[12481]: EC8AF110A292: removed,,,,,,,,,,,,
Dec 11 10:01:18 phoenix postfix/smtp[25143]: F0C2F1108DDC: to=recipient@externaldomain.com, relay=mx-02.adelaide.edu.au[192.43.228.206]:25, delay=19650, delays=10579/9071/0.31/0.19, dsn=2.0.0, status=sent (250 ok:  Message 195888409 accepted),,,,,,,
Dec 11 10:01:18 phoenix postfix/qmgr[12481]: F0C2F1108DDC: removed,,,,,,,,,,,,
Dec 11 10:01:18 phoenix postfix/smtp[676]: 5240A110375F: to=recipient@externaldomain.com, relay=cluster4.us.messagelabs.com[216.82.250.19]:25, delay=732, delays=0.04/730/1.8/0.22, dsn=5.0.0, status=bounced (host cluster4.us.messagelabs.com[216.82.250.19] said: 550-Invalid recipient recipient@externaldomain.com 550 (#5.1.1) (in reply to RCPT TO command)),,,,,,,
Dec 11 10:01:18 phoenix postfix/cleanup[14069]: F10731103648: message-id=<20141210230118.F10731103648@OURDOMAIN.com>,,,,,,,,,,,,
Dec 11 10:01:18 phoenix postfix/bounce[21606]: 5240A110375F: sender non-delivery notification: F10731103648,,,,,,,,,,,,
Dec 11 10:01:18 phoenix postfix/qmgr[12481]: F10731103648: from=<>, size=24163, nrcpt=1 (queue active),,,,,,,,,,
Dec 11 10:01:18 phoenix postfix/cleanup[14069]: F1C9A11036DD: message-id=<20141210230118.F1C9A11036DD@OURDOMAIN.com>,,,,,,,,,,,,
Dec 11 10:01:18 phoenix postfix/bounce[21606]: 5240A110375F: postmaster non-delivery notification: F1C9A11036DD,,,,,,,,,,,,
Dec 11 10:01:18 phoenix postfix/qmgr[12481]: F1C9A11036DD: from=<double-bounce@OURDOMAIN.com>, size=2540, nrcpt=1 (queue active),,,,,,,,,,
Dec 11 10:01:18 phoenix postfix/qmgr[12481]: 5240A110375F: removed,,,,,,,,,,,,
Dec 11 10:01:19 phoenix postfix/smtp[6918]: 23B1711064DD: host seaprod01.csumain.csu.edu.au[137.166.4.2] said: 450 4.1.1 recipient@externaldomain.com: Recipient address rejected: unverified address: Address verification in progress (in reply to RCPT TO command),,,,,,,,,,,,
Dec 11 10:01:19 phoenix postfix/smtp[21515]: 5584C1102DC3: to=recipient@externaldomain.com, relay=gmail-smtp-in.l.google.com[74.125.204.27]:25, delay=7.4, delays=0.02/0/2/5.4, dsn=2.0.0, status=sent (250 2.0.0 OK 1418252478 q8si8887084pds.51 - gsmtp),,,,,,,
Dec 11 10:01:19 phoenix postfix/qmgr[12481]: 5584C1102DC3: removed,,,,,,,,,,,,
Dec 11 10:01:19 phoenix postfix/smtp[16284]: 7C4A01103B7C: to=<events@OURDOMAIN.com>, relay=aspmx.l.google.com[74.125.204.26]:25, delay=68086, delays=59027/9057/2.3/0.93, dsn=2.0.0, status=sent (250 2.0.0 OK 1418252479 q3si2946252pdq.234 - gsmtp),,,,,,,
Dec 11 10:01:19 phoenix postfix/qmgr[12481]: 7C4A01103B7C: removed,,,,,,,,,,,,
Dec 11 10:01:19 phoenix postfix/smtp[25144]: C997D1107748: to=recipient@externaldomain.com, relay=mail1.klgates.com[205.149.23.42]:25, delay=30205, delays=21147/9055/1.9/1.3, dsn=2.0.0, status=sent (250 ok:  Message 15091394 accepted),,,,,,,
Dec 11 10:01:20 phoenix postfix/qmgr[12481]: C997D1107748: removed,,,,,,,,,,,,
Dec 11 10:01:23 phoenix postfix/smtp[21515]: 952311104125: to=<events@OURDOMAIN.com>, relay=aspmx.l.google.com[74.125.204.26]:25, delay=9068, delays=4.6/9060/2/0.87, dsn=2.0.0, status=sent (250 2.0.0 OK 1418252482 hr3si8910090pad.34 - gsmtp),,,,,,,
Dec 11 10:01:23 phoenix postfix/qmgr[12481]: 952311104125: removed,,,,,,,,,,,,
Dec 11 10:01:24 phoenix postfix/smtp[22499]: CE3A41103B89: to=recipient@externaldomain.com, relay=cust23659-2.in.mailcontrol.com[116.50.58.190]:25, delay=27461, delays=18394/9065/1.2/1.6, dsn=2.0.0, status=sent (250 2.0.0 sBAN1Kfl046767 Message accepted for delivery),,,,,,,
Dec 11 10:01:24 phoenix postfix/qmgr[12481]: CE3A41103B89: removed,,,,,,,,,,,,
Dec 11 10:01:25 phoenix postfix/smtp[6918]: 23B1711064DD: to=recipient@externaldomain.com, relay=seaprod02.csumain.csu.edu.au[137.166.68.2]:25, delay=39718, delays=30649/9056/6.4/6, dsn=4.1.1, status=deferred (host seaprod02.csumain.csu.edu.au[137.166.68.2] said: 450 4.1.1 recipient@externaldomain.com: Recipient address rejected: unverified address: Address verification in progress (in reply to RCPT TO command)),,,,,,,
Dec 11 10:01:27 phoenix postfix/smtp[16284]: 9ED6A110360B: to=<bounce@OURDOMAIN.com>, relay=aspmx.l.google.com[74.125.204.26]:25, delay=64178, delays=55112/9064/2.2/0.7, dsn=2.0.0, status=sent (250 2.0.0 OK 1418252486 yn1si8768662pbb.122 - gsmtp),,,,,,,
Dec 11 10:01:27 phoenix postfix/qmgr[12481]: 9ED6A110360B: removed,,,,,,,,,,,,
Dec 11 10:01:28 phoenix postfix/smtp[32383]: connect to mail.mslawyers.com.au[203.149.77.146]:25: Connection timed out,,,,,,,,,,,,
Dec 11 10:01:28 phoenix postfix/smtp[32383]: 7D9231102AAE: to=recipient@externaldomain.com, relay=none, delay=901, delays=868/2.5/30/0, dsn=4.4.1, status=deferred (connect to mail.mslawyers.com.au[203.149.77.146]:25: Connection timed out),,,,,,,
Dec 11 10:01:28 phoenix postfix/cleanup[14069]: CEFF51102DC3: message-id=<20141210230128.CEFF51102DC3@OURDOMAIN.com>,,,,,,,,,,,,
Dec 11 10:01:28 phoenix postfix/smtpd[20963]: disconnect from cluster-c.mailcontrol.com[116.50.59.190],,,,,,,,,,,,
Dec 11 10:01:28 phoenix postfix/qmgr[12481]: CEFF51102DC3: from=<double-bounce@OURDOMAIN.com>, size=1630, nrcpt=1 (queue active),,,,,,,,,,
Dec 11 10:01:29 phoenix postfix/smtp[3284]: 11E6A1108573: to=recipient@externaldomain.com, relay=aspmx.l.google.com[74.125.204.26]:25, delay=23828, delays=14745/9081/2.3/0.33, dsn=5.1.1, status=bounced (host aspmx.l.google.com[74.125.204.26] said: 550-5.1.1 The email account that you tried to reach does not exist. Please try 550-5.1.1 double-checking the recipient's email address for typos or 550-5.1.1 unnecessary spaces. Learn more at 550 5.1.1 http://support.google.com/mail/bin/answer.py?answer=6596 tr9si8744347pac.159 - gsmtp (in reply to RCPT TO command)),,,,,,,
Dec 11 10:01:29 phoenix postfix/cleanup[14069]: C9F3011036EF: message-id=<20141210230129.C9F3011036EF@OURDOMAIN.com>,,,,,,,,,,,,
Dec 11 10:01:29 phoenix postfix/bounce[21606]: 11E6A1108573: sender non-delivery notification: C9F3011036EF,,,,,,,,,,,,
Dec 11 10:01:29 phoenix postfix/qmgr[12481]: C9F3011036EF: from=<>, size=24535, nrcpt=1 (queue active),,,,,,,,,,
Dec 11 10:01:29 phoenix postfix/cleanup[14069]: CA92B1103732: message-id=<20141210230129.CA92B1103732@OURDOMAIN.com>,,,,,,,,,,,,
Dec 11 10:01:29 phoenix postfix/bounce[21606]: 11E6A1108573: postmaster non-delivery notification: CA92B1103732,,,,,,,,,,,,
Dec 11 10:01:29 phoenix postfix/qmgr[12481]: CA92B1103732: from=<double-bounce@OURDOMAIN.com>, size=2945, nrcpt=1 (queue active),,,,,,,,,,
Dec 11 10:01:29 phoenix postfix/qmgr[12481]: 11E6A1108573: removed,,,,,,,,,,,,
Dec 11 10:01:30 phoenix postfix/smtp[21515]: 5C36E11028D7: to=<bounce@OURDOMAIN.com>, relay=aspmx.l.google.com[74.125.204.26]:25, delay=58804, delays=49733/9068/2.2/0.7, dsn=2.0.0, status=sent (250 2.0.0 OK 1418252490 jv1si7499538pbc.205 - gsmtp),,,,,,,
Dec 11 10:01:30 phoenix postfix/qmgr[12481]: 5C36E11028D7: removed,,,,,,,,,,,,
Dec 11 10:01:34 phoenix postfix/smtp[675]: 7627F1103D9F: to=recipient@externaldomain.com, relay=lendlease.mail.protection.outlook.com[207.46.163.170]:25, delay=65540, delays=56462/9071/3.2/3.4, dsn=2.6.0, status=sent (250 2.6.0 recipient@externaldomain.com [InternalId=49413598740769, Hostname=BY2PR01MB220.prod.exchangelabs.com] Queued mail for delivery),,,,,,
Dec 11 10:01:34 phoenix postfix/qmgr[12481]: 7627F1103D9F: removed,,,,,,,,,,,,
Dec 11 10:01:34 phoenix postfix/smtp[16284]: 3AE841101106: to=<senderror@OURDOMAIN.com>, relay=aspmx.l.google.com[74.125.204.26]:25, delay=26070, delays=16996/9072/2.2/0.66, dsn=2.0.0, status=sent (250 2.0.0 OK 1418252493 fn3si8617015pbc.235 - gsmtp),,,,,,,
Dec 11 10:01:34 phoenix postfix/qmgr[12481]: 3AE841101106: removed,,,,,,,,,,,,
Dec 11 10:01:37 phoenix postfix/smtp[6918]: 865921109969: to=recipient@externaldomain.com, relay=mail-ext-in2.uwa.edu.au[130.95.128.94]:25, delay=14086, delays=4994/9091/0.51/0.33, dsn=2.0.0, status=sent (250 ok:  Message 113788473 accepted),,,,,,,
Dec 11 10:01:37 phoenix postfix/qmgr[12481]: 865921109969: removed,,,,,,,,,,,,
Dec 11 10:01:38 phoenix postfix/smtp[21515]: C0C84110520F: to=<bounce@OURDOMAIN.com>, relay=aspmx.l.google.com[74.125.204.26]:25, delay=70554, delays=61475/9075/2.3/0.71, dsn=2.0.0, status=sent (250 2.0.0 OK 1418252497 yk2si8867308pac.67 - gsmtp),,,,,,,
Dec 11 10:01:38 phoenix postfix/qmgr[12481]: C0C84110520F: removed,,,,,,,,,,,,
Dec 11 10:01:42 phoenix postfix/smtp[16284]: 4E9A5110355F: to=<bounce@OURDOMAIN.com>, relay=aspmx.l.google.com[74.125.204.26]:25, delay=57241, delays=48159/9079/2.2/0.68, dsn=2.0.0, status=sent (250 2.0.0 OK 1418252501 xl5si8637647pab.237 - gsmtp),,,,,,,
Dec 11 10:01:42 phoenix postfix/qmgr[12481]: 4E9A5110355F: removed,,,,,,,,,,,,
Dec 11 10:01:43 phoenix postfix/smtp[676]: 121F61106C93: to=recipient@externaldomain.com, relay=deakin-edu-au.mail.protection.outlook.com[213.199.154.23]:25, delay=35898, delays=26805/9083/3.3/7.2, dsn=2.6.0, status=sent (250 2.6.0 recipient@externaldomain.com [InternalId=51333449121887, Hostname=HKXPR06MB134.apcprd06.prod.outlook.com] Queued mail for delivery),,,,,,
Dec 11 10:01:43 phoenix postfix/qmgr[12481]: 121F61106C93: removed,,,,,,,,,,,,
Dec 11 10:01:45 phoenix postfix/smtp[25144]: 1653D110462B: to=recipient@externaldomain.com, relay=skilled.com.au.inbound10.mxlogic.net[208.65.145.3]:25, delay=51903, delays=42819/9080/1.6/2.4, dsn=5.0.0, status=bounced (host skilled.com.au.inbound10.mxlogic.net[208.65.145.3] said: 554 Denied [6d0d8845.0.1044488.00-2343.1991505.p01c12m022.mxlogic.net] (Mode: normal) (in reply to end of DATA command)),,,,,,,
Dec 11 10:01:45 phoenix postfix/cleanup[14069]: C2548110355F: message-id=<20141210230145.C2548110355F@OURDOMAIN.com>,,,,,,,,,,,,
Dec 11 10:01:45 phoenix postfix/bounce[21606]: 1653D110462B: sender non-delivery notification: C2548110355F,,,,,,,,,,,,
Dec 11 10:01:45 phoenix postfix/qmgr[12481]: C2548110355F: from=<>, size=24163, nrcpt=1 (queue active),,,,,,,,,,
Dec 11 10:01:45 phoenix postfix/cleanup[14069]: C2F3F110360B: message-id=<20141210230145.C2F3F110360B@OURDOMAIN.com>,,,,,,,,,,,,
Dec 11 10:01:45 phoenix postfix/bounce[21606]: 1653D110462B: postmaster non-delivery notification: C2F3F110360B,,,,,,,,,,,,
Dec 11 10:01:45 phoenix postfix/qmgr[12481]: C2F3F110360B: from=<double-bounce@OURDOMAIN.com>, size=2562, nrcpt=1 (queue active),,,,,,,,,,
Dec 11 10:01:45 phoenix postfix/qmgr[12481]: 1653D110462B: removed,,,,,,,,,,,,
Dec 11 10:01:46 phoenix postfix/smtp[32383]: E2FA5110A2D5: to=recipient@externaldomain.com, relay=cluster5.us.messagelabs.com[216.82.253.163]:25, delay=9398, delays=311/9084/1.9/0.21, dsn=5.0.0, status=bounced (host cluster5.us.messagelabs.com[216.82.253.163] said: 550-Invalid recipient recipient@externaldomain.com 550 (#5.1.1) (in reply to RCPT TO command)),,,,,,,
Dec 11 10:01:46 phoenix postfix/cleanup[14069]: 9F07B1103738: message-id=<20141210230146.9F07B1103738@OURDOMAIN.com>,,,,,,,,,,,,
Dec 11 10:01:46 phoenix postfix/bounce[21606]: E2FA5110A2D5: sender non-delivery notification: 9F07B1103738,,,,,,,,,,,,
Dec 11 10:01:46 phoenix postfix/qmgr[12481]: 9F07B1103738: from=<>, size=24148, nrcpt=1 (queue active),,,,,,,,,,
Dec 11 10:01:46 phoenix postfix/cleanup[14069]: A0123110373E: message-id=<20141210230146.A0123110373E@OURDOMAIN.com>,,,,,,,,,,,,
Dec 11 10:01:46 phoenix postfix/bounce[21606]: E2FA5110A2D5: postmaster non-delivery notification: A0123110373E,,,,,,,,,,,,
Dec 11 10:01:46 phoenix postfix/qmgr[12481]: A0123110373E: from=<double-bounce@OURDOMAIN.com>, size=2527, nrcpt=1 (queue active),,,,,,,,,,
Dec 11 10:01:46 phoenix postfix/qmgr[12481]: E2FA5110A2D5: removed,,,,,,,,,,,,
Dec 11 10:01:46 phoenix postfix/smtp[25040]: 9657911096CC: to=recipient@externaldomain.com, relay=cluster4.eu.messagelabs.com[193.109.254.147]:25, delay=15217, delays=6119/9094/2.9/1.1, dsn=2.0.0, status=sent (250 ok 1418252505 qp 9613 server-15.tower-27.messagelabs.com!1418252502!14316531!1),,,,,,,
Dec 11 10:01:47 phoenix postfix/qmgr[12481]: 9657911096CC: removed,,,,,,,,,,,,
Dec 11 10:01:47 phoenix postfix/smtp[21515]: 09BA41103D61: to=<bounce@OURDOMAIN.com>, relay=aspmx.l.google.com[74.125.204.26]:25, delay=73682, delays=64595/9083/2.3/1.4, dsn=2.0.0, status=sent (250 2.0.0 OK 1418252506 of10si8784915pdb.133 - gsmtp),,,,,,,
Dec 11 10:01:47 phoenix postfix/qmgr[12481]: 09BA41103D61: removed,,,,,,,,,,,,
Dec 11 10:01:48 phoenix postfix/smtp[25143]: 555501106E9D: to=recipient@externaldomain.com, relay=ecu-edu-au.mail.protection.outlook.com[213.199.154.87]:25, delay=34763, delays=25667/9089/3/3.4, dsn=2.6.0, status=sent (250 2.6.0 recipient@externaldomain.com [InternalId=39668317946018, Hostname=HKNPR01MB210.apcprd01.prod.exchangelabs.com] Queued mail for delivery),,,,,,
Dec 11 10:01:48 phoenix postfix/qmgr[12481]: 555501106E9D: removed,,,,,,,,,,,,
Dec 11 10:01:50 phoenix postfix/smtp[16284]: 69242110443C: to=<bounce@OURDOMAIN.com>, relay=aspmx.l.google.com[74.125.204.26]:25, delay=78221, delays=69131/9088/1.9/0.6, dsn=2.0.0, status=sent (250 2.0.0 OK 1418252509 s1si8754371pdd.155 - gsmtp),,,,,,,
Dec 11 10:01:50 phoenix postfix/qmgr[12481]: 69242110443C: removed,,,,,,,,,,,,
Dec 11 10:01:51 phoenix postfix/smtp[675]: 0C6C6110226A: to=recipient@externaldomain.com, relay=mailgwi.latrobe.edu.au[131.172.36.204]:25, delay=29702, delays=20598/9103/0.12/0.09, dsn=2.0.0, status=sent (250 2.0.0 Ok: queued as 0DECB42314),,,,,,,
Dec 11 10:01:51 phoenix postfix/qmgr[12481]: 0C6C6110226A: removed,,,,,,,,,,,,
Dec 11 10:01:54 phoenix postfix/smtp[6918]: 6FAB21108EC9: to=recipient@externaldomain.com, relay=unimelb-edu-au.mail.protection.outlook.com[213.199.154.87]:25, delay=19223, delays=10127/9089/3/4.1, dsn=2.6.0, status=sent (250 2.6.0 recipient@externaldomain.com [InternalId=7713761264122, Hostname=SIXPR04MB0623.apcprd04.prod.outlook.com] Queued mail for delivery),,,,,,
Dec 11 10:01:54 phoenix postfix/qmgr[12481]: 6FAB21108EC9: removed,,,,,,,,,,,,
Dec 11 10:01:54 phoenix postfix/smtp[21515]: E0C791104F74: to=<events@OURDOMAIN.com>, relay=aspmx.l.google.com[74.125.204.26]:25, delay=70980, delays=61885/9091/2.4/1, dsn=2.0.0, status=sent (250 2.0.0 OK 1418252514 pn2si8850669pac.79 - gsmtp),,,,,,,
Dec 11 10:01:54 phoenix postfix/qmgr[12481]: E0C791104F74: removed,,,,,,,,,,,,
Dec 11 10:01:56 phoenix postfix/smtp[3284]: E56481106A8A: to=recipient@externaldomain.com, relay=curtin-edu-au.mail.eo.outlook.com[213.199.154.23]:25, delay=36743, delays=27632/9103/3.6/3.9, dsn=2.6.0, status=sent (250 2.6.0 recipient@externaldomain.com [InternalId=37714107826306, Hostname=SINPR02MB298.apcprd02.prod.outlook.com] Queued mail for delivery),,,,,,
Dec 11 10:01:56 phoenix postfix/qmgr[12481]: E56481106A8A: removed,,,,,,,,,,,,
Dec 11 10:01:58 phoenix postfix/smtp[25144]: CA33411034DC: to=recipient@externaldomain.com, relay=sentry.ljhooker.com[202.70.128.38]:25, delay=1690, delays=0.04/1685/0.45/4, dsn=2.0.0, status=sent (250 2.0.0 sBAN1rSW024077-sBAN1rSY024077 Message accepted for delivery),,,,,,,
Dec 11 10:01:58 phoenix postfix/qmgr[12481]: CA33411034DC: removed,,,,,,,,,,,,
Dec 11 10:01:58 phoenix postfix/smtp[16284]: CE51311033DC: to=<bounce@OURDOMAIN.com>, relay=aspmx.l.google.com[74.125.204.26]:25, delay=57395, delays=48296/9096/2.3/0.7, dsn=2.0.0, status=sent (250 2.0.0 OK 1418252518 ez9si8788583pab.128 - gsmtp),,,,,,,
Dec 11 10:01:58 phoenix postfix/qmgr[12481]: CE51311033DC: removed,,,,,,,,,,,,
Dec 11 10:01:59 phoenix postfix/smtp[675]: EC5111103170: to=recipient@externaldomain.com, relay=riotinto.mail.eo.outlook.com[207.46.163.247]:25, delay=55136, delays=46031/9101/1.8/1.9, dsn=2.6.0, status=sent (250 2.6.0 recipient@externaldomain.com [InternalId=7971459301679, Hostname=CY1PR0401MB1452.namprd04.prod.outlook.com] Queued mail for delivery),,,,,,
Dec 11 10:01:59 phoenix postfix/qmgr[12481]: EC5111103170: removed,,,,,,,,,,,,
Dec 11 10:01:59 phoenix postfix/smtp[32383]: 7695B1105DEB: to=recipient@externaldomain.com, relay=cluster1.us.messagelabs.com[216.82.254.83]:25, delay=43806, delays=34698/9105/1.8/1.3, dsn=2.0.0, status=sent (250 ok 1418252519 qp 4378 server-15.tower-197.messagelabs.com!1418252516!6514906!1),,,,,,,
Dec 11 10:01:59 phoenix postfix/smtp[25040]: AE41C1103248: to=recipient@externaldomain.com, relay=aapmpx07.pwc.com.au[203.11.226.12]:25, delay=57498, delays=48391/9104/0.21/3, dsn=5.1.1, status=bounced (host aapmpx07.pwc.com.au[203.11.226.12] said: 550 5.1.1 recipient@externaldomain.com: Recipient address rejected: undeliverable address: host au-aapmbx002.aap.pwcinternal.com[10.140.8.11] said: 550 Leah.Gerlach@au.pwc.com... No such user (in reply to RCPT TO command) (in reply to RCPT TO command)),,,,,,,
Dec 11 10:02:00 phoenix postfix/qmgr[12481]: 7695B1105DEB: removed,,,,,,,,,,,,
Dec 11 10:02:00 phoenix postfix/cleanup[14069]: 06146110226A: message-id=<20141210230200.06146110226A@OURDOMAIN.com>,,,,,,,,,,,,
Dec 11 10:02:00 phoenix postfix/bounce[21606]: AE41C1103248: sender non-delivery notification: 06146110226A,,,,,,,,,,,,
Dec 11 10:02:00 phoenix postfix/qmgr[12481]: 06146110226A: from=<>, size=24409, nrcpt=1 (queue active),,,,,,,,,,
Dec 11 10:02:00 phoenix postfix/cleanup[14069]: 06B2C1103170: message-id=<20141210230200.06B2C1103170@OURDOMAIN.com>,,,,,,,,,,,,
Dec 11 10:02:00 phoenix postfix/bounce[21606]: AE41C1103248: postmaster non-delivery notification: 06B2C1103170,,,,,,,,,,,,
Dec 11 10:02:00 phoenix postfix/qmgr[12481]: 06B2C1103170: from=<double-bounce@OURDOMAIN.com>, size=2811, nrcpt=1 (queue active),,,,,,,,,,
Dec 11 10:02:00 phoenix postfix/qmgr[12481]: AE41C1103248: removed,,,,,,,,,,,,
Dec 11 10:02:00 phoenix postfix/smtp[3284]: DA62A1105BEC: to=recipient@externaldomain.com, relay=mx7.woodside.com.au[158.89.1.66]:25, delay=45107, delays=36006/9100/0.57/0.62, dsn=2.0.0, status=sent (250 ok:  Message 11519951 accepted),,,,,,,
